[2026-08-12T04:47:27.745+0000] {processor.py:186} INFO - Started process (PID=1910) to work on /opt/airflow/dags/01_basics_bash.py
[2026-08-12T04:47:27.746+0000] {processor.py:914} INFO - Processing file /opt/airflow/dags/01_basics_bash.py for tasks to queue
[2026-08-12T04:47:27.748+0000] {logging_mixin.py:190} INFO - [2026-08-12T04:47:27.748+0000] {dagbag.py:587} INFO - Filling up the DagBag from /opt/airflow/dags/01_basics_bash.py
[2026-08-12T04:47:27.770+0000] {processor.py:927} WARNING - No viable dags retrieved from /opt/airflow/dags/01_basics_bash.py
[2026-08-12T04:47:27.782+0000] {processor.py:208} INFO - Processing /opt/airflow/dags/01_basics_bash.py took 0.041 seconds
[2026-08-12T04:47:31.782+0000] {processor.py:186} INFO - Started process (PID=1917) to work on /opt/airflow/dags/01_basics_bash.py
[2026-08-12T04:47:31.783+0000] {processor.py:914} INFO - Processing file /opt/airflow/dags/01_basics_bash.py for tasks to queue
[2026-08-12T04:47:31.785+0000] {logging_mixin.py:190} INFO - [2026-08-12T04:47:31.785+0000] {dagbag.py:587} INFO - Filling up the DagBag from /opt/airflow/dags/01_basics_bash.py
[2026-08-12T04:47:31.807+0000] {processor.py:927} WARNING - No viable dags retrieved from /opt/airflow/dags/01_basics_bash.py
[2026-08-12T04:47:31.817+0000] {processor.py:208} INFO - Processing /opt/airflow/dags/01_basics_bash.py took 0.039 seconds
[2026-08-12T04:47:54.004+0000] {processor.py:186} INFO - Started process (PID=1974) to work on /opt/airflow/dags/01_basics_bash.py
[2026-08-12T04:47:54.005+0000] {processor.py:914} INFO - Processing file /opt/airflow/dags/01_basics_bash.py for tasks to queue
[2026-08-12T04:47:54.007+0000] {logging_mixin.py:190} INFO - [2026-08-12T04:47:54.007+0000] {dagbag.py:587} INFO - Filling up the DagBag from /opt/airflow/dags/01_basics_bash.py
[2026-08-12T04:47:54.033+0000] {processor.py:927} WARNING - No viable dags retrieved from /opt/airflow/dags/01_basics_bash.py
[2026-08-12T04:47:54.043+0000] {processor.py:208} INFO - Processing /opt/airflow/dags/01_basics_bash.py took 0.043 seconds
[2026-08-12T04:47:55.071+0000] {processor.py:186} INFO - Started process (PID=1975) to work on /opt/airflow/dags/01_basics_bash.py
[2026-08-12T04:47:55.072+0000] {processor.py:914} INFO - Processing file /opt/airflow/dags/01_basics_bash.py for tasks to queue
[2026-08-12T04:47:55.075+0000] {logging_mixin.py:190} INFO - [2026-08-12T04:47:55.075+0000] {dagbag.py:587} INFO - Filling up the DagBag from /opt/airflow/dags/01_basics_bash.py
[2026-08-12T04:47:55.120+0000] {processor.py:927} WARNING - No viable dags retrieved from /opt/airflow/dags/01_basics_bash.py
[2026-08-12T04:47:55.131+0000] {processor.py:208} INFO - Processing /opt/airflow/dags/01_basics_bash.py took 0.064 seconds
