[2026-08-12T04:30:15.669+0000] {processor.py:186} INFO - Started process (PID=71) to work on /home/airflow/.local/lib/python3.12/site-packages/airflow/example_dags/example_python_operator.py
[2026-08-12T04:30:15.671+0000] {processor.py:914} INFO - Processing file /home/airflow/.local/lib/python3.12/site-packages/airflow/example_dags/example_python_operator.py for tasks to queue
[2026-08-12T04:30:15.673+0000] {logging_mixin.py:190} INFO - [2026-08-12T04:30:15.673+0000] {dagbag.py:587} INFO - Filling up the DagBag from /home/airflow/.local/lib/python3.12/site-packages/airflow/example_dags/example_python_operator.py
[2026-08-12T04:30:15.686+0000] {processor.py:925} INFO - DAG(s) 'example_python_operator' retrieved from /home/airflow/.local/lib/python3.12/site-packages/airflow/example_dags/example_python_operator.py
[2026-08-12T04:30:15.759+0000] {logging_mixin.py:190} INFO - [2026-08-12T04:30:15.759+0000] {override.py:1858} INFO - Created Permission View: can delete on DAG:example_python_operator
[2026-08-12T04:30:15.766+0000] {logging_mixin.py:190} INFO - [2026-08-12T04:30:15.766+0000] {override.py:1858} INFO - Created Permission View: can read on DAG:example_python_operator
[2026-08-12T04:30:15.771+0000] {logging_mixin.py:190} INFO - [2026-08-12T04:30:15.771+0000] {override.py:1858} INFO - Created Permission View: can edit on DAG:example_python_operator
[2026-08-12T04:30:15.772+0000] {logging_mixin.py:190} INFO - [2026-08-12T04:30:15.772+0000] {dag.py:3211} INFO - Sync 1 DAGs
[2026-08-12T04:30:15.781+0000] {logging_mixin.py:190} INFO - [2026-08-12T04:30:15.781+0000] {dag.py:3234} INFO - Creating ORM DAG for example_python_operator
[2026-08-12T04:30:15.782+0000] {logging_mixin.py:190} INFO - [2026-08-12T04:30:15.782+0000] {dag.py:4138} INFO - Setting next_dagrun for example_python_operator to None, run_after=None
[2026-08-12T04:30:15.794+0000] {processor.py:208} INFO - Processing /home/airflow/.local/lib/python3.12/site-packages/airflow/example_dags/example_python_operator.py took 0.129 seconds
[2026-08-12T04:30:46.690+0000] {processor.py:186} INFO - Started process (PID=133) to work on /home/airflow/.local/lib/python3.12/site-packages/airflow/example_dags/example_python_operator.py
[2026-08-12T04:30:46.691+0000] {processor.py:914} INFO - Processing file /home/airflow/.local/lib/python3.12/site-packages/airflow/example_dags/example_python_operator.py for tasks to queue
[2026-08-12T04:30:46.692+0000] {logging_mixin.py:190} INFO - [2026-08-12T04:30:46.692+0000] {dagbag.py:587} INFO - Filling up the DagBag from /home/airflow/.local/lib/python3.12/site-packages/airflow/example_dags/example_python_operator.py
[2026-08-12T04:30:46.701+0000] {processor.py:925} INFO - DAG(s) 'example_python_operator' retrieved from /home/airflow/.local/lib/python3.12/site-packages/airflow/example_dags/example_python_operator.py
[2026-08-12T04:30:46.716+0000] {logging_mixin.py:190} INFO - [2026-08-12T04:30:46.716+0000] {dag.py:3211} INFO - Sync 1 DAGs
[2026-08-12T04:30:46.725+0000] {logging_mixin.py:190} INFO - [2026-08-12T04:30:46.725+0000] {dag.py:4138} INFO - Setting next_dagrun for example_python_operator to None, run_after=None
[2026-08-12T04:30:46.742+0000] {processor.py:208} INFO - Processing /home/airflow/.local/lib/python3.12/site-packages/airflow/example_dags/example_python_operator.py took 0.056 seconds
[2026-08-12T04:31:17.663+0000] {processor.py:186} INFO - Started process (PID=195) to work on /home/airflow/.local/lib/python3.12/site-packages/airflow/example_dags/example_python_operator.py
[2026-08-12T04:31:17.664+0000] {processor.py:914} INFO - Processing file /home/airflow/.local/lib/python3.12/site-packages/airflow/example_dags/example_python_operator.py for tasks to queue
[2026-08-12T04:31:17.666+0000] {logging_mixin.py:190} INFO - [2026-08-12T04:31:17.666+0000] {dagbag.py:587} INFO - Filling up the DagBag from /home/airflow/.local/lib/python3.12/site-packages/airflow/example_dags/example_python_operator.py
[2026-08-12T04:31:17.674+0000] {processor.py:925} INFO - DAG(s) 'example_python_operator' retrieved from /home/airflow/.local/lib/python3.12/site-packages/airflow/example_dags/example_python_operator.py
[2026-08-12T04:31:17.689+0000] {logging_mixin.py:190} INFO - [2026-08-12T04:31:17.689+0000] {dag.py:3211} INFO - Sync 1 DAGs
[2026-08-12T04:31:17.699+0000] {logging_mixin.py:190} INFO - [2026-08-12T04:31:17.699+0000] {dag.py:4138} INFO - Setting next_dagrun for example_python_operator to None, run_after=None
[2026-08-12T04:31:17.712+0000] {processor.py:208} INFO - Processing /home/airflow/.local/lib/python3.12/site-packages/airflow/example_dags/example_python_operator.py took 0.053 seconds
[2026-08-12T04:32:15.857+0000] {processor.py:186} INFO - Started process (PID=65) to work on /home/airflow/.local/lib/python3.12/site-packages/airflow/example_dags/example_python_operator.py
[2026-08-12T04:32:15.858+0000] {processor.py:914} INFO - Processing file /home/airflow/.local/lib/python3.12/site-packages/airflow/example_dags/example_python_operator.py for tasks to queue
[2026-08-12T04:32:15.860+0000] {logging_mixin.py:190} INFO - [2026-08-12T04:32:15.860+0000] {dagbag.py:587} INFO - Filling up the DagBag from /home/airflow/.local/lib/python3.12/site-packages/airflow/example_dags/example_python_operator.py
[2026-08-12T04:32:15.870+0000] {processor.py:925} INFO - DAG(s) 'example_python_operator' retrieved from /home/airflow/.local/lib/python3.12/site-packages/airflow/example_dags/example_python_operator.py
[2026-08-12T04:32:15.956+0000] {logging_mixin.py:190} INFO - [2026-08-12T04:32:15.956+0000] {dag.py:3211} INFO - Sync 1 DAGs
[2026-08-12T04:32:15.967+0000] {logging_mixin.py:190} INFO - [2026-08-12T04:32:15.967+0000] {dag.py:4138} INFO - Setting next_dagrun for example_python_operator to None, run_after=None
[2026-08-12T04:32:15.984+0000] {processor.py:208} INFO - Processing /home/airflow/.local/lib/python3.12/site-packages/airflow/example_dags/example_python_operator.py took 0.132 seconds
[2026-08-12T04:32:26.720+0000] {processor.py:186} INFO - Started process (PID=59) to work on /home/airflow/.local/lib/python3.12/site-packages/airflow/example_dags/example_python_operator.py
[2026-08-12T04:32:26.721+0000] {processor.py:914} INFO - Processing file /home/airflow/.local/lib/python3.12/site-packages/airflow/example_dags/example_python_operator.py for tasks to queue
[2026-08-12T04:32:26.723+0000] {logging_mixin.py:190} INFO - [2026-08-12T04:32:26.723+0000] {dagbag.py:587} INFO - Filling up the DagBag from /home/airflow/.local/lib/python3.12/site-packages/airflow/example_dags/example_python_operator.py
[2026-08-12T04:32:26.731+0000] {processor.py:925} INFO - DAG(s) 'example_python_operator' retrieved from /home/airflow/.local/lib/python3.12/site-packages/airflow/example_dags/example_python_operator.py
[2026-08-12T04:32:26.739+0000] {logging_mixin.py:190} INFO - [2026-08-12T04:32:26.739+0000] {dag.py:3211} INFO - Sync 1 DAGs
[2026-08-12T04:32:26.748+0000] {logging_mixin.py:190} INFO - [2026-08-12T04:32:26.748+0000] {dag.py:4138} INFO - Setting next_dagrun for example_python_operator to None, run_after=None
[2026-08-12T04:32:26.760+0000] {processor.py:208} INFO - Processing /home/airflow/.local/lib/python3.12/site-packages/airflow/example_dags/example_python_operator.py took 0.044 seconds
[2026-08-12T04:32:57.819+0000] {processor.py:186} INFO - Started process (PID=128) to work on /home/airflow/.local/lib/python3.12/site-packages/airflow/example_dags/example_python_operator.py
[2026-08-12T04:32:57.821+0000] {processor.py:914} INFO - Processing file /home/airflow/.local/lib/python3.12/site-packages/airflow/example_dags/example_python_operator.py for tasks to queue
[2026-08-12T04:32:57.823+0000] {logging_mixin.py:190} INFO - [2026-08-12T04:32:57.822+0000] {dagbag.py:587} INFO - Filling up the DagBag from /home/airflow/.local/lib/python3.12/site-packages/airflow/example_dags/example_python_operator.py
[2026-08-12T04:32:57.832+0000] {processor.py:925} INFO - DAG(s) 'example_python_operator' retrieved from /home/airflow/.local/lib/python3.12/site-packages/airflow/example_dags/example_python_operator.py
[2026-08-12T04:32:57.898+0000] {logging_mixin.py:190} INFO - [2026-08-12T04:32:57.898+0000] {dag.py:3211} INFO - Sync 1 DAGs
[2026-08-12T04:32:57.906+0000] {logging_mixin.py:190} INFO - [2026-08-12T04:32:57.906+0000] {dag.py:4138} INFO - Setting next_dagrun for example_python_operator to None, run_after=None
[2026-08-12T04:32:57.919+0000] {processor.py:208} INFO - Processing /home/airflow/.local/lib/python3.12/site-packages/airflow/example_dags/example_python_operator.py took 0.104 seconds
[2026-08-12T04:33:28.519+0000] {processor.py:186} INFO - Started process (PID=190) to work on /home/airflow/.local/lib/python3.12/site-packages/airflow/example_dags/example_python_operator.py
[2026-08-12T04:33:28.519+0000] {processor.py:914} INFO - Processing file /home/airflow/.local/lib/python3.12/site-packages/airflow/example_dags/example_python_operator.py for tasks to queue
[2026-08-12T04:33:28.522+0000] {logging_mixin.py:190} INFO - [2026-08-12T04:33:28.522+0000] {dagbag.py:587} INFO - Filling up the DagBag from /home/airflow/.local/lib/python3.12/site-packages/airflow/example_dags/example_python_operator.py
[2026-08-12T04:33:28.531+0000] {processor.py:925} INFO - DAG(s) 'example_python_operator' retrieved from /home/airflow/.local/lib/python3.12/site-packages/airflow/example_dags/example_python_operator.py
[2026-08-12T04:33:28.547+0000] {logging_mixin.py:190} INFO - [2026-08-12T04:33:28.547+0000] {dag.py:3211} INFO - Sync 1 DAGs
[2026-08-12T04:33:28.556+0000] {logging_mixin.py:190} INFO - [2026-08-12T04:33:28.556+0000] {dag.py:4138} INFO - Setting next_dagrun for example_python_operator to None, run_after=None
[2026-08-12T04:33:28.569+0000] {processor.py:208} INFO - Processing /home/airflow/.local/lib/python3.12/site-packages/airflow/example_dags/example_python_operator.py took 0.055 seconds
[2026-08-12T04:33:59.514+0000] {processor.py:186} INFO - Started process (PID=252) to work on /home/airflow/.local/lib/python3.12/site-packages/airflow/example_dags/example_python_operator.py
[2026-08-12T04:33:59.515+0000] {processor.py:914} INFO - Processing file /home/airflow/.local/lib/python3.12/site-packages/airflow/example_dags/example_python_operator.py for tasks to queue
[2026-08-12T04:33:59.517+0000] {logging_mixin.py:190} INFO - [2026-08-12T04:33:59.517+0000] {dagbag.py:587} INFO - Filling up the DagBag from /home/airflow/.local/lib/python3.12/site-packages/airflow/example_dags/example_python_operator.py
[2026-08-12T04:33:59.526+0000] {processor.py:925} INFO - DAG(s) 'example_python_operator' retrieved from /home/airflow/.local/lib/python3.12/site-packages/airflow/example_dags/example_python_operator.py
[2026-08-12T04:33:59.542+0000] {logging_mixin.py:190} INFO - [2026-08-12T04:33:59.542+0000] {dag.py:3211} INFO - Sync 1 DAGs
[2026-08-12T04:33:59.553+0000] {logging_mixin.py:190} INFO - [2026-08-12T04:33:59.553+0000] {dag.py:4138} INFO - Setting next_dagrun for example_python_operator to None, run_after=None
[2026-08-12T04:33:59.567+0000] {processor.py:208} INFO - Processing /home/airflow/.local/lib/python3.12/site-packages/airflow/example_dags/example_python_operator.py took 0.057 seconds
[2026-08-12T04:34:29.921+0000] {processor.py:186} INFO - Started process (PID=314) to work on /home/airflow/.local/lib/python3.12/site-packages/airflow/example_dags/example_python_operator.py
[2026-08-12T04:34:29.922+0000] {processor.py:914} INFO - Processing file /home/airflow/.local/lib/python3.12/site-packages/airflow/example_dags/example_python_operator.py for tasks to queue
[2026-08-12T04:34:29.924+0000] {logging_mixin.py:190} INFO - [2026-08-12T04:34:29.924+0000] {dagbag.py:587} INFO - Filling up the DagBag from /home/airflow/.local/lib/python3.12/site-packages/airflow/example_dags/example_python_operator.py
[2026-08-12T04:34:29.932+0000] {processor.py:925} INFO - DAG(s) 'example_python_operator' retrieved from /home/airflow/.local/lib/python3.12/site-packages/airflow/example_dags/example_python_operator.py
[2026-08-12T04:34:29.948+0000] {logging_mixin.py:190} INFO - [2026-08-12T04:34:29.948+0000] {dag.py:3211} INFO - Sync 1 DAGs
[2026-08-12T04:34:29.959+0000] {logging_mixin.py:190} INFO - [2026-08-12T04:34:29.959+0000] {dag.py:4138} INFO - Setting next_dagrun for example_python_operator to None, run_after=None
[2026-08-12T04:34:29.975+0000] {processor.py:208} INFO - Processing /home/airflow/.local/lib/python3.12/site-packages/airflow/example_dags/example_python_operator.py took 0.059 seconds
[2026-08-12T04:35:00.160+0000] {processor.py:186} INFO - Started process (PID=376) to work on /home/airflow/.local/lib/python3.12/site-packages/airflow/example_dags/example_python_operator.py
[2026-08-12T04:35:00.162+0000] {processor.py:914} INFO - Processing file /home/airflow/.local/lib/python3.12/site-packages/airflow/example_dags/example_python_operator.py for tasks to queue
[2026-08-12T04:35:00.164+0000] {logging_mixin.py:190} INFO - [2026-08-12T04:35:00.163+0000] {dagbag.py:587} INFO - Filling up the DagBag from /home/airflow/.local/lib/python3.12/site-packages/airflow/example_dags/example_python_operator.py
[2026-08-12T04:35:00.173+0000] {processor.py:925} INFO - DAG(s) 'example_python_operator' retrieved from /home/airflow/.local/lib/python3.12/site-packages/airflow/example_dags/example_python_operator.py
[2026-08-12T04:35:00.188+0000] {logging_mixin.py:190} INFO - [2026-08-12T04:35:00.188+0000] {dag.py:3211} INFO - Sync 1 DAGs
[2026-08-12T04:35:00.198+0000] {logging_mixin.py:190} INFO - [2026-08-12T04:35:00.198+0000] {dag.py:4138} INFO - Setting next_dagrun for example_python_operator to None, run_after=None
[2026-08-12T04:35:00.211+0000] {processor.py:208} INFO - Processing /home/airflow/.local/lib/python3.12/site-packages/airflow/example_dags/example_python_operator.py took 0.055 seconds
[2026-08-12T04:35:30.522+0000] {processor.py:186} INFO - Started process (PID=438) to work on /home/airflow/.local/lib/python3.12/site-packages/airflow/example_dags/example_python_operator.py
[2026-08-12T04:35:30.523+0000] {processor.py:914} INFO - Processing file /home/airflow/.local/lib/python3.12/site-packages/airflow/example_dags/example_python_operator.py for tasks to queue
[2026-08-12T04:35:30.525+0000] {logging_mixin.py:190} INFO - [2026-08-12T04:35:30.525+0000] {dagbag.py:587} INFO - Filling up the DagBag from /home/airflow/.local/lib/python3.12/site-packages/airflow/example_dags/example_python_operator.py
[2026-08-12T04:35:30.534+0000] {processor.py:925} INFO - DAG(s) 'example_python_operator' retrieved from /home/airflow/.local/lib/python3.12/site-packages/airflow/example_dags/example_python_operator.py
[2026-08-12T04:35:30.548+0000] {logging_mixin.py:190} INFO - [2026-08-12T04:35:30.548+0000] {dag.py:3211} INFO - Sync 1 DAGs
[2026-08-12T04:35:30.557+0000] {logging_mixin.py:190} INFO - [2026-08-12T04:35:30.557+0000] {dag.py:4138} INFO - Setting next_dagrun for example_python_operator to None, run_after=None
[2026-08-12T04:35:30.569+0000] {processor.py:208} INFO - Processing /home/airflow/.local/lib/python3.12/site-packages/airflow/example_dags/example_python_operator.py took 0.051 seconds
[2026-08-12T04:36:01.098+0000] {processor.py:186} INFO - Started process (PID=500) to work on /home/airflow/.local/lib/python3.12/site-packages/airflow/example_dags/example_python_operator.py
[2026-08-12T04:36:01.099+0000] {processor.py:914} INFO - Processing file /home/airflow/.local/lib/python3.12/site-packages/airflow/example_dags/example_python_operator.py for tasks to queue
[2026-08-12T04:36:01.101+0000] {logging_mixin.py:190} INFO - [2026-08-12T04:36:01.100+0000] {dagbag.py:587} INFO - Filling up the DagBag from /home/airflow/.local/lib/python3.12/site-packages/airflow/example_dags/example_python_operator.py
[2026-08-12T04:36:01.109+0000] {processor.py:925} INFO - DAG(s) 'example_python_operator' retrieved from /home/airflow/.local/lib/python3.12/site-packages/airflow/example_dags/example_python_operator.py
[2026-08-12T04:36:01.124+0000] {logging_mixin.py:190} INFO - [2026-08-12T04:36:01.123+0000] {dag.py:3211} INFO - Sync 1 DAGs
[2026-08-12T04:36:01.132+0000] {logging_mixin.py:190} INFO - [2026-08-12T04:36:01.132+0000] {dag.py:4138} INFO - Setting next_dagrun for example_python_operator to None, run_after=None
[2026-08-12T04:36:01.144+0000] {processor.py:208} INFO - Processing /home/airflow/.local/lib/python3.12/site-packages/airflow/example_dags/example_python_operator.py took 0.051 seconds
[2026-08-12T04:36:31.799+0000] {processor.py:186} INFO - Started process (PID=562) to work on /home/airflow/.local/lib/python3.12/site-packages/airflow/example_dags/example_python_operator.py
[2026-08-12T04:36:31.799+0000] {processor.py:914} INFO - Processing file /home/airflow/.local/lib/python3.12/site-packages/airflow/example_dags/example_python_operator.py for tasks to queue
[2026-08-12T04:36:31.801+0000] {logging_mixin.py:190} INFO - [2026-08-12T04:36:31.801+0000] {dagbag.py:587} INFO - Filling up the DagBag from /home/airflow/.local/lib/python3.12/site-packages/airflow/example_dags/example_python_operator.py
[2026-08-12T04:36:31.810+0000] {processor.py:925} INFO - DAG(s) 'example_python_operator' retrieved from /home/airflow/.local/lib/python3.12/site-packages/airflow/example_dags/example_python_operator.py
[2026-08-12T04:36:31.826+0000] {logging_mixin.py:190} INFO - [2026-08-12T04:36:31.826+0000] {dag.py:3211} INFO - Sync 1 DAGs
[2026-08-12T04:36:31.836+0000] {logging_mixin.py:190} INFO - [2026-08-12T04:36:31.836+0000] {dag.py:4138} INFO - Setting next_dagrun for example_python_operator to None, run_after=None
[2026-08-12T04:36:31.850+0000] {processor.py:208} INFO - Processing /home/airflow/.local/lib/python3.12/site-packages/airflow/example_dags/example_python_operator.py took 0.056 seconds
[2026-08-12T04:37:02.270+0000] {processor.py:186} INFO - Started process (PID=624) to work on /home/airflow/.local/lib/python3.12/site-packages/airflow/example_dags/example_python_operator.py
[2026-08-12T04:37:02.271+0000] {processor.py:914} INFO - Processing file /home/airflow/.local/lib/python3.12/site-packages/airflow/example_dags/example_python_operator.py for tasks to queue
[2026-08-12T04:37:02.273+0000] {logging_mixin.py:190} INFO - [2026-08-12T04:37:02.273+0000] {dagbag.py:587} INFO - Filling up the DagBag from /home/airflow/.local/lib/python3.12/site-packages/airflow/example_dags/example_python_operator.py
[2026-08-12T04:37:02.281+0000] {processor.py:925} INFO - DAG(s) 'example_python_operator' retrieved from /home/airflow/.local/lib/python3.12/site-packages/airflow/example_dags/example_python_operator.py
[2026-08-12T04:37:02.296+0000] {logging_mixin.py:190} INFO - [2026-08-12T04:37:02.296+0000] {dag.py:3211} INFO - Sync 1 DAGs
[2026-08-12T04:37:02.307+0000] {logging_mixin.py:190} INFO - [2026-08-12T04:37:02.307+0000] {dag.py:4138} INFO - Setting next_dagrun for example_python_operator to None, run_after=None
[2026-08-12T04:37:02.321+0000] {processor.py:208} INFO - Processing /home/airflow/.local/lib/python3.12/site-packages/airflow/example_dags/example_python_operator.py took 0.055 seconds
[2026-08-12T04:37:32.458+0000] {processor.py:186} INFO - Started process (PID=686) to work on /home/airflow/.local/lib/python3.12/site-packages/airflow/example_dags/example_python_operator.py
[2026-08-12T04:37:32.459+0000] {processor.py:914} INFO - Processing file /home/airflow/.local/lib/python3.12/site-packages/airflow/example_dags/example_python_operator.py for tasks to queue
[2026-08-12T04:37:32.461+0000] {logging_mixin.py:190} INFO - [2026-08-12T04:37:32.461+0000] {dagbag.py:587} INFO - Filling up the DagBag from /home/airflow/.local/lib/python3.12/site-packages/airflow/example_dags/example_python_operator.py
[2026-08-12T04:37:32.470+0000] {processor.py:925} INFO - DAG(s) 'example_python_operator' retrieved from /home/airflow/.local/lib/python3.12/site-packages/airflow/example_dags/example_python_operator.py
[2026-08-12T04:37:32.485+0000] {logging_mixin.py:190} INFO - [2026-08-12T04:37:32.485+0000] {dag.py:3211} INFO - Sync 1 DAGs
[2026-08-12T04:37:32.494+0000] {logging_mixin.py:190} INFO - [2026-08-12T04:37:32.494+0000] {dag.py:4138} INFO - Setting next_dagrun for example_python_operator to None, run_after=None
[2026-08-12T04:37:32.506+0000] {processor.py:208} INFO - Processing /home/airflow/.local/lib/python3.12/site-packages/airflow/example_dags/example_python_operator.py took 0.052 seconds
[2026-08-12T04:38:02.857+0000] {processor.py:186} INFO - Started process (PID=748) to work on /home/airflow/.local/lib/python3.12/site-packages/airflow/example_dags/example_python_operator.py
[2026-08-12T04:38:02.858+0000] {processor.py:914} INFO - Processing file /home/airflow/.local/lib/python3.12/site-packages/airflow/example_dags/example_python_operator.py for tasks to queue
[2026-08-12T04:38:02.861+0000] {logging_mixin.py:190} INFO - [2026-08-12T04:38:02.861+0000] {dagbag.py:587} INFO - Filling up the DagBag from /home/airflow/.local/lib/python3.12/site-packages/airflow/example_dags/example_python_operator.py
[2026-08-12T04:38:02.874+0000] {processor.py:925} INFO - DAG(s) 'example_python_operator' retrieved from /home/airflow/.local/lib/python3.12/site-packages/airflow/example_dags/example_python_operator.py
[2026-08-12T04:38:02.891+0000] {logging_mixin.py:190} INFO - [2026-08-12T04:38:02.891+0000] {dag.py:3211} INFO - Sync 1 DAGs
[2026-08-12T04:38:02.901+0000] {logging_mixin.py:190} INFO - [2026-08-12T04:38:02.901+0000] {dag.py:4138} INFO - Setting next_dagrun for example_python_operator to None, run_after=None
[2026-08-12T04:38:02.915+0000] {processor.py:208} INFO - Processing /home/airflow/.local/lib/python3.12/site-packages/airflow/example_dags/example_python_operator.py took 0.062 seconds
[2026-08-12T04:38:33.720+0000] {processor.py:186} INFO - Started process (PID=810) to work on /home/airflow/.local/lib/python3.12/site-packages/airflow/example_dags/example_python_operator.py
[2026-08-12T04:38:33.721+0000] {processor.py:914} INFO - Processing file /home/airflow/.local/lib/python3.12/site-packages/airflow/example_dags/example_python_operator.py for tasks to queue
[2026-08-12T04:38:33.723+0000] {logging_mixin.py:190} INFO - [2026-08-12T04:38:33.723+0000] {dagbag.py:587} INFO - Filling up the DagBag from /home/airflow/.local/lib/python3.12/site-packages/airflow/example_dags/example_python_operator.py
[2026-08-12T04:38:33.731+0000] {processor.py:925} INFO - DAG(s) 'example_python_operator' retrieved from /home/airflow/.local/lib/python3.12/site-packages/airflow/example_dags/example_python_operator.py
[2026-08-12T04:38:33.746+0000] {logging_mixin.py:190} INFO - [2026-08-12T04:38:33.746+0000] {dag.py:3211} INFO - Sync 1 DAGs
[2026-08-12T04:38:33.756+0000] {logging_mixin.py:190} INFO - [2026-08-12T04:38:33.756+0000] {dag.py:4138} INFO - Setting next_dagrun for example_python_operator to None, run_after=None
[2026-08-12T04:38:33.769+0000] {processor.py:208} INFO - Processing /home/airflow/.local/lib/python3.12/site-packages/airflow/example_dags/example_python_operator.py took 0.053 seconds
[2026-08-12T04:39:03.989+0000] {processor.py:186} INFO - Started process (PID=871) to work on /home/airflow/.local/lib/python3.12/site-packages/airflow/example_dags/example_python_operator.py
[2026-08-12T04:39:03.990+0000] {processor.py:914} INFO - Processing file /home/airflow/.local/lib/python3.12/site-packages/airflow/example_dags/example_python_operator.py for tasks to queue
[2026-08-12T04:39:03.992+0000] {logging_mixin.py:190} INFO - [2026-08-12T04:39:03.992+0000] {dagbag.py:587} INFO - Filling up the DagBag from /home/airflow/.local/lib/python3.12/site-packages/airflow/example_dags/example_python_operator.py
[2026-08-12T04:39:04.001+0000] {processor.py:925} INFO - DAG(s) 'example_python_operator' retrieved from /home/airflow/.local/lib/python3.12/site-packages/airflow/example_dags/example_python_operator.py
[2026-08-12T04:39:04.016+0000] {logging_mixin.py:190} INFO - [2026-08-12T04:39:04.015+0000] {dag.py:3211} INFO - Sync 1 DAGs
[2026-08-12T04:39:04.026+0000] {logging_mixin.py:190} INFO - [2026-08-12T04:39:04.025+0000] {dag.py:4138} INFO - Setting next_dagrun for example_python_operator to None, run_after=None
[2026-08-12T04:39:04.038+0000] {processor.py:208} INFO - Processing /home/airflow/.local/lib/python3.12/site-packages/airflow/example_dags/example_python_operator.py took 0.053 seconds
[2026-08-12T04:39:34.416+0000] {processor.py:186} INFO - Started process (PID=934) to work on /home/airflow/.local/lib/python3.12/site-packages/airflow/example_dags/example_python_operator.py
[2026-08-12T04:39:34.417+0000] {processor.py:914} INFO - Processing file /home/airflow/.local/lib/python3.12/site-packages/airflow/example_dags/example_python_operator.py for tasks to queue
[2026-08-12T04:39:34.419+0000] {logging_mixin.py:190} INFO - [2026-08-12T04:39:34.419+0000] {dagbag.py:587} INFO - Filling up the DagBag from /home/airflow/.local/lib/python3.12/site-packages/airflow/example_dags/example_python_operator.py
[2026-08-12T04:39:34.428+0000] {processor.py:925} INFO - DAG(s) 'example_python_operator' retrieved from /home/airflow/.local/lib/python3.12/site-packages/airflow/example_dags/example_python_operator.py
[2026-08-12T04:39:34.444+0000] {logging_mixin.py:190} INFO - [2026-08-12T04:39:34.444+0000] {dag.py:3211} INFO - Sync 1 DAGs
[2026-08-12T04:39:34.454+0000] {logging_mixin.py:190} INFO - [2026-08-12T04:39:34.454+0000] {dag.py:4138} INFO - Setting next_dagrun for example_python_operator to None, run_after=None
[2026-08-12T04:39:34.467+0000] {processor.py:208} INFO - Processing /home/airflow/.local/lib/python3.12/site-packages/airflow/example_dags/example_python_operator.py took 0.055 seconds
[2026-08-12T04:40:05.296+0000] {processor.py:186} INFO - Started process (PID=996) to work on /home/airflow/.local/lib/python3.12/site-packages/airflow/example_dags/example_python_operator.py
[2026-08-12T04:40:05.297+0000] {processor.py:914} INFO - Processing file /home/airflow/.local/lib/python3.12/site-packages/airflow/example_dags/example_python_operator.py for tasks to queue
[2026-08-12T04:40:05.300+0000] {logging_mixin.py:190} INFO - [2026-08-12T04:40:05.300+0000] {dagbag.py:587} INFO - Filling up the DagBag from /home/airflow/.local/lib/python3.12/site-packages/airflow/example_dags/example_python_operator.py
[2026-08-12T04:40:05.308+0000] {processor.py:925} INFO - DAG(s) 'example_python_operator' retrieved from /home/airflow/.local/lib/python3.12/site-packages/airflow/example_dags/example_python_operator.py
[2026-08-12T04:40:05.323+0000] {logging_mixin.py:190} INFO - [2026-08-12T04:40:05.323+0000] {dag.py:3211} INFO - Sync 1 DAGs
[2026-08-12T04:40:05.332+0000] {logging_mixin.py:190} INFO - [2026-08-12T04:40:05.332+0000] {dag.py:4138} INFO - Setting next_dagrun for example_python_operator to None, run_after=None
[2026-08-12T04:40:05.345+0000] {processor.py:208} INFO - Processing /home/airflow/.local/lib/python3.12/site-packages/airflow/example_dags/example_python_operator.py took 0.053 seconds
[2026-08-12T04:40:35.990+0000] {processor.py:186} INFO - Started process (PID=1058) to work on /home/airflow/.local/lib/python3.12/site-packages/airflow/example_dags/example_python_operator.py
[2026-08-12T04:40:35.991+0000] {processor.py:914} INFO - Processing file /home/airflow/.local/lib/python3.12/site-packages/airflow/example_dags/example_python_operator.py for tasks to queue
[2026-08-12T04:40:35.992+0000] {logging_mixin.py:190} INFO - [2026-08-12T04:40:35.992+0000] {dagbag.py:587} INFO - Filling up the DagBag from /home/airflow/.local/lib/python3.12/site-packages/airflow/example_dags/example_python_operator.py
[2026-08-12T04:40:36.001+0000] {processor.py:925} INFO - DAG(s) 'example_python_operator' retrieved from /home/airflow/.local/lib/python3.12/site-packages/airflow/example_dags/example_python_operator.py
[2026-08-12T04:40:36.016+0000] {logging_mixin.py:190} INFO - [2026-08-12T04:40:36.016+0000] {dag.py:3211} INFO - Sync 1 DAGs
[2026-08-12T04:40:36.024+0000] {logging_mixin.py:190} INFO - [2026-08-12T04:40:36.024+0000] {dag.py:4138} INFO - Setting next_dagrun for example_python_operator to None, run_after=None
[2026-08-12T04:40:36.037+0000] {processor.py:208} INFO - Processing /home/airflow/.local/lib/python3.12/site-packages/airflow/example_dags/example_python_operator.py took 0.051 seconds
[2026-08-12T04:41:06.800+0000] {processor.py:186} INFO - Started process (PID=1120) to work on /home/airflow/.local/lib/python3.12/site-packages/airflow/example_dags/example_python_operator.py
[2026-08-12T04:41:06.801+0000] {processor.py:914} INFO - Processing file /home/airflow/.local/lib/python3.12/site-packages/airflow/example_dags/example_python_operator.py for tasks to queue
[2026-08-12T04:41:06.803+0000] {logging_mixin.py:190} INFO - [2026-08-12T04:41:06.803+0000] {dagbag.py:587} INFO - Filling up the DagBag from /home/airflow/.local/lib/python3.12/site-packages/airflow/example_dags/example_python_operator.py
[2026-08-12T04:41:06.812+0000] {processor.py:925} INFO - DAG(s) 'example_python_operator' retrieved from /home/airflow/.local/lib/python3.12/site-packages/airflow/example_dags/example_python_operator.py
[2026-08-12T04:41:06.826+0000] {logging_mixin.py:190} INFO - [2026-08-12T04:41:06.826+0000] {dag.py:3211} INFO - Sync 1 DAGs
[2026-08-12T04:41:06.836+0000] {logging_mixin.py:190} INFO - [2026-08-12T04:41:06.836+0000] {dag.py:4138} INFO - Setting next_dagrun for example_python_operator to None, run_after=None
[2026-08-12T04:41:06.849+0000] {processor.py:208} INFO - Processing /home/airflow/.local/lib/python3.12/site-packages/airflow/example_dags/example_python_operator.py took 0.054 seconds
[2026-08-12T04:41:37.491+0000] {processor.py:186} INFO - Started process (PID=1182) to work on /home/airflow/.local/lib/python3.12/site-packages/airflow/example_dags/example_python_operator.py
[2026-08-12T04:41:37.492+0000] {processor.py:914} INFO - Processing file /home/airflow/.local/lib/python3.12/site-packages/airflow/example_dags/example_python_operator.py for tasks to queue
[2026-08-12T04:41:37.494+0000] {logging_mixin.py:190} INFO - [2026-08-12T04:41:37.494+0000] {dagbag.py:587} INFO - Filling up the DagBag from /home/airflow/.local/lib/python3.12/site-packages/airflow/example_dags/example_python_operator.py
[2026-08-12T04:41:37.503+0000] {processor.py:925} INFO - DAG(s) 'example_python_operator' retrieved from /home/airflow/.local/lib/python3.12/site-packages/airflow/example_dags/example_python_operator.py
[2026-08-12T04:41:37.519+0000] {logging_mixin.py:190} INFO - [2026-08-12T04:41:37.519+0000] {dag.py:3211} INFO - Sync 1 DAGs
[2026-08-12T04:41:37.528+0000] {logging_mixin.py:190} INFO - [2026-08-12T04:41:37.528+0000] {dag.py:4138} INFO - Setting next_dagrun for example_python_operator to None, run_after=None
[2026-08-12T04:41:37.541+0000] {processor.py:208} INFO - Processing /home/airflow/.local/lib/python3.12/site-packages/airflow/example_dags/example_python_operator.py took 0.055 seconds
[2026-08-12T04:42:08.326+0000] {processor.py:186} INFO - Started process (PID=1244) to work on /home/airflow/.local/lib/python3.12/site-packages/airflow/example_dags/example_python_operator.py
[2026-08-12T04:42:08.327+0000] {processor.py:914} INFO - Processing file /home/airflow/.local/lib/python3.12/site-packages/airflow/example_dags/example_python_operator.py for tasks to queue
[2026-08-12T04:42:08.330+0000] {logging_mixin.py:190} INFO - [2026-08-12T04:42:08.329+0000] {dagbag.py:587} INFO - Filling up the DagBag from /home/airflow/.local/lib/python3.12/site-packages/airflow/example_dags/example_python_operator.py
[2026-08-12T04:42:08.339+0000] {processor.py:925} INFO - DAG(s) 'example_python_operator' retrieved from /home/airflow/.local/lib/python3.12/site-packages/airflow/example_dags/example_python_operator.py
[2026-08-12T04:42:08.356+0000] {logging_mixin.py:190} INFO - [2026-08-12T04:42:08.355+0000] {dag.py:3211} INFO - Sync 1 DAGs
[2026-08-12T04:42:08.366+0000] {logging_mixin.py:190} INFO - [2026-08-12T04:42:08.366+0000] {dag.py:4138} INFO - Setting next_dagrun for example_python_operator to None, run_after=None
[2026-08-12T04:42:08.380+0000] {processor.py:208} INFO - Processing /home/airflow/.local/lib/python3.12/site-packages/airflow/example_dags/example_python_operator.py took 0.058 seconds
[2026-08-12T04:42:39.272+0000] {processor.py:186} INFO - Started process (PID=1306) to work on /home/airflow/.local/lib/python3.12/site-packages/airflow/example_dags/example_python_operator.py
[2026-08-12T04:42:39.273+0000] {processor.py:914} INFO - Processing file /home/airflow/.local/lib/python3.12/site-packages/airflow/example_dags/example_python_operator.py for tasks to queue
[2026-08-12T04:42:39.275+0000] {logging_mixin.py:190} INFO - [2026-08-12T04:42:39.275+0000] {dagbag.py:587} INFO - Filling up the DagBag from /home/airflow/.local/lib/python3.12/site-packages/airflow/example_dags/example_python_operator.py
[2026-08-12T04:42:39.283+0000] {processor.py:925} INFO - DAG(s) 'example_python_operator' retrieved from /home/airflow/.local/lib/python3.12/site-packages/airflow/example_dags/example_python_operator.py
[2026-08-12T04:42:39.297+0000] {logging_mixin.py:190} INFO - [2026-08-12T04:42:39.297+0000] {dag.py:3211} INFO - Sync 1 DAGs
[2026-08-12T04:42:39.307+0000] {logging_mixin.py:190} INFO - [2026-08-12T04:42:39.307+0000] {dag.py:4138} INFO - Setting next_dagrun for example_python_operator to None, run_after=None
[2026-08-12T04:42:39.319+0000] {processor.py:208} INFO - Processing /home/airflow/.local/lib/python3.12/site-packages/airflow/example_dags/example_python_operator.py took 0.051 seconds
[2026-08-12T04:43:10.096+0000] {processor.py:186} INFO - Started process (PID=1368) to work on /home/airflow/.local/lib/python3.12/site-packages/airflow/example_dags/example_python_operator.py
[2026-08-12T04:43:10.097+0000] {processor.py:914} INFO - Processing file /home/airflow/.local/lib/python3.12/site-packages/airflow/example_dags/example_python_operator.py for tasks to queue
[2026-08-12T04:43:10.099+0000] {logging_mixin.py:190} INFO - [2026-08-12T04:43:10.098+0000] {dagbag.py:587} INFO - Filling up the DagBag from /home/airflow/.local/lib/python3.12/site-packages/airflow/example_dags/example_python_operator.py
[2026-08-12T04:43:10.107+0000] {processor.py:925} INFO - DAG(s) 'example_python_operator' retrieved from /home/airflow/.local/lib/python3.12/site-packages/airflow/example_dags/example_python_operator.py
[2026-08-12T04:43:10.123+0000] {logging_mixin.py:190} INFO - [2026-08-12T04:43:10.123+0000] {dag.py:3211} INFO - Sync 1 DAGs
[2026-08-12T04:43:10.132+0000] {logging_mixin.py:190} INFO - [2026-08-12T04:43:10.132+0000] {dag.py:4138} INFO - Setting next_dagrun for example_python_operator to None, run_after=None
[2026-08-12T04:43:10.145+0000] {processor.py:208} INFO - Processing /home/airflow/.local/lib/python3.12/site-packages/airflow/example_dags/example_python_operator.py took 0.053 seconds
[2026-08-12T04:43:40.301+0000] {processor.py:186} INFO - Started process (PID=1430) to work on /home/airflow/.local/lib/python3.12/site-packages/airflow/example_dags/example_python_operator.py
[2026-08-12T04:43:40.302+0000] {processor.py:914} INFO - Processing file /home/airflow/.local/lib/python3.12/site-packages/airflow/example_dags/example_python_operator.py for tasks to queue
[2026-08-12T04:43:40.304+0000] {logging_mixin.py:190} INFO - [2026-08-12T04:43:40.304+0000] {dagbag.py:587} INFO - Filling up the DagBag from /home/airflow/.local/lib/python3.12/site-packages/airflow/example_dags/example_python_operator.py
[2026-08-12T04:43:40.312+0000] {processor.py:925} INFO - DAG(s) 'example_python_operator' retrieved from /home/airflow/.local/lib/python3.12/site-packages/airflow/example_dags/example_python_operator.py
[2026-08-12T04:43:40.327+0000] {logging_mixin.py:190} INFO - [2026-08-12T04:43:40.327+0000] {dag.py:3211} INFO - Sync 1 DAGs
[2026-08-12T04:43:40.336+0000] {logging_mixin.py:190} INFO - [2026-08-12T04:43:40.336+0000] {dag.py:4138} INFO - Setting next_dagrun for example_python_operator to None, run_after=None
[2026-08-12T04:43:40.348+0000] {processor.py:208} INFO - Processing /home/airflow/.local/lib/python3.12/site-packages/airflow/example_dags/example_python_operator.py took 0.051 seconds
[2026-08-12T04:44:10.639+0000] {processor.py:186} INFO - Started process (PID=1492) to work on /home/airflow/.local/lib/python3.12/site-packages/airflow/example_dags/example_python_operator.py
[2026-08-12T04:44:10.640+0000] {processor.py:914} INFO - Processing file /home/airflow/.local/lib/python3.12/site-packages/airflow/example_dags/example_python_operator.py for tasks to queue
[2026-08-12T04:44:10.642+0000] {logging_mixin.py:190} INFO - [2026-08-12T04:44:10.642+0000] {dagbag.py:587} INFO - Filling up the DagBag from /home/airflow/.local/lib/python3.12/site-packages/airflow/example_dags/example_python_operator.py
[2026-08-12T04:44:10.651+0000] {processor.py:925} INFO - DAG(s) 'example_python_operator' retrieved from /home/airflow/.local/lib/python3.12/site-packages/airflow/example_dags/example_python_operator.py
[2026-08-12T04:44:10.666+0000] {logging_mixin.py:190} INFO - [2026-08-12T04:44:10.666+0000] {dag.py:3211} INFO - Sync 1 DAGs
[2026-08-12T04:44:10.675+0000] {logging_mixin.py:190} INFO - [2026-08-12T04:44:10.675+0000] {dag.py:4138} INFO - Setting next_dagrun for example_python_operator to None, run_after=None
[2026-08-12T04:44:10.689+0000] {processor.py:208} INFO - Processing /home/airflow/.local/lib/python3.12/site-packages/airflow/example_dags/example_python_operator.py took 0.054 seconds
[2026-08-12T04:44:41.705+0000] {processor.py:186} INFO - Started process (PID=1554) to work on /home/airflow/.local/lib/python3.12/site-packages/airflow/example_dags/example_python_operator.py
[2026-08-12T04:44:41.707+0000] {processor.py:914} INFO - Processing file /home/airflow/.local/lib/python3.12/site-packages/airflow/example_dags/example_python_operator.py for tasks to queue
[2026-08-12T04:44:41.709+0000] {logging_mixin.py:190} INFO - [2026-08-12T04:44:41.709+0000] {dagbag.py:587} INFO - Filling up the DagBag from /home/airflow/.local/lib/python3.12/site-packages/airflow/example_dags/example_python_operator.py
[2026-08-12T04:44:41.718+0000] {processor.py:925} INFO - DAG(s) 'example_python_operator' retrieved from /home/airflow/.local/lib/python3.12/site-packages/airflow/example_dags/example_python_operator.py
[2026-08-12T04:44:41.734+0000] {logging_mixin.py:190} INFO - [2026-08-12T04:44:41.734+0000] {dag.py:3211} INFO - Sync 1 DAGs
[2026-08-12T04:44:41.743+0000] {logging_mixin.py:190} INFO - [2026-08-12T04:44:41.743+0000] {dag.py:4138} INFO - Setting next_dagrun for example_python_operator to None, run_after=None
[2026-08-12T04:44:41.757+0000] {processor.py:208} INFO - Processing /home/airflow/.local/lib/python3.12/site-packages/airflow/example_dags/example_python_operator.py took 0.056 seconds
[2026-08-12T04:45:12.528+0000] {processor.py:186} INFO - Started process (PID=1616) to work on /home/airflow/.local/lib/python3.12/site-packages/airflow/example_dags/example_python_operator.py
[2026-08-12T04:45:12.529+0000] {processor.py:914} INFO - Processing file /home/airflow/.local/lib/python3.12/site-packages/airflow/example_dags/example_python_operator.py for tasks to queue
[2026-08-12T04:45:12.533+0000] {logging_mixin.py:190} INFO - [2026-08-12T04:45:12.532+0000] {dagbag.py:587} INFO - Filling up the DagBag from /home/airflow/.local/lib/python3.12/site-packages/airflow/example_dags/example_python_operator.py
[2026-08-12T04:45:12.547+0000] {processor.py:925} INFO - DAG(s) 'example_python_operator' retrieved from /home/airflow/.local/lib/python3.12/site-packages/airflow/example_dags/example_python_operator.py
[2026-08-12T04:45:12.567+0000] {logging_mixin.py:190} INFO - [2026-08-12T04:45:12.567+0000] {dag.py:3211} INFO - Sync 1 DAGs
[2026-08-12T04:45:12.577+0000] {logging_mixin.py:190} INFO - [2026-08-12T04:45:12.577+0000] {dag.py:4138} INFO - Setting next_dagrun for example_python_operator to None, run_after=None
[2026-08-12T04:45:12.593+0000] {processor.py:208} INFO - Processing /home/airflow/.local/lib/python3.12/site-packages/airflow/example_dags/example_python_operator.py took 0.071 seconds
[2026-08-12T04:45:42.947+0000] {processor.py:186} INFO - Started process (PID=1678) to work on /home/airflow/.local/lib/python3.12/site-packages/airflow/example_dags/example_python_operator.py
[2026-08-12T04:45:42.948+0000] {processor.py:914} INFO - Processing file /home/airflow/.local/lib/python3.12/site-packages/airflow/example_dags/example_python_operator.py for tasks to queue
[2026-08-12T04:45:42.951+0000] {logging_mixin.py:190} INFO - [2026-08-12T04:45:42.951+0000] {dagbag.py:587} INFO - Filling up the DagBag from /home/airflow/.local/lib/python3.12/site-packages/airflow/example_dags/example_python_operator.py
[2026-08-12T04:45:42.962+0000] {processor.py:925} INFO - DAG(s) 'example_python_operator' retrieved from /home/airflow/.local/lib/python3.12/site-packages/airflow/example_dags/example_python_operator.py
[2026-08-12T04:45:42.981+0000] {logging_mixin.py:190} INFO - [2026-08-12T04:45:42.980+0000] {dag.py:3211} INFO - Sync 1 DAGs
[2026-08-12T04:45:42.991+0000] {logging_mixin.py:190} INFO - [2026-08-12T04:45:42.991+0000] {dag.py:4138} INFO - Setting next_dagrun for example_python_operator to None, run_after=None
[2026-08-12T04:45:43.007+0000] {processor.py:208} INFO - Processing /home/airflow/.local/lib/python3.12/site-packages/airflow/example_dags/example_python_operator.py took 0.064 seconds
[2026-08-12T04:46:13.538+0000] {processor.py:186} INFO - Started process (PID=1740) to work on /home/airflow/.local/lib/python3.12/site-packages/airflow/example_dags/example_python_operator.py
[2026-08-12T04:46:13.539+0000] {processor.py:914} INFO - Processing file /home/airflow/.local/lib/python3.12/site-packages/airflow/example_dags/example_python_operator.py for tasks to queue
[2026-08-12T04:46:13.541+0000] {logging_mixin.py:190} INFO - [2026-08-12T04:46:13.541+0000] {dagbag.py:587} INFO - Filling up the DagBag from /home/airflow/.local/lib/python3.12/site-packages/airflow/example_dags/example_python_operator.py
[2026-08-12T04:46:13.550+0000] {processor.py:925} INFO - DAG(s) 'example_python_operator' retrieved from /home/airflow/.local/lib/python3.12/site-packages/airflow/example_dags/example_python_operator.py
[2026-08-12T04:46:13.564+0000] {logging_mixin.py:190} INFO - [2026-08-12T04:46:13.564+0000] {dag.py:3211} INFO - Sync 1 DAGs
[2026-08-12T04:46:13.574+0000] {logging_mixin.py:190} INFO - [2026-08-12T04:46:13.573+0000] {dag.py:4138} INFO - Setting next_dagrun for example_python_operator to None, run_after=None
[2026-08-12T04:46:13.587+0000] {processor.py:208} INFO - Processing /home/airflow/.local/lib/python3.12/site-packages/airflow/example_dags/example_python_operator.py took 0.053 seconds
[2026-08-12T04:46:43.779+0000] {processor.py:186} INFO - Started process (PID=1802) to work on /home/airflow/.local/lib/python3.12/site-packages/airflow/example_dags/example_python_operator.py
[2026-08-12T04:46:43.780+0000] {processor.py:914} INFO - Processing file /home/airflow/.local/lib/python3.12/site-packages/airflow/example_dags/example_python_operator.py for tasks to queue
[2026-08-12T04:46:43.782+0000] {logging_mixin.py:190} INFO - [2026-08-12T04:46:43.782+0000] {dagbag.py:587} INFO - Filling up the DagBag from /home/airflow/.local/lib/python3.12/site-packages/airflow/example_dags/example_python_operator.py
[2026-08-12T04:46:43.792+0000] {processor.py:925} INFO - DAG(s) 'example_python_operator' retrieved from /home/airflow/.local/lib/python3.12/site-packages/airflow/example_dags/example_python_operator.py
[2026-08-12T04:46:43.809+0000] {logging_mixin.py:190} INFO - [2026-08-12T04:46:43.809+0000] {dag.py:3211} INFO - Sync 1 DAGs
[2026-08-12T04:46:43.820+0000] {logging_mixin.py:190} INFO - [2026-08-12T04:46:43.820+0000] {dag.py:4138} INFO - Setting next_dagrun for example_python_operator to None, run_after=None
[2026-08-12T04:46:43.836+0000] {processor.py:208} INFO - Processing /home/airflow/.local/lib/python3.12/site-packages/airflow/example_dags/example_python_operator.py took 0.061 seconds
[2026-08-12T04:47:14.022+0000] {processor.py:186} INFO - Started process (PID=1864) to work on /home/airflow/.local/lib/python3.12/site-packages/airflow/example_dags/example_python_operator.py
[2026-08-12T04:47:14.023+0000] {processor.py:914} INFO - Processing file /home/airflow/.local/lib/python3.12/site-packages/airflow/example_dags/example_python_operator.py for tasks to queue
[2026-08-12T04:47:14.025+0000] {logging_mixin.py:190} INFO - [2026-08-12T04:47:14.025+0000] {dagbag.py:587} INFO - Filling up the DagBag from /home/airflow/.local/lib/python3.12/site-packages/airflow/example_dags/example_python_operator.py
[2026-08-12T04:47:14.034+0000] {processor.py:925} INFO - DAG(s) 'example_python_operator' retrieved from /home/airflow/.local/lib/python3.12/site-packages/airflow/example_dags/example_python_operator.py
[2026-08-12T04:47:14.052+0000] {logging_mixin.py:190} INFO - [2026-08-12T04:47:14.052+0000] {dag.py:3211} INFO - Sync 1 DAGs
[2026-08-12T04:47:14.062+0000] {logging_mixin.py:190} INFO - [2026-08-12T04:47:14.062+0000] {dag.py:4138} INFO - Setting next_dagrun for example_python_operator to None, run_after=None
[2026-08-12T04:47:14.075+0000] {processor.py:208} INFO - Processing /home/airflow/.local/lib/python3.12/site-packages/airflow/example_dags/example_python_operator.py took 0.059 seconds
[2026-08-12T04:47:44.591+0000] {processor.py:186} INFO - Started process (PID=1928) to work on /home/airflow/.local/lib/python3.12/site-packages/airflow/example_dags/example_python_operator.py
[2026-08-12T04:47:44.592+0000] {processor.py:914} INFO - Processing file /home/airflow/.local/lib/python3.12/site-packages/airflow/example_dags/example_python_operator.py for tasks to queue
[2026-08-12T04:47:44.594+0000] {logging_mixin.py:190} INFO - [2026-08-12T04:47:44.594+0000] {dagbag.py:587} INFO - Filling up the DagBag from /home/airflow/.local/lib/python3.12/site-packages/airflow/example_dags/example_python_operator.py
[2026-08-12T04:47:44.606+0000] {processor.py:925} INFO - DAG(s) 'example_python_operator' retrieved from /home/airflow/.local/lib/python3.12/site-packages/airflow/example_dags/example_python_operator.py
[2026-08-12T04:47:44.623+0000] {logging_mixin.py:190} INFO - [2026-08-12T04:47:44.623+0000] {dag.py:3211} INFO - Sync 1 DAGs
[2026-08-12T04:47:44.635+0000] {logging_mixin.py:190} INFO - [2026-08-12T04:47:44.635+0000] {dag.py:4138} INFO - Setting next_dagrun for example_python_operator to None, run_after=None
[2026-08-12T04:47:44.649+0000] {processor.py:208} INFO - Processing /home/airflow/.local/lib/python3.12/site-packages/airflow/example_dags/example_python_operator.py took 0.063 seconds
[2026-08-12T04:48:14.827+0000] {processor.py:186} INFO - Started process (PID=1992) to work on /home/airflow/.local/lib/python3.12/site-packages/airflow/example_dags/example_python_operator.py
[2026-08-12T04:48:14.827+0000] {processor.py:914} INFO - Processing file /home/airflow/.local/lib/python3.12/site-packages/airflow/example_dags/example_python_operator.py for tasks to queue
[2026-08-12T04:48:14.829+0000] {logging_mixin.py:190} INFO - [2026-08-12T04:48:14.829+0000] {dagbag.py:587} INFO - Filling up the DagBag from /home/airflow/.local/lib/python3.12/site-packages/airflow/example_dags/example_python_operator.py
[2026-08-12T04:48:14.837+0000] {processor.py:925} INFO - DAG(s) 'example_python_operator' retrieved from /home/airflow/.local/lib/python3.12/site-packages/airflow/example_dags/example_python_operator.py
[2026-08-12T04:48:14.856+0000] {logging_mixin.py:190} INFO - [2026-08-12T04:48:14.856+0000] {dag.py:3211} INFO - Sync 1 DAGs
[2026-08-12T04:48:14.867+0000] {logging_mixin.py:190} INFO - [2026-08-12T04:48:14.867+0000] {dag.py:4138} INFO - Setting next_dagrun for example_python_operator to None, run_after=None
[2026-08-12T04:48:14.881+0000] {processor.py:208} INFO - Processing /home/airflow/.local/lib/python3.12/site-packages/airflow/example_dags/example_python_operator.py took 0.059 seconds
[2026-08-12T04:48:45.056+0000] {processor.py:186} INFO - Started process (PID=2056) to work on /home/airflow/.local/lib/python3.12/site-packages/airflow/example_dags/example_python_operator.py
[2026-08-12T04:48:45.057+0000] {processor.py:914} INFO - Processing file /home/airflow/.local/lib/python3.12/site-packages/airflow/example_dags/example_python_operator.py for tasks to queue
[2026-08-12T04:48:45.059+0000] {logging_mixin.py:190} INFO - [2026-08-12T04:48:45.059+0000] {dagbag.py:587} INFO - Filling up the DagBag from /home/airflow/.local/lib/python3.12/site-packages/airflow/example_dags/example_python_operator.py
[2026-08-12T04:48:45.068+0000] {processor.py:925} INFO - DAG(s) 'example_python_operator' retrieved from /home/airflow/.local/lib/python3.12/site-packages/airflow/example_dags/example_python_operator.py
[2026-08-12T04:48:45.083+0000] {logging_mixin.py:190} INFO - [2026-08-12T04:48:45.083+0000] {dag.py:3211} INFO - Sync 1 DAGs
[2026-08-12T04:48:45.093+0000] {logging_mixin.py:190} INFO - [2026-08-12T04:48:45.092+0000] {dag.py:4138} INFO - Setting next_dagrun for example_python_operator to None, run_after=None
[2026-08-12T04:48:45.105+0000] {processor.py:208} INFO - Processing /home/airflow/.local/lib/python3.12/site-packages/airflow/example_dags/example_python_operator.py took 0.053 seconds
