[2026-08-12T04:30:18.200+0000] {processor.py:186} INFO - Started process (PID=96) to work on /home/airflow/.local/lib/python3.12/site-packages/airflow/example_dags/example_subdag_operator.py
[2026-08-12T04:30:18.201+0000] {processor.py:914} INFO - Processing file /home/airflow/.local/lib/python3.12/site-packages/airflow/example_dags/example_subdag_operator.py for tasks to queue
[2026-08-12T04:30:18.204+0000] {logging_mixin.py:190} INFO - [2026-08-12T04:30:18.204+0000] {dagbag.py:587} INFO - Filling up the DagBag from /home/airflow/.local/lib/python3.12/site-packages/airflow/example_dags/example_subdag_operator.py
[2026-08-12T04:30:18.229+0000] {processor.py:925} INFO - DAG(s) 'example_subdag_operator.section-1', 'example_subdag_operator.section-2', 'example_subdag_operator' retrieved from /home/airflow/.local/lib/python3.12/site-packages/airflow/example_dags/example_subdag_operator.py
[2026-08-12T04:30:18.317+0000] {logging_mixin.py:190} INFO - [2026-08-12T04:30:18.316+0000] {override.py:1858} INFO - Created Permission View: can delete on DAG:example_subdag_operator
[2026-08-12T04:30:18.325+0000] {logging_mixin.py:190} INFO - [2026-08-12T04:30:18.325+0000] {override.py:1858} INFO - Created Permission View: can read on DAG:example_subdag_operator
[2026-08-12T04:30:18.331+0000] {logging_mixin.py:190} INFO - [2026-08-12T04:30:18.331+0000] {override.py:1858} INFO - Created Permission View: can edit on DAG:example_subdag_operator
[2026-08-12T04:30:18.332+0000] {logging_mixin.py:190} INFO - [2026-08-12T04:30:18.331+0000] {dag.py:3211} INFO - Sync 3 DAGs
[2026-08-12T04:30:18.343+0000] {logging_mixin.py:190} INFO - [2026-08-12T04:30:18.342+0000] {dag.py:3234} INFO - Creating ORM DAG for example_subdag_operator
[2026-08-12T04:30:18.344+0000] {logging_mixin.py:190} INFO - [2026-08-12T04:30:18.343+0000] {dag.py:3234} INFO - Creating ORM DAG for example_subdag_operator.section-1
[2026-08-12T04:30:18.344+0000] {logging_mixin.py:190} INFO - [2026-08-12T04:30:18.344+0000] {dag.py:3234} INFO - Creating ORM DAG for example_subdag_operator.section-2
[2026-08-12T04:30:18.352+0000] {logging_mixin.py:190} INFO - [2026-08-12T04:30:18.351+0000] {dag.py:4138} INFO - Setting next_dagrun for example_subdag_operator to 2022-01-01 00:00:00+00:00, run_after=2022-01-01 00:00:00+00:00
[2026-08-12T04:30:18.353+0000] {logging_mixin.py:190} INFO - [2026-08-12T04:30:18.352+0000] {dag.py:4138} INFO - Setting next_dagrun for example_subdag_operator.section-1 to None, run_after=None
[2026-08-12T04:30:18.353+0000] {logging_mixin.py:190} INFO - [2026-08-12T04:30:18.353+0000] {dag.py:4138} INFO - Setting next_dagrun for example_subdag_operator.section-2 to None, run_after=None
[2026-08-12T04:30:18.361+0000] {logging_mixin.py:190} INFO - [2026-08-12T04:30:18.360+0000] {dag.py:3211} INFO - Sync 2 DAGs
[2026-08-12T04:30:18.365+0000] {logging_mixin.py:190} INFO - [2026-08-12T04:30:18.365+0000] {dag.py:4138} INFO - Setting next_dagrun for example_subdag_operator.section-1 to None, run_after=None
[2026-08-12T04:30:18.368+0000] {logging_mixin.py:190} INFO - [2026-08-12T04:30:18.368+0000] {dag.py:4138} INFO - Setting next_dagrun for example_subdag_operator.section-2 to None, run_after=None
[2026-08-12T04:30:18.378+0000] {processor.py:208} INFO - Processing /home/airflow/.local/lib/python3.12/site-packages/airflow/example_dags/example_subdag_operator.py took 0.184 seconds
[2026-08-12T04:30:48.969+0000] {processor.py:186} INFO - Started process (PID=163) to work on /home/airflow/.local/lib/python3.12/site-packages/airflow/example_dags/example_subdag_operator.py
[2026-08-12T04:30:48.971+0000] {processor.py:914} INFO - Processing file /home/airflow/.local/lib/python3.12/site-packages/airflow/example_dags/example_subdag_operator.py for tasks to queue
[2026-08-12T04:30:48.973+0000] {logging_mixin.py:190} INFO - [2026-08-12T04:30:48.973+0000] {dagbag.py:587} INFO - Filling up the DagBag from /home/airflow/.local/lib/python3.12/site-packages/airflow/example_dags/example_subdag_operator.py
[2026-08-12T04:30:48.992+0000] {processor.py:925} INFO - DAG(s) 'example_subdag_operator.section-1', 'example_subdag_operator.section-2', 'example_subdag_operator' retrieved from /home/airflow/.local/lib/python3.12/site-packages/airflow/example_dags/example_subdag_operator.py
[2026-08-12T04:30:49.003+0000] {logging_mixin.py:190} INFO - [2026-08-12T04:30:49.003+0000] {dag.py:3211} INFO - Sync 3 DAGs
[2026-08-12T04:30:49.017+0000] {logging_mixin.py:190} INFO - [2026-08-12T04:30:49.017+0000] {dag.py:4138} INFO - Setting next_dagrun for example_subdag_operator to 2022-01-01 00:00:00+00:00, run_after=2022-01-01 00:00:00+00:00
[2026-08-12T04:30:49.020+0000] {logging_mixin.py:190} INFO - [2026-08-12T04:30:49.020+0000] {dag.py:4138} INFO - Setting next_dagrun for example_subdag_operator.section-1 to None, run_after=None
[2026-08-12T04:30:49.021+0000] {logging_mixin.py:190} INFO - [2026-08-12T04:30:49.021+0000] {dag.py:4138} INFO - Setting next_dagrun for example_subdag_operator.section-2 to None, run_after=None
[2026-08-12T04:30:49.026+0000] {logging_mixin.py:190} INFO - [2026-08-12T04:30:49.026+0000] {dag.py:3211} INFO - Sync 2 DAGs
[2026-08-12T04:30:49.030+0000] {logging_mixin.py:190} INFO - [2026-08-12T04:30:49.030+0000] {dag.py:4138} INFO - Setting next_dagrun for example_subdag_operator.section-1 to None, run_after=None
[2026-08-12T04:30:49.031+0000] {logging_mixin.py:190} INFO - [2026-08-12T04:30:49.031+0000] {dag.py:4138} INFO - Setting next_dagrun for example_subdag_operator.section-2 to None, run_after=None
[2026-08-12T04:30:49.039+0000] {processor.py:208} INFO - Processing /home/airflow/.local/lib/python3.12/site-packages/airflow/example_dags/example_subdag_operator.py took 0.074 seconds
[2026-08-12T04:31:19.987+0000] {processor.py:186} INFO - Started process (PID=225) to work on /home/airflow/.local/lib/python3.12/site-packages/airflow/example_dags/example_subdag_operator.py
[2026-08-12T04:31:19.988+0000] {processor.py:914} INFO - Processing file /home/airflow/.local/lib/python3.12/site-packages/airflow/example_dags/example_subdag_operator.py for tasks to queue
[2026-08-12T04:31:19.990+0000] {logging_mixin.py:190} INFO - [2026-08-12T04:31:19.990+0000] {dagbag.py:587} INFO - Filling up the DagBag from /home/airflow/.local/lib/python3.12/site-packages/airflow/example_dags/example_subdag_operator.py
[2026-08-12T04:31:20.014+0000] {processor.py:925} INFO - DAG(s) 'example_subdag_operator.section-1', 'example_subdag_operator.section-2', 'example_subdag_operator' retrieved from /home/airflow/.local/lib/python3.12/site-packages/airflow/example_dags/example_subdag_operator.py
[2026-08-12T04:31:20.027+0000] {logging_mixin.py:190} INFO - [2026-08-12T04:31:20.026+0000] {dag.py:3211} INFO - Sync 3 DAGs
[2026-08-12T04:31:20.049+0000] {logging_mixin.py:190} INFO - [2026-08-12T04:31:20.049+0000] {dag.py:4138} INFO - Setting next_dagrun for example_subdag_operator to 2022-01-01 00:00:00+00:00, run_after=2022-01-01 00:00:00+00:00
[2026-08-12T04:31:20.054+0000] {logging_mixin.py:190} INFO - [2026-08-12T04:31:20.054+0000] {dag.py:4138} INFO - Setting next_dagrun for example_subdag_operator.section-1 to None, run_after=None
[2026-08-12T04:31:20.055+0000] {logging_mixin.py:190} INFO - [2026-08-12T04:31:20.055+0000] {dag.py:4138} INFO - Setting next_dagrun for example_subdag_operator.section-2 to None, run_after=None
[2026-08-12T04:31:20.066+0000] {logging_mixin.py:190} INFO - [2026-08-12T04:31:20.065+0000] {dag.py:3211} INFO - Sync 2 DAGs
[2026-08-12T04:31:20.072+0000] {logging_mixin.py:190} INFO - [2026-08-12T04:31:20.071+0000] {dag.py:4138} INFO - Setting next_dagrun for example_subdag_operator.section-1 to None, run_after=None
[2026-08-12T04:31:20.073+0000] {logging_mixin.py:190} INFO - [2026-08-12T04:31:20.072+0000] {dag.py:4138} INFO - Setting next_dagrun for example_subdag_operator.section-2 to None, run_after=None
[2026-08-12T04:31:20.085+0000] {processor.py:208} INFO - Processing /home/airflow/.local/lib/python3.12/site-packages/airflow/example_dags/example_subdag_operator.py took 0.103 seconds
[2026-08-12T04:32:27.978+0000] {processor.py:186} INFO - Started process (PID=89) to work on /home/airflow/.local/lib/python3.12/site-packages/airflow/example_dags/example_subdag_operator.py
[2026-08-12T04:32:27.979+0000] {processor.py:914} INFO - Processing file /home/airflow/.local/lib/python3.12/site-packages/airflow/example_dags/example_subdag_operator.py for tasks to queue
[2026-08-12T04:32:27.981+0000] {logging_mixin.py:190} INFO - [2026-08-12T04:32:27.981+0000] {dagbag.py:587} INFO - Filling up the DagBag from /home/airflow/.local/lib/python3.12/site-packages/airflow/example_dags/example_subdag_operator.py
[2026-08-12T04:32:28.001+0000] {processor.py:925} INFO - DAG(s) 'example_subdag_operator.section-1', 'example_subdag_operator.section-2', 'example_subdag_operator' retrieved from /home/airflow/.local/lib/python3.12/site-packages/airflow/example_dags/example_subdag_operator.py
[2026-08-12T04:32:28.011+0000] {logging_mixin.py:190} INFO - [2026-08-12T04:32:28.011+0000] {dag.py:3211} INFO - Sync 3 DAGs
[2026-08-12T04:32:28.028+0000] {logging_mixin.py:190} INFO - [2026-08-12T04:32:28.028+0000] {dag.py:4138} INFO - Setting next_dagrun for example_subdag_operator to 2022-01-01 00:00:00+00:00, run_after=2022-01-01 00:00:00+00:00
[2026-08-12T04:32:28.030+0000] {logging_mixin.py:190} INFO - [2026-08-12T04:32:28.030+0000] {dag.py:4138} INFO - Setting next_dagrun for example_subdag_operator.section-1 to None, run_after=None
[2026-08-12T04:32:28.032+0000] {logging_mixin.py:190} INFO - [2026-08-12T04:32:28.032+0000] {dag.py:4138} INFO - Setting next_dagrun for example_subdag_operator.section-2 to None, run_after=None
[2026-08-12T04:32:28.037+0000] {logging_mixin.py:190} INFO - [2026-08-12T04:32:28.037+0000] {dag.py:3211} INFO - Sync 2 DAGs
[2026-08-12T04:32:28.041+0000] {logging_mixin.py:190} INFO - [2026-08-12T04:32:28.041+0000] {dag.py:4138} INFO - Setting next_dagrun for example_subdag_operator.section-1 to None, run_after=None
[2026-08-12T04:32:28.042+0000] {logging_mixin.py:190} INFO - [2026-08-12T04:32:28.042+0000] {dag.py:4138} INFO - Setting next_dagrun for example_subdag_operator.section-2 to None, run_after=None
[2026-08-12T04:32:28.050+0000] {processor.py:208} INFO - Processing /home/airflow/.local/lib/python3.12/site-packages/airflow/example_dags/example_subdag_operator.py took 0.077 seconds
[2026-08-12T04:32:58.938+0000] {processor.py:186} INFO - Started process (PID=152) to work on /home/airflow/.local/lib/python3.12/site-packages/airflow/example_dags/example_subdag_operator.py
[2026-08-12T04:32:58.939+0000] {processor.py:914} INFO - Processing file /home/airflow/.local/lib/python3.12/site-packages/airflow/example_dags/example_subdag_operator.py for tasks to queue
[2026-08-12T04:32:58.941+0000] {logging_mixin.py:190} INFO - [2026-08-12T04:32:58.941+0000] {dagbag.py:587} INFO - Filling up the DagBag from /home/airflow/.local/lib/python3.12/site-packages/airflow/example_dags/example_subdag_operator.py
[2026-08-12T04:32:58.958+0000] {processor.py:925} INFO - DAG(s) 'example_subdag_operator.section-1', 'example_subdag_operator.section-2', 'example_subdag_operator' retrieved from /home/airflow/.local/lib/python3.12/site-packages/airflow/example_dags/example_subdag_operator.py
[2026-08-12T04:32:58.967+0000] {logging_mixin.py:190} INFO - [2026-08-12T04:32:58.967+0000] {dag.py:3211} INFO - Sync 3 DAGs
[2026-08-12T04:32:58.983+0000] {logging_mixin.py:190} INFO - [2026-08-12T04:32:58.982+0000] {dag.py:4138} INFO - Setting next_dagrun for example_subdag_operator to 2022-01-01 00:00:00+00:00, run_after=2022-01-01 00:00:00+00:00
[2026-08-12T04:32:58.985+0000] {logging_mixin.py:190} INFO - [2026-08-12T04:32:58.985+0000] {dag.py:4138} INFO - Setting next_dagrun for example_subdag_operator.section-1 to None, run_after=None
[2026-08-12T04:32:58.986+0000] {logging_mixin.py:190} INFO - [2026-08-12T04:32:58.986+0000] {dag.py:4138} INFO - Setting next_dagrun for example_subdag_operator.section-2 to None, run_after=None
[2026-08-12T04:32:58.992+0000] {logging_mixin.py:190} INFO - [2026-08-12T04:32:58.992+0000] {dag.py:3211} INFO - Sync 2 DAGs
[2026-08-12T04:32:58.995+0000] {logging_mixin.py:190} INFO - [2026-08-12T04:32:58.995+0000] {dag.py:4138} INFO - Setting next_dagrun for example_subdag_operator.section-1 to None, run_after=None
[2026-08-12T04:32:58.996+0000] {logging_mixin.py:190} INFO - [2026-08-12T04:32:58.996+0000] {dag.py:4138} INFO - Setting next_dagrun for example_subdag_operator.section-2 to None, run_after=None
[2026-08-12T04:32:59.002+0000] {processor.py:208} INFO - Processing /home/airflow/.local/lib/python3.12/site-packages/airflow/example_dags/example_subdag_operator.py took 0.068 seconds
[2026-08-12T04:33:29.705+0000] {processor.py:186} INFO - Started process (PID=214) to work on /home/airflow/.local/lib/python3.12/site-packages/airflow/example_dags/example_subdag_operator.py
[2026-08-12T04:33:29.706+0000] {processor.py:914} INFO - Processing file /home/airflow/.local/lib/python3.12/site-packages/airflow/example_dags/example_subdag_operator.py for tasks to queue
[2026-08-12T04:33:29.708+0000] {logging_mixin.py:190} INFO - [2026-08-12T04:33:29.708+0000] {dagbag.py:587} INFO - Filling up the DagBag from /home/airflow/.local/lib/python3.12/site-packages/airflow/example_dags/example_subdag_operator.py
[2026-08-12T04:33:29.727+0000] {processor.py:925} INFO - DAG(s) 'example_subdag_operator.section-1', 'example_subdag_operator.section-2', 'example_subdag_operator' retrieved from /home/airflow/.local/lib/python3.12/site-packages/airflow/example_dags/example_subdag_operator.py
[2026-08-12T04:33:29.738+0000] {logging_mixin.py:190} INFO - [2026-08-12T04:33:29.738+0000] {dag.py:3211} INFO - Sync 3 DAGs
[2026-08-12T04:33:29.756+0000] {logging_mixin.py:190} INFO - [2026-08-12T04:33:29.755+0000] {dag.py:4138} INFO - Setting next_dagrun for example_subdag_operator to 2022-01-01 00:00:00+00:00, run_after=2022-01-01 00:00:00+00:00
[2026-08-12T04:33:29.759+0000] {logging_mixin.py:190} INFO - [2026-08-12T04:33:29.758+0000] {dag.py:4138} INFO - Setting next_dagrun for example_subdag_operator.section-1 to None, run_after=None
[2026-08-12T04:33:29.760+0000] {logging_mixin.py:190} INFO - [2026-08-12T04:33:29.759+0000] {dag.py:4138} INFO - Setting next_dagrun for example_subdag_operator.section-2 to None, run_after=None
[2026-08-12T04:33:29.765+0000] {logging_mixin.py:190} INFO - [2026-08-12T04:33:29.765+0000] {dag.py:3211} INFO - Sync 2 DAGs
[2026-08-12T04:33:29.769+0000] {logging_mixin.py:190} INFO - [2026-08-12T04:33:29.768+0000] {dag.py:4138} INFO - Setting next_dagrun for example_subdag_operator.section-1 to None, run_after=None
[2026-08-12T04:33:29.769+0000] {logging_mixin.py:190} INFO - [2026-08-12T04:33:29.769+0000] {dag.py:4138} INFO - Setting next_dagrun for example_subdag_operator.section-2 to None, run_after=None
[2026-08-12T04:33:29.777+0000] {processor.py:208} INFO - Processing /home/airflow/.local/lib/python3.12/site-packages/airflow/example_dags/example_subdag_operator.py took 0.076 seconds
[2026-08-12T04:34:01.026+0000] {processor.py:186} INFO - Started process (PID=276) to work on /home/airflow/.local/lib/python3.12/site-packages/airflow/example_dags/example_subdag_operator.py
[2026-08-12T04:34:01.027+0000] {processor.py:914} INFO - Processing file /home/airflow/.local/lib/python3.12/site-packages/airflow/example_dags/example_subdag_operator.py for tasks to queue
[2026-08-12T04:34:01.029+0000] {logging_mixin.py:190} INFO - [2026-08-12T04:34:01.029+0000] {dagbag.py:587} INFO - Filling up the DagBag from /home/airflow/.local/lib/python3.12/site-packages/airflow/example_dags/example_subdag_operator.py
[2026-08-12T04:34:01.047+0000] {processor.py:925} INFO - DAG(s) 'example_subdag_operator.section-1', 'example_subdag_operator.section-2', 'example_subdag_operator' retrieved from /home/airflow/.local/lib/python3.12/site-packages/airflow/example_dags/example_subdag_operator.py
[2026-08-12T04:34:01.057+0000] {logging_mixin.py:190} INFO - [2026-08-12T04:34:01.057+0000] {dag.py:3211} INFO - Sync 3 DAGs
[2026-08-12T04:34:01.073+0000] {logging_mixin.py:190} INFO - [2026-08-12T04:34:01.072+0000] {dag.py:4138} INFO - Setting next_dagrun for example_subdag_operator to 2022-01-01 00:00:00+00:00, run_after=2022-01-01 00:00:00+00:00
[2026-08-12T04:34:01.076+0000] {logging_mixin.py:190} INFO - [2026-08-12T04:34:01.076+0000] {dag.py:4138} INFO - Setting next_dagrun for example_subdag_operator.section-1 to None, run_after=None
[2026-08-12T04:34:01.077+0000] {logging_mixin.py:190} INFO - [2026-08-12T04:34:01.077+0000] {dag.py:4138} INFO - Setting next_dagrun for example_subdag_operator.section-2 to None, run_after=None
[2026-08-12T04:34:01.082+0000] {logging_mixin.py:190} INFO - [2026-08-12T04:34:01.082+0000] {dag.py:3211} INFO - Sync 2 DAGs
[2026-08-12T04:34:01.086+0000] {logging_mixin.py:190} INFO - [2026-08-12T04:34:01.086+0000] {dag.py:4138} INFO - Setting next_dagrun for example_subdag_operator.section-1 to None, run_after=None
[2026-08-12T04:34:01.087+0000] {logging_mixin.py:190} INFO - [2026-08-12T04:34:01.087+0000] {dag.py:4138} INFO - Setting next_dagrun for example_subdag_operator.section-2 to None, run_after=None
[2026-08-12T04:34:01.095+0000] {processor.py:208} INFO - Processing /home/airflow/.local/lib/python3.12/site-packages/airflow/example_dags/example_subdag_operator.py took 0.073 seconds
[2026-08-12T04:34:31.180+0000] {processor.py:186} INFO - Started process (PID=338) to work on /home/airflow/.local/lib/python3.12/site-packages/airflow/example_dags/example_subdag_operator.py
[2026-08-12T04:34:31.181+0000] {processor.py:914} INFO - Processing file /home/airflow/.local/lib/python3.12/site-packages/airflow/example_dags/example_subdag_operator.py for tasks to queue
[2026-08-12T04:34:31.183+0000] {logging_mixin.py:190} INFO - [2026-08-12T04:34:31.183+0000] {dagbag.py:587} INFO - Filling up the DagBag from /home/airflow/.local/lib/python3.12/site-packages/airflow/example_dags/example_subdag_operator.py
[2026-08-12T04:34:31.203+0000] {processor.py:925} INFO - DAG(s) 'example_subdag_operator.section-1', 'example_subdag_operator.section-2', 'example_subdag_operator' retrieved from /home/airflow/.local/lib/python3.12/site-packages/airflow/example_dags/example_subdag_operator.py
[2026-08-12T04:34:31.215+0000] {logging_mixin.py:190} INFO - [2026-08-12T04:34:31.214+0000] {dag.py:3211} INFO - Sync 3 DAGs
[2026-08-12T04:34:31.232+0000] {logging_mixin.py:190} INFO - [2026-08-12T04:34:31.232+0000] {dag.py:4138} INFO - Setting next_dagrun for example_subdag_operator to 2022-01-01 00:00:00+00:00, run_after=2022-01-01 00:00:00+00:00
[2026-08-12T04:34:31.235+0000] {logging_mixin.py:190} INFO - [2026-08-12T04:34:31.235+0000] {dag.py:4138} INFO - Setting next_dagrun for example_subdag_operator.section-1 to None, run_after=None
[2026-08-12T04:34:31.237+0000] {logging_mixin.py:190} INFO - [2026-08-12T04:34:31.236+0000] {dag.py:4138} INFO - Setting next_dagrun for example_subdag_operator.section-2 to None, run_after=None
[2026-08-12T04:34:31.241+0000] {logging_mixin.py:190} INFO - [2026-08-12T04:34:31.241+0000] {dag.py:3211} INFO - Sync 2 DAGs
[2026-08-12T04:34:31.246+0000] {logging_mixin.py:190} INFO - [2026-08-12T04:34:31.246+0000] {dag.py:4138} INFO - Setting next_dagrun for example_subdag_operator.section-1 to None, run_after=None
[2026-08-12T04:34:31.247+0000] {logging_mixin.py:190} INFO - [2026-08-12T04:34:31.247+0000] {dag.py:4138} INFO - Setting next_dagrun for example_subdag_operator.section-2 to None, run_after=None
[2026-08-12T04:34:31.255+0000] {processor.py:208} INFO - Processing /home/airflow/.local/lib/python3.12/site-packages/airflow/example_dags/example_subdag_operator.py took 0.080 seconds
[2026-08-12T04:35:01.671+0000] {processor.py:186} INFO - Started process (PID=400) to work on /home/airflow/.local/lib/python3.12/site-packages/airflow/example_dags/example_subdag_operator.py
[2026-08-12T04:35:01.672+0000] {processor.py:914} INFO - Processing file /home/airflow/.local/lib/python3.12/site-packages/airflow/example_dags/example_subdag_operator.py for tasks to queue
[2026-08-12T04:35:01.674+0000] {logging_mixin.py:190} INFO - [2026-08-12T04:35:01.674+0000] {dagbag.py:587} INFO - Filling up the DagBag from /home/airflow/.local/lib/python3.12/site-packages/airflow/example_dags/example_subdag_operator.py
[2026-08-12T04:35:01.695+0000] {processor.py:925} INFO - DAG(s) 'example_subdag_operator.section-1', 'example_subdag_operator.section-2', 'example_subdag_operator' retrieved from /home/airflow/.local/lib/python3.12/site-packages/airflow/example_dags/example_subdag_operator.py
[2026-08-12T04:35:01.712+0000] {logging_mixin.py:190} INFO - [2026-08-12T04:35:01.711+0000] {dag.py:3211} INFO - Sync 3 DAGs
[2026-08-12T04:35:01.734+0000] {logging_mixin.py:190} INFO - [2026-08-12T04:35:01.734+0000] {dag.py:4138} INFO - Setting next_dagrun for example_subdag_operator to 2022-01-01 00:00:00+00:00, run_after=2022-01-01 00:00:00+00:00
[2026-08-12T04:35:01.737+0000] {logging_mixin.py:190} INFO - [2026-08-12T04:35:01.737+0000] {dag.py:4138} INFO - Setting next_dagrun for example_subdag_operator.section-1 to None, run_after=None
[2026-08-12T04:35:01.739+0000] {logging_mixin.py:190} INFO - [2026-08-12T04:35:01.739+0000] {dag.py:4138} INFO - Setting next_dagrun for example_subdag_operator.section-2 to None, run_after=None
[2026-08-12T04:35:01.745+0000] {logging_mixin.py:190} INFO - [2026-08-12T04:35:01.745+0000] {dag.py:3211} INFO - Sync 2 DAGs
[2026-08-12T04:35:01.750+0000] {logging_mixin.py:190} INFO - [2026-08-12T04:35:01.749+0000] {dag.py:4138} INFO - Setting next_dagrun for example_subdag_operator.section-1 to None, run_after=None
[2026-08-12T04:35:01.750+0000] {logging_mixin.py:190} INFO - [2026-08-12T04:35:01.750+0000] {dag.py:4138} INFO - Setting next_dagrun for example_subdag_operator.section-2 to None, run_after=None
[2026-08-12T04:35:01.760+0000] {processor.py:208} INFO - Processing /home/airflow/.local/lib/python3.12/site-packages/airflow/example_dags/example_subdag_operator.py took 0.093 seconds
[2026-08-12T04:35:32.115+0000] {processor.py:186} INFO - Started process (PID=462) to work on /home/airflow/.local/lib/python3.12/site-packages/airflow/example_dags/example_subdag_operator.py
[2026-08-12T04:35:32.116+0000] {processor.py:914} INFO - Processing file /home/airflow/.local/lib/python3.12/site-packages/airflow/example_dags/example_subdag_operator.py for tasks to queue
[2026-08-12T04:35:32.118+0000] {logging_mixin.py:190} INFO - [2026-08-12T04:35:32.118+0000] {dagbag.py:587} INFO - Filling up the DagBag from /home/airflow/.local/lib/python3.12/site-packages/airflow/example_dags/example_subdag_operator.py
[2026-08-12T04:35:32.138+0000] {processor.py:925} INFO - DAG(s) 'example_subdag_operator.section-1', 'example_subdag_operator.section-2', 'example_subdag_operator' retrieved from /home/airflow/.local/lib/python3.12/site-packages/airflow/example_dags/example_subdag_operator.py
[2026-08-12T04:35:32.149+0000] {logging_mixin.py:190} INFO - [2026-08-12T04:35:32.149+0000] {dag.py:3211} INFO - Sync 3 DAGs
[2026-08-12T04:35:32.166+0000] {logging_mixin.py:190} INFO - [2026-08-12T04:35:32.166+0000] {dag.py:4138} INFO - Setting next_dagrun for example_subdag_operator to 2022-01-01 00:00:00+00:00, run_after=2022-01-01 00:00:00+00:00
[2026-08-12T04:35:32.169+0000] {logging_mixin.py:190} INFO - [2026-08-12T04:35:32.169+0000] {dag.py:4138} INFO - Setting next_dagrun for example_subdag_operator.section-1 to None, run_after=None
[2026-08-12T04:35:32.170+0000] {logging_mixin.py:190} INFO - [2026-08-12T04:35:32.170+0000] {dag.py:4138} INFO - Setting next_dagrun for example_subdag_operator.section-2 to None, run_after=None
[2026-08-12T04:35:32.175+0000] {logging_mixin.py:190} INFO - [2026-08-12T04:35:32.175+0000] {dag.py:3211} INFO - Sync 2 DAGs
[2026-08-12T04:35:32.180+0000] {logging_mixin.py:190} INFO - [2026-08-12T04:35:32.180+0000] {dag.py:4138} INFO - Setting next_dagrun for example_subdag_operator.section-1 to None, run_after=None
[2026-08-12T04:35:32.181+0000] {logging_mixin.py:190} INFO - [2026-08-12T04:35:32.181+0000] {dag.py:4138} INFO - Setting next_dagrun for example_subdag_operator.section-2 to None, run_after=None
[2026-08-12T04:35:32.189+0000] {processor.py:208} INFO - Processing /home/airflow/.local/lib/python3.12/site-packages/airflow/example_dags/example_subdag_operator.py took 0.077 seconds
[2026-08-12T04:36:02.220+0000] {processor.py:186} INFO - Started process (PID=524) to work on /home/airflow/.local/lib/python3.12/site-packages/airflow/example_dags/example_subdag_operator.py
[2026-08-12T04:36:02.221+0000] {processor.py:914} INFO - Processing file /home/airflow/.local/lib/python3.12/site-packages/airflow/example_dags/example_subdag_operator.py for tasks to queue
[2026-08-12T04:36:02.222+0000] {logging_mixin.py:190} INFO - [2026-08-12T04:36:02.222+0000] {dagbag.py:587} INFO - Filling up the DagBag from /home/airflow/.local/lib/python3.12/site-packages/airflow/example_dags/example_subdag_operator.py
[2026-08-12T04:36:02.239+0000] {processor.py:925} INFO - DAG(s) 'example_subdag_operator.section-1', 'example_subdag_operator.section-2', 'example_subdag_operator' retrieved from /home/airflow/.local/lib/python3.12/site-packages/airflow/example_dags/example_subdag_operator.py
[2026-08-12T04:36:02.249+0000] {logging_mixin.py:190} INFO - [2026-08-12T04:36:02.249+0000] {dag.py:3211} INFO - Sync 3 DAGs
[2026-08-12T04:36:02.264+0000] {logging_mixin.py:190} INFO - [2026-08-12T04:36:02.264+0000] {dag.py:4138} INFO - Setting next_dagrun for example_subdag_operator to 2022-01-01 00:00:00+00:00, run_after=2022-01-01 00:00:00+00:00
[2026-08-12T04:36:02.267+0000] {logging_mixin.py:190} INFO - [2026-08-12T04:36:02.266+0000] {dag.py:4138} INFO - Setting next_dagrun for example_subdag_operator.section-1 to None, run_after=None
[2026-08-12T04:36:02.268+0000] {logging_mixin.py:190} INFO - [2026-08-12T04:36:02.268+0000] {dag.py:4138} INFO - Setting next_dagrun for example_subdag_operator.section-2 to None, run_after=None
[2026-08-12T04:36:02.272+0000] {logging_mixin.py:190} INFO - [2026-08-12T04:36:02.272+0000] {dag.py:3211} INFO - Sync 2 DAGs
[2026-08-12T04:36:02.276+0000] {logging_mixin.py:190} INFO - [2026-08-12T04:36:02.276+0000] {dag.py:4138} INFO - Setting next_dagrun for example_subdag_operator.section-1 to None, run_after=None
[2026-08-12T04:36:02.276+0000] {logging_mixin.py:190} INFO - [2026-08-12T04:36:02.276+0000] {dag.py:4138} INFO - Setting next_dagrun for example_subdag_operator.section-2 to None, run_after=None
[2026-08-12T04:36:02.284+0000] {processor.py:208} INFO - Processing /home/airflow/.local/lib/python3.12/site-packages/airflow/example_dags/example_subdag_operator.py took 0.068 seconds
[2026-08-12T04:36:33.303+0000] {processor.py:186} INFO - Started process (PID=586) to work on /home/airflow/.local/lib/python3.12/site-packages/airflow/example_dags/example_subdag_operator.py
[2026-08-12T04:36:33.304+0000] {processor.py:914} INFO - Processing file /home/airflow/.local/lib/python3.12/site-packages/airflow/example_dags/example_subdag_operator.py for tasks to queue
[2026-08-12T04:36:33.306+0000] {logging_mixin.py:190} INFO - [2026-08-12T04:36:33.306+0000] {dagbag.py:587} INFO - Filling up the DagBag from /home/airflow/.local/lib/python3.12/site-packages/airflow/example_dags/example_subdag_operator.py
[2026-08-12T04:36:33.325+0000] {processor.py:925} INFO - DAG(s) 'example_subdag_operator.section-1', 'example_subdag_operator.section-2', 'example_subdag_operator' retrieved from /home/airflow/.local/lib/python3.12/site-packages/airflow/example_dags/example_subdag_operator.py
[2026-08-12T04:36:33.336+0000] {logging_mixin.py:190} INFO - [2026-08-12T04:36:33.336+0000] {dag.py:3211} INFO - Sync 3 DAGs
[2026-08-12T04:36:33.353+0000] {logging_mixin.py:190} INFO - [2026-08-12T04:36:33.353+0000] {dag.py:4138} INFO - Setting next_dagrun for example_subdag_operator to 2022-01-01 00:00:00+00:00, run_after=2022-01-01 00:00:00+00:00
[2026-08-12T04:36:33.357+0000] {logging_mixin.py:190} INFO - [2026-08-12T04:36:33.356+0000] {dag.py:4138} INFO - Setting next_dagrun for example_subdag_operator.section-1 to None, run_after=None
[2026-08-12T04:36:33.358+0000] {logging_mixin.py:190} INFO - [2026-08-12T04:36:33.358+0000] {dag.py:4138} INFO - Setting next_dagrun for example_subdag_operator.section-2 to None, run_after=None
[2026-08-12T04:36:33.363+0000] {logging_mixin.py:190} INFO - [2026-08-12T04:36:33.363+0000] {dag.py:3211} INFO - Sync 2 DAGs
[2026-08-12T04:36:33.367+0000] {logging_mixin.py:190} INFO - [2026-08-12T04:36:33.367+0000] {dag.py:4138} INFO - Setting next_dagrun for example_subdag_operator.section-1 to None, run_after=None
[2026-08-12T04:36:33.368+0000] {logging_mixin.py:190} INFO - [2026-08-12T04:36:33.368+0000] {dag.py:4138} INFO - Setting next_dagrun for example_subdag_operator.section-2 to None, run_after=None
[2026-08-12T04:36:33.375+0000] {processor.py:208} INFO - Processing /home/airflow/.local/lib/python3.12/site-packages/airflow/example_dags/example_subdag_operator.py took 0.076 seconds
[2026-08-12T04:37:03.580+0000] {processor.py:186} INFO - Started process (PID=648) to work on /home/airflow/.local/lib/python3.12/site-packages/airflow/example_dags/example_subdag_operator.py
[2026-08-12T04:37:03.581+0000] {processor.py:914} INFO - Processing file /home/airflow/.local/lib/python3.12/site-packages/airflow/example_dags/example_subdag_operator.py for tasks to queue
[2026-08-12T04:37:03.583+0000] {logging_mixin.py:190} INFO - [2026-08-12T04:37:03.583+0000] {dagbag.py:587} INFO - Filling up the DagBag from /home/airflow/.local/lib/python3.12/site-packages/airflow/example_dags/example_subdag_operator.py
[2026-08-12T04:37:03.602+0000] {processor.py:925} INFO - DAG(s) 'example_subdag_operator.section-1', 'example_subdag_operator.section-2', 'example_subdag_operator' retrieved from /home/airflow/.local/lib/python3.12/site-packages/airflow/example_dags/example_subdag_operator.py
[2026-08-12T04:37:03.613+0000] {logging_mixin.py:190} INFO - [2026-08-12T04:37:03.613+0000] {dag.py:3211} INFO - Sync 3 DAGs
[2026-08-12T04:37:03.629+0000] {logging_mixin.py:190} INFO - [2026-08-12T04:37:03.628+0000] {dag.py:4138} INFO - Setting next_dagrun for example_subdag_operator to 2022-01-01 00:00:00+00:00, run_after=2022-01-01 00:00:00+00:00
[2026-08-12T04:37:03.632+0000] {logging_mixin.py:190} INFO - [2026-08-12T04:37:03.632+0000] {dag.py:4138} INFO - Setting next_dagrun for example_subdag_operator.section-1 to None, run_after=None
[2026-08-12T04:37:03.634+0000] {logging_mixin.py:190} INFO - [2026-08-12T04:37:03.633+0000] {dag.py:4138} INFO - Setting next_dagrun for example_subdag_operator.section-2 to None, run_after=None
[2026-08-12T04:37:03.639+0000] {logging_mixin.py:190} INFO - [2026-08-12T04:37:03.639+0000] {dag.py:3211} INFO - Sync 2 DAGs
[2026-08-12T04:37:03.642+0000] {logging_mixin.py:190} INFO - [2026-08-12T04:37:03.642+0000] {dag.py:4138} INFO - Setting next_dagrun for example_subdag_operator.section-1 to None, run_after=None
[2026-08-12T04:37:03.643+0000] {logging_mixin.py:190} INFO - [2026-08-12T04:37:03.643+0000] {dag.py:4138} INFO - Setting next_dagrun for example_subdag_operator.section-2 to None, run_after=None
[2026-08-12T04:37:03.651+0000] {processor.py:208} INFO - Processing /home/airflow/.local/lib/python3.12/site-packages/airflow/example_dags/example_subdag_operator.py took 0.075 seconds
[2026-08-12T04:37:33.749+0000] {processor.py:186} INFO - Started process (PID=710) to work on /home/airflow/.local/lib/python3.12/site-packages/airflow/example_dags/example_subdag_operator.py
[2026-08-12T04:37:33.750+0000] {processor.py:914} INFO - Processing file /home/airflow/.local/lib/python3.12/site-packages/airflow/example_dags/example_subdag_operator.py for tasks to queue
[2026-08-12T04:37:33.752+0000] {logging_mixin.py:190} INFO - [2026-08-12T04:37:33.752+0000] {dagbag.py:587} INFO - Filling up the DagBag from /home/airflow/.local/lib/python3.12/site-packages/airflow/example_dags/example_subdag_operator.py
[2026-08-12T04:37:33.770+0000] {processor.py:925} INFO - DAG(s) 'example_subdag_operator.section-1', 'example_subdag_operator.section-2', 'example_subdag_operator' retrieved from /home/airflow/.local/lib/python3.12/site-packages/airflow/example_dags/example_subdag_operator.py
[2026-08-12T04:37:33.780+0000] {logging_mixin.py:190} INFO - [2026-08-12T04:37:33.780+0000] {dag.py:3211} INFO - Sync 3 DAGs
[2026-08-12T04:37:33.796+0000] {logging_mixin.py:190} INFO - [2026-08-12T04:37:33.796+0000] {dag.py:4138} INFO - Setting next_dagrun for example_subdag_operator to 2022-01-01 00:00:00+00:00, run_after=2022-01-01 00:00:00+00:00
[2026-08-12T04:37:33.799+0000] {logging_mixin.py:190} INFO - [2026-08-12T04:37:33.798+0000] {dag.py:4138} INFO - Setting next_dagrun for example_subdag_operator.section-1 to None, run_after=None
[2026-08-12T04:37:33.800+0000] {logging_mixin.py:190} INFO - [2026-08-12T04:37:33.800+0000] {dag.py:4138} INFO - Setting next_dagrun for example_subdag_operator.section-2 to None, run_after=None
[2026-08-12T04:37:33.805+0000] {logging_mixin.py:190} INFO - [2026-08-12T04:37:33.805+0000] {dag.py:3211} INFO - Sync 2 DAGs
[2026-08-12T04:37:33.809+0000] {logging_mixin.py:190} INFO - [2026-08-12T04:37:33.809+0000] {dag.py:4138} INFO - Setting next_dagrun for example_subdag_operator.section-1 to None, run_after=None
[2026-08-12T04:37:33.810+0000] {logging_mixin.py:190} INFO - [2026-08-12T04:37:33.810+0000] {dag.py:4138} INFO - Setting next_dagrun for example_subdag_operator.section-2 to None, run_after=None
[2026-08-12T04:37:33.817+0000] {processor.py:208} INFO - Processing /home/airflow/.local/lib/python3.12/site-packages/airflow/example_dags/example_subdag_operator.py took 0.072 seconds
[2026-08-12T04:38:04.051+0000] {processor.py:186} INFO - Started process (PID=772) to work on /home/airflow/.local/lib/python3.12/site-packages/airflow/example_dags/example_subdag_operator.py
[2026-08-12T04:38:04.051+0000] {processor.py:914} INFO - Processing file /home/airflow/.local/lib/python3.12/site-packages/airflow/example_dags/example_subdag_operator.py for tasks to queue
[2026-08-12T04:38:04.054+0000] {logging_mixin.py:190} INFO - [2026-08-12T04:38:04.053+0000] {dagbag.py:587} INFO - Filling up the DagBag from /home/airflow/.local/lib/python3.12/site-packages/airflow/example_dags/example_subdag_operator.py
[2026-08-12T04:38:04.072+0000] {processor.py:925} INFO - DAG(s) 'example_subdag_operator.section-1', 'example_subdag_operator.section-2', 'example_subdag_operator' retrieved from /home/airflow/.local/lib/python3.12/site-packages/airflow/example_dags/example_subdag_operator.py
[2026-08-12T04:38:04.083+0000] {logging_mixin.py:190} INFO - [2026-08-12T04:38:04.082+0000] {dag.py:3211} INFO - Sync 3 DAGs
[2026-08-12T04:38:04.098+0000] {logging_mixin.py:190} INFO - [2026-08-12T04:38:04.097+0000] {dag.py:4138} INFO - Setting next_dagrun for example_subdag_operator to 2022-01-01 00:00:00+00:00, run_after=2022-01-01 00:00:00+00:00
[2026-08-12T04:38:04.101+0000] {logging_mixin.py:190} INFO - [2026-08-12T04:38:04.101+0000] {dag.py:4138} INFO - Setting next_dagrun for example_subdag_operator.section-1 to None, run_after=None
[2026-08-12T04:38:04.102+0000] {logging_mixin.py:190} INFO - [2026-08-12T04:38:04.102+0000] {dag.py:4138} INFO - Setting next_dagrun for example_subdag_operator.section-2 to None, run_after=None
[2026-08-12T04:38:04.107+0000] {logging_mixin.py:190} INFO - [2026-08-12T04:38:04.107+0000] {dag.py:3211} INFO - Sync 2 DAGs
[2026-08-12T04:38:04.111+0000] {logging_mixin.py:190} INFO - [2026-08-12T04:38:04.110+0000] {dag.py:4138} INFO - Setting next_dagrun for example_subdag_operator.section-1 to None, run_after=None
[2026-08-12T04:38:04.111+0000] {logging_mixin.py:190} INFO - [2026-08-12T04:38:04.111+0000] {dag.py:4138} INFO - Setting next_dagrun for example_subdag_operator.section-2 to None, run_after=None
[2026-08-12T04:38:04.119+0000] {processor.py:208} INFO - Processing /home/airflow/.local/lib/python3.12/site-packages/airflow/example_dags/example_subdag_operator.py took 0.073 seconds
[2026-08-12T04:38:35.233+0000] {processor.py:186} INFO - Started process (PID=834) to work on /home/airflow/.local/lib/python3.12/site-packages/airflow/example_dags/example_subdag_operator.py
[2026-08-12T04:38:35.234+0000] {processor.py:914} INFO - Processing file /home/airflow/.local/lib/python3.12/site-packages/airflow/example_dags/example_subdag_operator.py for tasks to queue
[2026-08-12T04:38:35.237+0000] {logging_mixin.py:190} INFO - [2026-08-12T04:38:35.236+0000] {dagbag.py:587} INFO - Filling up the DagBag from /home/airflow/.local/lib/python3.12/site-packages/airflow/example_dags/example_subdag_operator.py
[2026-08-12T04:38:35.255+0000] {processor.py:925} INFO - DAG(s) 'example_subdag_operator.section-1', 'example_subdag_operator.section-2', 'example_subdag_operator' retrieved from /home/airflow/.local/lib/python3.12/site-packages/airflow/example_dags/example_subdag_operator.py
[2026-08-12T04:38:35.266+0000] {logging_mixin.py:190} INFO - [2026-08-12T04:38:35.266+0000] {dag.py:3211} INFO - Sync 3 DAGs
[2026-08-12T04:38:35.283+0000] {logging_mixin.py:190} INFO - [2026-08-12T04:38:35.283+0000] {dag.py:4138} INFO - Setting next_dagrun for example_subdag_operator to 2022-01-01 00:00:00+00:00, run_after=2022-01-01 00:00:00+00:00
[2026-08-12T04:38:35.286+0000] {logging_mixin.py:190} INFO - [2026-08-12T04:38:35.286+0000] {dag.py:4138} INFO - Setting next_dagrun for example_subdag_operator.section-1 to None, run_after=None
[2026-08-12T04:38:35.288+0000] {logging_mixin.py:190} INFO - [2026-08-12T04:38:35.287+0000] {dag.py:4138} INFO - Setting next_dagrun for example_subdag_operator.section-2 to None, run_after=None
[2026-08-12T04:38:35.293+0000] {logging_mixin.py:190} INFO - [2026-08-12T04:38:35.293+0000] {dag.py:3211} INFO - Sync 2 DAGs
[2026-08-12T04:38:35.297+0000] {logging_mixin.py:190} INFO - [2026-08-12T04:38:35.297+0000] {dag.py:4138} INFO - Setting next_dagrun for example_subdag_operator.section-1 to None, run_after=None
[2026-08-12T04:38:35.298+0000] {logging_mixin.py:190} INFO - [2026-08-12T04:38:35.298+0000] {dag.py:4138} INFO - Setting next_dagrun for example_subdag_operator.section-2 to None, run_after=None
[2026-08-12T04:38:35.307+0000] {processor.py:208} INFO - Processing /home/airflow/.local/lib/python3.12/site-packages/airflow/example_dags/example_subdag_operator.py took 0.077 seconds
[2026-08-12T04:39:05.456+0000] {processor.py:186} INFO - Started process (PID=896) to work on /home/airflow/.local/lib/python3.12/site-packages/airflow/example_dags/example_subdag_operator.py
[2026-08-12T04:39:05.457+0000] {processor.py:914} INFO - Processing file /home/airflow/.local/lib/python3.12/site-packages/airflow/example_dags/example_subdag_operator.py for tasks to queue
[2026-08-12T04:39:05.459+0000] {logging_mixin.py:190} INFO - [2026-08-12T04:39:05.459+0000] {dagbag.py:587} INFO - Filling up the DagBag from /home/airflow/.local/lib/python3.12/site-packages/airflow/example_dags/example_subdag_operator.py
[2026-08-12T04:39:05.477+0000] {processor.py:925} INFO - DAG(s) 'example_subdag_operator.section-1', 'example_subdag_operator.section-2', 'example_subdag_operator' retrieved from /home/airflow/.local/lib/python3.12/site-packages/airflow/example_dags/example_subdag_operator.py
[2026-08-12T04:39:05.487+0000] {logging_mixin.py:190} INFO - [2026-08-12T04:39:05.487+0000] {dag.py:3211} INFO - Sync 3 DAGs
[2026-08-12T04:39:05.503+0000] {logging_mixin.py:190} INFO - [2026-08-12T04:39:05.503+0000] {dag.py:4138} INFO - Setting next_dagrun for example_subdag_operator to 2022-01-01 00:00:00+00:00, run_after=2022-01-01 00:00:00+00:00
[2026-08-12T04:39:05.506+0000] {logging_mixin.py:190} INFO - [2026-08-12T04:39:05.506+0000] {dag.py:4138} INFO - Setting next_dagrun for example_subdag_operator.section-1 to None, run_after=None
[2026-08-12T04:39:05.507+0000] {logging_mixin.py:190} INFO - [2026-08-12T04:39:05.507+0000] {dag.py:4138} INFO - Setting next_dagrun for example_subdag_operator.section-2 to None, run_after=None
[2026-08-12T04:39:05.513+0000] {logging_mixin.py:190} INFO - [2026-08-12T04:39:05.512+0000] {dag.py:3211} INFO - Sync 2 DAGs
[2026-08-12T04:39:05.516+0000] {logging_mixin.py:190} INFO - [2026-08-12T04:39:05.516+0000] {dag.py:4138} INFO - Setting next_dagrun for example_subdag_operator.section-1 to None, run_after=None
[2026-08-12T04:39:05.517+0000] {logging_mixin.py:190} INFO - [2026-08-12T04:39:05.517+0000] {dag.py:4138} INFO - Setting next_dagrun for example_subdag_operator.section-2 to None, run_after=None
[2026-08-12T04:39:05.524+0000] {processor.py:208} INFO - Processing /home/airflow/.local/lib/python3.12/site-packages/airflow/example_dags/example_subdag_operator.py took 0.072 seconds
[2026-08-12T04:39:35.556+0000] {processor.py:186} INFO - Started process (PID=958) to work on /home/airflow/.local/lib/python3.12/site-packages/airflow/example_dags/example_subdag_operator.py
[2026-08-12T04:39:35.557+0000] {processor.py:914} INFO - Processing file /home/airflow/.local/lib/python3.12/site-packages/airflow/example_dags/example_subdag_operator.py for tasks to queue
[2026-08-12T04:39:35.559+0000] {logging_mixin.py:190} INFO - [2026-08-12T04:39:35.558+0000] {dagbag.py:587} INFO - Filling up the DagBag from /home/airflow/.local/lib/python3.12/site-packages/airflow/example_dags/example_subdag_operator.py
[2026-08-12T04:39:35.576+0000] {processor.py:925} INFO - DAG(s) 'example_subdag_operator.section-1', 'example_subdag_operator.section-2', 'example_subdag_operator' retrieved from /home/airflow/.local/lib/python3.12/site-packages/airflow/example_dags/example_subdag_operator.py
[2026-08-12T04:39:35.585+0000] {logging_mixin.py:190} INFO - [2026-08-12T04:39:35.585+0000] {dag.py:3211} INFO - Sync 3 DAGs
[2026-08-12T04:39:35.600+0000] {logging_mixin.py:190} INFO - [2026-08-12T04:39:35.599+0000] {dag.py:4138} INFO - Setting next_dagrun for example_subdag_operator to 2022-01-01 00:00:00+00:00, run_after=2022-01-01 00:00:00+00:00
[2026-08-12T04:39:35.602+0000] {logging_mixin.py:190} INFO - [2026-08-12T04:39:35.602+0000] {dag.py:4138} INFO - Setting next_dagrun for example_subdag_operator.section-1 to None, run_after=None
[2026-08-12T04:39:35.603+0000] {logging_mixin.py:190} INFO - [2026-08-12T04:39:35.603+0000] {dag.py:4138} INFO - Setting next_dagrun for example_subdag_operator.section-2 to None, run_after=None
[2026-08-12T04:39:35.608+0000] {logging_mixin.py:190} INFO - [2026-08-12T04:39:35.608+0000] {dag.py:3211} INFO - Sync 2 DAGs
[2026-08-12T04:39:35.612+0000] {logging_mixin.py:190} INFO - [2026-08-12T04:39:35.612+0000] {dag.py:4138} INFO - Setting next_dagrun for example_subdag_operator.section-1 to None, run_after=None
[2026-08-12T04:39:35.612+0000] {logging_mixin.py:190} INFO - [2026-08-12T04:39:35.612+0000] {dag.py:4138} INFO - Setting next_dagrun for example_subdag_operator.section-2 to None, run_after=None
[2026-08-12T04:39:35.621+0000] {processor.py:208} INFO - Processing /home/airflow/.local/lib/python3.12/site-packages/airflow/example_dags/example_subdag_operator.py took 0.069 seconds
[2026-08-12T04:40:06.351+0000] {processor.py:186} INFO - Started process (PID=1020) to work on /home/airflow/.local/lib/python3.12/site-packages/airflow/example_dags/example_subdag_operator.py
[2026-08-12T04:40:06.352+0000] {processor.py:914} INFO - Processing file /home/airflow/.local/lib/python3.12/site-packages/airflow/example_dags/example_subdag_operator.py for tasks to queue
[2026-08-12T04:40:06.354+0000] {logging_mixin.py:190} INFO - [2026-08-12T04:40:06.354+0000] {dagbag.py:587} INFO - Filling up the DagBag from /home/airflow/.local/lib/python3.12/site-packages/airflow/example_dags/example_subdag_operator.py
[2026-08-12T04:40:06.373+0000] {processor.py:925} INFO - DAG(s) 'example_subdag_operator.section-1', 'example_subdag_operator.section-2', 'example_subdag_operator' retrieved from /home/airflow/.local/lib/python3.12/site-packages/airflow/example_dags/example_subdag_operator.py
[2026-08-12T04:40:06.384+0000] {logging_mixin.py:190} INFO - [2026-08-12T04:40:06.384+0000] {dag.py:3211} INFO - Sync 3 DAGs
[2026-08-12T04:40:06.400+0000] {logging_mixin.py:190} INFO - [2026-08-12T04:40:06.400+0000] {dag.py:4138} INFO - Setting next_dagrun for example_subdag_operator to 2022-01-01 00:00:00+00:00, run_after=2022-01-01 00:00:00+00:00
[2026-08-12T04:40:06.403+0000] {logging_mixin.py:190} INFO - [2026-08-12T04:40:06.403+0000] {dag.py:4138} INFO - Setting next_dagrun for example_subdag_operator.section-1 to None, run_after=None
[2026-08-12T04:40:06.404+0000] {logging_mixin.py:190} INFO - [2026-08-12T04:40:06.404+0000] {dag.py:4138} INFO - Setting next_dagrun for example_subdag_operator.section-2 to None, run_after=None
[2026-08-12T04:40:06.409+0000] {logging_mixin.py:190} INFO - [2026-08-12T04:40:06.409+0000] {dag.py:3211} INFO - Sync 2 DAGs
[2026-08-12T04:40:06.414+0000] {logging_mixin.py:190} INFO - [2026-08-12T04:40:06.414+0000] {dag.py:4138} INFO - Setting next_dagrun for example_subdag_operator.section-1 to None, run_after=None
[2026-08-12T04:40:06.414+0000] {logging_mixin.py:190} INFO - [2026-08-12T04:40:06.414+0000] {dag.py:4138} INFO - Setting next_dagrun for example_subdag_operator.section-2 to None, run_after=None
[2026-08-12T04:40:06.422+0000] {processor.py:208} INFO - Processing /home/airflow/.local/lib/python3.12/site-packages/airflow/example_dags/example_subdag_operator.py took 0.075 seconds
[2026-08-12T04:40:37.069+0000] {processor.py:186} INFO - Started process (PID=1082) to work on /home/airflow/.local/lib/python3.12/site-packages/airflow/example_dags/example_subdag_operator.py
[2026-08-12T04:40:37.070+0000] {processor.py:914} INFO - Processing file /home/airflow/.local/lib/python3.12/site-packages/airflow/example_dags/example_subdag_operator.py for tasks to queue
[2026-08-12T04:40:37.072+0000] {logging_mixin.py:190} INFO - [2026-08-12T04:40:37.071+0000] {dagbag.py:587} INFO - Filling up the DagBag from /home/airflow/.local/lib/python3.12/site-packages/airflow/example_dags/example_subdag_operator.py
[2026-08-12T04:40:37.089+0000] {processor.py:925} INFO - DAG(s) 'example_subdag_operator.section-1', 'example_subdag_operator.section-2', 'example_subdag_operator' retrieved from /home/airflow/.local/lib/python3.12/site-packages/airflow/example_dags/example_subdag_operator.py
[2026-08-12T04:40:37.099+0000] {logging_mixin.py:190} INFO - [2026-08-12T04:40:37.099+0000] {dag.py:3211} INFO - Sync 3 DAGs
[2026-08-12T04:40:37.116+0000] {logging_mixin.py:190} INFO - [2026-08-12T04:40:37.116+0000] {dag.py:4138} INFO - Setting next_dagrun for example_subdag_operator to 2022-01-01 00:00:00+00:00, run_after=2022-01-01 00:00:00+00:00
[2026-08-12T04:40:37.119+0000] {logging_mixin.py:190} INFO - [2026-08-12T04:40:37.119+0000] {dag.py:4138} INFO - Setting next_dagrun for example_subdag_operator.section-1 to None, run_after=None
[2026-08-12T04:40:37.120+0000] {logging_mixin.py:190} INFO - [2026-08-12T04:40:37.120+0000] {dag.py:4138} INFO - Setting next_dagrun for example_subdag_operator.section-2 to None, run_after=None
[2026-08-12T04:40:37.125+0000] {logging_mixin.py:190} INFO - [2026-08-12T04:40:37.125+0000] {dag.py:3211} INFO - Sync 2 DAGs
[2026-08-12T04:40:37.129+0000] {logging_mixin.py:190} INFO - [2026-08-12T04:40:37.129+0000] {dag.py:4138} INFO - Setting next_dagrun for example_subdag_operator.section-1 to None, run_after=None
[2026-08-12T04:40:37.129+0000] {logging_mixin.py:190} INFO - [2026-08-12T04:40:37.129+0000] {dag.py:4138} INFO - Setting next_dagrun for example_subdag_operator.section-2 to None, run_after=None
[2026-08-12T04:40:37.136+0000] {processor.py:208} INFO - Processing /home/airflow/.local/lib/python3.12/site-packages/airflow/example_dags/example_subdag_operator.py took 0.072 seconds
[2026-08-12T04:41:07.858+0000] {processor.py:186} INFO - Started process (PID=1144) to work on /home/airflow/.local/lib/python3.12/site-packages/airflow/example_dags/example_subdag_operator.py
[2026-08-12T04:41:07.859+0000] {processor.py:914} INFO - Processing file /home/airflow/.local/lib/python3.12/site-packages/airflow/example_dags/example_subdag_operator.py for tasks to queue
[2026-08-12T04:41:07.861+0000] {logging_mixin.py:190} INFO - [2026-08-12T04:41:07.861+0000] {dagbag.py:587} INFO - Filling up the DagBag from /home/airflow/.local/lib/python3.12/site-packages/airflow/example_dags/example_subdag_operator.py
[2026-08-12T04:41:07.879+0000] {processor.py:925} INFO - DAG(s) 'example_subdag_operator.section-1', 'example_subdag_operator.section-2', 'example_subdag_operator' retrieved from /home/airflow/.local/lib/python3.12/site-packages/airflow/example_dags/example_subdag_operator.py
[2026-08-12T04:41:07.888+0000] {logging_mixin.py:190} INFO - [2026-08-12T04:41:07.888+0000] {dag.py:3211} INFO - Sync 3 DAGs
[2026-08-12T04:41:07.903+0000] {logging_mixin.py:190} INFO - [2026-08-12T04:41:07.903+0000] {dag.py:4138} INFO - Setting next_dagrun for example_subdag_operator to 2022-01-01 00:00:00+00:00, run_after=2022-01-01 00:00:00+00:00
[2026-08-12T04:41:07.905+0000] {logging_mixin.py:190} INFO - [2026-08-12T04:41:07.905+0000] {dag.py:4138} INFO - Setting next_dagrun for example_subdag_operator.section-1 to None, run_after=None
[2026-08-12T04:41:07.910+0000] {logging_mixin.py:190} INFO - [2026-08-12T04:41:07.910+0000] {dag.py:4138} INFO - Setting next_dagrun for example_subdag_operator.section-2 to None, run_after=None
[2026-08-12T04:41:07.914+0000] {logging_mixin.py:190} INFO - [2026-08-12T04:41:07.914+0000] {dag.py:3211} INFO - Sync 2 DAGs
[2026-08-12T04:41:07.919+0000] {logging_mixin.py:190} INFO - [2026-08-12T04:41:07.919+0000] {dag.py:4138} INFO - Setting next_dagrun for example_subdag_operator.section-1 to None, run_after=None
[2026-08-12T04:41:07.920+0000] {logging_mixin.py:190} INFO - [2026-08-12T04:41:07.920+0000] {dag.py:4138} INFO - Setting next_dagrun for example_subdag_operator.section-2 to None, run_after=None
[2026-08-12T04:41:07.927+0000] {processor.py:208} INFO - Processing /home/airflow/.local/lib/python3.12/site-packages/airflow/example_dags/example_subdag_operator.py took 0.073 seconds
[2026-08-12T04:41:38.572+0000] {processor.py:186} INFO - Started process (PID=1206) to work on /home/airflow/.local/lib/python3.12/site-packages/airflow/example_dags/example_subdag_operator.py
[2026-08-12T04:41:38.573+0000] {processor.py:914} INFO - Processing file /home/airflow/.local/lib/python3.12/site-packages/airflow/example_dags/example_subdag_operator.py for tasks to queue
[2026-08-12T04:41:38.576+0000] {logging_mixin.py:190} INFO - [2026-08-12T04:41:38.575+0000] {dagbag.py:587} INFO - Filling up the DagBag from /home/airflow/.local/lib/python3.12/site-packages/airflow/example_dags/example_subdag_operator.py
[2026-08-12T04:41:38.593+0000] {processor.py:925} INFO - DAG(s) 'example_subdag_operator.section-1', 'example_subdag_operator.section-2', 'example_subdag_operator' retrieved from /home/airflow/.local/lib/python3.12/site-packages/airflow/example_dags/example_subdag_operator.py
[2026-08-12T04:41:38.603+0000] {logging_mixin.py:190} INFO - [2026-08-12T04:41:38.603+0000] {dag.py:3211} INFO - Sync 3 DAGs
[2026-08-12T04:41:38.620+0000] {logging_mixin.py:190} INFO - [2026-08-12T04:41:38.619+0000] {dag.py:4138} INFO - Setting next_dagrun for example_subdag_operator to 2022-01-01 00:00:00+00:00, run_after=2022-01-01 00:00:00+00:00
[2026-08-12T04:41:38.623+0000] {logging_mixin.py:190} INFO - [2026-08-12T04:41:38.622+0000] {dag.py:4138} INFO - Setting next_dagrun for example_subdag_operator.section-1 to None, run_after=None
[2026-08-12T04:41:38.624+0000] {logging_mixin.py:190} INFO - [2026-08-12T04:41:38.624+0000] {dag.py:4138} INFO - Setting next_dagrun for example_subdag_operator.section-2 to None, run_after=None
[2026-08-12T04:41:38.629+0000] {logging_mixin.py:190} INFO - [2026-08-12T04:41:38.629+0000] {dag.py:3211} INFO - Sync 2 DAGs
[2026-08-12T04:41:38.633+0000] {logging_mixin.py:190} INFO - [2026-08-12T04:41:38.632+0000] {dag.py:4138} INFO - Setting next_dagrun for example_subdag_operator.section-1 to None, run_after=None
[2026-08-12T04:41:38.634+0000] {logging_mixin.py:190} INFO - [2026-08-12T04:41:38.633+0000] {dag.py:4138} INFO - Setting next_dagrun for example_subdag_operator.section-2 to None, run_after=None
[2026-08-12T04:41:38.641+0000] {processor.py:208} INFO - Processing /home/airflow/.local/lib/python3.12/site-packages/airflow/example_dags/example_subdag_operator.py took 0.073 seconds
[2026-08-12T04:42:09.581+0000] {processor.py:186} INFO - Started process (PID=1268) to work on /home/airflow/.local/lib/python3.12/site-packages/airflow/example_dags/example_subdag_operator.py
[2026-08-12T04:42:09.582+0000] {processor.py:914} INFO - Processing file /home/airflow/.local/lib/python3.12/site-packages/airflow/example_dags/example_subdag_operator.py for tasks to queue
[2026-08-12T04:42:09.585+0000] {logging_mixin.py:190} INFO - [2026-08-12T04:42:09.584+0000] {dagbag.py:587} INFO - Filling up the DagBag from /home/airflow/.local/lib/python3.12/site-packages/airflow/example_dags/example_subdag_operator.py
[2026-08-12T04:42:09.605+0000] {processor.py:925} INFO - DAG(s) 'example_subdag_operator.section-1', 'example_subdag_operator.section-2', 'example_subdag_operator' retrieved from /home/airflow/.local/lib/python3.12/site-packages/airflow/example_dags/example_subdag_operator.py
[2026-08-12T04:42:09.617+0000] {logging_mixin.py:190} INFO - [2026-08-12T04:42:09.617+0000] {dag.py:3211} INFO - Sync 3 DAGs
[2026-08-12T04:42:09.635+0000] {logging_mixin.py:190} INFO - [2026-08-12T04:42:09.634+0000] {dag.py:4138} INFO - Setting next_dagrun for example_subdag_operator to 2022-01-01 00:00:00+00:00, run_after=2022-01-01 00:00:00+00:00
[2026-08-12T04:42:09.638+0000] {logging_mixin.py:190} INFO - [2026-08-12T04:42:09.637+0000] {dag.py:4138} INFO - Setting next_dagrun for example_subdag_operator.section-1 to None, run_after=None
[2026-08-12T04:42:09.639+0000] {logging_mixin.py:190} INFO - [2026-08-12T04:42:09.639+0000] {dag.py:4138} INFO - Setting next_dagrun for example_subdag_operator.section-2 to None, run_after=None
[2026-08-12T04:42:09.645+0000] {logging_mixin.py:190} INFO - [2026-08-12T04:42:09.644+0000] {dag.py:3211} INFO - Sync 2 DAGs
[2026-08-12T04:42:09.649+0000] {logging_mixin.py:190} INFO - [2026-08-12T04:42:09.649+0000] {dag.py:4138} INFO - Setting next_dagrun for example_subdag_operator.section-1 to None, run_after=None
[2026-08-12T04:42:09.649+0000] {logging_mixin.py:190} INFO - [2026-08-12T04:42:09.649+0000] {dag.py:4138} INFO - Setting next_dagrun for example_subdag_operator.section-2 to None, run_after=None
[2026-08-12T04:42:09.659+0000] {processor.py:208} INFO - Processing /home/airflow/.local/lib/python3.12/site-packages/airflow/example_dags/example_subdag_operator.py took 0.083 seconds
[2026-08-12T04:42:40.425+0000] {processor.py:186} INFO - Started process (PID=1330) to work on /home/airflow/.local/lib/python3.12/site-packages/airflow/example_dags/example_subdag_operator.py
[2026-08-12T04:42:40.426+0000] {processor.py:914} INFO - Processing file /home/airflow/.local/lib/python3.12/site-packages/airflow/example_dags/example_subdag_operator.py for tasks to queue
[2026-08-12T04:42:40.428+0000] {logging_mixin.py:190} INFO - [2026-08-12T04:42:40.428+0000] {dagbag.py:587} INFO - Filling up the DagBag from /home/airflow/.local/lib/python3.12/site-packages/airflow/example_dags/example_subdag_operator.py
[2026-08-12T04:42:40.447+0000] {processor.py:925} INFO - DAG(s) 'example_subdag_operator.section-1', 'example_subdag_operator.section-2', 'example_subdag_operator' retrieved from /home/airflow/.local/lib/python3.12/site-packages/airflow/example_dags/example_subdag_operator.py
[2026-08-12T04:42:40.459+0000] {logging_mixin.py:190} INFO - [2026-08-12T04:42:40.459+0000] {dag.py:3211} INFO - Sync 3 DAGs
[2026-08-12T04:42:40.477+0000] {logging_mixin.py:190} INFO - [2026-08-12T04:42:40.477+0000] {dag.py:4138} INFO - Setting next_dagrun for example_subdag_operator to 2022-01-01 00:00:00+00:00, run_after=2022-01-01 00:00:00+00:00
[2026-08-12T04:42:40.480+0000] {logging_mixin.py:190} INFO - [2026-08-12T04:42:40.480+0000] {dag.py:4138} INFO - Setting next_dagrun for example_subdag_operator.section-1 to None, run_after=None
[2026-08-12T04:42:40.482+0000] {logging_mixin.py:190} INFO - [2026-08-12T04:42:40.482+0000] {dag.py:4138} INFO - Setting next_dagrun for example_subdag_operator.section-2 to None, run_after=None
[2026-08-12T04:42:40.487+0000] {logging_mixin.py:190} INFO - [2026-08-12T04:42:40.487+0000] {dag.py:3211} INFO - Sync 2 DAGs
[2026-08-12T04:42:40.491+0000] {logging_mixin.py:190} INFO - [2026-08-12T04:42:40.491+0000] {dag.py:4138} INFO - Setting next_dagrun for example_subdag_operator.section-1 to None, run_after=None
[2026-08-12T04:42:40.491+0000] {logging_mixin.py:190} INFO - [2026-08-12T04:42:40.491+0000] {dag.py:4138} INFO - Setting next_dagrun for example_subdag_operator.section-2 to None, run_after=None
[2026-08-12T04:42:40.499+0000] {processor.py:208} INFO - Processing /home/airflow/.local/lib/python3.12/site-packages/airflow/example_dags/example_subdag_operator.py took 0.078 seconds
[2026-08-12T04:43:11.481+0000] {processor.py:186} INFO - Started process (PID=1392) to work on /home/airflow/.local/lib/python3.12/site-packages/airflow/example_dags/example_subdag_operator.py
[2026-08-12T04:43:11.482+0000] {processor.py:914} INFO - Processing file /home/airflow/.local/lib/python3.12/site-packages/airflow/example_dags/example_subdag_operator.py for tasks to queue
[2026-08-12T04:43:11.484+0000] {logging_mixin.py:190} INFO - [2026-08-12T04:43:11.484+0000] {dagbag.py:587} INFO - Filling up the DagBag from /home/airflow/.local/lib/python3.12/site-packages/airflow/example_dags/example_subdag_operator.py
[2026-08-12T04:43:11.501+0000] {processor.py:925} INFO - DAG(s) 'example_subdag_operator.section-1', 'example_subdag_operator.section-2', 'example_subdag_operator' retrieved from /home/airflow/.local/lib/python3.12/site-packages/airflow/example_dags/example_subdag_operator.py
[2026-08-12T04:43:11.511+0000] {logging_mixin.py:190} INFO - [2026-08-12T04:43:11.511+0000] {dag.py:3211} INFO - Sync 3 DAGs
[2026-08-12T04:43:11.526+0000] {logging_mixin.py:190} INFO - [2026-08-12T04:43:11.526+0000] {dag.py:4138} INFO - Setting next_dagrun for example_subdag_operator to 2022-01-01 00:00:00+00:00, run_after=2022-01-01 00:00:00+00:00
[2026-08-12T04:43:11.529+0000] {logging_mixin.py:190} INFO - [2026-08-12T04:43:11.529+0000] {dag.py:4138} INFO - Setting next_dagrun for example_subdag_operator.section-1 to None, run_after=None
[2026-08-12T04:43:11.530+0000] {logging_mixin.py:190} INFO - [2026-08-12T04:43:11.530+0000] {dag.py:4138} INFO - Setting next_dagrun for example_subdag_operator.section-2 to None, run_after=None
[2026-08-12T04:43:11.534+0000] {logging_mixin.py:190} INFO - [2026-08-12T04:43:11.534+0000] {dag.py:3211} INFO - Sync 2 DAGs
[2026-08-12T04:43:11.538+0000] {logging_mixin.py:190} INFO - [2026-08-12T04:43:11.538+0000] {dag.py:4138} INFO - Setting next_dagrun for example_subdag_operator.section-1 to None, run_after=None
[2026-08-12T04:43:11.539+0000] {logging_mixin.py:190} INFO - [2026-08-12T04:43:11.539+0000] {dag.py:4138} INFO - Setting next_dagrun for example_subdag_operator.section-2 to None, run_after=None
[2026-08-12T04:43:11.545+0000] {processor.py:208} INFO - Processing /home/airflow/.local/lib/python3.12/site-packages/airflow/example_dags/example_subdag_operator.py took 0.068 seconds
[2026-08-12T04:43:41.702+0000] {processor.py:186} INFO - Started process (PID=1454) to work on /home/airflow/.local/lib/python3.12/site-packages/airflow/example_dags/example_subdag_operator.py
[2026-08-12T04:43:41.703+0000] {processor.py:914} INFO - Processing file /home/airflow/.local/lib/python3.12/site-packages/airflow/example_dags/example_subdag_operator.py for tasks to queue
[2026-08-12T04:43:41.705+0000] {logging_mixin.py:190} INFO - [2026-08-12T04:43:41.705+0000] {dagbag.py:587} INFO - Filling up the DagBag from /home/airflow/.local/lib/python3.12/site-packages/airflow/example_dags/example_subdag_operator.py
[2026-08-12T04:43:41.724+0000] {processor.py:925} INFO - DAG(s) 'example_subdag_operator.section-1', 'example_subdag_operator.section-2', 'example_subdag_operator' retrieved from /home/airflow/.local/lib/python3.12/site-packages/airflow/example_dags/example_subdag_operator.py
[2026-08-12T04:43:41.734+0000] {logging_mixin.py:190} INFO - [2026-08-12T04:43:41.734+0000] {dag.py:3211} INFO - Sync 3 DAGs
[2026-08-12T04:43:41.749+0000] {logging_mixin.py:190} INFO - [2026-08-12T04:43:41.748+0000] {dag.py:4138} INFO - Setting next_dagrun for example_subdag_operator to 2022-01-01 00:00:00+00:00, run_after=2022-01-01 00:00:00+00:00
[2026-08-12T04:43:41.752+0000] {logging_mixin.py:190} INFO - [2026-08-12T04:43:41.752+0000] {dag.py:4138} INFO - Setting next_dagrun for example_subdag_operator.section-1 to None, run_after=None
[2026-08-12T04:43:41.753+0000] {logging_mixin.py:190} INFO - [2026-08-12T04:43:41.753+0000] {dag.py:4138} INFO - Setting next_dagrun for example_subdag_operator.section-2 to None, run_after=None
[2026-08-12T04:43:41.757+0000] {logging_mixin.py:190} INFO - [2026-08-12T04:43:41.757+0000] {dag.py:3211} INFO - Sync 2 DAGs
[2026-08-12T04:43:41.761+0000] {logging_mixin.py:190} INFO - [2026-08-12T04:43:41.761+0000] {dag.py:4138} INFO - Setting next_dagrun for example_subdag_operator.section-1 to None, run_after=None
[2026-08-12T04:43:41.762+0000] {logging_mixin.py:190} INFO - [2026-08-12T04:43:41.761+0000] {dag.py:4138} INFO - Setting next_dagrun for example_subdag_operator.section-2 to None, run_after=None
[2026-08-12T04:43:41.769+0000] {processor.py:208} INFO - Processing /home/airflow/.local/lib/python3.12/site-packages/airflow/example_dags/example_subdag_operator.py took 0.071 seconds
[2026-08-12T04:44:11.819+0000] {processor.py:186} INFO - Started process (PID=1516) to work on /home/airflow/.local/lib/python3.12/site-packages/airflow/example_dags/example_subdag_operator.py
[2026-08-12T04:44:11.820+0000] {processor.py:914} INFO - Processing file /home/airflow/.local/lib/python3.12/site-packages/airflow/example_dags/example_subdag_operator.py for tasks to queue
[2026-08-12T04:44:11.822+0000] {logging_mixin.py:190} INFO - [2026-08-12T04:44:11.822+0000] {dagbag.py:587} INFO - Filling up the DagBag from /home/airflow/.local/lib/python3.12/site-packages/airflow/example_dags/example_subdag_operator.py
[2026-08-12T04:44:11.841+0000] {processor.py:925} INFO - DAG(s) 'example_subdag_operator.section-1', 'example_subdag_operator.section-2', 'example_subdag_operator' retrieved from /home/airflow/.local/lib/python3.12/site-packages/airflow/example_dags/example_subdag_operator.py
[2026-08-12T04:44:11.851+0000] {logging_mixin.py:190} INFO - [2026-08-12T04:44:11.851+0000] {dag.py:3211} INFO - Sync 3 DAGs
[2026-08-12T04:44:11.866+0000] {logging_mixin.py:190} INFO - [2026-08-12T04:44:11.866+0000] {dag.py:4138} INFO - Setting next_dagrun for example_subdag_operator to 2022-01-01 00:00:00+00:00, run_after=2022-01-01 00:00:00+00:00
[2026-08-12T04:44:11.869+0000] {logging_mixin.py:190} INFO - [2026-08-12T04:44:11.869+0000] {dag.py:4138} INFO - Setting next_dagrun for example_subdag_operator.section-1 to None, run_after=None
[2026-08-12T04:44:11.870+0000] {logging_mixin.py:190} INFO - [2026-08-12T04:44:11.870+0000] {dag.py:4138} INFO - Setting next_dagrun for example_subdag_operator.section-2 to None, run_after=None
[2026-08-12T04:44:11.875+0000] {logging_mixin.py:190} INFO - [2026-08-12T04:44:11.875+0000] {dag.py:3211} INFO - Sync 2 DAGs
[2026-08-12T04:44:11.878+0000] {logging_mixin.py:190} INFO - [2026-08-12T04:44:11.878+0000] {dag.py:4138} INFO - Setting next_dagrun for example_subdag_operator.section-1 to None, run_after=None
[2026-08-12T04:44:11.879+0000] {logging_mixin.py:190} INFO - [2026-08-12T04:44:11.878+0000] {dag.py:4138} INFO - Setting next_dagrun for example_subdag_operator.section-2 to None, run_after=None
[2026-08-12T04:44:11.886+0000] {processor.py:208} INFO - Processing /home/airflow/.local/lib/python3.12/site-packages/airflow/example_dags/example_subdag_operator.py took 0.071 seconds
[2026-08-12T04:44:42.838+0000] {processor.py:186} INFO - Started process (PID=1578) to work on /home/airflow/.local/lib/python3.12/site-packages/airflow/example_dags/example_subdag_operator.py
[2026-08-12T04:44:42.839+0000] {processor.py:914} INFO - Processing file /home/airflow/.local/lib/python3.12/site-packages/airflow/example_dags/example_subdag_operator.py for tasks to queue
[2026-08-12T04:44:42.841+0000] {logging_mixin.py:190} INFO - [2026-08-12T04:44:42.840+0000] {dagbag.py:587} INFO - Filling up the DagBag from /home/airflow/.local/lib/python3.12/site-packages/airflow/example_dags/example_subdag_operator.py
[2026-08-12T04:44:42.859+0000] {processor.py:925} INFO - DAG(s) 'example_subdag_operator.section-1', 'example_subdag_operator.section-2', 'example_subdag_operator' retrieved from /home/airflow/.local/lib/python3.12/site-packages/airflow/example_dags/example_subdag_operator.py
[2026-08-12T04:44:42.869+0000] {logging_mixin.py:190} INFO - [2026-08-12T04:44:42.869+0000] {dag.py:3211} INFO - Sync 3 DAGs
[2026-08-12T04:44:42.885+0000] {logging_mixin.py:190} INFO - [2026-08-12T04:44:42.885+0000] {dag.py:4138} INFO - Setting next_dagrun for example_subdag_operator to 2022-01-01 00:00:00+00:00, run_after=2022-01-01 00:00:00+00:00
[2026-08-12T04:44:42.888+0000] {logging_mixin.py:190} INFO - [2026-08-12T04:44:42.888+0000] {dag.py:4138} INFO - Setting next_dagrun for example_subdag_operator.section-1 to None, run_after=None
[2026-08-12T04:44:42.889+0000] {logging_mixin.py:190} INFO - [2026-08-12T04:44:42.889+0000] {dag.py:4138} INFO - Setting next_dagrun for example_subdag_operator.section-2 to None, run_after=None
[2026-08-12T04:44:42.894+0000] {logging_mixin.py:190} INFO - [2026-08-12T04:44:42.894+0000] {dag.py:3211} INFO - Sync 2 DAGs
[2026-08-12T04:44:42.898+0000] {logging_mixin.py:190} INFO - [2026-08-12T04:44:42.898+0000] {dag.py:4138} INFO - Setting next_dagrun for example_subdag_operator.section-1 to None, run_after=None
[2026-08-12T04:44:42.898+0000] {logging_mixin.py:190} INFO - [2026-08-12T04:44:42.898+0000] {dag.py:4138} INFO - Setting next_dagrun for example_subdag_operator.section-2 to None, run_after=None
[2026-08-12T04:44:42.906+0000] {processor.py:208} INFO - Processing /home/airflow/.local/lib/python3.12/site-packages/airflow/example_dags/example_subdag_operator.py took 0.073 seconds
[2026-08-12T04:45:14.121+0000] {processor.py:186} INFO - Started process (PID=1640) to work on /home/airflow/.local/lib/python3.12/site-packages/airflow/example_dags/example_subdag_operator.py
[2026-08-12T04:45:14.122+0000] {processor.py:914} INFO - Processing file /home/airflow/.local/lib/python3.12/site-packages/airflow/example_dags/example_subdag_operator.py for tasks to queue
[2026-08-12T04:45:14.125+0000] {logging_mixin.py:190} INFO - [2026-08-12T04:45:14.124+0000] {dagbag.py:587} INFO - Filling up the DagBag from /home/airflow/.local/lib/python3.12/site-packages/airflow/example_dags/example_subdag_operator.py
[2026-08-12T04:45:14.144+0000] {processor.py:925} INFO - DAG(s) 'example_subdag_operator.section-1', 'example_subdag_operator.section-2', 'example_subdag_operator' retrieved from /home/airflow/.local/lib/python3.12/site-packages/airflow/example_dags/example_subdag_operator.py
[2026-08-12T04:45:14.153+0000] {logging_mixin.py:190} INFO - [2026-08-12T04:45:14.153+0000] {dag.py:3211} INFO - Sync 3 DAGs
[2026-08-12T04:45:14.169+0000] {logging_mixin.py:190} INFO - [2026-08-12T04:45:14.169+0000] {dag.py:4138} INFO - Setting next_dagrun for example_subdag_operator to 2022-01-01 00:00:00+00:00, run_after=2022-01-01 00:00:00+00:00
[2026-08-12T04:45:14.172+0000] {logging_mixin.py:190} INFO - [2026-08-12T04:45:14.172+0000] {dag.py:4138} INFO - Setting next_dagrun for example_subdag_operator.section-1 to None, run_after=None
[2026-08-12T04:45:14.173+0000] {logging_mixin.py:190} INFO - [2026-08-12T04:45:14.173+0000] {dag.py:4138} INFO - Setting next_dagrun for example_subdag_operator.section-2 to None, run_after=None
[2026-08-12T04:45:14.179+0000] {logging_mixin.py:190} INFO - [2026-08-12T04:45:14.178+0000] {dag.py:3211} INFO - Sync 2 DAGs
[2026-08-12T04:45:14.183+0000] {logging_mixin.py:190} INFO - [2026-08-12T04:45:14.183+0000] {dag.py:4138} INFO - Setting next_dagrun for example_subdag_operator.section-1 to None, run_after=None
[2026-08-12T04:45:14.184+0000] {logging_mixin.py:190} INFO - [2026-08-12T04:45:14.184+0000] {dag.py:4138} INFO - Setting next_dagrun for example_subdag_operator.section-2 to None, run_after=None
[2026-08-12T04:45:14.194+0000] {processor.py:208} INFO - Processing /home/airflow/.local/lib/python3.12/site-packages/airflow/example_dags/example_subdag_operator.py took 0.077 seconds
[2026-08-12T04:45:44.528+0000] {processor.py:186} INFO - Started process (PID=1702) to work on /home/airflow/.local/lib/python3.12/site-packages/airflow/example_dags/example_subdag_operator.py
[2026-08-12T04:45:44.529+0000] {processor.py:914} INFO - Processing file /home/airflow/.local/lib/python3.12/site-packages/airflow/example_dags/example_subdag_operator.py for tasks to queue
[2026-08-12T04:45:44.530+0000] {logging_mixin.py:190} INFO - [2026-08-12T04:45:44.530+0000] {dagbag.py:587} INFO - Filling up the DagBag from /home/airflow/.local/lib/python3.12/site-packages/airflow/example_dags/example_subdag_operator.py
[2026-08-12T04:45:44.557+0000] {processor.py:925} INFO - DAG(s) 'example_subdag_operator.section-1', 'example_subdag_operator.section-2', 'example_subdag_operator' retrieved from /home/airflow/.local/lib/python3.12/site-packages/airflow/example_dags/example_subdag_operator.py
[2026-08-12T04:45:44.571+0000] {logging_mixin.py:190} INFO - [2026-08-12T04:45:44.570+0000] {dag.py:3211} INFO - Sync 3 DAGs
[2026-08-12T04:45:44.594+0000] {logging_mixin.py:190} INFO - [2026-08-12T04:45:44.594+0000] {dag.py:4138} INFO - Setting next_dagrun for example_subdag_operator to 2022-01-01 00:00:00+00:00, run_after=2022-01-01 00:00:00+00:00
[2026-08-12T04:45:44.599+0000] {logging_mixin.py:190} INFO - [2026-08-12T04:45:44.599+0000] {dag.py:4138} INFO - Setting next_dagrun for example_subdag_operator.section-1 to None, run_after=None
[2026-08-12T04:45:44.601+0000] {logging_mixin.py:190} INFO - [2026-08-12T04:45:44.601+0000] {dag.py:4138} INFO - Setting next_dagrun for example_subdag_operator.section-2 to None, run_after=None
[2026-08-12T04:45:44.608+0000] {logging_mixin.py:190} INFO - [2026-08-12T04:45:44.607+0000] {dag.py:3211} INFO - Sync 2 DAGs
[2026-08-12T04:45:44.613+0000] {logging_mixin.py:190} INFO - [2026-08-12T04:45:44.613+0000] {dag.py:4138} INFO - Setting next_dagrun for example_subdag_operator.section-1 to None, run_after=None
[2026-08-12T04:45:44.614+0000] {logging_mixin.py:190} INFO - [2026-08-12T04:45:44.613+0000] {dag.py:4138} INFO - Setting next_dagrun for example_subdag_operator.section-2 to None, run_after=None
[2026-08-12T04:45:44.621+0000] {processor.py:208} INFO - Processing /home/airflow/.local/lib/python3.12/site-packages/airflow/example_dags/example_subdag_operator.py took 0.098 seconds
[2026-08-12T04:46:14.707+0000] {processor.py:186} INFO - Started process (PID=1764) to work on /home/airflow/.local/lib/python3.12/site-packages/airflow/example_dags/example_subdag_operator.py
[2026-08-12T04:46:14.708+0000] {processor.py:914} INFO - Processing file /home/airflow/.local/lib/python3.12/site-packages/airflow/example_dags/example_subdag_operator.py for tasks to queue
[2026-08-12T04:46:14.711+0000] {logging_mixin.py:190} INFO - [2026-08-12T04:46:14.710+0000] {dagbag.py:587} INFO - Filling up the DagBag from /home/airflow/.local/lib/python3.12/site-packages/airflow/example_dags/example_subdag_operator.py
[2026-08-12T04:46:14.730+0000] {processor.py:925} INFO - DAG(s) 'example_subdag_operator.section-1', 'example_subdag_operator.section-2', 'example_subdag_operator' retrieved from /home/airflow/.local/lib/python3.12/site-packages/airflow/example_dags/example_subdag_operator.py
[2026-08-12T04:46:14.741+0000] {logging_mixin.py:190} INFO - [2026-08-12T04:46:14.741+0000] {dag.py:3211} INFO - Sync 3 DAGs
[2026-08-12T04:46:14.758+0000] {logging_mixin.py:190} INFO - [2026-08-12T04:46:14.758+0000] {dag.py:4138} INFO - Setting next_dagrun for example_subdag_operator to 2022-01-01 00:00:00+00:00, run_after=2022-01-01 00:00:00+00:00
[2026-08-12T04:46:14.760+0000] {logging_mixin.py:190} INFO - [2026-08-12T04:46:14.760+0000] {dag.py:4138} INFO - Setting next_dagrun for example_subdag_operator.section-1 to None, run_after=None
[2026-08-12T04:46:14.761+0000] {logging_mixin.py:190} INFO - [2026-08-12T04:46:14.761+0000] {dag.py:4138} INFO - Setting next_dagrun for example_subdag_operator.section-2 to None, run_after=None
[2026-08-12T04:46:14.766+0000] {logging_mixin.py:190} INFO - [2026-08-12T04:46:14.766+0000] {dag.py:3211} INFO - Sync 2 DAGs
[2026-08-12T04:46:14.770+0000] {logging_mixin.py:190} INFO - [2026-08-12T04:46:14.770+0000] {dag.py:4138} INFO - Setting next_dagrun for example_subdag_operator.section-1 to None, run_after=None
[2026-08-12T04:46:14.771+0000] {logging_mixin.py:190} INFO - [2026-08-12T04:46:14.770+0000] {dag.py:4138} INFO - Setting next_dagrun for example_subdag_operator.section-2 to None, run_after=None
[2026-08-12T04:46:14.779+0000] {processor.py:208} INFO - Processing /home/airflow/.local/lib/python3.12/site-packages/airflow/example_dags/example_subdag_operator.py took 0.078 seconds
[2026-08-12T04:46:44.962+0000] {processor.py:186} INFO - Started process (PID=1826) to work on /home/airflow/.local/lib/python3.12/site-packages/airflow/example_dags/example_subdag_operator.py
[2026-08-12T04:46:44.963+0000] {processor.py:914} INFO - Processing file /home/airflow/.local/lib/python3.12/site-packages/airflow/example_dags/example_subdag_operator.py for tasks to queue
[2026-08-12T04:46:44.964+0000] {logging_mixin.py:190} INFO - [2026-08-12T04:46:44.964+0000] {dagbag.py:587} INFO - Filling up the DagBag from /home/airflow/.local/lib/python3.12/site-packages/airflow/example_dags/example_subdag_operator.py
[2026-08-12T04:46:44.983+0000] {processor.py:925} INFO - DAG(s) 'example_subdag_operator.section-1', 'example_subdag_operator.section-2', 'example_subdag_operator' retrieved from /home/airflow/.local/lib/python3.12/site-packages/airflow/example_dags/example_subdag_operator.py
[2026-08-12T04:46:44.993+0000] {logging_mixin.py:190} INFO - [2026-08-12T04:46:44.993+0000] {dag.py:3211} INFO - Sync 3 DAGs
[2026-08-12T04:46:45.008+0000] {logging_mixin.py:190} INFO - [2026-08-12T04:46:45.008+0000] {dag.py:4138} INFO - Setting next_dagrun for example_subdag_operator to 2022-01-01 00:00:00+00:00, run_after=2022-01-01 00:00:00+00:00
[2026-08-12T04:46:45.010+0000] {logging_mixin.py:190} INFO - [2026-08-12T04:46:45.010+0000] {dag.py:4138} INFO - Setting next_dagrun for example_subdag_operator.section-1 to None, run_after=None
[2026-08-12T04:46:45.013+0000] {logging_mixin.py:190} INFO - [2026-08-12T04:46:45.013+0000] {dag.py:4138} INFO - Setting next_dagrun for example_subdag_operator.section-2 to None, run_after=None
[2026-08-12T04:46:45.018+0000] {logging_mixin.py:190} INFO - [2026-08-12T04:46:45.017+0000] {dag.py:3211} INFO - Sync 2 DAGs
[2026-08-12T04:46:45.023+0000] {logging_mixin.py:190} INFO - [2026-08-12T04:46:45.022+0000] {dag.py:4138} INFO - Setting next_dagrun for example_subdag_operator.section-1 to None, run_after=None
[2026-08-12T04:46:45.023+0000] {logging_mixin.py:190} INFO - [2026-08-12T04:46:45.023+0000] {dag.py:4138} INFO - Setting next_dagrun for example_subdag_operator.section-2 to None, run_after=None
[2026-08-12T04:46:45.031+0000] {processor.py:208} INFO - Processing /home/airflow/.local/lib/python3.12/site-packages/airflow/example_dags/example_subdag_operator.py took 0.074 seconds
[2026-08-12T04:47:15.416+0000] {processor.py:186} INFO - Started process (PID=1888) to work on /home/airflow/.local/lib/python3.12/site-packages/airflow/example_dags/example_subdag_operator.py
[2026-08-12T04:47:15.417+0000] {processor.py:914} INFO - Processing file /home/airflow/.local/lib/python3.12/site-packages/airflow/example_dags/example_subdag_operator.py for tasks to queue
[2026-08-12T04:47:15.418+0000] {logging_mixin.py:190} INFO - [2026-08-12T04:47:15.418+0000] {dagbag.py:587} INFO - Filling up the DagBag from /home/airflow/.local/lib/python3.12/site-packages/airflow/example_dags/example_subdag_operator.py
[2026-08-12T04:47:15.438+0000] {processor.py:925} INFO - DAG(s) 'example_subdag_operator.section-1', 'example_subdag_operator.section-2', 'example_subdag_operator' retrieved from /home/airflow/.local/lib/python3.12/site-packages/airflow/example_dags/example_subdag_operator.py
[2026-08-12T04:47:15.452+0000] {logging_mixin.py:190} INFO - [2026-08-12T04:47:15.452+0000] {dag.py:3211} INFO - Sync 3 DAGs
[2026-08-12T04:47:15.471+0000] {logging_mixin.py:190} INFO - [2026-08-12T04:47:15.471+0000] {dag.py:4138} INFO - Setting next_dagrun for example_subdag_operator to 2022-01-01 00:00:00+00:00, run_after=2022-01-01 00:00:00+00:00
[2026-08-12T04:47:15.474+0000] {logging_mixin.py:190} INFO - [2026-08-12T04:47:15.474+0000] {dag.py:4138} INFO - Setting next_dagrun for example_subdag_operator.section-1 to None, run_after=None
[2026-08-12T04:47:15.476+0000] {logging_mixin.py:190} INFO - [2026-08-12T04:47:15.476+0000] {dag.py:4138} INFO - Setting next_dagrun for example_subdag_operator.section-2 to None, run_after=None
[2026-08-12T04:47:15.481+0000] {logging_mixin.py:190} INFO - [2026-08-12T04:47:15.481+0000] {dag.py:3211} INFO - Sync 2 DAGs
[2026-08-12T04:47:15.485+0000] {logging_mixin.py:190} INFO - [2026-08-12T04:47:15.485+0000] {dag.py:4138} INFO - Setting next_dagrun for example_subdag_operator.section-1 to None, run_after=None
[2026-08-12T04:47:15.486+0000] {logging_mixin.py:190} INFO - [2026-08-12T04:47:15.486+0000] {dag.py:4138} INFO - Setting next_dagrun for example_subdag_operator.section-2 to None, run_after=None
[2026-08-12T04:47:15.493+0000] {processor.py:208} INFO - Processing /home/airflow/.local/lib/python3.12/site-packages/airflow/example_dags/example_subdag_operator.py took 0.082 seconds
[2026-08-12T04:47:45.749+0000] {processor.py:186} INFO - Started process (PID=1952) to work on /home/airflow/.local/lib/python3.12/site-packages/airflow/example_dags/example_subdag_operator.py
[2026-08-12T04:47:45.750+0000] {processor.py:914} INFO - Processing file /home/airflow/.local/lib/python3.12/site-packages/airflow/example_dags/example_subdag_operator.py for tasks to queue
[2026-08-12T04:47:45.752+0000] {logging_mixin.py:190} INFO - [2026-08-12T04:47:45.751+0000] {dagbag.py:587} INFO - Filling up the DagBag from /home/airflow/.local/lib/python3.12/site-packages/airflow/example_dags/example_subdag_operator.py
[2026-08-12T04:47:45.770+0000] {processor.py:925} INFO - DAG(s) 'example_subdag_operator.section-1', 'example_subdag_operator.section-2', 'example_subdag_operator' retrieved from /home/airflow/.local/lib/python3.12/site-packages/airflow/example_dags/example_subdag_operator.py
[2026-08-12T04:47:45.780+0000] {logging_mixin.py:190} INFO - [2026-08-12T04:47:45.780+0000] {dag.py:3211} INFO - Sync 3 DAGs
[2026-08-12T04:47:45.795+0000] {logging_mixin.py:190} INFO - [2026-08-12T04:47:45.794+0000] {dag.py:4138} INFO - Setting next_dagrun for example_subdag_operator to 2022-01-01 00:00:00+00:00, run_after=2022-01-01 00:00:00+00:00
[2026-08-12T04:47:45.797+0000] {logging_mixin.py:190} INFO - [2026-08-12T04:47:45.797+0000] {dag.py:4138} INFO - Setting next_dagrun for example_subdag_operator.section-1 to None, run_after=None
[2026-08-12T04:47:45.799+0000] {logging_mixin.py:190} INFO - [2026-08-12T04:47:45.798+0000] {dag.py:4138} INFO - Setting next_dagrun for example_subdag_operator.section-2 to None, run_after=None
[2026-08-12T04:47:45.803+0000] {logging_mixin.py:190} INFO - [2026-08-12T04:47:45.803+0000] {dag.py:3211} INFO - Sync 2 DAGs
[2026-08-12T04:47:45.807+0000] {logging_mixin.py:190} INFO - [2026-08-12T04:47:45.807+0000] {dag.py:4138} INFO - Setting next_dagrun for example_subdag_operator.section-1 to None, run_after=None
[2026-08-12T04:47:45.808+0000] {logging_mixin.py:190} INFO - [2026-08-12T04:47:45.807+0000] {dag.py:4138} INFO - Setting next_dagrun for example_subdag_operator.section-2 to None, run_after=None
[2026-08-12T04:47:45.815+0000] {processor.py:208} INFO - Processing /home/airflow/.local/lib/python3.12/site-packages/airflow/example_dags/example_subdag_operator.py took 0.070 seconds
[2026-08-12T04:48:16.106+0000] {processor.py:186} INFO - Started process (PID=2016) to work on /home/airflow/.local/lib/python3.12/site-packages/airflow/example_dags/example_subdag_operator.py
[2026-08-12T04:48:16.108+0000] {processor.py:914} INFO - Processing file /home/airflow/.local/lib/python3.12/site-packages/airflow/example_dags/example_subdag_operator.py for tasks to queue
[2026-08-12T04:48:16.109+0000] {logging_mixin.py:190} INFO - [2026-08-12T04:48:16.109+0000] {dagbag.py:587} INFO - Filling up the DagBag from /home/airflow/.local/lib/python3.12/site-packages/airflow/example_dags/example_subdag_operator.py
[2026-08-12T04:48:16.131+0000] {processor.py:925} INFO - DAG(s) 'example_subdag_operator.section-1', 'example_subdag_operator.section-2', 'example_subdag_operator' retrieved from /home/airflow/.local/lib/python3.12/site-packages/airflow/example_dags/example_subdag_operator.py
[2026-08-12T04:48:16.142+0000] {logging_mixin.py:190} INFO - [2026-08-12T04:48:16.142+0000] {dag.py:3211} INFO - Sync 3 DAGs
[2026-08-12T04:48:16.159+0000] {logging_mixin.py:190} INFO - [2026-08-12T04:48:16.159+0000] {dag.py:4138} INFO - Setting next_dagrun for example_subdag_operator to 2022-01-01 00:00:00+00:00, run_after=2022-01-01 00:00:00+00:00
[2026-08-12T04:48:16.161+0000] {logging_mixin.py:190} INFO - [2026-08-12T04:48:16.161+0000] {dag.py:4138} INFO - Setting next_dagrun for example_subdag_operator.section-1 to None, run_after=None
[2026-08-12T04:48:16.163+0000] {logging_mixin.py:190} INFO - [2026-08-12T04:48:16.163+0000] {dag.py:4138} INFO - Setting next_dagrun for example_subdag_operator.section-2 to None, run_after=None
[2026-08-12T04:48:16.168+0000] {logging_mixin.py:190} INFO - [2026-08-12T04:48:16.167+0000] {dag.py:3211} INFO - Sync 2 DAGs
[2026-08-12T04:48:16.171+0000] {logging_mixin.py:190} INFO - [2026-08-12T04:48:16.171+0000] {dag.py:4138} INFO - Setting next_dagrun for example_subdag_operator.section-1 to None, run_after=None
[2026-08-12T04:48:16.172+0000] {logging_mixin.py:190} INFO - [2026-08-12T04:48:16.171+0000] {dag.py:4138} INFO - Setting next_dagrun for example_subdag_operator.section-2 to None, run_after=None
[2026-08-12T04:48:16.179+0000] {processor.py:208} INFO - Processing /home/airflow/.local/lib/python3.12/site-packages/airflow/example_dags/example_subdag_operator.py took 0.077 seconds
[2026-08-12T04:48:46.556+0000] {processor.py:186} INFO - Started process (PID=2080) to work on /home/airflow/.local/lib/python3.12/site-packages/airflow/example_dags/example_subdag_operator.py
[2026-08-12T04:48:46.557+0000] {processor.py:914} INFO - Processing file /home/airflow/.local/lib/python3.12/site-packages/airflow/example_dags/example_subdag_operator.py for tasks to queue
[2026-08-12T04:48:46.559+0000] {logging_mixin.py:190} INFO - [2026-08-12T04:48:46.559+0000] {dagbag.py:587} INFO - Filling up the DagBag from /home/airflow/.local/lib/python3.12/site-packages/airflow/example_dags/example_subdag_operator.py
[2026-08-12T04:48:46.577+0000] {processor.py:925} INFO - DAG(s) 'example_subdag_operator.section-1', 'example_subdag_operator.section-2', 'example_subdag_operator' retrieved from /home/airflow/.local/lib/python3.12/site-packages/airflow/example_dags/example_subdag_operator.py
[2026-08-12T04:48:46.587+0000] {logging_mixin.py:190} INFO - [2026-08-12T04:48:46.587+0000] {dag.py:3211} INFO - Sync 3 DAGs
[2026-08-12T04:48:46.602+0000] {logging_mixin.py:190} INFO - [2026-08-12T04:48:46.601+0000] {dag.py:4138} INFO - Setting next_dagrun for example_subdag_operator to 2022-01-01 00:00:00+00:00, run_after=2022-01-01 00:00:00+00:00
[2026-08-12T04:48:46.604+0000] {logging_mixin.py:190} INFO - [2026-08-12T04:48:46.604+0000] {dag.py:4138} INFO - Setting next_dagrun for example_subdag_operator.section-1 to None, run_after=None
[2026-08-12T04:48:46.605+0000] {logging_mixin.py:190} INFO - [2026-08-12T04:48:46.605+0000] {dag.py:4138} INFO - Setting next_dagrun for example_subdag_operator.section-2 to None, run_after=None
[2026-08-12T04:48:46.611+0000] {logging_mixin.py:190} INFO - [2026-08-12T04:48:46.611+0000] {dag.py:3211} INFO - Sync 2 DAGs
[2026-08-12T04:48:46.614+0000] {logging_mixin.py:190} INFO - [2026-08-12T04:48:46.614+0000] {dag.py:4138} INFO - Setting next_dagrun for example_subdag_operator.section-1 to None, run_after=None
[2026-08-12T04:48:46.615+0000] {logging_mixin.py:190} INFO - [2026-08-12T04:48:46.615+0000] {dag.py:4138} INFO - Setting next_dagrun for example_subdag_operator.section-2 to None, run_after=None
[2026-08-12T04:48:46.622+0000] {processor.py:208} INFO - Processing /home/airflow/.local/lib/python3.12/site-packages/airflow/example_dags/example_subdag_operator.py took 0.070 seconds
