[2026-08-12T04:30:17.090+0000] {processor.py:186} INFO - Started process (PID=84) to work on /home/airflow/.local/lib/python3.12/site-packages/airflow/example_dags/example_complex.py
[2026-08-12T04:30:17.091+0000] {processor.py:914} INFO - Processing file /home/airflow/.local/lib/python3.12/site-packages/airflow/example_dags/example_complex.py for tasks to queue
[2026-08-12T04:30:17.093+0000] {logging_mixin.py:190} INFO - [2026-08-12T04:30:17.093+0000] {dagbag.py:587} INFO - Filling up the DagBag from /home/airflow/.local/lib/python3.12/site-packages/airflow/example_dags/example_complex.py
[2026-08-12T04:30:17.104+0000] {processor.py:925} INFO - DAG(s) 'example_complex' retrieved from /home/airflow/.local/lib/python3.12/site-packages/airflow/example_dags/example_complex.py
[2026-08-12T04:30:17.191+0000] {logging_mixin.py:190} INFO - [2026-08-12T04:30:17.191+0000] {override.py:1858} INFO - Created Permission View: can delete on DAG:example_complex
[2026-08-12T04:30:17.198+0000] {logging_mixin.py:190} INFO - [2026-08-12T04:30:17.198+0000] {override.py:1858} INFO - Created Permission View: can read on DAG:example_complex
[2026-08-12T04:30:17.204+0000] {logging_mixin.py:190} INFO - [2026-08-12T04:30:17.204+0000] {override.py:1858} INFO - Created Permission View: can edit on DAG:example_complex
[2026-08-12T04:30:17.205+0000] {logging_mixin.py:190} INFO - [2026-08-12T04:30:17.205+0000] {dag.py:3211} INFO - Sync 1 DAGs
[2026-08-12T04:30:17.214+0000] {logging_mixin.py:190} INFO - [2026-08-12T04:30:17.213+0000] {dag.py:3234} INFO - Creating ORM DAG for example_complex
[2026-08-12T04:30:17.214+0000] {logging_mixin.py:190} INFO - [2026-08-12T04:30:17.214+0000] {dag.py:4138} INFO - Setting next_dagrun for example_complex to None, run_after=None
[2026-08-12T04:30:17.229+0000] {processor.py:208} INFO - Processing /home/airflow/.local/lib/python3.12/site-packages/airflow/example_dags/example_complex.py took 0.144 seconds
[2026-08-12T04:30:47.284+0000] {processor.py:186} INFO - Started process (PID=146) to work on /home/airflow/.local/lib/python3.12/site-packages/airflow/example_dags/example_complex.py
[2026-08-12T04:30:47.285+0000] {processor.py:914} INFO - Processing file /home/airflow/.local/lib/python3.12/site-packages/airflow/example_dags/example_complex.py for tasks to queue
[2026-08-12T04:30:47.287+0000] {logging_mixin.py:190} INFO - [2026-08-12T04:30:47.287+0000] {dagbag.py:587} INFO - Filling up the DagBag from /home/airflow/.local/lib/python3.12/site-packages/airflow/example_dags/example_complex.py
[2026-08-12T04:30:47.295+0000] {processor.py:925} INFO - DAG(s) 'example_complex' retrieved from /home/airflow/.local/lib/python3.12/site-packages/airflow/example_dags/example_complex.py
[2026-08-12T04:30:47.322+0000] {logging_mixin.py:190} INFO - [2026-08-12T04:30:47.322+0000] {dag.py:3211} INFO - Sync 1 DAGs
[2026-08-12T04:30:47.339+0000] {logging_mixin.py:190} INFO - [2026-08-12T04:30:47.338+0000] {dag.py:4138} INFO - Setting next_dagrun for example_complex to None, run_after=None
[2026-08-12T04:30:47.357+0000] {processor.py:208} INFO - Processing /home/airflow/.local/lib/python3.12/site-packages/airflow/example_dags/example_complex.py took 0.078 seconds
[2026-08-12T04:31:18.318+0000] {processor.py:186} INFO - Started process (PID=208) to work on /home/airflow/.local/lib/python3.12/site-packages/airflow/example_dags/example_complex.py
[2026-08-12T04:31:18.319+0000] {processor.py:914} INFO - Processing file /home/airflow/.local/lib/python3.12/site-packages/airflow/example_dags/example_complex.py for tasks to queue
[2026-08-12T04:31:18.321+0000] {logging_mixin.py:190} INFO - [2026-08-12T04:31:18.321+0000] {dagbag.py:587} INFO - Filling up the DagBag from /home/airflow/.local/lib/python3.12/site-packages/airflow/example_dags/example_complex.py
[2026-08-12T04:31:18.330+0000] {processor.py:925} INFO - DAG(s) 'example_complex' retrieved from /home/airflow/.local/lib/python3.12/site-packages/airflow/example_dags/example_complex.py
[2026-08-12T04:31:18.350+0000] {logging_mixin.py:190} INFO - [2026-08-12T04:31:18.349+0000] {dag.py:3211} INFO - Sync 1 DAGs
[2026-08-12T04:31:18.359+0000] {logging_mixin.py:190} INFO - [2026-08-12T04:31:18.359+0000] {dag.py:4138} INFO - Setting next_dagrun for example_complex to None, run_after=None
[2026-08-12T04:31:18.373+0000] {processor.py:208} INFO - Processing /home/airflow/.local/lib/python3.12/site-packages/airflow/example_dags/example_complex.py took 0.060 seconds
[2026-08-12T04:32:27.364+0000] {processor.py:186} INFO - Started process (PID=78) to work on /home/airflow/.local/lib/python3.12/site-packages/airflow/example_dags/example_complex.py
[2026-08-12T04:32:27.365+0000] {processor.py:914} INFO - Processing file /home/airflow/.local/lib/python3.12/site-packages/airflow/example_dags/example_complex.py for tasks to queue
[2026-08-12T04:32:27.366+0000] {logging_mixin.py:190} INFO - [2026-08-12T04:32:27.366+0000] {dagbag.py:587} INFO - Filling up the DagBag from /home/airflow/.local/lib/python3.12/site-packages/airflow/example_dags/example_complex.py
[2026-08-12T04:32:27.375+0000] {processor.py:925} INFO - DAG(s) 'example_complex' retrieved from /home/airflow/.local/lib/python3.12/site-packages/airflow/example_dags/example_complex.py
[2026-08-12T04:32:27.397+0000] {logging_mixin.py:190} INFO - [2026-08-12T04:32:27.397+0000] {dag.py:3211} INFO - Sync 1 DAGs
[2026-08-12T04:32:27.406+0000] {logging_mixin.py:190} INFO - [2026-08-12T04:32:27.406+0000] {dag.py:4138} INFO - Setting next_dagrun for example_complex to None, run_after=None
[2026-08-12T04:32:27.421+0000] {processor.py:208} INFO - Processing /home/airflow/.local/lib/python3.12/site-packages/airflow/example_dags/example_complex.py took 0.061 seconds
[2026-08-12T04:32:58.424+0000] {processor.py:186} INFO - Started process (PID=141) to work on /home/airflow/.local/lib/python3.12/site-packages/airflow/example_dags/example_complex.py
[2026-08-12T04:32:58.426+0000] {processor.py:914} INFO - Processing file /home/airflow/.local/lib/python3.12/site-packages/airflow/example_dags/example_complex.py for tasks to queue
[2026-08-12T04:32:58.428+0000] {logging_mixin.py:190} INFO - [2026-08-12T04:32:58.427+0000] {dagbag.py:587} INFO - Filling up the DagBag from /home/airflow/.local/lib/python3.12/site-packages/airflow/example_dags/example_complex.py
[2026-08-12T04:32:58.436+0000] {processor.py:925} INFO - DAG(s) 'example_complex' retrieved from /home/airflow/.local/lib/python3.12/site-packages/airflow/example_dags/example_complex.py
[2026-08-12T04:32:58.461+0000] {logging_mixin.py:190} INFO - [2026-08-12T04:32:58.460+0000] {dag.py:3211} INFO - Sync 1 DAGs
[2026-08-12T04:32:58.471+0000] {logging_mixin.py:190} INFO - [2026-08-12T04:32:58.470+0000] {dag.py:4138} INFO - Setting next_dagrun for example_complex to None, run_after=None
[2026-08-12T04:32:58.485+0000] {processor.py:208} INFO - Processing /home/airflow/.local/lib/python3.12/site-packages/airflow/example_dags/example_complex.py took 0.065 seconds
[2026-08-12T04:33:29.216+0000] {processor.py:186} INFO - Started process (PID=203) to work on /home/airflow/.local/lib/python3.12/site-packages/airflow/example_dags/example_complex.py
[2026-08-12T04:33:29.217+0000] {processor.py:914} INFO - Processing file /home/airflow/.local/lib/python3.12/site-packages/airflow/example_dags/example_complex.py for tasks to queue
[2026-08-12T04:33:29.218+0000] {logging_mixin.py:190} INFO - [2026-08-12T04:33:29.218+0000] {dagbag.py:587} INFO - Filling up the DagBag from /home/airflow/.local/lib/python3.12/site-packages/airflow/example_dags/example_complex.py
[2026-08-12T04:33:29.227+0000] {processor.py:925} INFO - DAG(s) 'example_complex' retrieved from /home/airflow/.local/lib/python3.12/site-packages/airflow/example_dags/example_complex.py
[2026-08-12T04:33:29.246+0000] {logging_mixin.py:190} INFO - [2026-08-12T04:33:29.246+0000] {dag.py:3211} INFO - Sync 1 DAGs
[2026-08-12T04:33:29.255+0000] {logging_mixin.py:190} INFO - [2026-08-12T04:33:29.255+0000] {dag.py:4138} INFO - Setting next_dagrun for example_complex to None, run_after=None
[2026-08-12T04:33:29.268+0000] {processor.py:208} INFO - Processing /home/airflow/.local/lib/python3.12/site-packages/airflow/example_dags/example_complex.py took 0.056 seconds
[2026-08-12T04:34:00.360+0000] {processor.py:186} INFO - Started process (PID=265) to work on /home/airflow/.local/lib/python3.12/site-packages/airflow/example_dags/example_complex.py
[2026-08-12T04:34:00.361+0000] {processor.py:914} INFO - Processing file /home/airflow/.local/lib/python3.12/site-packages/airflow/example_dags/example_complex.py for tasks to queue
[2026-08-12T04:34:00.363+0000] {logging_mixin.py:190} INFO - [2026-08-12T04:34:00.363+0000] {dagbag.py:587} INFO - Filling up the DagBag from /home/airflow/.local/lib/python3.12/site-packages/airflow/example_dags/example_complex.py
[2026-08-12T04:34:00.372+0000] {processor.py:925} INFO - DAG(s) 'example_complex' retrieved from /home/airflow/.local/lib/python3.12/site-packages/airflow/example_dags/example_complex.py
[2026-08-12T04:34:00.392+0000] {logging_mixin.py:190} INFO - [2026-08-12T04:34:00.391+0000] {dag.py:3211} INFO - Sync 1 DAGs
[2026-08-12T04:34:00.402+0000] {logging_mixin.py:190} INFO - [2026-08-12T04:34:00.401+0000] {dag.py:4138} INFO - Setting next_dagrun for example_complex to None, run_after=None
[2026-08-12T04:34:00.415+0000] {processor.py:208} INFO - Processing /home/airflow/.local/lib/python3.12/site-packages/airflow/example_dags/example_complex.py took 0.059 seconds
[2026-08-12T04:34:30.681+0000] {processor.py:186} INFO - Started process (PID=327) to work on /home/airflow/.local/lib/python3.12/site-packages/airflow/example_dags/example_complex.py
[2026-08-12T04:34:30.682+0000] {processor.py:914} INFO - Processing file /home/airflow/.local/lib/python3.12/site-packages/airflow/example_dags/example_complex.py for tasks to queue
[2026-08-12T04:34:30.683+0000] {logging_mixin.py:190} INFO - [2026-08-12T04:34:30.683+0000] {dagbag.py:587} INFO - Filling up the DagBag from /home/airflow/.local/lib/python3.12/site-packages/airflow/example_dags/example_complex.py
[2026-08-12T04:34:30.691+0000] {processor.py:925} INFO - DAG(s) 'example_complex' retrieved from /home/airflow/.local/lib/python3.12/site-packages/airflow/example_dags/example_complex.py
[2026-08-12T04:34:30.712+0000] {logging_mixin.py:190} INFO - [2026-08-12T04:34:30.711+0000] {dag.py:3211} INFO - Sync 1 DAGs
[2026-08-12T04:34:30.723+0000] {logging_mixin.py:190} INFO - [2026-08-12T04:34:30.722+0000] {dag.py:4138} INFO - Setting next_dagrun for example_complex to None, run_after=None
[2026-08-12T04:34:30.736+0000] {processor.py:208} INFO - Processing /home/airflow/.local/lib/python3.12/site-packages/airflow/example_dags/example_complex.py took 0.059 seconds
[2026-08-12T04:35:01.112+0000] {processor.py:186} INFO - Started process (PID=389) to work on /home/airflow/.local/lib/python3.12/site-packages/airflow/example_dags/example_complex.py
[2026-08-12T04:35:01.113+0000] {processor.py:914} INFO - Processing file /home/airflow/.local/lib/python3.12/site-packages/airflow/example_dags/example_complex.py for tasks to queue
[2026-08-12T04:35:01.115+0000] {logging_mixin.py:190} INFO - [2026-08-12T04:35:01.115+0000] {dagbag.py:587} INFO - Filling up the DagBag from /home/airflow/.local/lib/python3.12/site-packages/airflow/example_dags/example_complex.py
[2026-08-12T04:35:01.123+0000] {processor.py:925} INFO - DAG(s) 'example_complex' retrieved from /home/airflow/.local/lib/python3.12/site-packages/airflow/example_dags/example_complex.py
[2026-08-12T04:35:01.145+0000] {logging_mixin.py:190} INFO - [2026-08-12T04:35:01.145+0000] {dag.py:3211} INFO - Sync 1 DAGs
[2026-08-12T04:35:01.157+0000] {logging_mixin.py:190} INFO - [2026-08-12T04:35:01.156+0000] {dag.py:4138} INFO - Setting next_dagrun for example_complex to None, run_after=None
[2026-08-12T04:35:01.172+0000] {processor.py:208} INFO - Processing /home/airflow/.local/lib/python3.12/site-packages/airflow/example_dags/example_complex.py took 0.064 seconds
[2026-08-12T04:35:31.518+0000] {processor.py:186} INFO - Started process (PID=451) to work on /home/airflow/.local/lib/python3.12/site-packages/airflow/example_dags/example_complex.py
[2026-08-12T04:35:31.520+0000] {processor.py:914} INFO - Processing file /home/airflow/.local/lib/python3.12/site-packages/airflow/example_dags/example_complex.py for tasks to queue
[2026-08-12T04:35:31.522+0000] {logging_mixin.py:190} INFO - [2026-08-12T04:35:31.521+0000] {dagbag.py:587} INFO - Filling up the DagBag from /home/airflow/.local/lib/python3.12/site-packages/airflow/example_dags/example_complex.py
[2026-08-12T04:35:31.530+0000] {processor.py:925} INFO - DAG(s) 'example_complex' retrieved from /home/airflow/.local/lib/python3.12/site-packages/airflow/example_dags/example_complex.py
[2026-08-12T04:35:31.550+0000] {logging_mixin.py:190} INFO - [2026-08-12T04:35:31.550+0000] {dag.py:3211} INFO - Sync 1 DAGs
[2026-08-12T04:35:31.560+0000] {logging_mixin.py:190} INFO - [2026-08-12T04:35:31.559+0000] {dag.py:4138} INFO - Setting next_dagrun for example_complex to None, run_after=None
[2026-08-12T04:35:31.572+0000] {processor.py:208} INFO - Processing /home/airflow/.local/lib/python3.12/site-packages/airflow/example_dags/example_complex.py took 0.059 seconds
[2026-08-12T04:36:01.721+0000] {processor.py:186} INFO - Started process (PID=513) to work on /home/airflow/.local/lib/python3.12/site-packages/airflow/example_dags/example_complex.py
[2026-08-12T04:36:01.722+0000] {processor.py:914} INFO - Processing file /home/airflow/.local/lib/python3.12/site-packages/airflow/example_dags/example_complex.py for tasks to queue
[2026-08-12T04:36:01.724+0000] {logging_mixin.py:190} INFO - [2026-08-12T04:36:01.723+0000] {dagbag.py:587} INFO - Filling up the DagBag from /home/airflow/.local/lib/python3.12/site-packages/airflow/example_dags/example_complex.py
[2026-08-12T04:36:01.733+0000] {processor.py:925} INFO - DAG(s) 'example_complex' retrieved from /home/airflow/.local/lib/python3.12/site-packages/airflow/example_dags/example_complex.py
[2026-08-12T04:36:01.752+0000] {logging_mixin.py:190} INFO - [2026-08-12T04:36:01.752+0000] {dag.py:3211} INFO - Sync 1 DAGs
[2026-08-12T04:36:01.762+0000] {logging_mixin.py:190} INFO - [2026-08-12T04:36:01.762+0000] {dag.py:4138} INFO - Setting next_dagrun for example_complex to None, run_after=None
[2026-08-12T04:36:01.775+0000] {processor.py:208} INFO - Processing /home/airflow/.local/lib/python3.12/site-packages/airflow/example_dags/example_complex.py took 0.059 seconds
[2026-08-12T04:36:32.604+0000] {processor.py:186} INFO - Started process (PID=575) to work on /home/airflow/.local/lib/python3.12/site-packages/airflow/example_dags/example_complex.py
[2026-08-12T04:36:32.605+0000] {processor.py:914} INFO - Processing file /home/airflow/.local/lib/python3.12/site-packages/airflow/example_dags/example_complex.py for tasks to queue
[2026-08-12T04:36:32.607+0000] {logging_mixin.py:190} INFO - [2026-08-12T04:36:32.607+0000] {dagbag.py:587} INFO - Filling up the DagBag from /home/airflow/.local/lib/python3.12/site-packages/airflow/example_dags/example_complex.py
[2026-08-12T04:36:32.616+0000] {processor.py:925} INFO - DAG(s) 'example_complex' retrieved from /home/airflow/.local/lib/python3.12/site-packages/airflow/example_dags/example_complex.py
[2026-08-12T04:36:32.637+0000] {logging_mixin.py:190} INFO - [2026-08-12T04:36:32.637+0000] {dag.py:3211} INFO - Sync 1 DAGs
[2026-08-12T04:36:32.647+0000] {logging_mixin.py:190} INFO - [2026-08-12T04:36:32.647+0000] {dag.py:4138} INFO - Setting next_dagrun for example_complex to None, run_after=None
[2026-08-12T04:36:32.665+0000] {processor.py:208} INFO - Processing /home/airflow/.local/lib/python3.12/site-packages/airflow/example_dags/example_complex.py took 0.065 seconds
[2026-08-12T04:37:02.974+0000] {processor.py:186} INFO - Started process (PID=637) to work on /home/airflow/.local/lib/python3.12/site-packages/airflow/example_dags/example_complex.py
[2026-08-12T04:37:02.975+0000] {processor.py:914} INFO - Processing file /home/airflow/.local/lib/python3.12/site-packages/airflow/example_dags/example_complex.py for tasks to queue
[2026-08-12T04:37:02.978+0000] {logging_mixin.py:190} INFO - [2026-08-12T04:37:02.978+0000] {dagbag.py:587} INFO - Filling up the DagBag from /home/airflow/.local/lib/python3.12/site-packages/airflow/example_dags/example_complex.py
[2026-08-12T04:37:02.988+0000] {processor.py:925} INFO - DAG(s) 'example_complex' retrieved from /home/airflow/.local/lib/python3.12/site-packages/airflow/example_dags/example_complex.py
[2026-08-12T04:37:03.010+0000] {logging_mixin.py:190} INFO - [2026-08-12T04:37:03.010+0000] {dag.py:3211} INFO - Sync 1 DAGs
[2026-08-12T04:37:03.023+0000] {logging_mixin.py:190} INFO - [2026-08-12T04:37:03.023+0000] {dag.py:4138} INFO - Setting next_dagrun for example_complex to None, run_after=None
[2026-08-12T04:37:03.037+0000] {processor.py:208} INFO - Processing /home/airflow/.local/lib/python3.12/site-packages/airflow/example_dags/example_complex.py took 0.068 seconds
[2026-08-12T04:37:33.098+0000] {processor.py:186} INFO - Started process (PID=699) to work on /home/airflow/.local/lib/python3.12/site-packages/airflow/example_dags/example_complex.py
[2026-08-12T04:37:33.099+0000] {processor.py:914} INFO - Processing file /home/airflow/.local/lib/python3.12/site-packages/airflow/example_dags/example_complex.py for tasks to queue
[2026-08-12T04:37:33.101+0000] {logging_mixin.py:190} INFO - [2026-08-12T04:37:33.100+0000] {dagbag.py:587} INFO - Filling up the DagBag from /home/airflow/.local/lib/python3.12/site-packages/airflow/example_dags/example_complex.py
[2026-08-12T04:37:33.109+0000] {processor.py:925} INFO - DAG(s) 'example_complex' retrieved from /home/airflow/.local/lib/python3.12/site-packages/airflow/example_dags/example_complex.py
[2026-08-12T04:37:33.129+0000] {logging_mixin.py:190} INFO - [2026-08-12T04:37:33.129+0000] {dag.py:3211} INFO - Sync 1 DAGs
[2026-08-12T04:37:33.139+0000] {logging_mixin.py:190} INFO - [2026-08-12T04:37:33.139+0000] {dag.py:4138} INFO - Setting next_dagrun for example_complex to None, run_after=None
[2026-08-12T04:37:33.153+0000] {processor.py:208} INFO - Processing /home/airflow/.local/lib/python3.12/site-packages/airflow/example_dags/example_complex.py took 0.060 seconds
[2026-08-12T04:38:03.536+0000] {processor.py:186} INFO - Started process (PID=761) to work on /home/airflow/.local/lib/python3.12/site-packages/airflow/example_dags/example_complex.py
[2026-08-12T04:38:03.537+0000] {processor.py:914} INFO - Processing file /home/airflow/.local/lib/python3.12/site-packages/airflow/example_dags/example_complex.py for tasks to queue
[2026-08-12T04:38:03.539+0000] {logging_mixin.py:190} INFO - [2026-08-12T04:38:03.539+0000] {dagbag.py:587} INFO - Filling up the DagBag from /home/airflow/.local/lib/python3.12/site-packages/airflow/example_dags/example_complex.py
[2026-08-12T04:38:03.547+0000] {processor.py:925} INFO - DAG(s) 'example_complex' retrieved from /home/airflow/.local/lib/python3.12/site-packages/airflow/example_dags/example_complex.py
[2026-08-12T04:38:03.568+0000] {logging_mixin.py:190} INFO - [2026-08-12T04:38:03.568+0000] {dag.py:3211} INFO - Sync 1 DAGs
[2026-08-12T04:38:03.577+0000] {logging_mixin.py:190} INFO - [2026-08-12T04:38:03.577+0000] {dag.py:4138} INFO - Setting next_dagrun for example_complex to None, run_after=None
[2026-08-12T04:38:03.592+0000] {processor.py:208} INFO - Processing /home/airflow/.local/lib/python3.12/site-packages/airflow/example_dags/example_complex.py took 0.060 seconds
[2026-08-12T04:38:34.563+0000] {processor.py:186} INFO - Started process (PID=823) to work on /home/airflow/.local/lib/python3.12/site-packages/airflow/example_dags/example_complex.py
[2026-08-12T04:38:34.564+0000] {processor.py:914} INFO - Processing file /home/airflow/.local/lib/python3.12/site-packages/airflow/example_dags/example_complex.py for tasks to queue
[2026-08-12T04:38:34.566+0000] {logging_mixin.py:190} INFO - [2026-08-12T04:38:34.566+0000] {dagbag.py:587} INFO - Filling up the DagBag from /home/airflow/.local/lib/python3.12/site-packages/airflow/example_dags/example_complex.py
[2026-08-12T04:38:34.574+0000] {processor.py:925} INFO - DAG(s) 'example_complex' retrieved from /home/airflow/.local/lib/python3.12/site-packages/airflow/example_dags/example_complex.py
[2026-08-12T04:38:34.597+0000] {logging_mixin.py:190} INFO - [2026-08-12T04:38:34.597+0000] {dag.py:3211} INFO - Sync 1 DAGs
[2026-08-12T04:38:34.608+0000] {logging_mixin.py:190} INFO - [2026-08-12T04:38:34.608+0000] {dag.py:4138} INFO - Setting next_dagrun for example_complex to None, run_after=None
[2026-08-12T04:38:34.624+0000] {processor.py:208} INFO - Processing /home/airflow/.local/lib/python3.12/site-packages/airflow/example_dags/example_complex.py took 0.064 seconds
[2026-08-12T04:39:04.798+0000] {processor.py:186} INFO - Started process (PID=885) to work on /home/airflow/.local/lib/python3.12/site-packages/airflow/example_dags/example_complex.py
[2026-08-12T04:39:04.799+0000] {processor.py:914} INFO - Processing file /home/airflow/.local/lib/python3.12/site-packages/airflow/example_dags/example_complex.py for tasks to queue
[2026-08-12T04:39:04.801+0000] {logging_mixin.py:190} INFO - [2026-08-12T04:39:04.801+0000] {dagbag.py:587} INFO - Filling up the DagBag from /home/airflow/.local/lib/python3.12/site-packages/airflow/example_dags/example_complex.py
[2026-08-12T04:39:04.809+0000] {processor.py:925} INFO - DAG(s) 'example_complex' retrieved from /home/airflow/.local/lib/python3.12/site-packages/airflow/example_dags/example_complex.py
[2026-08-12T04:39:04.828+0000] {logging_mixin.py:190} INFO - [2026-08-12T04:39:04.828+0000] {dag.py:3211} INFO - Sync 1 DAGs
[2026-08-12T04:39:04.838+0000] {logging_mixin.py:190} INFO - [2026-08-12T04:39:04.838+0000] {dag.py:4138} INFO - Setting next_dagrun for example_complex to None, run_after=None
[2026-08-12T04:39:04.851+0000] {processor.py:208} INFO - Processing /home/airflow/.local/lib/python3.12/site-packages/airflow/example_dags/example_complex.py took 0.057 seconds
[2026-08-12T04:39:35.128+0000] {processor.py:186} INFO - Started process (PID=947) to work on /home/airflow/.local/lib/python3.12/site-packages/airflow/example_dags/example_complex.py
[2026-08-12T04:39:35.129+0000] {processor.py:914} INFO - Processing file /home/airflow/.local/lib/python3.12/site-packages/airflow/example_dags/example_complex.py for tasks to queue
[2026-08-12T04:39:35.131+0000] {logging_mixin.py:190} INFO - [2026-08-12T04:39:35.131+0000] {dagbag.py:587} INFO - Filling up the DagBag from /home/airflow/.local/lib/python3.12/site-packages/airflow/example_dags/example_complex.py
[2026-08-12T04:39:35.139+0000] {processor.py:925} INFO - DAG(s) 'example_complex' retrieved from /home/airflow/.local/lib/python3.12/site-packages/airflow/example_dags/example_complex.py
[2026-08-12T04:39:35.158+0000] {logging_mixin.py:190} INFO - [2026-08-12T04:39:35.158+0000] {dag.py:3211} INFO - Sync 1 DAGs
[2026-08-12T04:39:35.165+0000] {logging_mixin.py:190} INFO - [2026-08-12T04:39:35.165+0000] {dag.py:4138} INFO - Setting next_dagrun for example_complex to None, run_after=None
[2026-08-12T04:39:35.177+0000] {processor.py:208} INFO - Processing /home/airflow/.local/lib/python3.12/site-packages/airflow/example_dags/example_complex.py took 0.057 seconds
[2026-08-12T04:40:05.917+0000] {processor.py:186} INFO - Started process (PID=1009) to work on /home/airflow/.local/lib/python3.12/site-packages/airflow/example_dags/example_complex.py
[2026-08-12T04:40:05.918+0000] {processor.py:914} INFO - Processing file /home/airflow/.local/lib/python3.12/site-packages/airflow/example_dags/example_complex.py for tasks to queue
[2026-08-12T04:40:05.920+0000] {logging_mixin.py:190} INFO - [2026-08-12T04:40:05.920+0000] {dagbag.py:587} INFO - Filling up the DagBag from /home/airflow/.local/lib/python3.12/site-packages/airflow/example_dags/example_complex.py
[2026-08-12T04:40:05.928+0000] {processor.py:925} INFO - DAG(s) 'example_complex' retrieved from /home/airflow/.local/lib/python3.12/site-packages/airflow/example_dags/example_complex.py
[2026-08-12T04:40:05.948+0000] {logging_mixin.py:190} INFO - [2026-08-12T04:40:05.948+0000] {dag.py:3211} INFO - Sync 1 DAGs
[2026-08-12T04:40:05.958+0000] {logging_mixin.py:190} INFO - [2026-08-12T04:40:05.958+0000] {dag.py:4138} INFO - Setting next_dagrun for example_complex to None, run_after=None
[2026-08-12T04:40:05.971+0000] {processor.py:208} INFO - Processing /home/airflow/.local/lib/python3.12/site-packages/airflow/example_dags/example_complex.py took 0.058 seconds
[2026-08-12T04:40:36.614+0000] {processor.py:186} INFO - Started process (PID=1071) to work on /home/airflow/.local/lib/python3.12/site-packages/airflow/example_dags/example_complex.py
[2026-08-12T04:40:36.615+0000] {processor.py:914} INFO - Processing file /home/airflow/.local/lib/python3.12/site-packages/airflow/example_dags/example_complex.py for tasks to queue
[2026-08-12T04:40:36.617+0000] {logging_mixin.py:190} INFO - [2026-08-12T04:40:36.616+0000] {dagbag.py:587} INFO - Filling up the DagBag from /home/airflow/.local/lib/python3.12/site-packages/airflow/example_dags/example_complex.py
[2026-08-12T04:40:36.624+0000] {processor.py:925} INFO - DAG(s) 'example_complex' retrieved from /home/airflow/.local/lib/python3.12/site-packages/airflow/example_dags/example_complex.py
[2026-08-12T04:40:36.645+0000] {logging_mixin.py:190} INFO - [2026-08-12T04:40:36.644+0000] {dag.py:3211} INFO - Sync 1 DAGs
[2026-08-12T04:40:36.654+0000] {logging_mixin.py:190} INFO - [2026-08-12T04:40:36.654+0000] {dag.py:4138} INFO - Setting next_dagrun for example_complex to None, run_after=None
[2026-08-12T04:40:36.666+0000] {processor.py:208} INFO - Processing /home/airflow/.local/lib/python3.12/site-packages/airflow/example_dags/example_complex.py took 0.056 seconds
[2026-08-12T04:41:07.392+0000] {processor.py:186} INFO - Started process (PID=1133) to work on /home/airflow/.local/lib/python3.12/site-packages/airflow/example_dags/example_complex.py
[2026-08-12T04:41:07.393+0000] {processor.py:914} INFO - Processing file /home/airflow/.local/lib/python3.12/site-packages/airflow/example_dags/example_complex.py for tasks to queue
[2026-08-12T04:41:07.395+0000] {logging_mixin.py:190} INFO - [2026-08-12T04:41:07.395+0000] {dagbag.py:587} INFO - Filling up the DagBag from /home/airflow/.local/lib/python3.12/site-packages/airflow/example_dags/example_complex.py
[2026-08-12T04:41:07.403+0000] {processor.py:925} INFO - DAG(s) 'example_complex' retrieved from /home/airflow/.local/lib/python3.12/site-packages/airflow/example_dags/example_complex.py
[2026-08-12T04:41:07.425+0000] {logging_mixin.py:190} INFO - [2026-08-12T04:41:07.425+0000] {dag.py:3211} INFO - Sync 1 DAGs
[2026-08-12T04:41:07.437+0000] {logging_mixin.py:190} INFO - [2026-08-12T04:41:07.437+0000] {dag.py:4138} INFO - Setting next_dagrun for example_complex to None, run_after=None
[2026-08-12T04:41:07.451+0000] {processor.py:208} INFO - Processing /home/airflow/.local/lib/python3.12/site-packages/airflow/example_dags/example_complex.py took 0.063 seconds
[2026-08-12T04:41:38.086+0000] {processor.py:186} INFO - Started process (PID=1195) to work on /home/airflow/.local/lib/python3.12/site-packages/airflow/example_dags/example_complex.py
[2026-08-12T04:41:38.087+0000] {processor.py:914} INFO - Processing file /home/airflow/.local/lib/python3.12/site-packages/airflow/example_dags/example_complex.py for tasks to queue
[2026-08-12T04:41:38.089+0000] {logging_mixin.py:190} INFO - [2026-08-12T04:41:38.089+0000] {dagbag.py:587} INFO - Filling up the DagBag from /home/airflow/.local/lib/python3.12/site-packages/airflow/example_dags/example_complex.py
[2026-08-12T04:41:38.097+0000] {processor.py:925} INFO - DAG(s) 'example_complex' retrieved from /home/airflow/.local/lib/python3.12/site-packages/airflow/example_dags/example_complex.py
[2026-08-12T04:41:38.116+0000] {logging_mixin.py:190} INFO - [2026-08-12T04:41:38.116+0000] {dag.py:3211} INFO - Sync 1 DAGs
[2026-08-12T04:41:38.126+0000] {logging_mixin.py:190} INFO - [2026-08-12T04:41:38.126+0000] {dag.py:4138} INFO - Setting next_dagrun for example_complex to None, run_after=None
[2026-08-12T04:41:38.138+0000] {processor.py:208} INFO - Processing /home/airflow/.local/lib/python3.12/site-packages/airflow/example_dags/example_complex.py took 0.057 seconds
[2026-08-12T04:42:09.081+0000] {processor.py:186} INFO - Started process (PID=1257) to work on /home/airflow/.local/lib/python3.12/site-packages/airflow/example_dags/example_complex.py
[2026-08-12T04:42:09.083+0000] {processor.py:914} INFO - Processing file /home/airflow/.local/lib/python3.12/site-packages/airflow/example_dags/example_complex.py for tasks to queue
[2026-08-12T04:42:09.085+0000] {logging_mixin.py:190} INFO - [2026-08-12T04:42:09.085+0000] {dagbag.py:587} INFO - Filling up the DagBag from /home/airflow/.local/lib/python3.12/site-packages/airflow/example_dags/example_complex.py
[2026-08-12T04:42:09.093+0000] {processor.py:925} INFO - DAG(s) 'example_complex' retrieved from /home/airflow/.local/lib/python3.12/site-packages/airflow/example_dags/example_complex.py
[2026-08-12T04:42:09.116+0000] {logging_mixin.py:190} INFO - [2026-08-12T04:42:09.115+0000] {dag.py:3211} INFO - Sync 1 DAGs
[2026-08-12T04:42:09.126+0000] {logging_mixin.py:190} INFO - [2026-08-12T04:42:09.126+0000] {dag.py:4138} INFO - Setting next_dagrun for example_complex to None, run_after=None
[2026-08-12T04:42:09.140+0000] {processor.py:208} INFO - Processing /home/airflow/.local/lib/python3.12/site-packages/airflow/example_dags/example_complex.py took 0.064 seconds
[2026-08-12T04:42:39.923+0000] {processor.py:186} INFO - Started process (PID=1319) to work on /home/airflow/.local/lib/python3.12/site-packages/airflow/example_dags/example_complex.py
[2026-08-12T04:42:39.924+0000] {processor.py:914} INFO - Processing file /home/airflow/.local/lib/python3.12/site-packages/airflow/example_dags/example_complex.py for tasks to queue
[2026-08-12T04:42:39.926+0000] {logging_mixin.py:190} INFO - [2026-08-12T04:42:39.926+0000] {dagbag.py:587} INFO - Filling up the DagBag from /home/airflow/.local/lib/python3.12/site-packages/airflow/example_dags/example_complex.py
[2026-08-12T04:42:39.934+0000] {processor.py:925} INFO - DAG(s) 'example_complex' retrieved from /home/airflow/.local/lib/python3.12/site-packages/airflow/example_dags/example_complex.py
[2026-08-12T04:42:39.954+0000] {logging_mixin.py:190} INFO - [2026-08-12T04:42:39.954+0000] {dag.py:3211} INFO - Sync 1 DAGs
[2026-08-12T04:42:39.964+0000] {logging_mixin.py:190} INFO - [2026-08-12T04:42:39.964+0000] {dag.py:4138} INFO - Setting next_dagrun for example_complex to None, run_after=None
[2026-08-12T04:42:39.977+0000] {processor.py:208} INFO - Processing /home/airflow/.local/lib/python3.12/site-packages/airflow/example_dags/example_complex.py took 0.058 seconds
[2026-08-12T04:43:10.832+0000] {processor.py:186} INFO - Started process (PID=1381) to work on /home/airflow/.local/lib/python3.12/site-packages/airflow/example_dags/example_complex.py
[2026-08-12T04:43:10.834+0000] {processor.py:914} INFO - Processing file /home/airflow/.local/lib/python3.12/site-packages/airflow/example_dags/example_complex.py for tasks to queue
[2026-08-12T04:43:10.836+0000] {logging_mixin.py:190} INFO - [2026-08-12T04:43:10.835+0000] {dagbag.py:587} INFO - Filling up the DagBag from /home/airflow/.local/lib/python3.12/site-packages/airflow/example_dags/example_complex.py
[2026-08-12T04:43:10.843+0000] {processor.py:925} INFO - DAG(s) 'example_complex' retrieved from /home/airflow/.local/lib/python3.12/site-packages/airflow/example_dags/example_complex.py
[2026-08-12T04:43:10.862+0000] {logging_mixin.py:190} INFO - [2026-08-12T04:43:10.862+0000] {dag.py:3211} INFO - Sync 1 DAGs
[2026-08-12T04:43:10.872+0000] {logging_mixin.py:190} INFO - [2026-08-12T04:43:10.872+0000] {dag.py:4138} INFO - Setting next_dagrun for example_complex to None, run_after=None
[2026-08-12T04:43:10.886+0000] {processor.py:208} INFO - Processing /home/airflow/.local/lib/python3.12/site-packages/airflow/example_dags/example_complex.py took 0.057 seconds
[2026-08-12T04:43:40.953+0000] {processor.py:186} INFO - Started process (PID=1443) to work on /home/airflow/.local/lib/python3.12/site-packages/airflow/example_dags/example_complex.py
[2026-08-12T04:43:40.954+0000] {processor.py:914} INFO - Processing file /home/airflow/.local/lib/python3.12/site-packages/airflow/example_dags/example_complex.py for tasks to queue
[2026-08-12T04:43:40.957+0000] {logging_mixin.py:190} INFO - [2026-08-12T04:43:40.957+0000] {dagbag.py:587} INFO - Filling up the DagBag from /home/airflow/.local/lib/python3.12/site-packages/airflow/example_dags/example_complex.py
[2026-08-12T04:43:40.966+0000] {processor.py:925} INFO - DAG(s) 'example_complex' retrieved from /home/airflow/.local/lib/python3.12/site-packages/airflow/example_dags/example_complex.py
[2026-08-12T04:43:40.986+0000] {logging_mixin.py:190} INFO - [2026-08-12T04:43:40.985+0000] {dag.py:3211} INFO - Sync 1 DAGs
[2026-08-12T04:43:40.996+0000] {logging_mixin.py:190} INFO - [2026-08-12T04:43:40.996+0000] {dag.py:4138} INFO - Setting next_dagrun for example_complex to None, run_after=None
[2026-08-12T04:43:41.008+0000] {processor.py:208} INFO - Processing /home/airflow/.local/lib/python3.12/site-packages/airflow/example_dags/example_complex.py took 0.060 seconds
[2026-08-12T04:44:11.258+0000] {processor.py:186} INFO - Started process (PID=1505) to work on /home/airflow/.local/lib/python3.12/site-packages/airflow/example_dags/example_complex.py
[2026-08-12T04:44:11.259+0000] {processor.py:914} INFO - Processing file /home/airflow/.local/lib/python3.12/site-packages/airflow/example_dags/example_complex.py for tasks to queue
[2026-08-12T04:44:11.261+0000] {logging_mixin.py:190} INFO - [2026-08-12T04:44:11.261+0000] {dagbag.py:587} INFO - Filling up the DagBag from /home/airflow/.local/lib/python3.12/site-packages/airflow/example_dags/example_complex.py
[2026-08-12T04:44:11.270+0000] {processor.py:925} INFO - DAG(s) 'example_complex' retrieved from /home/airflow/.local/lib/python3.12/site-packages/airflow/example_dags/example_complex.py
[2026-08-12T04:44:11.292+0000] {logging_mixin.py:190} INFO - [2026-08-12T04:44:11.291+0000] {dag.py:3211} INFO - Sync 1 DAGs
[2026-08-12T04:44:11.303+0000] {logging_mixin.py:190} INFO - [2026-08-12T04:44:11.303+0000] {dag.py:4138} INFO - Setting next_dagrun for example_complex to None, run_after=None
[2026-08-12T04:44:11.318+0000] {processor.py:208} INFO - Processing /home/airflow/.local/lib/python3.12/site-packages/airflow/example_dags/example_complex.py took 0.064 seconds
[2026-08-12T04:44:42.337+0000] {processor.py:186} INFO - Started process (PID=1567) to work on /home/airflow/.local/lib/python3.12/site-packages/airflow/example_dags/example_complex.py
[2026-08-12T04:44:42.338+0000] {processor.py:914} INFO - Processing file /home/airflow/.local/lib/python3.12/site-packages/airflow/example_dags/example_complex.py for tasks to queue
[2026-08-12T04:44:42.340+0000] {logging_mixin.py:190} INFO - [2026-08-12T04:44:42.340+0000] {dagbag.py:587} INFO - Filling up the DagBag from /home/airflow/.local/lib/python3.12/site-packages/airflow/example_dags/example_complex.py
[2026-08-12T04:44:42.348+0000] {processor.py:925} INFO - DAG(s) 'example_complex' retrieved from /home/airflow/.local/lib/python3.12/site-packages/airflow/example_dags/example_complex.py
[2026-08-12T04:44:42.370+0000] {logging_mixin.py:190} INFO - [2026-08-12T04:44:42.370+0000] {dag.py:3211} INFO - Sync 1 DAGs
[2026-08-12T04:44:42.381+0000] {logging_mixin.py:190} INFO - [2026-08-12T04:44:42.380+0000] {dag.py:4138} INFO - Setting next_dagrun for example_complex to None, run_after=None
[2026-08-12T04:44:42.395+0000] {processor.py:208} INFO - Processing /home/airflow/.local/lib/python3.12/site-packages/airflow/example_dags/example_complex.py took 0.063 seconds
[2026-08-12T04:45:13.446+0000] {processor.py:186} INFO - Started process (PID=1629) to work on /home/airflow/.local/lib/python3.12/site-packages/airflow/example_dags/example_complex.py
[2026-08-12T04:45:13.448+0000] {processor.py:914} INFO - Processing file /home/airflow/.local/lib/python3.12/site-packages/airflow/example_dags/example_complex.py for tasks to queue
[2026-08-12T04:45:13.450+0000] {logging_mixin.py:190} INFO - [2026-08-12T04:45:13.450+0000] {dagbag.py:587} INFO - Filling up the DagBag from /home/airflow/.local/lib/python3.12/site-packages/airflow/example_dags/example_complex.py
[2026-08-12T04:45:13.458+0000] {processor.py:925} INFO - DAG(s) 'example_complex' retrieved from /home/airflow/.local/lib/python3.12/site-packages/airflow/example_dags/example_complex.py
[2026-08-12T04:45:13.478+0000] {logging_mixin.py:190} INFO - [2026-08-12T04:45:13.477+0000] {dag.py:3211} INFO - Sync 1 DAGs
[2026-08-12T04:45:13.488+0000] {logging_mixin.py:190} INFO - [2026-08-12T04:45:13.488+0000] {dag.py:4138} INFO - Setting next_dagrun for example_complex to None, run_after=None
[2026-08-12T04:45:13.501+0000] {processor.py:208} INFO - Processing /home/airflow/.local/lib/python3.12/site-packages/airflow/example_dags/example_complex.py took 0.059 seconds
[2026-08-12T04:45:43.885+0000] {processor.py:186} INFO - Started process (PID=1691) to work on /home/airflow/.local/lib/python3.12/site-packages/airflow/example_dags/example_complex.py
[2026-08-12T04:45:43.886+0000] {processor.py:914} INFO - Processing file /home/airflow/.local/lib/python3.12/site-packages/airflow/example_dags/example_complex.py for tasks to queue
[2026-08-12T04:45:43.889+0000] {logging_mixin.py:190} INFO - [2026-08-12T04:45:43.888+0000] {dagbag.py:587} INFO - Filling up the DagBag from /home/airflow/.local/lib/python3.12/site-packages/airflow/example_dags/example_complex.py
[2026-08-12T04:45:43.896+0000] {processor.py:925} INFO - DAG(s) 'example_complex' retrieved from /home/airflow/.local/lib/python3.12/site-packages/airflow/example_dags/example_complex.py
[2026-08-12T04:45:43.916+0000] {logging_mixin.py:190} INFO - [2026-08-12T04:45:43.916+0000] {dag.py:3211} INFO - Sync 1 DAGs
[2026-08-12T04:45:43.927+0000] {logging_mixin.py:190} INFO - [2026-08-12T04:45:43.926+0000] {dag.py:4138} INFO - Setting next_dagrun for example_complex to None, run_after=None
[2026-08-12T04:45:43.940+0000] {processor.py:208} INFO - Processing /home/airflow/.local/lib/python3.12/site-packages/airflow/example_dags/example_complex.py took 0.059 seconds
[2026-08-12T04:46:14.228+0000] {processor.py:186} INFO - Started process (PID=1753) to work on /home/airflow/.local/lib/python3.12/site-packages/airflow/example_dags/example_complex.py
[2026-08-12T04:46:14.229+0000] {processor.py:914} INFO - Processing file /home/airflow/.local/lib/python3.12/site-packages/airflow/example_dags/example_complex.py for tasks to queue
[2026-08-12T04:46:14.231+0000] {logging_mixin.py:190} INFO - [2026-08-12T04:46:14.231+0000] {dagbag.py:587} INFO - Filling up the DagBag from /home/airflow/.local/lib/python3.12/site-packages/airflow/example_dags/example_complex.py
[2026-08-12T04:46:14.240+0000] {processor.py:925} INFO - DAG(s) 'example_complex' retrieved from /home/airflow/.local/lib/python3.12/site-packages/airflow/example_dags/example_complex.py
[2026-08-12T04:46:14.261+0000] {logging_mixin.py:190} INFO - [2026-08-12T04:46:14.261+0000] {dag.py:3211} INFO - Sync 1 DAGs
[2026-08-12T04:46:14.275+0000] {logging_mixin.py:190} INFO - [2026-08-12T04:46:14.275+0000] {dag.py:4138} INFO - Setting next_dagrun for example_complex to None, run_after=None
[2026-08-12T04:46:14.290+0000] {processor.py:208} INFO - Processing /home/airflow/.local/lib/python3.12/site-packages/airflow/example_dags/example_complex.py took 0.066 seconds
[2026-08-12T04:46:44.517+0000] {processor.py:186} INFO - Started process (PID=1815) to work on /home/airflow/.local/lib/python3.12/site-packages/airflow/example_dags/example_complex.py
[2026-08-12T04:46:44.518+0000] {processor.py:914} INFO - Processing file /home/airflow/.local/lib/python3.12/site-packages/airflow/example_dags/example_complex.py for tasks to queue
[2026-08-12T04:46:44.520+0000] {logging_mixin.py:190} INFO - [2026-08-12T04:46:44.520+0000] {dagbag.py:587} INFO - Filling up the DagBag from /home/airflow/.local/lib/python3.12/site-packages/airflow/example_dags/example_complex.py
[2026-08-12T04:46:44.528+0000] {processor.py:925} INFO - DAG(s) 'example_complex' retrieved from /home/airflow/.local/lib/python3.12/site-packages/airflow/example_dags/example_complex.py
[2026-08-12T04:46:44.547+0000] {logging_mixin.py:190} INFO - [2026-08-12T04:46:44.547+0000] {dag.py:3211} INFO - Sync 1 DAGs
[2026-08-12T04:46:44.556+0000] {logging_mixin.py:190} INFO - [2026-08-12T04:46:44.556+0000] {dag.py:4138} INFO - Setting next_dagrun for example_complex to None, run_after=None
[2026-08-12T04:46:44.568+0000] {processor.py:208} INFO - Processing /home/airflow/.local/lib/python3.12/site-packages/airflow/example_dags/example_complex.py took 0.056 seconds
[2026-08-12T04:47:14.843+0000] {processor.py:186} INFO - Started process (PID=1877) to work on /home/airflow/.local/lib/python3.12/site-packages/airflow/example_dags/example_complex.py
[2026-08-12T04:47:14.844+0000] {processor.py:914} INFO - Processing file /home/airflow/.local/lib/python3.12/site-packages/airflow/example_dags/example_complex.py for tasks to queue
[2026-08-12T04:47:14.846+0000] {logging_mixin.py:190} INFO - [2026-08-12T04:47:14.846+0000] {dagbag.py:587} INFO - Filling up the DagBag from /home/airflow/.local/lib/python3.12/site-packages/airflow/example_dags/example_complex.py
[2026-08-12T04:47:14.855+0000] {processor.py:925} INFO - DAG(s) 'example_complex' retrieved from /home/airflow/.local/lib/python3.12/site-packages/airflow/example_dags/example_complex.py
[2026-08-12T04:47:14.874+0000] {logging_mixin.py:190} INFO - [2026-08-12T04:47:14.873+0000] {dag.py:3211} INFO - Sync 1 DAGs
[2026-08-12T04:47:14.883+0000] {logging_mixin.py:190} INFO - [2026-08-12T04:47:14.883+0000] {dag.py:4138} INFO - Setting next_dagrun for example_complex to None, run_after=None
[2026-08-12T04:47:14.896+0000] {processor.py:208} INFO - Processing /home/airflow/.local/lib/python3.12/site-packages/airflow/example_dags/example_complex.py took 0.058 seconds
[2026-08-12T04:47:45.268+0000] {processor.py:186} INFO - Started process (PID=1941) to work on /home/airflow/.local/lib/python3.12/site-packages/airflow/example_dags/example_complex.py
[2026-08-12T04:47:45.269+0000] {processor.py:914} INFO - Processing file /home/airflow/.local/lib/python3.12/site-packages/airflow/example_dags/example_complex.py for tasks to queue
[2026-08-12T04:47:45.271+0000] {logging_mixin.py:190} INFO - [2026-08-12T04:47:45.271+0000] {dagbag.py:587} INFO - Filling up the DagBag from /home/airflow/.local/lib/python3.12/site-packages/airflow/example_dags/example_complex.py
[2026-08-12T04:47:45.279+0000] {processor.py:925} INFO - DAG(s) 'example_complex' retrieved from /home/airflow/.local/lib/python3.12/site-packages/airflow/example_dags/example_complex.py
[2026-08-12T04:47:45.299+0000] {logging_mixin.py:190} INFO - [2026-08-12T04:47:45.298+0000] {dag.py:3211} INFO - Sync 1 DAGs
[2026-08-12T04:47:45.309+0000] {logging_mixin.py:190} INFO - [2026-08-12T04:47:45.308+0000] {dag.py:4138} INFO - Setting next_dagrun for example_complex to None, run_after=None
[2026-08-12T04:47:45.320+0000] {processor.py:208} INFO - Processing /home/airflow/.local/lib/python3.12/site-packages/airflow/example_dags/example_complex.py took 0.057 seconds
[2026-08-12T04:48:15.601+0000] {processor.py:186} INFO - Started process (PID=2005) to work on /home/airflow/.local/lib/python3.12/site-packages/airflow/example_dags/example_complex.py
[2026-08-12T04:48:15.602+0000] {processor.py:914} INFO - Processing file /home/airflow/.local/lib/python3.12/site-packages/airflow/example_dags/example_complex.py for tasks to queue
[2026-08-12T04:48:15.604+0000] {logging_mixin.py:190} INFO - [2026-08-12T04:48:15.604+0000] {dagbag.py:587} INFO - Filling up the DagBag from /home/airflow/.local/lib/python3.12/site-packages/airflow/example_dags/example_complex.py
[2026-08-12T04:48:15.612+0000] {processor.py:925} INFO - DAG(s) 'example_complex' retrieved from /home/airflow/.local/lib/python3.12/site-packages/airflow/example_dags/example_complex.py
[2026-08-12T04:48:15.632+0000] {logging_mixin.py:190} INFO - [2026-08-12T04:48:15.631+0000] {dag.py:3211} INFO - Sync 1 DAGs
[2026-08-12T04:48:15.642+0000] {logging_mixin.py:190} INFO - [2026-08-12T04:48:15.641+0000] {dag.py:4138} INFO - Setting next_dagrun for example_complex to None, run_after=None
[2026-08-12T04:48:15.654+0000] {processor.py:208} INFO - Processing /home/airflow/.local/lib/python3.12/site-packages/airflow/example_dags/example_complex.py took 0.057 seconds
