[2026-08-12T04:30:16.909+0000] {processor.py:186} INFO - Started process (PID=82) to work on /home/airflow/.local/lib/python3.12/site-packages/airflow/example_dags/example_latest_only_with_trigger.py
[2026-08-12T04:30:16.910+0000] {processor.py:914} INFO - Processing file /home/airflow/.local/lib/python3.12/site-packages/airflow/example_dags/example_latest_only_with_trigger.py for tasks to queue
[2026-08-12T04:30:16.913+0000] {logging_mixin.py:190} INFO - [2026-08-12T04:30:16.913+0000] {dagbag.py:587} INFO - Filling up the DagBag from /home/airflow/.local/lib/python3.12/site-packages/airflow/example_dags/example_latest_only_with_trigger.py
[2026-08-12T04:30:16.923+0000] {processor.py:925} INFO - DAG(s) 'latest_only_with_trigger' retrieved from /home/airflow/.local/lib/python3.12/site-packages/airflow/example_dags/example_latest_only_with_trigger.py
[2026-08-12T04:30:17.000+0000] {logging_mixin.py:190} INFO - [2026-08-12T04:30:17.000+0000] {override.py:1858} INFO - Created Permission View: can delete on DAG:latest_only_with_trigger
[2026-08-12T04:30:17.008+0000] {logging_mixin.py:190} INFO - [2026-08-12T04:30:17.008+0000] {override.py:1858} INFO - Created Permission View: can read on DAG:latest_only_with_trigger
[2026-08-12T04:30:17.014+0000] {logging_mixin.py:190} INFO - [2026-08-12T04:30:17.013+0000] {override.py:1858} INFO - Created Permission View: can edit on DAG:latest_only_with_trigger
[2026-08-12T04:30:17.014+0000] {logging_mixin.py:190} INFO - [2026-08-12T04:30:17.014+0000] {dag.py:3211} INFO - Sync 1 DAGs
[2026-08-12T04:30:17.024+0000] {logging_mixin.py:190} INFO - [2026-08-12T04:30:17.024+0000] {dag.py:3234} INFO - Creating ORM DAG for latest_only_with_trigger
[2026-08-12T04:30:17.031+0000] {logging_mixin.py:190} INFO - [2026-08-12T04:30:17.031+0000] {dag.py:4138} INFO - Setting next_dagrun for latest_only_with_trigger to 2026-08-12 00:00:00+00:00, run_after=2026-08-12 04:00:00+00:00
[2026-08-12T04:30:17.048+0000] {processor.py:208} INFO - Processing /home/airflow/.local/lib/python3.12/site-packages/airflow/example_dags/example_latest_only_with_trigger.py took 0.144 seconds
[2026-08-12T04:30:47.192+0000] {processor.py:186} INFO - Started process (PID=144) to work on /home/airflow/.local/lib/python3.12/site-packages/airflow/example_dags/example_latest_only_with_trigger.py
[2026-08-12T04:30:47.193+0000] {processor.py:914} INFO - Processing file /home/airflow/.local/lib/python3.12/site-packages/airflow/example_dags/example_latest_only_with_trigger.py for tasks to queue
[2026-08-12T04:30:47.195+0000] {logging_mixin.py:190} INFO - [2026-08-12T04:30:47.195+0000] {dagbag.py:587} INFO - Filling up the DagBag from /home/airflow/.local/lib/python3.12/site-packages/airflow/example_dags/example_latest_only_with_trigger.py
[2026-08-12T04:30:47.201+0000] {processor.py:925} INFO - DAG(s) 'latest_only_with_trigger' retrieved from /home/airflow/.local/lib/python3.12/site-packages/airflow/example_dags/example_latest_only_with_trigger.py
[2026-08-12T04:30:47.217+0000] {logging_mixin.py:190} INFO - [2026-08-12T04:30:47.216+0000] {dag.py:3211} INFO - Sync 1 DAGs
[2026-08-12T04:30:47.234+0000] {logging_mixin.py:190} INFO - [2026-08-12T04:30:47.234+0000] {dag.py:4138} INFO - Setting next_dagrun for latest_only_with_trigger to 2026-08-12 00:00:00+00:00, run_after=2026-08-12 04:00:00+00:00
[2026-08-12T04:30:47.247+0000] {processor.py:208} INFO - Processing /home/airflow/.local/lib/python3.12/site-packages/airflow/example_dags/example_latest_only_with_trigger.py took 0.060 seconds
[2026-08-12T04:31:18.232+0000] {processor.py:186} INFO - Started process (PID=206) to work on /home/airflow/.local/lib/python3.12/site-packages/airflow/example_dags/example_latest_only_with_trigger.py
[2026-08-12T04:31:18.233+0000] {processor.py:914} INFO - Processing file /home/airflow/.local/lib/python3.12/site-packages/airflow/example_dags/example_latest_only_with_trigger.py for tasks to queue
[2026-08-12T04:31:18.235+0000] {logging_mixin.py:190} INFO - [2026-08-12T04:31:18.235+0000] {dagbag.py:587} INFO - Filling up the DagBag from /home/airflow/.local/lib/python3.12/site-packages/airflow/example_dags/example_latest_only_with_trigger.py
[2026-08-12T04:31:18.241+0000] {processor.py:925} INFO - DAG(s) 'latest_only_with_trigger' retrieved from /home/airflow/.local/lib/python3.12/site-packages/airflow/example_dags/example_latest_only_with_trigger.py
[2026-08-12T04:31:18.257+0000] {logging_mixin.py:190} INFO - [2026-08-12T04:31:18.257+0000] {dag.py:3211} INFO - Sync 1 DAGs
[2026-08-12T04:31:18.273+0000] {logging_mixin.py:190} INFO - [2026-08-12T04:31:18.273+0000] {dag.py:4138} INFO - Setting next_dagrun for latest_only_with_trigger to 2026-08-12 00:00:00+00:00, run_after=2026-08-12 04:00:00+00:00
[2026-08-12T04:31:18.287+0000] {processor.py:208} INFO - Processing /home/airflow/.local/lib/python3.12/site-packages/airflow/example_dags/example_latest_only_with_trigger.py took 0.059 seconds
[2026-08-12T04:32:27.281+0000] {processor.py:186} INFO - Started process (PID=76) to work on /home/airflow/.local/lib/python3.12/site-packages/airflow/example_dags/example_latest_only_with_trigger.py
[2026-08-12T04:32:27.283+0000] {processor.py:914} INFO - Processing file /home/airflow/.local/lib/python3.12/site-packages/airflow/example_dags/example_latest_only_with_trigger.py for tasks to queue
[2026-08-12T04:32:27.285+0000] {logging_mixin.py:190} INFO - [2026-08-12T04:32:27.285+0000] {dagbag.py:587} INFO - Filling up the DagBag from /home/airflow/.local/lib/python3.12/site-packages/airflow/example_dags/example_latest_only_with_trigger.py
[2026-08-12T04:32:27.291+0000] {processor.py:925} INFO - DAG(s) 'latest_only_with_trigger' retrieved from /home/airflow/.local/lib/python3.12/site-packages/airflow/example_dags/example_latest_only_with_trigger.py
[2026-08-12T04:32:27.306+0000] {logging_mixin.py:190} INFO - [2026-08-12T04:32:27.306+0000] {dag.py:3211} INFO - Sync 1 DAGs
[2026-08-12T04:32:27.321+0000] {logging_mixin.py:190} INFO - [2026-08-12T04:32:27.320+0000] {dag.py:4138} INFO - Setting next_dagrun for latest_only_with_trigger to 2026-08-12 00:00:00+00:00, run_after=2026-08-12 04:00:00+00:00
[2026-08-12T04:32:27.333+0000] {processor.py:208} INFO - Processing /home/airflow/.local/lib/python3.12/site-packages/airflow/example_dags/example_latest_only_with_trigger.py took 0.056 seconds
[2026-08-12T04:32:58.340+0000] {processor.py:186} INFO - Started process (PID=139) to work on /home/airflow/.local/lib/python3.12/site-packages/airflow/example_dags/example_latest_only_with_trigger.py
[2026-08-12T04:32:58.342+0000] {processor.py:914} INFO - Processing file /home/airflow/.local/lib/python3.12/site-packages/airflow/example_dags/example_latest_only_with_trigger.py for tasks to queue
[2026-08-12T04:32:58.344+0000] {logging_mixin.py:190} INFO - [2026-08-12T04:32:58.344+0000] {dagbag.py:587} INFO - Filling up the DagBag from /home/airflow/.local/lib/python3.12/site-packages/airflow/example_dags/example_latest_only_with_trigger.py
[2026-08-12T04:32:58.350+0000] {processor.py:925} INFO - DAG(s) 'latest_only_with_trigger' retrieved from /home/airflow/.local/lib/python3.12/site-packages/airflow/example_dags/example_latest_only_with_trigger.py
[2026-08-12T04:32:58.366+0000] {logging_mixin.py:190} INFO - [2026-08-12T04:32:58.365+0000] {dag.py:3211} INFO - Sync 1 DAGs
[2026-08-12T04:32:58.381+0000] {logging_mixin.py:190} INFO - [2026-08-12T04:32:58.381+0000] {dag.py:4138} INFO - Setting next_dagrun for latest_only_with_trigger to 2026-08-12 00:00:00+00:00, run_after=2026-08-12 04:00:00+00:00
[2026-08-12T04:32:58.395+0000] {processor.py:208} INFO - Processing /home/airflow/.local/lib/python3.12/site-packages/airflow/example_dags/example_latest_only_with_trigger.py took 0.059 seconds
[2026-08-12T04:33:29.133+0000] {processor.py:186} INFO - Started process (PID=201) to work on /home/airflow/.local/lib/python3.12/site-packages/airflow/example_dags/example_latest_only_with_trigger.py
[2026-08-12T04:33:29.134+0000] {processor.py:914} INFO - Processing file /home/airflow/.local/lib/python3.12/site-packages/airflow/example_dags/example_latest_only_with_trigger.py for tasks to queue
[2026-08-12T04:33:29.136+0000] {logging_mixin.py:190} INFO - [2026-08-12T04:33:29.135+0000] {dagbag.py:587} INFO - Filling up the DagBag from /home/airflow/.local/lib/python3.12/site-packages/airflow/example_dags/example_latest_only_with_trigger.py
[2026-08-12T04:33:29.143+0000] {processor.py:925} INFO - DAG(s) 'latest_only_with_trigger' retrieved from /home/airflow/.local/lib/python3.12/site-packages/airflow/example_dags/example_latest_only_with_trigger.py
[2026-08-12T04:33:29.157+0000] {logging_mixin.py:190} INFO - [2026-08-12T04:33:29.157+0000] {dag.py:3211} INFO - Sync 1 DAGs
[2026-08-12T04:33:29.172+0000] {logging_mixin.py:190} INFO - [2026-08-12T04:33:29.172+0000] {dag.py:4138} INFO - Setting next_dagrun for latest_only_with_trigger to 2026-08-12 00:00:00+00:00, run_after=2026-08-12 04:00:00+00:00
[2026-08-12T04:33:29.187+0000] {processor.py:208} INFO - Processing /home/airflow/.local/lib/python3.12/site-packages/airflow/example_dags/example_latest_only_with_trigger.py took 0.057 seconds
[2026-08-12T04:34:00.267+0000] {processor.py:186} INFO - Started process (PID=263) to work on /home/airflow/.local/lib/python3.12/site-packages/airflow/example_dags/example_latest_only_with_trigger.py
[2026-08-12T04:34:00.267+0000] {processor.py:914} INFO - Processing file /home/airflow/.local/lib/python3.12/site-packages/airflow/example_dags/example_latest_only_with_trigger.py for tasks to queue
[2026-08-12T04:34:00.269+0000] {logging_mixin.py:190} INFO - [2026-08-12T04:34:00.269+0000] {dagbag.py:587} INFO - Filling up the DagBag from /home/airflow/.local/lib/python3.12/site-packages/airflow/example_dags/example_latest_only_with_trigger.py
[2026-08-12T04:34:00.275+0000] {processor.py:925} INFO - DAG(s) 'latest_only_with_trigger' retrieved from /home/airflow/.local/lib/python3.12/site-packages/airflow/example_dags/example_latest_only_with_trigger.py
[2026-08-12T04:34:00.289+0000] {logging_mixin.py:190} INFO - [2026-08-12T04:34:00.289+0000] {dag.py:3211} INFO - Sync 1 DAGs
[2026-08-12T04:34:00.306+0000] {logging_mixin.py:190} INFO - [2026-08-12T04:34:00.306+0000] {dag.py:4138} INFO - Setting next_dagrun for latest_only_with_trigger to 2026-08-12 00:00:00+00:00, run_after=2026-08-12 04:00:00+00:00
[2026-08-12T04:34:00.319+0000] {processor.py:208} INFO - Processing /home/airflow/.local/lib/python3.12/site-packages/airflow/example_dags/example_latest_only_with_trigger.py took 0.057 seconds
[2026-08-12T04:34:30.602+0000] {processor.py:186} INFO - Started process (PID=325) to work on /home/airflow/.local/lib/python3.12/site-packages/airflow/example_dags/example_latest_only_with_trigger.py
[2026-08-12T04:34:30.602+0000] {processor.py:914} INFO - Processing file /home/airflow/.local/lib/python3.12/site-packages/airflow/example_dags/example_latest_only_with_trigger.py for tasks to queue
[2026-08-12T04:34:30.604+0000] {logging_mixin.py:190} INFO - [2026-08-12T04:34:30.604+0000] {dagbag.py:587} INFO - Filling up the DagBag from /home/airflow/.local/lib/python3.12/site-packages/airflow/example_dags/example_latest_only_with_trigger.py
[2026-08-12T04:34:30.610+0000] {processor.py:925} INFO - DAG(s) 'latest_only_with_trigger' retrieved from /home/airflow/.local/lib/python3.12/site-packages/airflow/example_dags/example_latest_only_with_trigger.py
[2026-08-12T04:34:30.624+0000] {logging_mixin.py:190} INFO - [2026-08-12T04:34:30.624+0000] {dag.py:3211} INFO - Sync 1 DAGs
[2026-08-12T04:34:30.640+0000] {logging_mixin.py:190} INFO - [2026-08-12T04:34:30.640+0000] {dag.py:4138} INFO - Setting next_dagrun for latest_only_with_trigger to 2026-08-12 00:00:00+00:00, run_after=2026-08-12 04:00:00+00:00
[2026-08-12T04:34:30.653+0000] {processor.py:208} INFO - Processing /home/airflow/.local/lib/python3.12/site-packages/airflow/example_dags/example_latest_only_with_trigger.py took 0.056 seconds
[2026-08-12T04:35:01.027+0000] {processor.py:186} INFO - Started process (PID=387) to work on /home/airflow/.local/lib/python3.12/site-packages/airflow/example_dags/example_latest_only_with_trigger.py
[2026-08-12T04:35:01.029+0000] {processor.py:914} INFO - Processing file /home/airflow/.local/lib/python3.12/site-packages/airflow/example_dags/example_latest_only_with_trigger.py for tasks to queue
[2026-08-12T04:35:01.031+0000] {logging_mixin.py:190} INFO - [2026-08-12T04:35:01.031+0000] {dagbag.py:587} INFO - Filling up the DagBag from /home/airflow/.local/lib/python3.12/site-packages/airflow/example_dags/example_latest_only_with_trigger.py
[2026-08-12T04:35:01.038+0000] {processor.py:925} INFO - DAG(s) 'latest_only_with_trigger' retrieved from /home/airflow/.local/lib/python3.12/site-packages/airflow/example_dags/example_latest_only_with_trigger.py
[2026-08-12T04:35:01.052+0000] {logging_mixin.py:190} INFO - [2026-08-12T04:35:01.052+0000] {dag.py:3211} INFO - Sync 1 DAGs
[2026-08-12T04:35:01.067+0000] {logging_mixin.py:190} INFO - [2026-08-12T04:35:01.067+0000] {dag.py:4138} INFO - Setting next_dagrun for latest_only_with_trigger to 2026-08-12 00:00:00+00:00, run_after=2026-08-12 04:00:00+00:00
[2026-08-12T04:35:01.079+0000] {processor.py:208} INFO - Processing /home/airflow/.local/lib/python3.12/site-packages/airflow/example_dags/example_latest_only_with_trigger.py took 0.056 seconds
[2026-08-12T04:35:31.301+0000] {processor.py:186} INFO - Started process (PID=449) to work on /home/airflow/.local/lib/python3.12/site-packages/airflow/example_dags/example_latest_only_with_trigger.py
[2026-08-12T04:35:31.303+0000] {processor.py:914} INFO - Processing file /home/airflow/.local/lib/python3.12/site-packages/airflow/example_dags/example_latest_only_with_trigger.py for tasks to queue
[2026-08-12T04:35:31.304+0000] {logging_mixin.py:190} INFO - [2026-08-12T04:35:31.304+0000] {dagbag.py:587} INFO - Filling up the DagBag from /home/airflow/.local/lib/python3.12/site-packages/airflow/example_dags/example_latest_only_with_trigger.py
[2026-08-12T04:35:31.310+0000] {processor.py:925} INFO - DAG(s) 'latest_only_with_trigger' retrieved from /home/airflow/.local/lib/python3.12/site-packages/airflow/example_dags/example_latest_only_with_trigger.py
[2026-08-12T04:35:31.326+0000] {logging_mixin.py:190} INFO - [2026-08-12T04:35:31.326+0000] {dag.py:3211} INFO - Sync 1 DAGs
[2026-08-12T04:35:31.342+0000] {logging_mixin.py:190} INFO - [2026-08-12T04:35:31.341+0000] {dag.py:4138} INFO - Setting next_dagrun for latest_only_with_trigger to 2026-08-12 00:00:00+00:00, run_after=2026-08-12 04:00:00+00:00
[2026-08-12T04:35:31.354+0000] {processor.py:208} INFO - Processing /home/airflow/.local/lib/python3.12/site-packages/airflow/example_dags/example_latest_only_with_trigger.py took 0.057 seconds
[2026-08-12T04:36:01.640+0000] {processor.py:186} INFO - Started process (PID=511) to work on /home/airflow/.local/lib/python3.12/site-packages/airflow/example_dags/example_latest_only_with_trigger.py
[2026-08-12T04:36:01.641+0000] {processor.py:914} INFO - Processing file /home/airflow/.local/lib/python3.12/site-packages/airflow/example_dags/example_latest_only_with_trigger.py for tasks to queue
[2026-08-12T04:36:01.643+0000] {logging_mixin.py:190} INFO - [2026-08-12T04:36:01.643+0000] {dagbag.py:587} INFO - Filling up the DagBag from /home/airflow/.local/lib/python3.12/site-packages/airflow/example_dags/example_latest_only_with_trigger.py
[2026-08-12T04:36:01.648+0000] {processor.py:925} INFO - DAG(s) 'latest_only_with_trigger' retrieved from /home/airflow/.local/lib/python3.12/site-packages/airflow/example_dags/example_latest_only_with_trigger.py
[2026-08-12T04:36:01.663+0000] {logging_mixin.py:190} INFO - [2026-08-12T04:36:01.663+0000] {dag.py:3211} INFO - Sync 1 DAGs
[2026-08-12T04:36:01.679+0000] {logging_mixin.py:190} INFO - [2026-08-12T04:36:01.679+0000] {dag.py:4138} INFO - Setting next_dagrun for latest_only_with_trigger to 2026-08-12 00:00:00+00:00, run_after=2026-08-12 04:00:00+00:00
[2026-08-12T04:36:01.692+0000] {processor.py:208} INFO - Processing /home/airflow/.local/lib/python3.12/site-packages/airflow/example_dags/example_latest_only_with_trigger.py took 0.057 seconds
[2026-08-12T04:36:32.414+0000] {processor.py:186} INFO - Started process (PID=573) to work on /home/airflow/.local/lib/python3.12/site-packages/airflow/example_dags/example_latest_only_with_trigger.py
[2026-08-12T04:36:32.415+0000] {processor.py:914} INFO - Processing file /home/airflow/.local/lib/python3.12/site-packages/airflow/example_dags/example_latest_only_with_trigger.py for tasks to queue
[2026-08-12T04:36:32.417+0000] {logging_mixin.py:190} INFO - [2026-08-12T04:36:32.417+0000] {dagbag.py:587} INFO - Filling up the DagBag from /home/airflow/.local/lib/python3.12/site-packages/airflow/example_dags/example_latest_only_with_trigger.py
[2026-08-12T04:36:32.423+0000] {processor.py:925} INFO - DAG(s) 'latest_only_with_trigger' retrieved from /home/airflow/.local/lib/python3.12/site-packages/airflow/example_dags/example_latest_only_with_trigger.py
[2026-08-12T04:36:32.440+0000] {logging_mixin.py:190} INFO - [2026-08-12T04:36:32.439+0000] {dag.py:3211} INFO - Sync 1 DAGs
[2026-08-12T04:36:32.457+0000] {logging_mixin.py:190} INFO - [2026-08-12T04:36:32.457+0000] {dag.py:4138} INFO - Setting next_dagrun for latest_only_with_trigger to 2026-08-12 00:00:00+00:00, run_after=2026-08-12 04:00:00+00:00
[2026-08-12T04:36:32.470+0000] {processor.py:208} INFO - Processing /home/airflow/.local/lib/python3.12/site-packages/airflow/example_dags/example_latest_only_with_trigger.py took 0.060 seconds
[2026-08-12T04:37:02.891+0000] {processor.py:186} INFO - Started process (PID=635) to work on /home/airflow/.local/lib/python3.12/site-packages/airflow/example_dags/example_latest_only_with_trigger.py
[2026-08-12T04:37:02.892+0000] {processor.py:914} INFO - Processing file /home/airflow/.local/lib/python3.12/site-packages/airflow/example_dags/example_latest_only_with_trigger.py for tasks to queue
[2026-08-12T04:37:02.894+0000] {logging_mixin.py:190} INFO - [2026-08-12T04:37:02.894+0000] {dagbag.py:587} INFO - Filling up the DagBag from /home/airflow/.local/lib/python3.12/site-packages/airflow/example_dags/example_latest_only_with_trigger.py
[2026-08-12T04:37:02.900+0000] {processor.py:925} INFO - DAG(s) 'latest_only_with_trigger' retrieved from /home/airflow/.local/lib/python3.12/site-packages/airflow/example_dags/example_latest_only_with_trigger.py
[2026-08-12T04:37:02.915+0000] {logging_mixin.py:190} INFO - [2026-08-12T04:37:02.914+0000] {dag.py:3211} INFO - Sync 1 DAGs
[2026-08-12T04:37:02.931+0000] {logging_mixin.py:190} INFO - [2026-08-12T04:37:02.931+0000] {dag.py:4138} INFO - Setting next_dagrun for latest_only_with_trigger to 2026-08-12 00:00:00+00:00, run_after=2026-08-12 04:00:00+00:00
[2026-08-12T04:37:02.944+0000] {processor.py:208} INFO - Processing /home/airflow/.local/lib/python3.12/site-packages/airflow/example_dags/example_latest_only_with_trigger.py took 0.057 seconds
[2026-08-12T04:37:33.012+0000] {processor.py:186} INFO - Started process (PID=697) to work on /home/airflow/.local/lib/python3.12/site-packages/airflow/example_dags/example_latest_only_with_trigger.py
[2026-08-12T04:37:33.014+0000] {processor.py:914} INFO - Processing file /home/airflow/.local/lib/python3.12/site-packages/airflow/example_dags/example_latest_only_with_trigger.py for tasks to queue
[2026-08-12T04:37:33.015+0000] {logging_mixin.py:190} INFO - [2026-08-12T04:37:33.015+0000] {dagbag.py:587} INFO - Filling up the DagBag from /home/airflow/.local/lib/python3.12/site-packages/airflow/example_dags/example_latest_only_with_trigger.py
[2026-08-12T04:37:33.021+0000] {processor.py:925} INFO - DAG(s) 'latest_only_with_trigger' retrieved from /home/airflow/.local/lib/python3.12/site-packages/airflow/example_dags/example_latest_only_with_trigger.py
[2026-08-12T04:37:33.037+0000] {logging_mixin.py:190} INFO - [2026-08-12T04:37:33.037+0000] {dag.py:3211} INFO - Sync 1 DAGs
[2026-08-12T04:37:33.052+0000] {logging_mixin.py:190} INFO - [2026-08-12T04:37:33.052+0000] {dag.py:4138} INFO - Setting next_dagrun for latest_only_with_trigger to 2026-08-12 00:00:00+00:00, run_after=2026-08-12 04:00:00+00:00
[2026-08-12T04:37:33.065+0000] {processor.py:208} INFO - Processing /home/airflow/.local/lib/python3.12/site-packages/airflow/example_dags/example_latest_only_with_trigger.py took 0.057 seconds
[2026-08-12T04:38:03.453+0000] {processor.py:186} INFO - Started process (PID=759) to work on /home/airflow/.local/lib/python3.12/site-packages/airflow/example_dags/example_latest_only_with_trigger.py
[2026-08-12T04:38:03.454+0000] {processor.py:914} INFO - Processing file /home/airflow/.local/lib/python3.12/site-packages/airflow/example_dags/example_latest_only_with_trigger.py for tasks to queue
[2026-08-12T04:38:03.456+0000] {logging_mixin.py:190} INFO - [2026-08-12T04:38:03.456+0000] {dagbag.py:587} INFO - Filling up the DagBag from /home/airflow/.local/lib/python3.12/site-packages/airflow/example_dags/example_latest_only_with_trigger.py
[2026-08-12T04:38:03.462+0000] {processor.py:925} INFO - DAG(s) 'latest_only_with_trigger' retrieved from /home/airflow/.local/lib/python3.12/site-packages/airflow/example_dags/example_latest_only_with_trigger.py
[2026-08-12T04:38:03.477+0000] {logging_mixin.py:190} INFO - [2026-08-12T04:38:03.477+0000] {dag.py:3211} INFO - Sync 1 DAGs
[2026-08-12T04:38:03.493+0000] {logging_mixin.py:190} INFO - [2026-08-12T04:38:03.493+0000] {dag.py:4138} INFO - Setting next_dagrun for latest_only_with_trigger to 2026-08-12 00:00:00+00:00, run_after=2026-08-12 04:00:00+00:00
[2026-08-12T04:38:03.506+0000] {processor.py:208} INFO - Processing /home/airflow/.local/lib/python3.12/site-packages/airflow/example_dags/example_latest_only_with_trigger.py took 0.058 seconds
[2026-08-12T04:38:34.482+0000] {processor.py:186} INFO - Started process (PID=821) to work on /home/airflow/.local/lib/python3.12/site-packages/airflow/example_dags/example_latest_only_with_trigger.py
[2026-08-12T04:38:34.483+0000] {processor.py:914} INFO - Processing file /home/airflow/.local/lib/python3.12/site-packages/airflow/example_dags/example_latest_only_with_trigger.py for tasks to queue
[2026-08-12T04:38:34.485+0000] {logging_mixin.py:190} INFO - [2026-08-12T04:38:34.485+0000] {dagbag.py:587} INFO - Filling up the DagBag from /home/airflow/.local/lib/python3.12/site-packages/airflow/example_dags/example_latest_only_with_trigger.py
[2026-08-12T04:38:34.491+0000] {processor.py:925} INFO - DAG(s) 'latest_only_with_trigger' retrieved from /home/airflow/.local/lib/python3.12/site-packages/airflow/example_dags/example_latest_only_with_trigger.py
[2026-08-12T04:38:34.505+0000] {logging_mixin.py:190} INFO - [2026-08-12T04:38:34.505+0000] {dag.py:3211} INFO - Sync 1 DAGs
[2026-08-12T04:38:34.520+0000] {logging_mixin.py:190} INFO - [2026-08-12T04:38:34.520+0000] {dag.py:4138} INFO - Setting next_dagrun for latest_only_with_trigger to 2026-08-12 00:00:00+00:00, run_after=2026-08-12 04:00:00+00:00
[2026-08-12T04:38:34.531+0000] {processor.py:208} INFO - Processing /home/airflow/.local/lib/python3.12/site-packages/airflow/example_dags/example_latest_only_with_trigger.py took 0.054 seconds
[2026-08-12T04:39:04.622+0000] {processor.py:186} INFO - Started process (PID=883) to work on /home/airflow/.local/lib/python3.12/site-packages/airflow/example_dags/example_latest_only_with_trigger.py
[2026-08-12T04:39:04.623+0000] {processor.py:914} INFO - Processing file /home/airflow/.local/lib/python3.12/site-packages/airflow/example_dags/example_latest_only_with_trigger.py for tasks to queue
[2026-08-12T04:39:04.625+0000] {logging_mixin.py:190} INFO - [2026-08-12T04:39:04.625+0000] {dagbag.py:587} INFO - Filling up the DagBag from /home/airflow/.local/lib/python3.12/site-packages/airflow/example_dags/example_latest_only_with_trigger.py
[2026-08-12T04:39:04.631+0000] {processor.py:925} INFO - DAG(s) 'latest_only_with_trigger' retrieved from /home/airflow/.local/lib/python3.12/site-packages/airflow/example_dags/example_latest_only_with_trigger.py
[2026-08-12T04:39:04.646+0000] {logging_mixin.py:190} INFO - [2026-08-12T04:39:04.646+0000] {dag.py:3211} INFO - Sync 1 DAGs
[2026-08-12T04:39:04.660+0000] {logging_mixin.py:190} INFO - [2026-08-12T04:39:04.660+0000] {dag.py:4138} INFO - Setting next_dagrun for latest_only_with_trigger to 2026-08-12 00:00:00+00:00, run_after=2026-08-12 04:00:00+00:00
[2026-08-12T04:39:04.672+0000] {processor.py:208} INFO - Processing /home/airflow/.local/lib/python3.12/site-packages/airflow/example_dags/example_latest_only_with_trigger.py took 0.054 seconds
[2026-08-12T04:39:35.034+0000] {processor.py:186} INFO - Started process (PID=945) to work on /home/airflow/.local/lib/python3.12/site-packages/airflow/example_dags/example_latest_only_with_trigger.py
[2026-08-12T04:39:35.036+0000] {processor.py:914} INFO - Processing file /home/airflow/.local/lib/python3.12/site-packages/airflow/example_dags/example_latest_only_with_trigger.py for tasks to queue
[2026-08-12T04:39:35.038+0000] {logging_mixin.py:190} INFO - [2026-08-12T04:39:35.037+0000] {dagbag.py:587} INFO - Filling up the DagBag from /home/airflow/.local/lib/python3.12/site-packages/airflow/example_dags/example_latest_only_with_trigger.py
[2026-08-12T04:39:35.044+0000] {processor.py:925} INFO - DAG(s) 'latest_only_with_trigger' retrieved from /home/airflow/.local/lib/python3.12/site-packages/airflow/example_dags/example_latest_only_with_trigger.py
[2026-08-12T04:39:35.060+0000] {logging_mixin.py:190} INFO - [2026-08-12T04:39:35.060+0000] {dag.py:3211} INFO - Sync 1 DAGs
[2026-08-12T04:39:35.077+0000] {logging_mixin.py:190} INFO - [2026-08-12T04:39:35.077+0000] {dag.py:4138} INFO - Setting next_dagrun for latest_only_with_trigger to 2026-08-12 00:00:00+00:00, run_after=2026-08-12 04:00:00+00:00
[2026-08-12T04:39:35.090+0000] {processor.py:208} INFO - Processing /home/airflow/.local/lib/python3.12/site-packages/airflow/example_dags/example_latest_only_with_trigger.py took 0.060 seconds
[2026-08-12T04:40:05.828+0000] {processor.py:186} INFO - Started process (PID=1007) to work on /home/airflow/.local/lib/python3.12/site-packages/airflow/example_dags/example_latest_only_with_trigger.py
[2026-08-12T04:40:05.828+0000] {processor.py:914} INFO - Processing file /home/airflow/.local/lib/python3.12/site-packages/airflow/example_dags/example_latest_only_with_trigger.py for tasks to queue
[2026-08-12T04:40:05.830+0000] {logging_mixin.py:190} INFO - [2026-08-12T04:40:05.830+0000] {dagbag.py:587} INFO - Filling up the DagBag from /home/airflow/.local/lib/python3.12/site-packages/airflow/example_dags/example_latest_only_with_trigger.py
[2026-08-12T04:40:05.837+0000] {processor.py:925} INFO - DAG(s) 'latest_only_with_trigger' retrieved from /home/airflow/.local/lib/python3.12/site-packages/airflow/example_dags/example_latest_only_with_trigger.py
[2026-08-12T04:40:05.852+0000] {logging_mixin.py:190} INFO - [2026-08-12T04:40:05.852+0000] {dag.py:3211} INFO - Sync 1 DAGs
[2026-08-12T04:40:05.868+0000] {logging_mixin.py:190} INFO - [2026-08-12T04:40:05.868+0000] {dag.py:4138} INFO - Setting next_dagrun for latest_only_with_trigger to 2026-08-12 00:00:00+00:00, run_after=2026-08-12 04:00:00+00:00
[2026-08-12T04:40:05.882+0000] {processor.py:208} INFO - Processing /home/airflow/.local/lib/python3.12/site-packages/airflow/example_dags/example_latest_only_with_trigger.py took 0.058 seconds
[2026-08-12T04:40:36.536+0000] {processor.py:186} INFO - Started process (PID=1069) to work on /home/airflow/.local/lib/python3.12/site-packages/airflow/example_dags/example_latest_only_with_trigger.py
[2026-08-12T04:40:36.536+0000] {processor.py:914} INFO - Processing file /home/airflow/.local/lib/python3.12/site-packages/airflow/example_dags/example_latest_only_with_trigger.py for tasks to queue
[2026-08-12T04:40:36.538+0000] {logging_mixin.py:190} INFO - [2026-08-12T04:40:36.538+0000] {dagbag.py:587} INFO - Filling up the DagBag from /home/airflow/.local/lib/python3.12/site-packages/airflow/example_dags/example_latest_only_with_trigger.py
[2026-08-12T04:40:36.544+0000] {processor.py:925} INFO - DAG(s) 'latest_only_with_trigger' retrieved from /home/airflow/.local/lib/python3.12/site-packages/airflow/example_dags/example_latest_only_with_trigger.py
[2026-08-12T04:40:36.557+0000] {logging_mixin.py:190} INFO - [2026-08-12T04:40:36.557+0000] {dag.py:3211} INFO - Sync 1 DAGs
[2026-08-12T04:40:36.572+0000] {logging_mixin.py:190} INFO - [2026-08-12T04:40:36.572+0000] {dag.py:4138} INFO - Setting next_dagrun for latest_only_with_trigger to 2026-08-12 00:00:00+00:00, run_after=2026-08-12 04:00:00+00:00
[2026-08-12T04:40:36.584+0000] {processor.py:208} INFO - Processing /home/airflow/.local/lib/python3.12/site-packages/airflow/example_dags/example_latest_only_with_trigger.py took 0.053 seconds
[2026-08-12T04:41:07.311+0000] {processor.py:186} INFO - Started process (PID=1131) to work on /home/airflow/.local/lib/python3.12/site-packages/airflow/example_dags/example_latest_only_with_trigger.py
[2026-08-12T04:41:07.312+0000] {processor.py:914} INFO - Processing file /home/airflow/.local/lib/python3.12/site-packages/airflow/example_dags/example_latest_only_with_trigger.py for tasks to queue
[2026-08-12T04:41:07.314+0000] {logging_mixin.py:190} INFO - [2026-08-12T04:41:07.314+0000] {dagbag.py:587} INFO - Filling up the DagBag from /home/airflow/.local/lib/python3.12/site-packages/airflow/example_dags/example_latest_only_with_trigger.py
[2026-08-12T04:41:07.320+0000] {processor.py:925} INFO - DAG(s) 'latest_only_with_trigger' retrieved from /home/airflow/.local/lib/python3.12/site-packages/airflow/example_dags/example_latest_only_with_trigger.py
[2026-08-12T04:41:07.335+0000] {logging_mixin.py:190} INFO - [2026-08-12T04:41:07.334+0000] {dag.py:3211} INFO - Sync 1 DAGs
[2026-08-12T04:41:07.351+0000] {logging_mixin.py:190} INFO - [2026-08-12T04:41:07.351+0000] {dag.py:4138} INFO - Setting next_dagrun for latest_only_with_trigger to 2026-08-12 00:00:00+00:00, run_after=2026-08-12 04:00:00+00:00
[2026-08-12T04:41:07.364+0000] {processor.py:208} INFO - Processing /home/airflow/.local/lib/python3.12/site-packages/airflow/example_dags/example_latest_only_with_trigger.py took 0.057 seconds
[2026-08-12T04:41:38.000+0000] {processor.py:186} INFO - Started process (PID=1193) to work on /home/airflow/.local/lib/python3.12/site-packages/airflow/example_dags/example_latest_only_with_trigger.py
[2026-08-12T04:41:38.001+0000] {processor.py:914} INFO - Processing file /home/airflow/.local/lib/python3.12/site-packages/airflow/example_dags/example_latest_only_with_trigger.py for tasks to queue
[2026-08-12T04:41:38.003+0000] {logging_mixin.py:190} INFO - [2026-08-12T04:41:38.003+0000] {dagbag.py:587} INFO - Filling up the DagBag from /home/airflow/.local/lib/python3.12/site-packages/airflow/example_dags/example_latest_only_with_trigger.py
[2026-08-12T04:41:38.009+0000] {processor.py:925} INFO - DAG(s) 'latest_only_with_trigger' retrieved from /home/airflow/.local/lib/python3.12/site-packages/airflow/example_dags/example_latest_only_with_trigger.py
[2026-08-12T04:41:38.024+0000] {logging_mixin.py:190} INFO - [2026-08-12T04:41:38.024+0000] {dag.py:3211} INFO - Sync 1 DAGs
[2026-08-12T04:41:38.041+0000] {logging_mixin.py:190} INFO - [2026-08-12T04:41:38.041+0000] {dag.py:4138} INFO - Setting next_dagrun for latest_only_with_trigger to 2026-08-12 00:00:00+00:00, run_after=2026-08-12 04:00:00+00:00
[2026-08-12T04:41:38.054+0000] {processor.py:208} INFO - Processing /home/airflow/.local/lib/python3.12/site-packages/airflow/example_dags/example_latest_only_with_trigger.py took 0.058 seconds
[2026-08-12T04:42:08.982+0000] {processor.py:186} INFO - Started process (PID=1255) to work on /home/airflow/.local/lib/python3.12/site-packages/airflow/example_dags/example_latest_only_with_trigger.py
[2026-08-12T04:42:08.984+0000] {processor.py:914} INFO - Processing file /home/airflow/.local/lib/python3.12/site-packages/airflow/example_dags/example_latest_only_with_trigger.py for tasks to queue
[2026-08-12T04:42:08.986+0000] {logging_mixin.py:190} INFO - [2026-08-12T04:42:08.986+0000] {dagbag.py:587} INFO - Filling up the DagBag from /home/airflow/.local/lib/python3.12/site-packages/airflow/example_dags/example_latest_only_with_trigger.py
[2026-08-12T04:42:08.992+0000] {processor.py:925} INFO - DAG(s) 'latest_only_with_trigger' retrieved from /home/airflow/.local/lib/python3.12/site-packages/airflow/example_dags/example_latest_only_with_trigger.py
[2026-08-12T04:42:09.008+0000] {logging_mixin.py:190} INFO - [2026-08-12T04:42:09.008+0000] {dag.py:3211} INFO - Sync 1 DAGs
[2026-08-12T04:42:09.025+0000] {logging_mixin.py:190} INFO - [2026-08-12T04:42:09.025+0000] {dag.py:4138} INFO - Setting next_dagrun for latest_only_with_trigger to 2026-08-12 00:00:00+00:00, run_after=2026-08-12 04:00:00+00:00
[2026-08-12T04:42:09.040+0000] {processor.py:208} INFO - Processing /home/airflow/.local/lib/python3.12/site-packages/airflow/example_dags/example_latest_only_with_trigger.py took 0.064 seconds
[2026-08-12T04:42:39.835+0000] {processor.py:186} INFO - Started process (PID=1317) to work on /home/airflow/.local/lib/python3.12/site-packages/airflow/example_dags/example_latest_only_with_trigger.py
[2026-08-12T04:42:39.836+0000] {processor.py:914} INFO - Processing file /home/airflow/.local/lib/python3.12/site-packages/airflow/example_dags/example_latest_only_with_trigger.py for tasks to queue
[2026-08-12T04:42:39.838+0000] {logging_mixin.py:190} INFO - [2026-08-12T04:42:39.838+0000] {dagbag.py:587} INFO - Filling up the DagBag from /home/airflow/.local/lib/python3.12/site-packages/airflow/example_dags/example_latest_only_with_trigger.py
[2026-08-12T04:42:39.844+0000] {processor.py:925} INFO - DAG(s) 'latest_only_with_trigger' retrieved from /home/airflow/.local/lib/python3.12/site-packages/airflow/example_dags/example_latest_only_with_trigger.py
[2026-08-12T04:42:39.859+0000] {logging_mixin.py:190} INFO - [2026-08-12T04:42:39.859+0000] {dag.py:3211} INFO - Sync 1 DAGs
[2026-08-12T04:42:39.875+0000] {logging_mixin.py:190} INFO - [2026-08-12T04:42:39.875+0000] {dag.py:4138} INFO - Setting next_dagrun for latest_only_with_trigger to 2026-08-12 00:00:00+00:00, run_after=2026-08-12 04:00:00+00:00
[2026-08-12T04:42:39.888+0000] {processor.py:208} INFO - Processing /home/airflow/.local/lib/python3.12/site-packages/airflow/example_dags/example_latest_only_with_trigger.py took 0.057 seconds
[2026-08-12T04:43:10.755+0000] {processor.py:186} INFO - Started process (PID=1379) to work on /home/airflow/.local/lib/python3.12/site-packages/airflow/example_dags/example_latest_only_with_trigger.py
[2026-08-12T04:43:10.756+0000] {processor.py:914} INFO - Processing file /home/airflow/.local/lib/python3.12/site-packages/airflow/example_dags/example_latest_only_with_trigger.py for tasks to queue
[2026-08-12T04:43:10.758+0000] {logging_mixin.py:190} INFO - [2026-08-12T04:43:10.757+0000] {dagbag.py:587} INFO - Filling up the DagBag from /home/airflow/.local/lib/python3.12/site-packages/airflow/example_dags/example_latest_only_with_trigger.py
[2026-08-12T04:43:10.763+0000] {processor.py:925} INFO - DAG(s) 'latest_only_with_trigger' retrieved from /home/airflow/.local/lib/python3.12/site-packages/airflow/example_dags/example_latest_only_with_trigger.py
[2026-08-12T04:43:10.777+0000] {logging_mixin.py:190} INFO - [2026-08-12T04:43:10.777+0000] {dag.py:3211} INFO - Sync 1 DAGs
[2026-08-12T04:43:10.792+0000] {logging_mixin.py:190} INFO - [2026-08-12T04:43:10.792+0000] {dag.py:4138} INFO - Setting next_dagrun for latest_only_with_trigger to 2026-08-12 00:00:00+00:00, run_after=2026-08-12 04:00:00+00:00
[2026-08-12T04:43:10.804+0000] {processor.py:208} INFO - Processing /home/airflow/.local/lib/python3.12/site-packages/airflow/example_dags/example_latest_only_with_trigger.py took 0.053 seconds
[2026-08-12T04:43:40.869+0000] {processor.py:186} INFO - Started process (PID=1441) to work on /home/airflow/.local/lib/python3.12/site-packages/airflow/example_dags/example_latest_only_with_trigger.py
[2026-08-12T04:43:40.870+0000] {processor.py:914} INFO - Processing file /home/airflow/.local/lib/python3.12/site-packages/airflow/example_dags/example_latest_only_with_trigger.py for tasks to queue
[2026-08-12T04:43:40.872+0000] {logging_mixin.py:190} INFO - [2026-08-12T04:43:40.872+0000] {dagbag.py:587} INFO - Filling up the DagBag from /home/airflow/.local/lib/python3.12/site-packages/airflow/example_dags/example_latest_only_with_trigger.py
[2026-08-12T04:43:40.878+0000] {processor.py:925} INFO - DAG(s) 'latest_only_with_trigger' retrieved from /home/airflow/.local/lib/python3.12/site-packages/airflow/example_dags/example_latest_only_with_trigger.py
[2026-08-12T04:43:40.892+0000] {logging_mixin.py:190} INFO - [2026-08-12T04:43:40.892+0000] {dag.py:3211} INFO - Sync 1 DAGs
[2026-08-12T04:43:40.908+0000] {logging_mixin.py:190} INFO - [2026-08-12T04:43:40.908+0000] {dag.py:4138} INFO - Setting next_dagrun for latest_only_with_trigger to 2026-08-12 00:00:00+00:00, run_after=2026-08-12 04:00:00+00:00
[2026-08-12T04:43:40.920+0000] {processor.py:208} INFO - Processing /home/airflow/.local/lib/python3.12/site-packages/airflow/example_dags/example_latest_only_with_trigger.py took 0.054 seconds
[2026-08-12T04:44:11.165+0000] {processor.py:186} INFO - Started process (PID=1503) to work on /home/airflow/.local/lib/python3.12/site-packages/airflow/example_dags/example_latest_only_with_trigger.py
[2026-08-12T04:44:11.166+0000] {processor.py:914} INFO - Processing file /home/airflow/.local/lib/python3.12/site-packages/airflow/example_dags/example_latest_only_with_trigger.py for tasks to queue
[2026-08-12T04:44:11.168+0000] {logging_mixin.py:190} INFO - [2026-08-12T04:44:11.168+0000] {dagbag.py:587} INFO - Filling up the DagBag from /home/airflow/.local/lib/python3.12/site-packages/airflow/example_dags/example_latest_only_with_trigger.py
[2026-08-12T04:44:11.174+0000] {processor.py:925} INFO - DAG(s) 'latest_only_with_trigger' retrieved from /home/airflow/.local/lib/python3.12/site-packages/airflow/example_dags/example_latest_only_with_trigger.py
[2026-08-12T04:44:11.189+0000] {logging_mixin.py:190} INFO - [2026-08-12T04:44:11.189+0000] {dag.py:3211} INFO - Sync 1 DAGs
[2026-08-12T04:44:11.205+0000] {logging_mixin.py:190} INFO - [2026-08-12T04:44:11.205+0000] {dag.py:4138} INFO - Setting next_dagrun for latest_only_with_trigger to 2026-08-12 00:00:00+00:00, run_after=2026-08-12 04:00:00+00:00
[2026-08-12T04:44:11.223+0000] {processor.py:208} INFO - Processing /home/airflow/.local/lib/python3.12/site-packages/airflow/example_dags/example_latest_only_with_trigger.py took 0.063 seconds
[2026-08-12T04:44:42.251+0000] {processor.py:186} INFO - Started process (PID=1565) to work on /home/airflow/.local/lib/python3.12/site-packages/airflow/example_dags/example_latest_only_with_trigger.py
[2026-08-12T04:44:42.252+0000] {processor.py:914} INFO - Processing file /home/airflow/.local/lib/python3.12/site-packages/airflow/example_dags/example_latest_only_with_trigger.py for tasks to queue
[2026-08-12T04:44:42.254+0000] {logging_mixin.py:190} INFO - [2026-08-12T04:44:42.254+0000] {dagbag.py:587} INFO - Filling up the DagBag from /home/airflow/.local/lib/python3.12/site-packages/airflow/example_dags/example_latest_only_with_trigger.py
[2026-08-12T04:44:42.260+0000] {processor.py:925} INFO - DAG(s) 'latest_only_with_trigger' retrieved from /home/airflow/.local/lib/python3.12/site-packages/airflow/example_dags/example_latest_only_with_trigger.py
[2026-08-12T04:44:42.275+0000] {logging_mixin.py:190} INFO - [2026-08-12T04:44:42.275+0000] {dag.py:3211} INFO - Sync 1 DAGs
[2026-08-12T04:44:42.291+0000] {logging_mixin.py:190} INFO - [2026-08-12T04:44:42.291+0000] {dag.py:4138} INFO - Setting next_dagrun for latest_only_with_trigger to 2026-08-12 00:00:00+00:00, run_after=2026-08-12 04:00:00+00:00
[2026-08-12T04:44:42.305+0000] {processor.py:208} INFO - Processing /home/airflow/.local/lib/python3.12/site-packages/airflow/example_dags/example_latest_only_with_trigger.py took 0.059 seconds
[2026-08-12T04:45:13.323+0000] {processor.py:186} INFO - Started process (PID=1627) to work on /home/airflow/.local/lib/python3.12/site-packages/airflow/example_dags/example_latest_only_with_trigger.py
[2026-08-12T04:45:13.325+0000] {processor.py:914} INFO - Processing file /home/airflow/.local/lib/python3.12/site-packages/airflow/example_dags/example_latest_only_with_trigger.py for tasks to queue
[2026-08-12T04:45:13.327+0000] {logging_mixin.py:190} INFO - [2026-08-12T04:45:13.327+0000] {dagbag.py:587} INFO - Filling up the DagBag from /home/airflow/.local/lib/python3.12/site-packages/airflow/example_dags/example_latest_only_with_trigger.py
[2026-08-12T04:45:13.333+0000] {processor.py:925} INFO - DAG(s) 'latest_only_with_trigger' retrieved from /home/airflow/.local/lib/python3.12/site-packages/airflow/example_dags/example_latest_only_with_trigger.py
[2026-08-12T04:45:13.348+0000] {logging_mixin.py:190} INFO - [2026-08-12T04:45:13.348+0000] {dag.py:3211} INFO - Sync 1 DAGs
[2026-08-12T04:45:13.364+0000] {logging_mixin.py:190} INFO - [2026-08-12T04:45:13.364+0000] {dag.py:4138} INFO - Setting next_dagrun for latest_only_with_trigger to 2026-08-12 00:00:00+00:00, run_after=2026-08-12 04:00:00+00:00
[2026-08-12T04:45:13.379+0000] {processor.py:208} INFO - Processing /home/airflow/.local/lib/python3.12/site-packages/airflow/example_dags/example_latest_only_with_trigger.py took 0.059 seconds
[2026-08-12T04:45:43.675+0000] {processor.py:186} INFO - Started process (PID=1689) to work on /home/airflow/.local/lib/python3.12/site-packages/airflow/example_dags/example_latest_only_with_trigger.py
[2026-08-12T04:45:43.676+0000] {processor.py:914} INFO - Processing file /home/airflow/.local/lib/python3.12/site-packages/airflow/example_dags/example_latest_only_with_trigger.py for tasks to queue
[2026-08-12T04:45:43.678+0000] {logging_mixin.py:190} INFO - [2026-08-12T04:45:43.678+0000] {dagbag.py:587} INFO - Filling up the DagBag from /home/airflow/.local/lib/python3.12/site-packages/airflow/example_dags/example_latest_only_with_trigger.py
[2026-08-12T04:45:43.684+0000] {processor.py:925} INFO - DAG(s) 'latest_only_with_trigger' retrieved from /home/airflow/.local/lib/python3.12/site-packages/airflow/example_dags/example_latest_only_with_trigger.py
[2026-08-12T04:45:43.699+0000] {logging_mixin.py:190} INFO - [2026-08-12T04:45:43.699+0000] {dag.py:3211} INFO - Sync 1 DAGs
[2026-08-12T04:45:43.716+0000] {logging_mixin.py:190} INFO - [2026-08-12T04:45:43.716+0000] {dag.py:4138} INFO - Setting next_dagrun for latest_only_with_trigger to 2026-08-12 00:00:00+00:00, run_after=2026-08-12 04:00:00+00:00
[2026-08-12T04:45:43.729+0000] {processor.py:208} INFO - Processing /home/airflow/.local/lib/python3.12/site-packages/airflow/example_dags/example_latest_only_with_trigger.py took 0.059 seconds
[2026-08-12T04:46:14.137+0000] {processor.py:186} INFO - Started process (PID=1751) to work on /home/airflow/.local/lib/python3.12/site-packages/airflow/example_dags/example_latest_only_with_trigger.py
[2026-08-12T04:46:14.139+0000] {processor.py:914} INFO - Processing file /home/airflow/.local/lib/python3.12/site-packages/airflow/example_dags/example_latest_only_with_trigger.py for tasks to queue
[2026-08-12T04:46:14.141+0000] {logging_mixin.py:190} INFO - [2026-08-12T04:46:14.141+0000] {dagbag.py:587} INFO - Filling up the DagBag from /home/airflow/.local/lib/python3.12/site-packages/airflow/example_dags/example_latest_only_with_trigger.py
[2026-08-12T04:46:14.147+0000] {processor.py:925} INFO - DAG(s) 'latest_only_with_trigger' retrieved from /home/airflow/.local/lib/python3.12/site-packages/airflow/example_dags/example_latest_only_with_trigger.py
[2026-08-12T04:46:14.163+0000] {logging_mixin.py:190} INFO - [2026-08-12T04:46:14.162+0000] {dag.py:3211} INFO - Sync 1 DAGs
[2026-08-12T04:46:14.179+0000] {logging_mixin.py:190} INFO - [2026-08-12T04:46:14.179+0000] {dag.py:4138} INFO - Setting next_dagrun for latest_only_with_trigger to 2026-08-12 00:00:00+00:00, run_after=2026-08-12 04:00:00+00:00
[2026-08-12T04:46:14.193+0000] {processor.py:208} INFO - Processing /home/airflow/.local/lib/python3.12/site-packages/airflow/example_dags/example_latest_only_with_trigger.py took 0.061 seconds
[2026-08-12T04:46:44.440+0000] {processor.py:186} INFO - Started process (PID=1813) to work on /home/airflow/.local/lib/python3.12/site-packages/airflow/example_dags/example_latest_only_with_trigger.py
[2026-08-12T04:46:44.441+0000] {processor.py:914} INFO - Processing file /home/airflow/.local/lib/python3.12/site-packages/airflow/example_dags/example_latest_only_with_trigger.py for tasks to queue
[2026-08-12T04:46:44.443+0000] {logging_mixin.py:190} INFO - [2026-08-12T04:46:44.443+0000] {dagbag.py:587} INFO - Filling up the DagBag from /home/airflow/.local/lib/python3.12/site-packages/airflow/example_dags/example_latest_only_with_trigger.py
[2026-08-12T04:46:44.449+0000] {processor.py:925} INFO - DAG(s) 'latest_only_with_trigger' retrieved from /home/airflow/.local/lib/python3.12/site-packages/airflow/example_dags/example_latest_only_with_trigger.py
[2026-08-12T04:46:44.463+0000] {logging_mixin.py:190} INFO - [2026-08-12T04:46:44.463+0000] {dag.py:3211} INFO - Sync 1 DAGs
[2026-08-12T04:46:44.479+0000] {logging_mixin.py:190} INFO - [2026-08-12T04:46:44.479+0000] {dag.py:4138} INFO - Setting next_dagrun for latest_only_with_trigger to 2026-08-12 00:00:00+00:00, run_after=2026-08-12 04:00:00+00:00
[2026-08-12T04:46:44.490+0000] {processor.py:208} INFO - Processing /home/airflow/.local/lib/python3.12/site-packages/airflow/example_dags/example_latest_only_with_trigger.py took 0.055 seconds
[2026-08-12T04:47:14.750+0000] {processor.py:186} INFO - Started process (PID=1875) to work on /home/airflow/.local/lib/python3.12/site-packages/airflow/example_dags/example_latest_only_with_trigger.py
[2026-08-12T04:47:14.751+0000] {processor.py:914} INFO - Processing file /home/airflow/.local/lib/python3.12/site-packages/airflow/example_dags/example_latest_only_with_trigger.py for tasks to queue
[2026-08-12T04:47:14.753+0000] {logging_mixin.py:190} INFO - [2026-08-12T04:47:14.753+0000] {dagbag.py:587} INFO - Filling up the DagBag from /home/airflow/.local/lib/python3.12/site-packages/airflow/example_dags/example_latest_only_with_trigger.py
[2026-08-12T04:47:14.759+0000] {processor.py:925} INFO - DAG(s) 'latest_only_with_trigger' retrieved from /home/airflow/.local/lib/python3.12/site-packages/airflow/example_dags/example_latest_only_with_trigger.py
[2026-08-12T04:47:14.774+0000] {logging_mixin.py:190} INFO - [2026-08-12T04:47:14.774+0000] {dag.py:3211} INFO - Sync 1 DAGs
[2026-08-12T04:47:14.792+0000] {logging_mixin.py:190} INFO - [2026-08-12T04:47:14.792+0000] {dag.py:4138} INFO - Setting next_dagrun for latest_only_with_trigger to 2026-08-12 00:00:00+00:00, run_after=2026-08-12 04:00:00+00:00
[2026-08-12T04:47:14.805+0000] {processor.py:208} INFO - Processing /home/airflow/.local/lib/python3.12/site-packages/airflow/example_dags/example_latest_only_with_trigger.py took 0.059 seconds
[2026-08-12T04:47:45.188+0000] {processor.py:186} INFO - Started process (PID=1939) to work on /home/airflow/.local/lib/python3.12/site-packages/airflow/example_dags/example_latest_only_with_trigger.py
[2026-08-12T04:47:45.189+0000] {processor.py:914} INFO - Processing file /home/airflow/.local/lib/python3.12/site-packages/airflow/example_dags/example_latest_only_with_trigger.py for tasks to queue
[2026-08-12T04:47:45.191+0000] {logging_mixin.py:190} INFO - [2026-08-12T04:47:45.191+0000] {dagbag.py:587} INFO - Filling up the DagBag from /home/airflow/.local/lib/python3.12/site-packages/airflow/example_dags/example_latest_only_with_trigger.py
[2026-08-12T04:47:45.197+0000] {processor.py:925} INFO - DAG(s) 'latest_only_with_trigger' retrieved from /home/airflow/.local/lib/python3.12/site-packages/airflow/example_dags/example_latest_only_with_trigger.py
[2026-08-12T04:47:45.212+0000] {logging_mixin.py:190} INFO - [2026-08-12T04:47:45.212+0000] {dag.py:3211} INFO - Sync 1 DAGs
[2026-08-12T04:47:45.227+0000] {logging_mixin.py:190} INFO - [2026-08-12T04:47:45.227+0000] {dag.py:4138} INFO - Setting next_dagrun for latest_only_with_trigger to 2026-08-12 00:00:00+00:00, run_after=2026-08-12 04:00:00+00:00
[2026-08-12T04:47:45.238+0000] {processor.py:208} INFO - Processing /home/airflow/.local/lib/python3.12/site-packages/airflow/example_dags/example_latest_only_with_trigger.py took 0.055 seconds
[2026-08-12T04:48:15.520+0000] {processor.py:186} INFO - Started process (PID=2003) to work on /home/airflow/.local/lib/python3.12/site-packages/airflow/example_dags/example_latest_only_with_trigger.py
[2026-08-12T04:48:15.521+0000] {processor.py:914} INFO - Processing file /home/airflow/.local/lib/python3.12/site-packages/airflow/example_dags/example_latest_only_with_trigger.py for tasks to queue
[2026-08-12T04:48:15.523+0000] {logging_mixin.py:190} INFO - [2026-08-12T04:48:15.523+0000] {dagbag.py:587} INFO - Filling up the DagBag from /home/airflow/.local/lib/python3.12/site-packages/airflow/example_dags/example_latest_only_with_trigger.py
[2026-08-12T04:48:15.529+0000] {processor.py:925} INFO - DAG(s) 'latest_only_with_trigger' retrieved from /home/airflow/.local/lib/python3.12/site-packages/airflow/example_dags/example_latest_only_with_trigger.py
[2026-08-12T04:48:15.543+0000] {logging_mixin.py:190} INFO - [2026-08-12T04:48:15.543+0000] {dag.py:3211} INFO - Sync 1 DAGs
[2026-08-12T04:48:15.559+0000] {logging_mixin.py:190} INFO - [2026-08-12T04:48:15.558+0000] {dag.py:4138} INFO - Setting next_dagrun for latest_only_with_trigger to 2026-08-12 00:00:00+00:00, run_after=2026-08-12 04:00:00+00:00
[2026-08-12T04:48:15.572+0000] {processor.py:208} INFO - Processing /home/airflow/.local/lib/python3.12/site-packages/airflow/example_dags/example_latest_only_with_trigger.py took 0.056 seconds
[2026-08-12T04:48:45.788+0000] {processor.py:186} INFO - Started process (PID=2067) to work on /home/airflow/.local/lib/python3.12/site-packages/airflow/example_dags/example_latest_only_with_trigger.py
[2026-08-12T04:48:45.790+0000] {processor.py:914} INFO - Processing file /home/airflow/.local/lib/python3.12/site-packages/airflow/example_dags/example_latest_only_with_trigger.py for tasks to queue
[2026-08-12T04:48:45.792+0000] {logging_mixin.py:190} INFO - [2026-08-12T04:48:45.792+0000] {dagbag.py:587} INFO - Filling up the DagBag from /home/airflow/.local/lib/python3.12/site-packages/airflow/example_dags/example_latest_only_with_trigger.py
[2026-08-12T04:48:45.798+0000] {processor.py:925} INFO - DAG(s) 'latest_only_with_trigger' retrieved from /home/airflow/.local/lib/python3.12/site-packages/airflow/example_dags/example_latest_only_with_trigger.py
[2026-08-12T04:48:45.812+0000] {logging_mixin.py:190} INFO - [2026-08-12T04:48:45.812+0000] {dag.py:3211} INFO - Sync 1 DAGs
[2026-08-12T04:48:45.826+0000] {logging_mixin.py:190} INFO - [2026-08-12T04:48:45.826+0000] {dag.py:4138} INFO - Setting next_dagrun for latest_only_with_trigger to 2026-08-12 00:00:00+00:00, run_after=2026-08-12 04:00:00+00:00
[2026-08-12T04:48:45.839+0000] {processor.py:208} INFO - Processing /home/airflow/.local/lib/python3.12/site-packages/airflow/example_dags/example_latest_only_with_trigger.py took 0.055 seconds
[2026-08-12T04:49:16.171+0000] {processor.py:186} INFO - Started process (PID=2130) to work on /home/airflow/.local/lib/python3.12/site-packages/airflow/example_dags/example_latest_only_with_trigger.py
[2026-08-12T04:49:16.172+0000] {processor.py:914} INFO - Processing file /home/airflow/.local/lib/python3.12/site-packages/airflow/example_dags/example_latest_only_with_trigger.py for tasks to queue
[2026-08-12T04:49:16.174+0000] {logging_mixin.py:190} INFO - [2026-08-12T04:49:16.174+0000] {dagbag.py:587} INFO - Filling up the DagBag from /home/airflow/.local/lib/python3.12/site-packages/airflow/example_dags/example_latest_only_with_trigger.py
[2026-08-12T04:49:16.180+0000] {processor.py:925} INFO - DAG(s) 'latest_only_with_trigger' retrieved from /home/airflow/.local/lib/python3.12/site-packages/airflow/example_dags/example_latest_only_with_trigger.py
[2026-08-12T04:49:16.194+0000] {logging_mixin.py:190} INFO - [2026-08-12T04:49:16.194+0000] {dag.py:3211} INFO - Sync 1 DAGs
[2026-08-12T04:49:16.210+0000] {logging_mixin.py:190} INFO - [2026-08-12T04:49:16.210+0000] {dag.py:4138} INFO - Setting next_dagrun for latest_only_with_trigger to 2026-08-12 00:00:00+00:00, run_after=2026-08-12 04:00:00+00:00
[2026-08-12T04:49:16.223+0000] {processor.py:208} INFO - Processing /home/airflow/.local/lib/python3.12/site-packages/airflow/example_dags/example_latest_only_with_trigger.py took 0.056 seconds
[2026-08-12T04:49:46.683+0000] {processor.py:186} INFO - Started process (PID=2193) to work on /home/airflow/.local/lib/python3.12/site-packages/airflow/example_dags/example_latest_only_with_trigger.py
[2026-08-12T04:49:46.684+0000] {processor.py:914} INFO - Processing file /home/airflow/.local/lib/python3.12/site-packages/airflow/example_dags/example_latest_only_with_trigger.py for tasks to queue
[2026-08-12T04:49:46.686+0000] {logging_mixin.py:190} INFO - [2026-08-12T04:49:46.686+0000] {dagbag.py:587} INFO - Filling up the DagBag from /home/airflow/.local/lib/python3.12/site-packages/airflow/example_dags/example_latest_only_with_trigger.py
[2026-08-12T04:49:46.692+0000] {processor.py:925} INFO - DAG(s) 'latest_only_with_trigger' retrieved from /home/airflow/.local/lib/python3.12/site-packages/airflow/example_dags/example_latest_only_with_trigger.py
[2026-08-12T04:49:46.707+0000] {logging_mixin.py:190} INFO - [2026-08-12T04:49:46.707+0000] {dag.py:3211} INFO - Sync 1 DAGs
[2026-08-12T04:49:46.722+0000] {logging_mixin.py:190} INFO - [2026-08-12T04:49:46.722+0000] {dag.py:4138} INFO - Setting next_dagrun for latest_only_with_trigger to 2026-08-12 00:00:00+00:00, run_after=2026-08-12 04:00:00+00:00
[2026-08-12T04:49:46.737+0000] {processor.py:208} INFO - Processing /home/airflow/.local/lib/python3.12/site-packages/airflow/example_dags/example_latest_only_with_trigger.py took 0.058 seconds
[2026-08-12T04:50:17.412+0000] {processor.py:186} INFO - Started process (PID=2256) to work on /home/airflow/.local/lib/python3.12/site-packages/airflow/example_dags/example_latest_only_with_trigger.py
[2026-08-12T04:50:17.413+0000] {processor.py:914} INFO - Processing file /home/airflow/.local/lib/python3.12/site-packages/airflow/example_dags/example_latest_only_with_trigger.py for tasks to queue
[2026-08-12T04:50:17.415+0000] {logging_mixin.py:190} INFO - [2026-08-12T04:50:17.414+0000] {dagbag.py:587} INFO - Filling up the DagBag from /home/airflow/.local/lib/python3.12/site-packages/airflow/example_dags/example_latest_only_with_trigger.py
[2026-08-12T04:50:17.420+0000] {processor.py:925} INFO - DAG(s) 'latest_only_with_trigger' retrieved from /home/airflow/.local/lib/python3.12/site-packages/airflow/example_dags/example_latest_only_with_trigger.py
[2026-08-12T04:50:17.434+0000] {logging_mixin.py:190} INFO - [2026-08-12T04:50:17.434+0000] {dag.py:3211} INFO - Sync 1 DAGs
[2026-08-12T04:50:17.448+0000] {logging_mixin.py:190} INFO - [2026-08-12T04:50:17.448+0000] {dag.py:4138} INFO - Setting next_dagrun for latest_only_with_trigger to 2026-08-12 00:00:00+00:00, run_after=2026-08-12 04:00:00+00:00
[2026-08-12T04:50:17.460+0000] {processor.py:208} INFO - Processing /home/airflow/.local/lib/python3.12/site-packages/airflow/example_dags/example_latest_only_with_trigger.py took 0.053 seconds
[2026-08-12T04:50:47.959+0000] {processor.py:186} INFO - Started process (PID=2324) to work on /home/airflow/.local/lib/python3.12/site-packages/airflow/example_dags/example_latest_only_with_trigger.py
[2026-08-12T04:50:47.961+0000] {processor.py:914} INFO - Processing file /home/airflow/.local/lib/python3.12/site-packages/airflow/example_dags/example_latest_only_with_trigger.py for tasks to queue
[2026-08-12T04:50:47.963+0000] {logging_mixin.py:190} INFO - [2026-08-12T04:50:47.962+0000] {dagbag.py:587} INFO - Filling up the DagBag from /home/airflow/.local/lib/python3.12/site-packages/airflow/example_dags/example_latest_only_with_trigger.py
[2026-08-12T04:50:47.969+0000] {processor.py:925} INFO - DAG(s) 'latest_only_with_trigger' retrieved from /home/airflow/.local/lib/python3.12/site-packages/airflow/example_dags/example_latest_only_with_trigger.py
[2026-08-12T04:50:47.986+0000] {logging_mixin.py:190} INFO - [2026-08-12T04:50:47.985+0000] {dag.py:3211} INFO - Sync 1 DAGs
[2026-08-12T04:50:48.003+0000] {logging_mixin.py:190} INFO - [2026-08-12T04:50:48.003+0000] {dag.py:4138} INFO - Setting next_dagrun for latest_only_with_trigger to 2026-08-12 00:00:00+00:00, run_after=2026-08-12 04:00:00+00:00
[2026-08-12T04:50:48.016+0000] {processor.py:208} INFO - Processing /home/airflow/.local/lib/python3.12/site-packages/airflow/example_dags/example_latest_only_with_trigger.py took 0.061 seconds
[2026-08-12T04:51:18.645+0000] {processor.py:186} INFO - Started process (PID=2387) to work on /home/airflow/.local/lib/python3.12/site-packages/airflow/example_dags/example_latest_only_with_trigger.py
[2026-08-12T04:51:18.646+0000] {processor.py:914} INFO - Processing file /home/airflow/.local/lib/python3.12/site-packages/airflow/example_dags/example_latest_only_with_trigger.py for tasks to queue
[2026-08-12T04:51:18.649+0000] {logging_mixin.py:190} INFO - [2026-08-12T04:51:18.648+0000] {dagbag.py:587} INFO - Filling up the DagBag from /home/airflow/.local/lib/python3.12/site-packages/airflow/example_dags/example_latest_only_with_trigger.py
[2026-08-12T04:51:18.655+0000] {processor.py:925} INFO - DAG(s) 'latest_only_with_trigger' retrieved from /home/airflow/.local/lib/python3.12/site-packages/airflow/example_dags/example_latest_only_with_trigger.py
[2026-08-12T04:51:18.671+0000] {logging_mixin.py:190} INFO - [2026-08-12T04:51:18.671+0000] {dag.py:3211} INFO - Sync 1 DAGs
[2026-08-12T04:51:18.689+0000] {logging_mixin.py:190} INFO - [2026-08-12T04:51:18.689+0000] {dag.py:4138} INFO - Setting next_dagrun for latest_only_with_trigger to 2026-08-12 00:00:00+00:00, run_after=2026-08-12 04:00:00+00:00
[2026-08-12T04:51:18.704+0000] {processor.py:208} INFO - Processing /home/airflow/.local/lib/python3.12/site-packages/airflow/example_dags/example_latest_only_with_trigger.py took 0.063 seconds
