[2026-08-12T04:30:17.055+0000] {processor.py:186} INFO - Started process (PID=83) to work on /home/airflow/.local/lib/python3.12/site-packages/airflow/example_dags/example_branch_day_of_week_operator.py
[2026-08-12T04:30:17.057+0000] {processor.py:914} INFO - Processing file /home/airflow/.local/lib/python3.12/site-packages/airflow/example_dags/example_branch_day_of_week_operator.py for tasks to queue
[2026-08-12T04:30:17.060+0000] {logging_mixin.py:190} INFO - [2026-08-12T04:30:17.059+0000] {dagbag.py:587} INFO - Filling up the DagBag from /home/airflow/.local/lib/python3.12/site-packages/airflow/example_dags/example_branch_day_of_week_operator.py
[2026-08-12T04:30:17.070+0000] {processor.py:925} INFO - DAG(s) 'example_weekday_branch_operator' retrieved from /home/airflow/.local/lib/python3.12/site-packages/airflow/example_dags/example_branch_day_of_week_operator.py
[2026-08-12T04:30:17.148+0000] {logging_mixin.py:190} INFO - [2026-08-12T04:30:17.148+0000] {override.py:1858} INFO - Created Permission View: can delete on DAG:example_weekday_branch_operator
[2026-08-12T04:30:17.158+0000] {logging_mixin.py:190} INFO - [2026-08-12T04:30:17.158+0000] {override.py:1858} INFO - Created Permission View: can read on DAG:example_weekday_branch_operator
[2026-08-12T04:30:17.163+0000] {logging_mixin.py:190} INFO - [2026-08-12T04:30:17.163+0000] {override.py:1858} INFO - Created Permission View: can edit on DAG:example_weekday_branch_operator
[2026-08-12T04:30:17.164+0000] {logging_mixin.py:190} INFO - [2026-08-12T04:30:17.164+0000] {dag.py:3211} INFO - Sync 1 DAGs
[2026-08-12T04:30:17.174+0000] {logging_mixin.py:190} INFO - [2026-08-12T04:30:17.174+0000] {dag.py:3234} INFO - Creating ORM DAG for example_weekday_branch_operator
[2026-08-12T04:30:17.182+0000] {logging_mixin.py:190} INFO - [2026-08-12T04:30:17.182+0000] {dag.py:4138} INFO - Setting next_dagrun for example_weekday_branch_operator to 2026-08-11 00:00:00+00:00, run_after=2026-08-12 00:00:00+00:00
[2026-08-12T04:30:17.196+0000] {processor.py:208} INFO - Processing /home/airflow/.local/lib/python3.12/site-packages/airflow/example_dags/example_branch_day_of_week_operator.py took 0.145 seconds
[2026-08-12T04:30:47.284+0000] {processor.py:186} INFO - Started process (PID=145) to work on /home/airflow/.local/lib/python3.12/site-packages/airflow/example_dags/example_branch_day_of_week_operator.py
[2026-08-12T04:30:47.285+0000] {processor.py:914} INFO - Processing file /home/airflow/.local/lib/python3.12/site-packages/airflow/example_dags/example_branch_day_of_week_operator.py for tasks to queue
[2026-08-12T04:30:47.287+0000] {logging_mixin.py:190} INFO - [2026-08-12T04:30:47.287+0000] {dagbag.py:587} INFO - Filling up the DagBag from /home/airflow/.local/lib/python3.12/site-packages/airflow/example_dags/example_branch_day_of_week_operator.py
[2026-08-12T04:30:47.295+0000] {processor.py:925} INFO - DAG(s) 'example_weekday_branch_operator' retrieved from /home/airflow/.local/lib/python3.12/site-packages/airflow/example_dags/example_branch_day_of_week_operator.py
[2026-08-12T04:30:47.311+0000] {logging_mixin.py:190} INFO - [2026-08-12T04:30:47.311+0000] {dag.py:3211} INFO - Sync 1 DAGs
[2026-08-12T04:30:47.344+0000] {logging_mixin.py:190} INFO - [2026-08-12T04:30:47.343+0000] {dag.py:4138} INFO - Setting next_dagrun for example_weekday_branch_operator to 2026-08-11 00:00:00+00:00, run_after=2026-08-12 00:00:00+00:00
[2026-08-12T04:30:47.361+0000] {processor.py:208} INFO - Processing /home/airflow/.local/lib/python3.12/site-packages/airflow/example_dags/example_branch_day_of_week_operator.py took 0.081 seconds
[2026-08-12T04:31:18.297+0000] {processor.py:186} INFO - Started process (PID=207) to work on /home/airflow/.local/lib/python3.12/site-packages/airflow/example_dags/example_branch_day_of_week_operator.py
[2026-08-12T04:31:18.298+0000] {processor.py:914} INFO - Processing file /home/airflow/.local/lib/python3.12/site-packages/airflow/example_dags/example_branch_day_of_week_operator.py for tasks to queue
[2026-08-12T04:31:18.300+0000] {logging_mixin.py:190} INFO - [2026-08-12T04:31:18.300+0000] {dagbag.py:587} INFO - Filling up the DagBag from /home/airflow/.local/lib/python3.12/site-packages/airflow/example_dags/example_branch_day_of_week_operator.py
[2026-08-12T04:31:18.308+0000] {processor.py:925} INFO - DAG(s) 'example_weekday_branch_operator' retrieved from /home/airflow/.local/lib/python3.12/site-packages/airflow/example_dags/example_branch_day_of_week_operator.py
[2026-08-12T04:31:18.323+0000] {logging_mixin.py:190} INFO - [2026-08-12T04:31:18.323+0000] {dag.py:3211} INFO - Sync 1 DAGs
[2026-08-12T04:31:18.339+0000] {logging_mixin.py:190} INFO - [2026-08-12T04:31:18.339+0000] {dag.py:4138} INFO - Setting next_dagrun for example_weekday_branch_operator to 2026-08-11 00:00:00+00:00, run_after=2026-08-12 00:00:00+00:00
[2026-08-12T04:31:18.353+0000] {processor.py:208} INFO - Processing /home/airflow/.local/lib/python3.12/site-packages/airflow/example_dags/example_branch_day_of_week_operator.py took 0.060 seconds
[2026-08-12T04:32:27.296+0000] {processor.py:186} INFO - Started process (PID=77) to work on /home/airflow/.local/lib/python3.12/site-packages/airflow/example_dags/example_branch_day_of_week_operator.py
[2026-08-12T04:32:27.297+0000] {processor.py:914} INFO - Processing file /home/airflow/.local/lib/python3.12/site-packages/airflow/example_dags/example_branch_day_of_week_operator.py for tasks to queue
[2026-08-12T04:32:27.299+0000] {logging_mixin.py:190} INFO - [2026-08-12T04:32:27.299+0000] {dagbag.py:587} INFO - Filling up the DagBag from /home/airflow/.local/lib/python3.12/site-packages/airflow/example_dags/example_branch_day_of_week_operator.py
[2026-08-12T04:32:27.306+0000] {processor.py:925} INFO - DAG(s) 'example_weekday_branch_operator' retrieved from /home/airflow/.local/lib/python3.12/site-packages/airflow/example_dags/example_branch_day_of_week_operator.py
[2026-08-12T04:32:27.321+0000] {logging_mixin.py:190} INFO - [2026-08-12T04:32:27.321+0000] {dag.py:3211} INFO - Sync 1 DAGs
[2026-08-12T04:32:27.336+0000] {logging_mixin.py:190} INFO - [2026-08-12T04:32:27.336+0000] {dag.py:4138} INFO - Setting next_dagrun for example_weekday_branch_operator to 2026-08-11 00:00:00+00:00, run_after=2026-08-12 00:00:00+00:00
[2026-08-12T04:32:27.348+0000] {processor.py:208} INFO - Processing /home/airflow/.local/lib/python3.12/site-packages/airflow/example_dags/example_branch_day_of_week_operator.py took 0.057 seconds
[2026-08-12T04:32:58.383+0000] {processor.py:186} INFO - Started process (PID=140) to work on /home/airflow/.local/lib/python3.12/site-packages/airflow/example_dags/example_branch_day_of_week_operator.py
[2026-08-12T04:32:58.384+0000] {processor.py:914} INFO - Processing file /home/airflow/.local/lib/python3.12/site-packages/airflow/example_dags/example_branch_day_of_week_operator.py for tasks to queue
[2026-08-12T04:32:58.386+0000] {logging_mixin.py:190} INFO - [2026-08-12T04:32:58.386+0000] {dagbag.py:587} INFO - Filling up the DagBag from /home/airflow/.local/lib/python3.12/site-packages/airflow/example_dags/example_branch_day_of_week_operator.py
[2026-08-12T04:32:58.393+0000] {processor.py:925} INFO - DAG(s) 'example_weekday_branch_operator' retrieved from /home/airflow/.local/lib/python3.12/site-packages/airflow/example_dags/example_branch_day_of_week_operator.py
[2026-08-12T04:32:58.409+0000] {logging_mixin.py:190} INFO - [2026-08-12T04:32:58.409+0000] {dag.py:3211} INFO - Sync 1 DAGs
[2026-08-12T04:32:58.426+0000] {logging_mixin.py:190} INFO - [2026-08-12T04:32:58.426+0000] {dag.py:4138} INFO - Setting next_dagrun for example_weekday_branch_operator to 2026-08-11 00:00:00+00:00, run_after=2026-08-12 00:00:00+00:00
[2026-08-12T04:32:58.442+0000] {processor.py:208} INFO - Processing /home/airflow/.local/lib/python3.12/site-packages/airflow/example_dags/example_branch_day_of_week_operator.py took 0.063 seconds
[2026-08-12T04:33:29.148+0000] {processor.py:186} INFO - Started process (PID=202) to work on /home/airflow/.local/lib/python3.12/site-packages/airflow/example_dags/example_branch_day_of_week_operator.py
[2026-08-12T04:33:29.149+0000] {processor.py:914} INFO - Processing file /home/airflow/.local/lib/python3.12/site-packages/airflow/example_dags/example_branch_day_of_week_operator.py for tasks to queue
[2026-08-12T04:33:29.151+0000] {logging_mixin.py:190} INFO - [2026-08-12T04:33:29.150+0000] {dagbag.py:587} INFO - Filling up the DagBag from /home/airflow/.local/lib/python3.12/site-packages/airflow/example_dags/example_branch_day_of_week_operator.py
[2026-08-12T04:33:29.158+0000] {processor.py:925} INFO - DAG(s) 'example_weekday_branch_operator' retrieved from /home/airflow/.local/lib/python3.12/site-packages/airflow/example_dags/example_branch_day_of_week_operator.py
[2026-08-12T04:33:29.174+0000] {logging_mixin.py:190} INFO - [2026-08-12T04:33:29.173+0000] {dag.py:3211} INFO - Sync 1 DAGs
[2026-08-12T04:33:29.192+0000] {logging_mixin.py:190} INFO - [2026-08-12T04:33:29.192+0000] {dag.py:4138} INFO - Setting next_dagrun for example_weekday_branch_operator to 2026-08-11 00:00:00+00:00, run_after=2026-08-12 00:00:00+00:00
[2026-08-12T04:33:29.205+0000] {processor.py:208} INFO - Processing /home/airflow/.local/lib/python3.12/site-packages/airflow/example_dags/example_branch_day_of_week_operator.py took 0.062 seconds
[2026-08-12T04:34:00.273+0000] {processor.py:186} INFO - Started process (PID=264) to work on /home/airflow/.local/lib/python3.12/site-packages/airflow/example_dags/example_branch_day_of_week_operator.py
[2026-08-12T04:34:00.274+0000] {processor.py:914} INFO - Processing file /home/airflow/.local/lib/python3.12/site-packages/airflow/example_dags/example_branch_day_of_week_operator.py for tasks to queue
[2026-08-12T04:34:00.275+0000] {logging_mixin.py:190} INFO - [2026-08-12T04:34:00.275+0000] {dagbag.py:587} INFO - Filling up the DagBag from /home/airflow/.local/lib/python3.12/site-packages/airflow/example_dags/example_branch_day_of_week_operator.py
[2026-08-12T04:34:00.283+0000] {processor.py:925} INFO - DAG(s) 'example_weekday_branch_operator' retrieved from /home/airflow/.local/lib/python3.12/site-packages/airflow/example_dags/example_branch_day_of_week_operator.py
[2026-08-12T04:34:00.299+0000] {logging_mixin.py:190} INFO - [2026-08-12T04:34:00.298+0000] {dag.py:3211} INFO - Sync 1 DAGs
[2026-08-12T04:34:00.316+0000] {logging_mixin.py:190} INFO - [2026-08-12T04:34:00.316+0000] {dag.py:4138} INFO - Setting next_dagrun for example_weekday_branch_operator to 2026-08-11 00:00:00+00:00, run_after=2026-08-12 00:00:00+00:00
[2026-08-12T04:34:00.330+0000] {processor.py:208} INFO - Processing /home/airflow/.local/lib/python3.12/site-packages/airflow/example_dags/example_branch_day_of_week_operator.py took 0.061 seconds
[2026-08-12T04:34:30.654+0000] {processor.py:186} INFO - Started process (PID=326) to work on /home/airflow/.local/lib/python3.12/site-packages/airflow/example_dags/example_branch_day_of_week_operator.py
[2026-08-12T04:34:30.656+0000] {processor.py:914} INFO - Processing file /home/airflow/.local/lib/python3.12/site-packages/airflow/example_dags/example_branch_day_of_week_operator.py for tasks to queue
[2026-08-12T04:34:30.657+0000] {logging_mixin.py:190} INFO - [2026-08-12T04:34:30.657+0000] {dagbag.py:587} INFO - Filling up the DagBag from /home/airflow/.local/lib/python3.12/site-packages/airflow/example_dags/example_branch_day_of_week_operator.py
[2026-08-12T04:34:30.665+0000] {processor.py:925} INFO - DAG(s) 'example_weekday_branch_operator' retrieved from /home/airflow/.local/lib/python3.12/site-packages/airflow/example_dags/example_branch_day_of_week_operator.py
[2026-08-12T04:34:30.679+0000] {logging_mixin.py:190} INFO - [2026-08-12T04:34:30.679+0000] {dag.py:3211} INFO - Sync 1 DAGs
[2026-08-12T04:34:30.696+0000] {logging_mixin.py:190} INFO - [2026-08-12T04:34:30.696+0000] {dag.py:4138} INFO - Setting next_dagrun for example_weekday_branch_operator to 2026-08-11 00:00:00+00:00, run_after=2026-08-12 00:00:00+00:00
[2026-08-12T04:34:30.708+0000] {processor.py:208} INFO - Processing /home/airflow/.local/lib/python3.12/site-packages/airflow/example_dags/example_branch_day_of_week_operator.py took 0.058 seconds
[2026-08-12T04:35:01.112+0000] {processor.py:186} INFO - Started process (PID=388) to work on /home/airflow/.local/lib/python3.12/site-packages/airflow/example_dags/example_branch_day_of_week_operator.py
[2026-08-12T04:35:01.113+0000] {processor.py:914} INFO - Processing file /home/airflow/.local/lib/python3.12/site-packages/airflow/example_dags/example_branch_day_of_week_operator.py for tasks to queue
[2026-08-12T04:35:01.115+0000] {logging_mixin.py:190} INFO - [2026-08-12T04:35:01.115+0000] {dagbag.py:587} INFO - Filling up the DagBag from /home/airflow/.local/lib/python3.12/site-packages/airflow/example_dags/example_branch_day_of_week_operator.py
[2026-08-12T04:35:01.122+0000] {processor.py:925} INFO - DAG(s) 'example_weekday_branch_operator' retrieved from /home/airflow/.local/lib/python3.12/site-packages/airflow/example_dags/example_branch_day_of_week_operator.py
[2026-08-12T04:35:01.139+0000] {logging_mixin.py:190} INFO - [2026-08-12T04:35:01.139+0000] {dag.py:3211} INFO - Sync 1 DAGs
[2026-08-12T04:35:01.158+0000] {logging_mixin.py:190} INFO - [2026-08-12T04:35:01.157+0000] {dag.py:4138} INFO - Setting next_dagrun for example_weekday_branch_operator to 2026-08-11 00:00:00+00:00, run_after=2026-08-12 00:00:00+00:00
[2026-08-12T04:35:01.172+0000] {processor.py:208} INFO - Processing /home/airflow/.local/lib/python3.12/site-packages/airflow/example_dags/example_branch_day_of_week_operator.py took 0.064 seconds
[2026-08-12T04:35:31.402+0000] {processor.py:186} INFO - Started process (PID=450) to work on /home/airflow/.local/lib/python3.12/site-packages/airflow/example_dags/example_branch_day_of_week_operator.py
[2026-08-12T04:35:31.402+0000] {processor.py:914} INFO - Processing file /home/airflow/.local/lib/python3.12/site-packages/airflow/example_dags/example_branch_day_of_week_operator.py for tasks to queue
[2026-08-12T04:35:31.404+0000] {logging_mixin.py:190} INFO - [2026-08-12T04:35:31.404+0000] {dagbag.py:587} INFO - Filling up the DagBag from /home/airflow/.local/lib/python3.12/site-packages/airflow/example_dags/example_branch_day_of_week_operator.py
[2026-08-12T04:35:31.412+0000] {processor.py:925} INFO - DAG(s) 'example_weekday_branch_operator' retrieved from /home/airflow/.local/lib/python3.12/site-packages/airflow/example_dags/example_branch_day_of_week_operator.py
[2026-08-12T04:35:31.431+0000] {logging_mixin.py:190} INFO - [2026-08-12T04:35:31.430+0000] {dag.py:3211} INFO - Sync 1 DAGs
[2026-08-12T04:35:31.450+0000] {logging_mixin.py:190} INFO - [2026-08-12T04:35:31.449+0000] {dag.py:4138} INFO - Setting next_dagrun for example_weekday_branch_operator to 2026-08-11 00:00:00+00:00, run_after=2026-08-12 00:00:00+00:00
[2026-08-12T04:35:31.462+0000] {processor.py:208} INFO - Processing /home/airflow/.local/lib/python3.12/site-packages/airflow/example_dags/example_branch_day_of_week_operator.py took 0.065 seconds
[2026-08-12T04:36:01.670+0000] {processor.py:186} INFO - Started process (PID=512) to work on /home/airflow/.local/lib/python3.12/site-packages/airflow/example_dags/example_branch_day_of_week_operator.py
[2026-08-12T04:36:01.671+0000] {processor.py:914} INFO - Processing file /home/airflow/.local/lib/python3.12/site-packages/airflow/example_dags/example_branch_day_of_week_operator.py for tasks to queue
[2026-08-12T04:36:01.673+0000] {logging_mixin.py:190} INFO - [2026-08-12T04:36:01.673+0000] {dagbag.py:587} INFO - Filling up the DagBag from /home/airflow/.local/lib/python3.12/site-packages/airflow/example_dags/example_branch_day_of_week_operator.py
[2026-08-12T04:36:01.680+0000] {processor.py:925} INFO - DAG(s) 'example_weekday_branch_operator' retrieved from /home/airflow/.local/lib/python3.12/site-packages/airflow/example_dags/example_branch_day_of_week_operator.py
[2026-08-12T04:36:01.696+0000] {logging_mixin.py:190} INFO - [2026-08-12T04:36:01.696+0000] {dag.py:3211} INFO - Sync 1 DAGs
[2026-08-12T04:36:01.712+0000] {logging_mixin.py:190} INFO - [2026-08-12T04:36:01.712+0000] {dag.py:4138} INFO - Setting next_dagrun for example_weekday_branch_operator to 2026-08-11 00:00:00+00:00, run_after=2026-08-12 00:00:00+00:00
[2026-08-12T04:36:01.725+0000] {processor.py:208} INFO - Processing /home/airflow/.local/lib/python3.12/site-packages/airflow/example_dags/example_branch_day_of_week_operator.py took 0.060 seconds
[2026-08-12T04:36:32.511+0000] {processor.py:186} INFO - Started process (PID=574) to work on /home/airflow/.local/lib/python3.12/site-packages/airflow/example_dags/example_branch_day_of_week_operator.py
[2026-08-12T04:36:32.512+0000] {processor.py:914} INFO - Processing file /home/airflow/.local/lib/python3.12/site-packages/airflow/example_dags/example_branch_day_of_week_operator.py for tasks to queue
[2026-08-12T04:36:32.514+0000] {logging_mixin.py:190} INFO - [2026-08-12T04:36:32.514+0000] {dagbag.py:587} INFO - Filling up the DagBag from /home/airflow/.local/lib/python3.12/site-packages/airflow/example_dags/example_branch_day_of_week_operator.py
[2026-08-12T04:36:32.522+0000] {processor.py:925} INFO - DAG(s) 'example_weekday_branch_operator' retrieved from /home/airflow/.local/lib/python3.12/site-packages/airflow/example_dags/example_branch_day_of_week_operator.py
[2026-08-12T04:36:32.536+0000] {logging_mixin.py:190} INFO - [2026-08-12T04:36:32.536+0000] {dag.py:3211} INFO - Sync 1 DAGs
[2026-08-12T04:36:32.552+0000] {logging_mixin.py:190} INFO - [2026-08-12T04:36:32.552+0000] {dag.py:4138} INFO - Setting next_dagrun for example_weekday_branch_operator to 2026-08-11 00:00:00+00:00, run_after=2026-08-12 00:00:00+00:00
[2026-08-12T04:36:32.566+0000] {processor.py:208} INFO - Processing /home/airflow/.local/lib/python3.12/site-packages/airflow/example_dags/example_branch_day_of_week_operator.py took 0.059 seconds
[2026-08-12T04:37:02.919+0000] {processor.py:186} INFO - Started process (PID=636) to work on /home/airflow/.local/lib/python3.12/site-packages/airflow/example_dags/example_branch_day_of_week_operator.py
[2026-08-12T04:37:02.920+0000] {processor.py:914} INFO - Processing file /home/airflow/.local/lib/python3.12/site-packages/airflow/example_dags/example_branch_day_of_week_operator.py for tasks to queue
[2026-08-12T04:37:02.922+0000] {logging_mixin.py:190} INFO - [2026-08-12T04:37:02.922+0000] {dagbag.py:587} INFO - Filling up the DagBag from /home/airflow/.local/lib/python3.12/site-packages/airflow/example_dags/example_branch_day_of_week_operator.py
[2026-08-12T04:37:02.930+0000] {processor.py:925} INFO - DAG(s) 'example_weekday_branch_operator' retrieved from /home/airflow/.local/lib/python3.12/site-packages/airflow/example_dags/example_branch_day_of_week_operator.py
[2026-08-12T04:37:02.944+0000] {logging_mixin.py:190} INFO - [2026-08-12T04:37:02.944+0000] {dag.py:3211} INFO - Sync 1 DAGs
[2026-08-12T04:37:02.962+0000] {logging_mixin.py:190} INFO - [2026-08-12T04:37:02.962+0000] {dag.py:4138} INFO - Setting next_dagrun for example_weekday_branch_operator to 2026-08-11 00:00:00+00:00, run_after=2026-08-12 00:00:00+00:00
[2026-08-12T04:37:02.975+0000] {processor.py:208} INFO - Processing /home/airflow/.local/lib/python3.12/site-packages/airflow/example_dags/example_branch_day_of_week_operator.py took 0.060 seconds
[2026-08-12T04:37:33.052+0000] {processor.py:186} INFO - Started process (PID=698) to work on /home/airflow/.local/lib/python3.12/site-packages/airflow/example_dags/example_branch_day_of_week_operator.py
[2026-08-12T04:37:33.053+0000] {processor.py:914} INFO - Processing file /home/airflow/.local/lib/python3.12/site-packages/airflow/example_dags/example_branch_day_of_week_operator.py for tasks to queue
[2026-08-12T04:37:33.056+0000] {logging_mixin.py:190} INFO - [2026-08-12T04:37:33.055+0000] {dagbag.py:587} INFO - Filling up the DagBag from /home/airflow/.local/lib/python3.12/site-packages/airflow/example_dags/example_branch_day_of_week_operator.py
[2026-08-12T04:37:33.063+0000] {processor.py:925} INFO - DAG(s) 'example_weekday_branch_operator' retrieved from /home/airflow/.local/lib/python3.12/site-packages/airflow/example_dags/example_branch_day_of_week_operator.py
[2026-08-12T04:37:33.078+0000] {logging_mixin.py:190} INFO - [2026-08-12T04:37:33.078+0000] {dag.py:3211} INFO - Sync 1 DAGs
[2026-08-12T04:37:33.094+0000] {logging_mixin.py:190} INFO - [2026-08-12T04:37:33.094+0000] {dag.py:4138} INFO - Setting next_dagrun for example_weekday_branch_operator to 2026-08-11 00:00:00+00:00, run_after=2026-08-12 00:00:00+00:00
[2026-08-12T04:37:33.106+0000] {processor.py:208} INFO - Processing /home/airflow/.local/lib/python3.12/site-packages/airflow/example_dags/example_branch_day_of_week_operator.py took 0.058 seconds
[2026-08-12T04:38:03.518+0000] {processor.py:186} INFO - Started process (PID=760) to work on /home/airflow/.local/lib/python3.12/site-packages/airflow/example_dags/example_branch_day_of_week_operator.py
[2026-08-12T04:38:03.519+0000] {processor.py:914} INFO - Processing file /home/airflow/.local/lib/python3.12/site-packages/airflow/example_dags/example_branch_day_of_week_operator.py for tasks to queue
[2026-08-12T04:38:03.521+0000] {logging_mixin.py:190} INFO - [2026-08-12T04:38:03.521+0000] {dagbag.py:587} INFO - Filling up the DagBag from /home/airflow/.local/lib/python3.12/site-packages/airflow/example_dags/example_branch_day_of_week_operator.py
[2026-08-12T04:38:03.528+0000] {processor.py:925} INFO - DAG(s) 'example_weekday_branch_operator' retrieved from /home/airflow/.local/lib/python3.12/site-packages/airflow/example_dags/example_branch_day_of_week_operator.py
[2026-08-12T04:38:03.543+0000] {logging_mixin.py:190} INFO - [2026-08-12T04:38:03.542+0000] {dag.py:3211} INFO - Sync 1 DAGs
[2026-08-12T04:38:03.559+0000] {logging_mixin.py:190} INFO - [2026-08-12T04:38:03.559+0000] {dag.py:4138} INFO - Setting next_dagrun for example_weekday_branch_operator to 2026-08-11 00:00:00+00:00, run_after=2026-08-12 00:00:00+00:00
[2026-08-12T04:38:03.573+0000] {processor.py:208} INFO - Processing /home/airflow/.local/lib/python3.12/site-packages/airflow/example_dags/example_branch_day_of_week_operator.py took 0.060 seconds
[2026-08-12T04:38:34.563+0000] {processor.py:186} INFO - Started process (PID=822) to work on /home/airflow/.local/lib/python3.12/site-packages/airflow/example_dags/example_branch_day_of_week_operator.py
[2026-08-12T04:38:34.564+0000] {processor.py:914} INFO - Processing file /home/airflow/.local/lib/python3.12/site-packages/airflow/example_dags/example_branch_day_of_week_operator.py for tasks to queue
[2026-08-12T04:38:34.566+0000] {logging_mixin.py:190} INFO - [2026-08-12T04:38:34.566+0000] {dagbag.py:587} INFO - Filling up the DagBag from /home/airflow/.local/lib/python3.12/site-packages/airflow/example_dags/example_branch_day_of_week_operator.py
[2026-08-12T04:38:34.573+0000] {processor.py:925} INFO - DAG(s) 'example_weekday_branch_operator' retrieved from /home/airflow/.local/lib/python3.12/site-packages/airflow/example_dags/example_branch_day_of_week_operator.py
[2026-08-12T04:38:34.589+0000] {logging_mixin.py:190} INFO - [2026-08-12T04:38:34.589+0000] {dag.py:3211} INFO - Sync 1 DAGs
[2026-08-12T04:38:34.608+0000] {logging_mixin.py:190} INFO - [2026-08-12T04:38:34.608+0000] {dag.py:4138} INFO - Setting next_dagrun for example_weekday_branch_operator to 2026-08-11 00:00:00+00:00, run_after=2026-08-12 00:00:00+00:00
[2026-08-12T04:38:34.623+0000] {processor.py:208} INFO - Processing /home/airflow/.local/lib/python3.12/site-packages/airflow/example_dags/example_branch_day_of_week_operator.py took 0.063 seconds
[2026-08-12T04:39:04.714+0000] {processor.py:186} INFO - Started process (PID=884) to work on /home/airflow/.local/lib/python3.12/site-packages/airflow/example_dags/example_branch_day_of_week_operator.py
[2026-08-12T04:39:04.715+0000] {processor.py:914} INFO - Processing file /home/airflow/.local/lib/python3.12/site-packages/airflow/example_dags/example_branch_day_of_week_operator.py for tasks to queue
[2026-08-12T04:39:04.717+0000] {logging_mixin.py:190} INFO - [2026-08-12T04:39:04.717+0000] {dagbag.py:587} INFO - Filling up the DagBag from /home/airflow/.local/lib/python3.12/site-packages/airflow/example_dags/example_branch_day_of_week_operator.py
[2026-08-12T04:39:04.725+0000] {processor.py:925} INFO - DAG(s) 'example_weekday_branch_operator' retrieved from /home/airflow/.local/lib/python3.12/site-packages/airflow/example_dags/example_branch_day_of_week_operator.py
[2026-08-12T04:39:04.740+0000] {logging_mixin.py:190} INFO - [2026-08-12T04:39:04.740+0000] {dag.py:3211} INFO - Sync 1 DAGs
[2026-08-12T04:39:04.756+0000] {logging_mixin.py:190} INFO - [2026-08-12T04:39:04.756+0000] {dag.py:4138} INFO - Setting next_dagrun for example_weekday_branch_operator to 2026-08-11 00:00:00+00:00, run_after=2026-08-12 00:00:00+00:00
[2026-08-12T04:39:04.768+0000] {processor.py:208} INFO - Processing /home/airflow/.local/lib/python3.12/site-packages/airflow/example_dags/example_branch_day_of_week_operator.py took 0.058 seconds
[2026-08-12T04:39:35.066+0000] {processor.py:186} INFO - Started process (PID=946) to work on /home/airflow/.local/lib/python3.12/site-packages/airflow/example_dags/example_branch_day_of_week_operator.py
[2026-08-12T04:39:35.067+0000] {processor.py:914} INFO - Processing file /home/airflow/.local/lib/python3.12/site-packages/airflow/example_dags/example_branch_day_of_week_operator.py for tasks to queue
[2026-08-12T04:39:35.069+0000] {logging_mixin.py:190} INFO - [2026-08-12T04:39:35.069+0000] {dagbag.py:587} INFO - Filling up the DagBag from /home/airflow/.local/lib/python3.12/site-packages/airflow/example_dags/example_branch_day_of_week_operator.py
[2026-08-12T04:39:35.077+0000] {processor.py:925} INFO - DAG(s) 'example_weekday_branch_operator' retrieved from /home/airflow/.local/lib/python3.12/site-packages/airflow/example_dags/example_branch_day_of_week_operator.py
[2026-08-12T04:39:35.092+0000] {logging_mixin.py:190} INFO - [2026-08-12T04:39:35.092+0000] {dag.py:3211} INFO - Sync 1 DAGs
[2026-08-12T04:39:35.111+0000] {logging_mixin.py:190} INFO - [2026-08-12T04:39:35.110+0000] {dag.py:4138} INFO - Setting next_dagrun for example_weekday_branch_operator to 2026-08-11 00:00:00+00:00, run_after=2026-08-12 00:00:00+00:00
[2026-08-12T04:39:35.123+0000] {processor.py:208} INFO - Processing /home/airflow/.local/lib/python3.12/site-packages/airflow/example_dags/example_branch_day_of_week_operator.py took 0.062 seconds
[2026-08-12T04:40:05.875+0000] {processor.py:186} INFO - Started process (PID=1008) to work on /home/airflow/.local/lib/python3.12/site-packages/airflow/example_dags/example_branch_day_of_week_operator.py
[2026-08-12T04:40:05.876+0000] {processor.py:914} INFO - Processing file /home/airflow/.local/lib/python3.12/site-packages/airflow/example_dags/example_branch_day_of_week_operator.py for tasks to queue
[2026-08-12T04:40:05.879+0000] {logging_mixin.py:190} INFO - [2026-08-12T04:40:05.878+0000] {dagbag.py:587} INFO - Filling up the DagBag from /home/airflow/.local/lib/python3.12/site-packages/airflow/example_dags/example_branch_day_of_week_operator.py
[2026-08-12T04:40:05.886+0000] {processor.py:925} INFO - DAG(s) 'example_weekday_branch_operator' retrieved from /home/airflow/.local/lib/python3.12/site-packages/airflow/example_dags/example_branch_day_of_week_operator.py
[2026-08-12T04:40:05.901+0000] {logging_mixin.py:190} INFO - [2026-08-12T04:40:05.901+0000] {dag.py:3211} INFO - Sync 1 DAGs
[2026-08-12T04:40:05.917+0000] {logging_mixin.py:190} INFO - [2026-08-12T04:40:05.917+0000] {dag.py:4138} INFO - Setting next_dagrun for example_weekday_branch_operator to 2026-08-11 00:00:00+00:00, run_after=2026-08-12 00:00:00+00:00
[2026-08-12T04:40:05.929+0000] {processor.py:208} INFO - Processing /home/airflow/.local/lib/python3.12/site-packages/airflow/example_dags/example_branch_day_of_week_operator.py took 0.058 seconds
[2026-08-12T04:40:36.560+0000] {processor.py:186} INFO - Started process (PID=1070) to work on /home/airflow/.local/lib/python3.12/site-packages/airflow/example_dags/example_branch_day_of_week_operator.py
[2026-08-12T04:40:36.561+0000] {processor.py:914} INFO - Processing file /home/airflow/.local/lib/python3.12/site-packages/airflow/example_dags/example_branch_day_of_week_operator.py for tasks to queue
[2026-08-12T04:40:36.563+0000] {logging_mixin.py:190} INFO - [2026-08-12T04:40:36.563+0000] {dagbag.py:587} INFO - Filling up the DagBag from /home/airflow/.local/lib/python3.12/site-packages/airflow/example_dags/example_branch_day_of_week_operator.py
[2026-08-12T04:40:36.570+0000] {processor.py:925} INFO - DAG(s) 'example_weekday_branch_operator' retrieved from /home/airflow/.local/lib/python3.12/site-packages/airflow/example_dags/example_branch_day_of_week_operator.py
[2026-08-12T04:40:36.584+0000] {logging_mixin.py:190} INFO - [2026-08-12T04:40:36.584+0000] {dag.py:3211} INFO - Sync 1 DAGs
[2026-08-12T04:40:36.600+0000] {logging_mixin.py:190} INFO - [2026-08-12T04:40:36.600+0000] {dag.py:4138} INFO - Setting next_dagrun for example_weekday_branch_operator to 2026-08-11 00:00:00+00:00, run_after=2026-08-12 00:00:00+00:00
[2026-08-12T04:40:36.612+0000] {processor.py:208} INFO - Processing /home/airflow/.local/lib/python3.12/site-packages/airflow/example_dags/example_branch_day_of_week_operator.py took 0.056 seconds
[2026-08-12T04:41:07.354+0000] {processor.py:186} INFO - Started process (PID=1132) to work on /home/airflow/.local/lib/python3.12/site-packages/airflow/example_dags/example_branch_day_of_week_operator.py
[2026-08-12T04:41:07.355+0000] {processor.py:914} INFO - Processing file /home/airflow/.local/lib/python3.12/site-packages/airflow/example_dags/example_branch_day_of_week_operator.py for tasks to queue
[2026-08-12T04:41:07.357+0000] {logging_mixin.py:190} INFO - [2026-08-12T04:41:07.357+0000] {dagbag.py:587} INFO - Filling up the DagBag from /home/airflow/.local/lib/python3.12/site-packages/airflow/example_dags/example_branch_day_of_week_operator.py
[2026-08-12T04:41:07.364+0000] {processor.py:925} INFO - DAG(s) 'example_weekday_branch_operator' retrieved from /home/airflow/.local/lib/python3.12/site-packages/airflow/example_dags/example_branch_day_of_week_operator.py
[2026-08-12T04:41:07.379+0000] {logging_mixin.py:190} INFO - [2026-08-12T04:41:07.379+0000] {dag.py:3211} INFO - Sync 1 DAGs
[2026-08-12T04:41:07.396+0000] {logging_mixin.py:190} INFO - [2026-08-12T04:41:07.396+0000] {dag.py:4138} INFO - Setting next_dagrun for example_weekday_branch_operator to 2026-08-11 00:00:00+00:00, run_after=2026-08-12 00:00:00+00:00
[2026-08-12T04:41:07.410+0000] {processor.py:208} INFO - Processing /home/airflow/.local/lib/python3.12/site-packages/airflow/example_dags/example_branch_day_of_week_operator.py took 0.061 seconds
[2026-08-12T04:41:38.070+0000] {processor.py:186} INFO - Started process (PID=1194) to work on /home/airflow/.local/lib/python3.12/site-packages/airflow/example_dags/example_branch_day_of_week_operator.py
[2026-08-12T04:41:38.071+0000] {processor.py:914} INFO - Processing file /home/airflow/.local/lib/python3.12/site-packages/airflow/example_dags/example_branch_day_of_week_operator.py for tasks to queue
[2026-08-12T04:41:38.073+0000] {logging_mixin.py:190} INFO - [2026-08-12T04:41:38.073+0000] {dagbag.py:587} INFO - Filling up the DagBag from /home/airflow/.local/lib/python3.12/site-packages/airflow/example_dags/example_branch_day_of_week_operator.py
[2026-08-12T04:41:38.081+0000] {processor.py:925} INFO - DAG(s) 'example_weekday_branch_operator' retrieved from /home/airflow/.local/lib/python3.12/site-packages/airflow/example_dags/example_branch_day_of_week_operator.py
[2026-08-12T04:41:38.095+0000] {logging_mixin.py:190} INFO - [2026-08-12T04:41:38.095+0000] {dag.py:3211} INFO - Sync 1 DAGs
[2026-08-12T04:41:38.110+0000] {logging_mixin.py:190} INFO - [2026-08-12T04:41:38.110+0000] {dag.py:4138} INFO - Setting next_dagrun for example_weekday_branch_operator to 2026-08-11 00:00:00+00:00, run_after=2026-08-12 00:00:00+00:00
[2026-08-12T04:41:38.123+0000] {processor.py:208} INFO - Processing /home/airflow/.local/lib/python3.12/site-packages/airflow/example_dags/example_branch_day_of_week_operator.py took 0.056 seconds
[2026-08-12T04:42:09.016+0000] {processor.py:186} INFO - Started process (PID=1256) to work on /home/airflow/.local/lib/python3.12/site-packages/airflow/example_dags/example_branch_day_of_week_operator.py
[2026-08-12T04:42:09.018+0000] {processor.py:914} INFO - Processing file /home/airflow/.local/lib/python3.12/site-packages/airflow/example_dags/example_branch_day_of_week_operator.py for tasks to queue
[2026-08-12T04:42:09.020+0000] {logging_mixin.py:190} INFO - [2026-08-12T04:42:09.020+0000] {dagbag.py:587} INFO - Filling up the DagBag from /home/airflow/.local/lib/python3.12/site-packages/airflow/example_dags/example_branch_day_of_week_operator.py
[2026-08-12T04:42:09.027+0000] {processor.py:925} INFO - DAG(s) 'example_weekday_branch_operator' retrieved from /home/airflow/.local/lib/python3.12/site-packages/airflow/example_dags/example_branch_day_of_week_operator.py
[2026-08-12T04:42:09.043+0000] {logging_mixin.py:190} INFO - [2026-08-12T04:42:09.043+0000] {dag.py:3211} INFO - Sync 1 DAGs
[2026-08-12T04:42:09.062+0000] {logging_mixin.py:190} INFO - [2026-08-12T04:42:09.061+0000] {dag.py:4138} INFO - Setting next_dagrun for example_weekday_branch_operator to 2026-08-11 00:00:00+00:00, run_after=2026-08-12 00:00:00+00:00
[2026-08-12T04:42:09.076+0000] {processor.py:208} INFO - Processing /home/airflow/.local/lib/python3.12/site-packages/airflow/example_dags/example_branch_day_of_week_operator.py took 0.065 seconds
[2026-08-12T04:42:39.889+0000] {processor.py:186} INFO - Started process (PID=1318) to work on /home/airflow/.local/lib/python3.12/site-packages/airflow/example_dags/example_branch_day_of_week_operator.py
[2026-08-12T04:42:39.890+0000] {processor.py:914} INFO - Processing file /home/airflow/.local/lib/python3.12/site-packages/airflow/example_dags/example_branch_day_of_week_operator.py for tasks to queue
[2026-08-12T04:42:39.892+0000] {logging_mixin.py:190} INFO - [2026-08-12T04:42:39.892+0000] {dagbag.py:587} INFO - Filling up the DagBag from /home/airflow/.local/lib/python3.12/site-packages/airflow/example_dags/example_branch_day_of_week_operator.py
[2026-08-12T04:42:39.901+0000] {processor.py:925} INFO - DAG(s) 'example_weekday_branch_operator' retrieved from /home/airflow/.local/lib/python3.12/site-packages/airflow/example_dags/example_branch_day_of_week_operator.py
[2026-08-12T04:42:39.916+0000] {logging_mixin.py:190} INFO - [2026-08-12T04:42:39.916+0000] {dag.py:3211} INFO - Sync 1 DAGs
[2026-08-12T04:42:39.932+0000] {logging_mixin.py:190} INFO - [2026-08-12T04:42:39.932+0000] {dag.py:4138} INFO - Setting next_dagrun for example_weekday_branch_operator to 2026-08-11 00:00:00+00:00, run_after=2026-08-12 00:00:00+00:00
[2026-08-12T04:42:39.945+0000] {processor.py:208} INFO - Processing /home/airflow/.local/lib/python3.12/site-packages/airflow/example_dags/example_branch_day_of_week_operator.py took 0.060 seconds
[2026-08-12T04:43:10.756+0000] {processor.py:186} INFO - Started process (PID=1380) to work on /home/airflow/.local/lib/python3.12/site-packages/airflow/example_dags/example_branch_day_of_week_operator.py
[2026-08-12T04:43:10.758+0000] {processor.py:914} INFO - Processing file /home/airflow/.local/lib/python3.12/site-packages/airflow/example_dags/example_branch_day_of_week_operator.py for tasks to queue
[2026-08-12T04:43:10.760+0000] {logging_mixin.py:190} INFO - [2026-08-12T04:43:10.760+0000] {dagbag.py:587} INFO - Filling up the DagBag from /home/airflow/.local/lib/python3.12/site-packages/airflow/example_dags/example_branch_day_of_week_operator.py
[2026-08-12T04:43:10.768+0000] {processor.py:925} INFO - DAG(s) 'example_weekday_branch_operator' retrieved from /home/airflow/.local/lib/python3.12/site-packages/airflow/example_dags/example_branch_day_of_week_operator.py
[2026-08-12T04:43:10.783+0000] {logging_mixin.py:190} INFO - [2026-08-12T04:43:10.783+0000] {dag.py:3211} INFO - Sync 1 DAGs
[2026-08-12T04:43:10.799+0000] {logging_mixin.py:190} INFO - [2026-08-12T04:43:10.799+0000] {dag.py:4138} INFO - Setting next_dagrun for example_weekday_branch_operator to 2026-08-11 00:00:00+00:00, run_after=2026-08-12 00:00:00+00:00
[2026-08-12T04:43:10.813+0000] {processor.py:208} INFO - Processing /home/airflow/.local/lib/python3.12/site-packages/airflow/example_dags/example_branch_day_of_week_operator.py took 0.061 seconds
[2026-08-12T04:43:40.872+0000] {processor.py:186} INFO - Started process (PID=1442) to work on /home/airflow/.local/lib/python3.12/site-packages/airflow/example_dags/example_branch_day_of_week_operator.py
[2026-08-12T04:43:40.873+0000] {processor.py:914} INFO - Processing file /home/airflow/.local/lib/python3.12/site-packages/airflow/example_dags/example_branch_day_of_week_operator.py for tasks to queue
[2026-08-12T04:43:40.875+0000] {logging_mixin.py:190} INFO - [2026-08-12T04:43:40.875+0000] {dagbag.py:587} INFO - Filling up the DagBag from /home/airflow/.local/lib/python3.12/site-packages/airflow/example_dags/example_branch_day_of_week_operator.py
[2026-08-12T04:43:40.882+0000] {processor.py:925} INFO - DAG(s) 'example_weekday_branch_operator' retrieved from /home/airflow/.local/lib/python3.12/site-packages/airflow/example_dags/example_branch_day_of_week_operator.py
[2026-08-12T04:43:40.897+0000] {logging_mixin.py:190} INFO - [2026-08-12T04:43:40.897+0000] {dag.py:3211} INFO - Sync 1 DAGs
[2026-08-12T04:43:40.912+0000] {logging_mixin.py:190} INFO - [2026-08-12T04:43:40.911+0000] {dag.py:4138} INFO - Setting next_dagrun for example_weekday_branch_operator to 2026-08-11 00:00:00+00:00, run_after=2026-08-12 00:00:00+00:00
[2026-08-12T04:43:40.923+0000] {processor.py:208} INFO - Processing /home/airflow/.local/lib/python3.12/site-packages/airflow/example_dags/example_branch_day_of_week_operator.py took 0.055 seconds
[2026-08-12T04:44:11.232+0000] {processor.py:186} INFO - Started process (PID=1504) to work on /home/airflow/.local/lib/python3.12/site-packages/airflow/example_dags/example_branch_day_of_week_operator.py
[2026-08-12T04:44:11.233+0000] {processor.py:914} INFO - Processing file /home/airflow/.local/lib/python3.12/site-packages/airflow/example_dags/example_branch_day_of_week_operator.py for tasks to queue
[2026-08-12T04:44:11.235+0000] {logging_mixin.py:190} INFO - [2026-08-12T04:44:11.235+0000] {dagbag.py:587} INFO - Filling up the DagBag from /home/airflow/.local/lib/python3.12/site-packages/airflow/example_dags/example_branch_day_of_week_operator.py
[2026-08-12T04:44:11.243+0000] {processor.py:925} INFO - DAG(s) 'example_weekday_branch_operator' retrieved from /home/airflow/.local/lib/python3.12/site-packages/airflow/example_dags/example_branch_day_of_week_operator.py
[2026-08-12T04:44:11.259+0000] {logging_mixin.py:190} INFO - [2026-08-12T04:44:11.259+0000] {dag.py:3211} INFO - Sync 1 DAGs
[2026-08-12T04:44:11.276+0000] {logging_mixin.py:190} INFO - [2026-08-12T04:44:11.276+0000] {dag.py:4138} INFO - Setting next_dagrun for example_weekday_branch_operator to 2026-08-11 00:00:00+00:00, run_after=2026-08-12 00:00:00+00:00
[2026-08-12T04:44:11.290+0000] {processor.py:208} INFO - Processing /home/airflow/.local/lib/python3.12/site-packages/airflow/example_dags/example_branch_day_of_week_operator.py took 0.063 seconds
[2026-08-12T04:44:42.304+0000] {processor.py:186} INFO - Started process (PID=1566) to work on /home/airflow/.local/lib/python3.12/site-packages/airflow/example_dags/example_branch_day_of_week_operator.py
[2026-08-12T04:44:42.306+0000] {processor.py:914} INFO - Processing file /home/airflow/.local/lib/python3.12/site-packages/airflow/example_dags/example_branch_day_of_week_operator.py for tasks to queue
[2026-08-12T04:44:42.308+0000] {logging_mixin.py:190} INFO - [2026-08-12T04:44:42.307+0000] {dagbag.py:587} INFO - Filling up the DagBag from /home/airflow/.local/lib/python3.12/site-packages/airflow/example_dags/example_branch_day_of_week_operator.py
[2026-08-12T04:44:42.315+0000] {processor.py:925} INFO - DAG(s) 'example_weekday_branch_operator' retrieved from /home/airflow/.local/lib/python3.12/site-packages/airflow/example_dags/example_branch_day_of_week_operator.py
[2026-08-12T04:44:42.330+0000] {logging_mixin.py:190} INFO - [2026-08-12T04:44:42.329+0000] {dag.py:3211} INFO - Sync 1 DAGs
[2026-08-12T04:44:42.345+0000] {logging_mixin.py:190} INFO - [2026-08-12T04:44:42.345+0000] {dag.py:4138} INFO - Setting next_dagrun for example_weekday_branch_operator to 2026-08-11 00:00:00+00:00, run_after=2026-08-12 00:00:00+00:00
[2026-08-12T04:44:42.361+0000] {processor.py:208} INFO - Processing /home/airflow/.local/lib/python3.12/site-packages/airflow/example_dags/example_branch_day_of_week_operator.py took 0.061 seconds
[2026-08-12T04:45:13.323+0000] {processor.py:186} INFO - Started process (PID=1628) to work on /home/airflow/.local/lib/python3.12/site-packages/airflow/example_dags/example_branch_day_of_week_operator.py
[2026-08-12T04:45:13.325+0000] {processor.py:914} INFO - Processing file /home/airflow/.local/lib/python3.12/site-packages/airflow/example_dags/example_branch_day_of_week_operator.py for tasks to queue
[2026-08-12T04:45:13.327+0000] {logging_mixin.py:190} INFO - [2026-08-12T04:45:13.327+0000] {dagbag.py:587} INFO - Filling up the DagBag from /home/airflow/.local/lib/python3.12/site-packages/airflow/example_dags/example_branch_day_of_week_operator.py
[2026-08-12T04:45:13.335+0000] {processor.py:925} INFO - DAG(s) 'example_weekday_branch_operator' retrieved from /home/airflow/.local/lib/python3.12/site-packages/airflow/example_dags/example_branch_day_of_week_operator.py
[2026-08-12T04:45:13.349+0000] {logging_mixin.py:190} INFO - [2026-08-12T04:45:13.349+0000] {dag.py:3211} INFO - Sync 1 DAGs
[2026-08-12T04:45:13.365+0000] {logging_mixin.py:190} INFO - [2026-08-12T04:45:13.365+0000] {dag.py:4138} INFO - Setting next_dagrun for example_weekday_branch_operator to 2026-08-11 00:00:00+00:00, run_after=2026-08-12 00:00:00+00:00
[2026-08-12T04:45:13.381+0000] {processor.py:208} INFO - Processing /home/airflow/.local/lib/python3.12/site-packages/airflow/example_dags/example_branch_day_of_week_operator.py took 0.061 seconds
[2026-08-12T04:45:43.765+0000] {processor.py:186} INFO - Started process (PID=1690) to work on /home/airflow/.local/lib/python3.12/site-packages/airflow/example_dags/example_branch_day_of_week_operator.py
[2026-08-12T04:45:43.766+0000] {processor.py:914} INFO - Processing file /home/airflow/.local/lib/python3.12/site-packages/airflow/example_dags/example_branch_day_of_week_operator.py for tasks to queue
[2026-08-12T04:45:43.768+0000] {logging_mixin.py:190} INFO - [2026-08-12T04:45:43.767+0000] {dagbag.py:587} INFO - Filling up the DagBag from /home/airflow/.local/lib/python3.12/site-packages/airflow/example_dags/example_branch_day_of_week_operator.py
[2026-08-12T04:45:43.779+0000] {processor.py:925} INFO - DAG(s) 'example_weekday_branch_operator' retrieved from /home/airflow/.local/lib/python3.12/site-packages/airflow/example_dags/example_branch_day_of_week_operator.py
[2026-08-12T04:45:43.800+0000] {logging_mixin.py:190} INFO - [2026-08-12T04:45:43.800+0000] {dag.py:3211} INFO - Sync 1 DAGs
[2026-08-12T04:45:43.817+0000] {logging_mixin.py:190} INFO - [2026-08-12T04:45:43.817+0000] {dag.py:4138} INFO - Setting next_dagrun for example_weekday_branch_operator to 2026-08-11 00:00:00+00:00, run_after=2026-08-12 00:00:00+00:00
[2026-08-12T04:45:43.832+0000] {processor.py:208} INFO - Processing /home/airflow/.local/lib/python3.12/site-packages/airflow/example_dags/example_branch_day_of_week_operator.py took 0.072 seconds
[2026-08-12T04:46:14.193+0000] {processor.py:186} INFO - Started process (PID=1752) to work on /home/airflow/.local/lib/python3.12/site-packages/airflow/example_dags/example_branch_day_of_week_operator.py
[2026-08-12T04:46:14.194+0000] {processor.py:914} INFO - Processing file /home/airflow/.local/lib/python3.12/site-packages/airflow/example_dags/example_branch_day_of_week_operator.py for tasks to queue
[2026-08-12T04:46:14.197+0000] {logging_mixin.py:190} INFO - [2026-08-12T04:46:14.196+0000] {dagbag.py:587} INFO - Filling up the DagBag from /home/airflow/.local/lib/python3.12/site-packages/airflow/example_dags/example_branch_day_of_week_operator.py
[2026-08-12T04:46:14.205+0000] {processor.py:925} INFO - DAG(s) 'example_weekday_branch_operator' retrieved from /home/airflow/.local/lib/python3.12/site-packages/airflow/example_dags/example_branch_day_of_week_operator.py
[2026-08-12T04:46:14.224+0000] {logging_mixin.py:190} INFO - [2026-08-12T04:46:14.224+0000] {dag.py:3211} INFO - Sync 1 DAGs
[2026-08-12T04:46:14.245+0000] {logging_mixin.py:190} INFO - [2026-08-12T04:46:14.244+0000] {dag.py:4138} INFO - Setting next_dagrun for example_weekday_branch_operator to 2026-08-11 00:00:00+00:00, run_after=2026-08-12 00:00:00+00:00
[2026-08-12T04:46:14.258+0000] {processor.py:208} INFO - Processing /home/airflow/.local/lib/python3.12/site-packages/airflow/example_dags/example_branch_day_of_week_operator.py took 0.070 seconds
[2026-08-12T04:46:44.492+0000] {processor.py:186} INFO - Started process (PID=1814) to work on /home/airflow/.local/lib/python3.12/site-packages/airflow/example_dags/example_branch_day_of_week_operator.py
[2026-08-12T04:46:44.493+0000] {processor.py:914} INFO - Processing file /home/airflow/.local/lib/python3.12/site-packages/airflow/example_dags/example_branch_day_of_week_operator.py for tasks to queue
[2026-08-12T04:46:44.494+0000] {logging_mixin.py:190} INFO - [2026-08-12T04:46:44.494+0000] {dagbag.py:587} INFO - Filling up the DagBag from /home/airflow/.local/lib/python3.12/site-packages/airflow/example_dags/example_branch_day_of_week_operator.py
[2026-08-12T04:46:44.502+0000] {processor.py:925} INFO - DAG(s) 'example_weekday_branch_operator' retrieved from /home/airflow/.local/lib/python3.12/site-packages/airflow/example_dags/example_branch_day_of_week_operator.py
[2026-08-12T04:46:44.515+0000] {logging_mixin.py:190} INFO - [2026-08-12T04:46:44.515+0000] {dag.py:3211} INFO - Sync 1 DAGs
[2026-08-12T04:46:44.531+0000] {logging_mixin.py:190} INFO - [2026-08-12T04:46:44.531+0000] {dag.py:4138} INFO - Setting next_dagrun for example_weekday_branch_operator to 2026-08-11 00:00:00+00:00, run_after=2026-08-12 00:00:00+00:00
[2026-08-12T04:46:44.542+0000] {processor.py:208} INFO - Processing /home/airflow/.local/lib/python3.12/site-packages/airflow/example_dags/example_branch_day_of_week_operator.py took 0.055 seconds
[2026-08-12T04:47:14.787+0000] {processor.py:186} INFO - Started process (PID=1876) to work on /home/airflow/.local/lib/python3.12/site-packages/airflow/example_dags/example_branch_day_of_week_operator.py
[2026-08-12T04:47:14.788+0000] {processor.py:914} INFO - Processing file /home/airflow/.local/lib/python3.12/site-packages/airflow/example_dags/example_branch_day_of_week_operator.py for tasks to queue
[2026-08-12T04:47:14.791+0000] {logging_mixin.py:190} INFO - [2026-08-12T04:47:14.790+0000] {dagbag.py:587} INFO - Filling up the DagBag from /home/airflow/.local/lib/python3.12/site-packages/airflow/example_dags/example_branch_day_of_week_operator.py
[2026-08-12T04:47:14.798+0000] {processor.py:925} INFO - DAG(s) 'example_weekday_branch_operator' retrieved from /home/airflow/.local/lib/python3.12/site-packages/airflow/example_dags/example_branch_day_of_week_operator.py
[2026-08-12T04:47:14.814+0000] {logging_mixin.py:190} INFO - [2026-08-12T04:47:14.814+0000] {dag.py:3211} INFO - Sync 1 DAGs
[2026-08-12T04:47:14.830+0000] {logging_mixin.py:190} INFO - [2026-08-12T04:47:14.830+0000] {dag.py:4138} INFO - Setting next_dagrun for example_weekday_branch_operator to 2026-08-11 00:00:00+00:00, run_after=2026-08-12 00:00:00+00:00
[2026-08-12T04:47:14.845+0000] {processor.py:208} INFO - Processing /home/airflow/.local/lib/python3.12/site-packages/airflow/example_dags/example_branch_day_of_week_operator.py took 0.063 seconds
[2026-08-12T04:47:45.247+0000] {processor.py:186} INFO - Started process (PID=1940) to work on /home/airflow/.local/lib/python3.12/site-packages/airflow/example_dags/example_branch_day_of_week_operator.py
[2026-08-12T04:47:45.248+0000] {processor.py:914} INFO - Processing file /home/airflow/.local/lib/python3.12/site-packages/airflow/example_dags/example_branch_day_of_week_operator.py for tasks to queue
[2026-08-12T04:47:45.250+0000] {logging_mixin.py:190} INFO - [2026-08-12T04:47:45.250+0000] {dagbag.py:587} INFO - Filling up the DagBag from /home/airflow/.local/lib/python3.12/site-packages/airflow/example_dags/example_branch_day_of_week_operator.py
[2026-08-12T04:47:45.257+0000] {processor.py:925} INFO - DAG(s) 'example_weekday_branch_operator' retrieved from /home/airflow/.local/lib/python3.12/site-packages/airflow/example_dags/example_branch_day_of_week_operator.py
[2026-08-12T04:47:45.271+0000] {logging_mixin.py:190} INFO - [2026-08-12T04:47:45.271+0000] {dag.py:3211} INFO - Sync 1 DAGs
[2026-08-12T04:47:45.287+0000] {logging_mixin.py:190} INFO - [2026-08-12T04:47:45.287+0000] {dag.py:4138} INFO - Setting next_dagrun for example_weekday_branch_operator to 2026-08-11 00:00:00+00:00, run_after=2026-08-12 00:00:00+00:00
[2026-08-12T04:47:45.300+0000] {processor.py:208} INFO - Processing /home/airflow/.local/lib/python3.12/site-packages/airflow/example_dags/example_branch_day_of_week_operator.py took 0.057 seconds
[2026-08-12T04:48:15.581+0000] {processor.py:186} INFO - Started process (PID=2004) to work on /home/airflow/.local/lib/python3.12/site-packages/airflow/example_dags/example_branch_day_of_week_operator.py
[2026-08-12T04:48:15.582+0000] {processor.py:914} INFO - Processing file /home/airflow/.local/lib/python3.12/site-packages/airflow/example_dags/example_branch_day_of_week_operator.py for tasks to queue
[2026-08-12T04:48:15.584+0000] {logging_mixin.py:190} INFO - [2026-08-12T04:48:15.583+0000] {dagbag.py:587} INFO - Filling up the DagBag from /home/airflow/.local/lib/python3.12/site-packages/airflow/example_dags/example_branch_day_of_week_operator.py
[2026-08-12T04:48:15.591+0000] {processor.py:925} INFO - DAG(s) 'example_weekday_branch_operator' retrieved from /home/airflow/.local/lib/python3.12/site-packages/airflow/example_dags/example_branch_day_of_week_operator.py
[2026-08-12T04:48:15.605+0000] {logging_mixin.py:190} INFO - [2026-08-12T04:48:15.605+0000] {dag.py:3211} INFO - Sync 1 DAGs
[2026-08-12T04:48:15.621+0000] {logging_mixin.py:190} INFO - [2026-08-12T04:48:15.621+0000] {dag.py:4138} INFO - Setting next_dagrun for example_weekday_branch_operator to 2026-08-11 00:00:00+00:00, run_after=2026-08-12 00:00:00+00:00
[2026-08-12T04:48:15.634+0000] {processor.py:208} INFO - Processing /home/airflow/.local/lib/python3.12/site-packages/airflow/example_dags/example_branch_day_of_week_operator.py took 0.057 seconds
[2026-08-12T04:48:45.871+0000] {processor.py:186} INFO - Started process (PID=2068) to work on /home/airflow/.local/lib/python3.12/site-packages/airflow/example_dags/example_branch_day_of_week_operator.py
[2026-08-12T04:48:45.872+0000] {processor.py:914} INFO - Processing file /home/airflow/.local/lib/python3.12/site-packages/airflow/example_dags/example_branch_day_of_week_operator.py for tasks to queue
[2026-08-12T04:48:45.874+0000] {logging_mixin.py:190} INFO - [2026-08-12T04:48:45.874+0000] {dagbag.py:587} INFO - Filling up the DagBag from /home/airflow/.local/lib/python3.12/site-packages/airflow/example_dags/example_branch_day_of_week_operator.py
[2026-08-12T04:48:45.881+0000] {processor.py:925} INFO - DAG(s) 'example_weekday_branch_operator' retrieved from /home/airflow/.local/lib/python3.12/site-packages/airflow/example_dags/example_branch_day_of_week_operator.py
[2026-08-12T04:48:45.896+0000] {logging_mixin.py:190} INFO - [2026-08-12T04:48:45.896+0000] {dag.py:3211} INFO - Sync 1 DAGs
[2026-08-12T04:48:45.910+0000] {logging_mixin.py:190} INFO - [2026-08-12T04:48:45.910+0000] {dag.py:4138} INFO - Setting next_dagrun for example_weekday_branch_operator to 2026-08-11 00:00:00+00:00, run_after=2026-08-12 00:00:00+00:00
[2026-08-12T04:48:45.923+0000] {processor.py:208} INFO - Processing /home/airflow/.local/lib/python3.12/site-packages/airflow/example_dags/example_branch_day_of_week_operator.py took 0.057 seconds
