[2026-08-12T04:30:15.471+0000] {processor.py:186} INFO - Started process (PID=70) to work on /home/airflow/.local/lib/python3.12/site-packages/airflow/example_dags/example_local_kubernetes_executor.py
[2026-08-12T04:30:15.472+0000] {processor.py:914} INFO - Processing file /home/airflow/.local/lib/python3.12/site-packages/airflow/example_dags/example_local_kubernetes_executor.py for tasks to queue
[2026-08-12T04:30:15.474+0000] {logging_mixin.py:190} INFO - [2026-08-12T04:30:15.474+0000] {dagbag.py:587} INFO - Filling up the DagBag from /home/airflow/.local/lib/python3.12/site-packages/airflow/example_dags/example_local_kubernetes_executor.py
[2026-08-12T04:30:15.484+0000] {processor.py:925} INFO - DAG(s) 'example_local_kubernetes_executor' retrieved from /home/airflow/.local/lib/python3.12/site-packages/airflow/example_dags/example_local_kubernetes_executor.py
[2026-08-12T04:30:15.574+0000] {logging_mixin.py:190} INFO - [2026-08-12T04:30:15.573+0000] {override.py:1858} INFO - Created Permission View: can delete on DAG:example_local_kubernetes_executor
[2026-08-12T04:30:15.581+0000] {logging_mixin.py:190} INFO - [2026-08-12T04:30:15.581+0000] {override.py:1858} INFO - Created Permission View: can read on DAG:example_local_kubernetes_executor
[2026-08-12T04:30:15.586+0000] {logging_mixin.py:190} INFO - [2026-08-12T04:30:15.586+0000] {override.py:1858} INFO - Created Permission View: can edit on DAG:example_local_kubernetes_executor
[2026-08-12T04:30:15.587+0000] {logging_mixin.py:190} INFO - [2026-08-12T04:30:15.586+0000] {dag.py:3211} INFO - Sync 1 DAGs
[2026-08-12T04:30:15.596+0000] {logging_mixin.py:190} INFO - [2026-08-12T04:30:15.596+0000] {dag.py:3234} INFO - Creating ORM DAG for example_local_kubernetes_executor
[2026-08-12T04:30:15.598+0000] {logging_mixin.py:190} INFO - [2026-08-12T04:30:15.597+0000] {dag.py:4138} INFO - Setting next_dagrun for example_local_kubernetes_executor to None, run_after=None
[2026-08-12T04:30:15.611+0000] {processor.py:208} INFO - Processing /home/airflow/.local/lib/python3.12/site-packages/airflow/example_dags/example_local_kubernetes_executor.py took 0.144 seconds
[2026-08-12T04:30:45.674+0000] {processor.py:186} INFO - Started process (PID=132) to work on /home/airflow/.local/lib/python3.12/site-packages/airflow/example_dags/example_local_kubernetes_executor.py
[2026-08-12T04:30:45.675+0000] {processor.py:914} INFO - Processing file /home/airflow/.local/lib/python3.12/site-packages/airflow/example_dags/example_local_kubernetes_executor.py for tasks to queue
[2026-08-12T04:30:45.677+0000] {logging_mixin.py:190} INFO - [2026-08-12T04:30:45.677+0000] {dagbag.py:587} INFO - Filling up the DagBag from /home/airflow/.local/lib/python3.12/site-packages/airflow/example_dags/example_local_kubernetes_executor.py
[2026-08-12T04:30:45.684+0000] {processor.py:925} INFO - DAG(s) 'example_local_kubernetes_executor' retrieved from /home/airflow/.local/lib/python3.12/site-packages/airflow/example_dags/example_local_kubernetes_executor.py
[2026-08-12T04:30:45.708+0000] {logging_mixin.py:190} INFO - [2026-08-12T04:30:45.708+0000] {dag.py:3211} INFO - Sync 1 DAGs
[2026-08-12T04:30:45.717+0000] {logging_mixin.py:190} INFO - [2026-08-12T04:30:45.717+0000] {dag.py:4138} INFO - Setting next_dagrun for example_local_kubernetes_executor to None, run_after=None
[2026-08-12T04:30:45.729+0000] {processor.py:208} INFO - Processing /home/airflow/.local/lib/python3.12/site-packages/airflow/example_dags/example_local_kubernetes_executor.py took 0.060 seconds
[2026-08-12T04:31:16.610+0000] {processor.py:186} INFO - Started process (PID=194) to work on /home/airflow/.local/lib/python3.12/site-packages/airflow/example_dags/example_local_kubernetes_executor.py
[2026-08-12T04:31:16.611+0000] {processor.py:914} INFO - Processing file /home/airflow/.local/lib/python3.12/site-packages/airflow/example_dags/example_local_kubernetes_executor.py for tasks to queue
[2026-08-12T04:31:16.613+0000] {logging_mixin.py:190} INFO - [2026-08-12T04:31:16.613+0000] {dagbag.py:587} INFO - Filling up the DagBag from /home/airflow/.local/lib/python3.12/site-packages/airflow/example_dags/example_local_kubernetes_executor.py
[2026-08-12T04:31:16.622+0000] {processor.py:925} INFO - DAG(s) 'example_local_kubernetes_executor' retrieved from /home/airflow/.local/lib/python3.12/site-packages/airflow/example_dags/example_local_kubernetes_executor.py
[2026-08-12T04:31:16.647+0000] {logging_mixin.py:190} INFO - [2026-08-12T04:31:16.646+0000] {dag.py:3211} INFO - Sync 1 DAGs
[2026-08-12T04:31:16.657+0000] {logging_mixin.py:190} INFO - [2026-08-12T04:31:16.657+0000] {dag.py:4138} INFO - Setting next_dagrun for example_local_kubernetes_executor to None, run_after=None
[2026-08-12T04:31:16.670+0000] {processor.py:208} INFO - Processing /home/airflow/.local/lib/python3.12/site-packages/airflow/example_dags/example_local_kubernetes_executor.py took 0.065 seconds
[2026-08-12T04:32:15.796+0000] {processor.py:186} INFO - Started process (PID=64) to work on /home/airflow/.local/lib/python3.12/site-packages/airflow/example_dags/example_local_kubernetes_executor.py
[2026-08-12T04:32:15.798+0000] {processor.py:914} INFO - Processing file /home/airflow/.local/lib/python3.12/site-packages/airflow/example_dags/example_local_kubernetes_executor.py for tasks to queue
[2026-08-12T04:32:15.800+0000] {logging_mixin.py:190} INFO - [2026-08-12T04:32:15.800+0000] {dagbag.py:587} INFO - Filling up the DagBag from /home/airflow/.local/lib/python3.12/site-packages/airflow/example_dags/example_local_kubernetes_executor.py
[2026-08-12T04:32:15.810+0000] {processor.py:925} INFO - DAG(s) 'example_local_kubernetes_executor' retrieved from /home/airflow/.local/lib/python3.12/site-packages/airflow/example_dags/example_local_kubernetes_executor.py
[2026-08-12T04:32:15.840+0000] {logging_mixin.py:190} INFO - [2026-08-12T04:32:15.840+0000] {dag.py:3211} INFO - Sync 1 DAGs
[2026-08-12T04:32:15.851+0000] {logging_mixin.py:190} INFO - [2026-08-12T04:32:15.851+0000] {dag.py:4138} INFO - Setting next_dagrun for example_local_kubernetes_executor to None, run_after=None
[2026-08-12T04:32:15.866+0000] {processor.py:208} INFO - Processing /home/airflow/.local/lib/python3.12/site-packages/airflow/example_dags/example_local_kubernetes_executor.py took 0.075 seconds
[2026-08-12T04:32:26.656+0000] {processor.py:186} INFO - Started process (PID=58) to work on /home/airflow/.local/lib/python3.12/site-packages/airflow/example_dags/example_local_kubernetes_executor.py
[2026-08-12T04:32:26.657+0000] {processor.py:914} INFO - Processing file /home/airflow/.local/lib/python3.12/site-packages/airflow/example_dags/example_local_kubernetes_executor.py for tasks to queue
[2026-08-12T04:32:26.659+0000] {logging_mixin.py:190} INFO - [2026-08-12T04:32:26.659+0000] {dagbag.py:587} INFO - Filling up the DagBag from /home/airflow/.local/lib/python3.12/site-packages/airflow/example_dags/example_local_kubernetes_executor.py
[2026-08-12T04:32:26.666+0000] {processor.py:925} INFO - DAG(s) 'example_local_kubernetes_executor' retrieved from /home/airflow/.local/lib/python3.12/site-packages/airflow/example_dags/example_local_kubernetes_executor.py
[2026-08-12T04:32:26.689+0000] {logging_mixin.py:190} INFO - [2026-08-12T04:32:26.689+0000] {dag.py:3211} INFO - Sync 1 DAGs
[2026-08-12T04:32:26.698+0000] {logging_mixin.py:190} INFO - [2026-08-12T04:32:26.698+0000] {dag.py:4138} INFO - Setting next_dagrun for example_local_kubernetes_executor to None, run_after=None
[2026-08-12T04:32:26.710+0000] {processor.py:208} INFO - Processing /home/airflow/.local/lib/python3.12/site-packages/airflow/example_dags/example_local_kubernetes_executor.py took 0.058 seconds
[2026-08-12T04:32:57.747+0000] {processor.py:186} INFO - Started process (PID=127) to work on /home/airflow/.local/lib/python3.12/site-packages/airflow/example_dags/example_local_kubernetes_executor.py
[2026-08-12T04:32:57.748+0000] {processor.py:914} INFO - Processing file /home/airflow/.local/lib/python3.12/site-packages/airflow/example_dags/example_local_kubernetes_executor.py for tasks to queue
[2026-08-12T04:32:57.750+0000] {logging_mixin.py:190} INFO - [2026-08-12T04:32:57.750+0000] {dagbag.py:587} INFO - Filling up the DagBag from /home/airflow/.local/lib/python3.12/site-packages/airflow/example_dags/example_local_kubernetes_executor.py
[2026-08-12T04:32:57.758+0000] {processor.py:925} INFO - DAG(s) 'example_local_kubernetes_executor' retrieved from /home/airflow/.local/lib/python3.12/site-packages/airflow/example_dags/example_local_kubernetes_executor.py
[2026-08-12T04:32:57.783+0000] {logging_mixin.py:190} INFO - [2026-08-12T04:32:57.782+0000] {dag.py:3211} INFO - Sync 1 DAGs
[2026-08-12T04:32:57.792+0000] {logging_mixin.py:190} INFO - [2026-08-12T04:32:57.792+0000] {dag.py:4138} INFO - Setting next_dagrun for example_local_kubernetes_executor to None, run_after=None
[2026-08-12T04:32:57.805+0000] {processor.py:208} INFO - Processing /home/airflow/.local/lib/python3.12/site-packages/airflow/example_dags/example_local_kubernetes_executor.py took 0.063 seconds
[2026-08-12T04:33:28.482+0000] {processor.py:186} INFO - Started process (PID=189) to work on /home/airflow/.local/lib/python3.12/site-packages/airflow/example_dags/example_local_kubernetes_executor.py
[2026-08-12T04:33:28.483+0000] {processor.py:914} INFO - Processing file /home/airflow/.local/lib/python3.12/site-packages/airflow/example_dags/example_local_kubernetes_executor.py for tasks to queue
[2026-08-12T04:33:28.485+0000] {logging_mixin.py:190} INFO - [2026-08-12T04:33:28.485+0000] {dagbag.py:587} INFO - Filling up the DagBag from /home/airflow/.local/lib/python3.12/site-packages/airflow/example_dags/example_local_kubernetes_executor.py
[2026-08-12T04:33:28.492+0000] {processor.py:925} INFO - DAG(s) 'example_local_kubernetes_executor' retrieved from /home/airflow/.local/lib/python3.12/site-packages/airflow/example_dags/example_local_kubernetes_executor.py
[2026-08-12T04:33:28.517+0000] {logging_mixin.py:190} INFO - [2026-08-12T04:33:28.517+0000] {dag.py:3211} INFO - Sync 1 DAGs
[2026-08-12T04:33:28.528+0000] {logging_mixin.py:190} INFO - [2026-08-12T04:33:28.528+0000] {dag.py:4138} INFO - Setting next_dagrun for example_local_kubernetes_executor to None, run_after=None
[2026-08-12T04:33:28.541+0000] {processor.py:208} INFO - Processing /home/airflow/.local/lib/python3.12/site-packages/airflow/example_dags/example_local_kubernetes_executor.py took 0.063 seconds
[2026-08-12T04:33:59.420+0000] {processor.py:186} INFO - Started process (PID=251) to work on /home/airflow/.local/lib/python3.12/site-packages/airflow/example_dags/example_local_kubernetes_executor.py
[2026-08-12T04:33:59.421+0000] {processor.py:914} INFO - Processing file /home/airflow/.local/lib/python3.12/site-packages/airflow/example_dags/example_local_kubernetes_executor.py for tasks to queue
[2026-08-12T04:33:59.423+0000] {logging_mixin.py:190} INFO - [2026-08-12T04:33:59.423+0000] {dagbag.py:587} INFO - Filling up the DagBag from /home/airflow/.local/lib/python3.12/site-packages/airflow/example_dags/example_local_kubernetes_executor.py
[2026-08-12T04:33:59.431+0000] {processor.py:925} INFO - DAG(s) 'example_local_kubernetes_executor' retrieved from /home/airflow/.local/lib/python3.12/site-packages/airflow/example_dags/example_local_kubernetes_executor.py
[2026-08-12T04:33:59.456+0000] {logging_mixin.py:190} INFO - [2026-08-12T04:33:59.456+0000] {dag.py:3211} INFO - Sync 1 DAGs
[2026-08-12T04:33:59.467+0000] {logging_mixin.py:190} INFO - [2026-08-12T04:33:59.466+0000] {dag.py:4138} INFO - Setting next_dagrun for example_local_kubernetes_executor to None, run_after=None
[2026-08-12T04:33:59.481+0000] {processor.py:208} INFO - Processing /home/airflow/.local/lib/python3.12/site-packages/airflow/example_dags/example_local_kubernetes_executor.py took 0.065 seconds
[2026-08-12T04:34:29.919+0000] {processor.py:186} INFO - Started process (PID=313) to work on /home/airflow/.local/lib/python3.12/site-packages/airflow/example_dags/example_local_kubernetes_executor.py
[2026-08-12T04:34:29.920+0000] {processor.py:914} INFO - Processing file /home/airflow/.local/lib/python3.12/site-packages/airflow/example_dags/example_local_kubernetes_executor.py for tasks to queue
[2026-08-12T04:34:29.922+0000] {logging_mixin.py:190} INFO - [2026-08-12T04:34:29.922+0000] {dagbag.py:587} INFO - Filling up the DagBag from /home/airflow/.local/lib/python3.12/site-packages/airflow/example_dags/example_local_kubernetes_executor.py
[2026-08-12T04:34:29.930+0000] {processor.py:925} INFO - DAG(s) 'example_local_kubernetes_executor' retrieved from /home/airflow/.local/lib/python3.12/site-packages/airflow/example_dags/example_local_kubernetes_executor.py
[2026-08-12T04:34:29.953+0000] {logging_mixin.py:190} INFO - [2026-08-12T04:34:29.953+0000] {dag.py:3211} INFO - Sync 1 DAGs
[2026-08-12T04:34:29.966+0000] {logging_mixin.py:190} INFO - [2026-08-12T04:34:29.966+0000] {dag.py:4138} INFO - Setting next_dagrun for example_local_kubernetes_executor to None, run_after=None
[2026-08-12T04:34:29.981+0000] {processor.py:208} INFO - Processing /home/airflow/.local/lib/python3.12/site-packages/airflow/example_dags/example_local_kubernetes_executor.py took 0.066 seconds
[2026-08-12T04:35:00.160+0000] {processor.py:186} INFO - Started process (PID=375) to work on /home/airflow/.local/lib/python3.12/site-packages/airflow/example_dags/example_local_kubernetes_executor.py
[2026-08-12T04:35:00.162+0000] {processor.py:914} INFO - Processing file /home/airflow/.local/lib/python3.12/site-packages/airflow/example_dags/example_local_kubernetes_executor.py for tasks to queue
[2026-08-12T04:35:00.164+0000] {logging_mixin.py:190} INFO - [2026-08-12T04:35:00.163+0000] {dagbag.py:587} INFO - Filling up the DagBag from /home/airflow/.local/lib/python3.12/site-packages/airflow/example_dags/example_local_kubernetes_executor.py
[2026-08-12T04:35:00.171+0000] {processor.py:925} INFO - DAG(s) 'example_local_kubernetes_executor' retrieved from /home/airflow/.local/lib/python3.12/site-packages/airflow/example_dags/example_local_kubernetes_executor.py
[2026-08-12T04:35:00.193+0000] {logging_mixin.py:190} INFO - [2026-08-12T04:35:00.193+0000] {dag.py:3211} INFO - Sync 1 DAGs
[2026-08-12T04:35:00.203+0000] {logging_mixin.py:190} INFO - [2026-08-12T04:35:00.203+0000] {dag.py:4138} INFO - Setting next_dagrun for example_local_kubernetes_executor to None, run_after=None
[2026-08-12T04:35:00.215+0000] {processor.py:208} INFO - Processing /home/airflow/.local/lib/python3.12/site-packages/airflow/example_dags/example_local_kubernetes_executor.py took 0.059 seconds
[2026-08-12T04:35:30.522+0000] {processor.py:186} INFO - Started process (PID=437) to work on /home/airflow/.local/lib/python3.12/site-packages/airflow/example_dags/example_local_kubernetes_executor.py
[2026-08-12T04:35:30.523+0000] {processor.py:914} INFO - Processing file /home/airflow/.local/lib/python3.12/site-packages/airflow/example_dags/example_local_kubernetes_executor.py for tasks to queue
[2026-08-12T04:35:30.525+0000] {logging_mixin.py:190} INFO - [2026-08-12T04:35:30.525+0000] {dagbag.py:587} INFO - Filling up the DagBag from /home/airflow/.local/lib/python3.12/site-packages/airflow/example_dags/example_local_kubernetes_executor.py
[2026-08-12T04:35:30.532+0000] {processor.py:925} INFO - DAG(s) 'example_local_kubernetes_executor' retrieved from /home/airflow/.local/lib/python3.12/site-packages/airflow/example_dags/example_local_kubernetes_executor.py
[2026-08-12T04:35:30.553+0000] {logging_mixin.py:190} INFO - [2026-08-12T04:35:30.553+0000] {dag.py:3211} INFO - Sync 1 DAGs
[2026-08-12T04:35:30.562+0000] {logging_mixin.py:190} INFO - [2026-08-12T04:35:30.561+0000] {dag.py:4138} INFO - Setting next_dagrun for example_local_kubernetes_executor to None, run_after=None
[2026-08-12T04:35:30.573+0000] {processor.py:208} INFO - Processing /home/airflow/.local/lib/python3.12/site-packages/airflow/example_dags/example_local_kubernetes_executor.py took 0.055 seconds
[2026-08-12T04:36:01.098+0000] {processor.py:186} INFO - Started process (PID=499) to work on /home/airflow/.local/lib/python3.12/site-packages/airflow/example_dags/example_local_kubernetes_executor.py
[2026-08-12T04:36:01.099+0000] {processor.py:914} INFO - Processing file /home/airflow/.local/lib/python3.12/site-packages/airflow/example_dags/example_local_kubernetes_executor.py for tasks to queue
[2026-08-12T04:36:01.101+0000] {logging_mixin.py:190} INFO - [2026-08-12T04:36:01.100+0000] {dagbag.py:587} INFO - Filling up the DagBag from /home/airflow/.local/lib/python3.12/site-packages/airflow/example_dags/example_local_kubernetes_executor.py
[2026-08-12T04:36:01.108+0000] {processor.py:925} INFO - DAG(s) 'example_local_kubernetes_executor' retrieved from /home/airflow/.local/lib/python3.12/site-packages/airflow/example_dags/example_local_kubernetes_executor.py
[2026-08-12T04:36:01.128+0000] {logging_mixin.py:190} INFO - [2026-08-12T04:36:01.128+0000] {dag.py:3211} INFO - Sync 1 DAGs
[2026-08-12T04:36:01.138+0000] {logging_mixin.py:190} INFO - [2026-08-12T04:36:01.137+0000] {dag.py:4138} INFO - Setting next_dagrun for example_local_kubernetes_executor to None, run_after=None
[2026-08-12T04:36:01.149+0000] {processor.py:208} INFO - Processing /home/airflow/.local/lib/python3.12/site-packages/airflow/example_dags/example_local_kubernetes_executor.py took 0.055 seconds
[2026-08-12T04:36:31.761+0000] {processor.py:186} INFO - Started process (PID=561) to work on /home/airflow/.local/lib/python3.12/site-packages/airflow/example_dags/example_local_kubernetes_executor.py
[2026-08-12T04:36:31.762+0000] {processor.py:914} INFO - Processing file /home/airflow/.local/lib/python3.12/site-packages/airflow/example_dags/example_local_kubernetes_executor.py for tasks to queue
[2026-08-12T04:36:31.764+0000] {logging_mixin.py:190} INFO - [2026-08-12T04:36:31.763+0000] {dagbag.py:587} INFO - Filling up the DagBag from /home/airflow/.local/lib/python3.12/site-packages/airflow/example_dags/example_local_kubernetes_executor.py
[2026-08-12T04:36:31.771+0000] {processor.py:925} INFO - DAG(s) 'example_local_kubernetes_executor' retrieved from /home/airflow/.local/lib/python3.12/site-packages/airflow/example_dags/example_local_kubernetes_executor.py
[2026-08-12T04:36:31.794+0000] {logging_mixin.py:190} INFO - [2026-08-12T04:36:31.794+0000] {dag.py:3211} INFO - Sync 1 DAGs
[2026-08-12T04:36:31.805+0000] {logging_mixin.py:190} INFO - [2026-08-12T04:36:31.805+0000] {dag.py:4138} INFO - Setting next_dagrun for example_local_kubernetes_executor to None, run_after=None
[2026-08-12T04:36:31.817+0000] {processor.py:208} INFO - Processing /home/airflow/.local/lib/python3.12/site-packages/airflow/example_dags/example_local_kubernetes_executor.py took 0.061 seconds
[2026-08-12T04:37:02.270+0000] {processor.py:186} INFO - Started process (PID=623) to work on /home/airflow/.local/lib/python3.12/site-packages/airflow/example_dags/example_local_kubernetes_executor.py
[2026-08-12T04:37:02.271+0000] {processor.py:914} INFO - Processing file /home/airflow/.local/lib/python3.12/site-packages/airflow/example_dags/example_local_kubernetes_executor.py for tasks to queue
[2026-08-12T04:37:02.273+0000] {logging_mixin.py:190} INFO - [2026-08-12T04:37:02.273+0000] {dagbag.py:587} INFO - Filling up the DagBag from /home/airflow/.local/lib/python3.12/site-packages/airflow/example_dags/example_local_kubernetes_executor.py
[2026-08-12T04:37:02.280+0000] {processor.py:925} INFO - DAG(s) 'example_local_kubernetes_executor' retrieved from /home/airflow/.local/lib/python3.12/site-packages/airflow/example_dags/example_local_kubernetes_executor.py
[2026-08-12T04:37:02.303+0000] {logging_mixin.py:190} INFO - [2026-08-12T04:37:02.303+0000] {dag.py:3211} INFO - Sync 1 DAGs
[2026-08-12T04:37:02.315+0000] {logging_mixin.py:190} INFO - [2026-08-12T04:37:02.315+0000] {dag.py:4138} INFO - Setting next_dagrun for example_local_kubernetes_executor to None, run_after=None
[2026-08-12T04:37:02.328+0000] {processor.py:208} INFO - Processing /home/airflow/.local/lib/python3.12/site-packages/airflow/example_dags/example_local_kubernetes_executor.py took 0.062 seconds
[2026-08-12T04:37:32.375+0000] {processor.py:186} INFO - Started process (PID=685) to work on /home/airflow/.local/lib/python3.12/site-packages/airflow/example_dags/example_local_kubernetes_executor.py
[2026-08-12T04:37:32.376+0000] {processor.py:914} INFO - Processing file /home/airflow/.local/lib/python3.12/site-packages/airflow/example_dags/example_local_kubernetes_executor.py for tasks to queue
[2026-08-12T04:37:32.378+0000] {logging_mixin.py:190} INFO - [2026-08-12T04:37:32.378+0000] {dagbag.py:587} INFO - Filling up the DagBag from /home/airflow/.local/lib/python3.12/site-packages/airflow/example_dags/example_local_kubernetes_executor.py
[2026-08-12T04:37:32.386+0000] {processor.py:925} INFO - DAG(s) 'example_local_kubernetes_executor' retrieved from /home/airflow/.local/lib/python3.12/site-packages/airflow/example_dags/example_local_kubernetes_executor.py
[2026-08-12T04:37:32.409+0000] {logging_mixin.py:190} INFO - [2026-08-12T04:37:32.408+0000] {dag.py:3211} INFO - Sync 1 DAGs
[2026-08-12T04:37:32.418+0000] {logging_mixin.py:190} INFO - [2026-08-12T04:37:32.418+0000] {dag.py:4138} INFO - Setting next_dagrun for example_local_kubernetes_executor to None, run_after=None
[2026-08-12T04:37:32.431+0000] {processor.py:208} INFO - Processing /home/airflow/.local/lib/python3.12/site-packages/airflow/example_dags/example_local_kubernetes_executor.py took 0.060 seconds
[2026-08-12T04:38:02.739+0000] {processor.py:186} INFO - Started process (PID=747) to work on /home/airflow/.local/lib/python3.12/site-packages/airflow/example_dags/example_local_kubernetes_executor.py
[2026-08-12T04:38:02.740+0000] {processor.py:914} INFO - Processing file /home/airflow/.local/lib/python3.12/site-packages/airflow/example_dags/example_local_kubernetes_executor.py for tasks to queue
[2026-08-12T04:38:02.742+0000] {logging_mixin.py:190} INFO - [2026-08-12T04:38:02.742+0000] {dagbag.py:587} INFO - Filling up the DagBag from /home/airflow/.local/lib/python3.12/site-packages/airflow/example_dags/example_local_kubernetes_executor.py
[2026-08-12T04:38:02.751+0000] {processor.py:925} INFO - DAG(s) 'example_local_kubernetes_executor' retrieved from /home/airflow/.local/lib/python3.12/site-packages/airflow/example_dags/example_local_kubernetes_executor.py
[2026-08-12T04:38:02.779+0000] {logging_mixin.py:190} INFO - [2026-08-12T04:38:02.779+0000] {dag.py:3211} INFO - Sync 1 DAGs
[2026-08-12T04:38:02.797+0000] {logging_mixin.py:190} INFO - [2026-08-12T04:38:02.797+0000] {dag.py:4138} INFO - Setting next_dagrun for example_local_kubernetes_executor to None, run_after=None
[2026-08-12T04:38:02.815+0000] {processor.py:208} INFO - Processing /home/airflow/.local/lib/python3.12/site-packages/airflow/example_dags/example_local_kubernetes_executor.py took 0.081 seconds
[2026-08-12T04:38:33.717+0000] {processor.py:186} INFO - Started process (PID=809) to work on /home/airflow/.local/lib/python3.12/site-packages/airflow/example_dags/example_local_kubernetes_executor.py
[2026-08-12T04:38:33.718+0000] {processor.py:914} INFO - Processing file /home/airflow/.local/lib/python3.12/site-packages/airflow/example_dags/example_local_kubernetes_executor.py for tasks to queue
[2026-08-12T04:38:33.719+0000] {logging_mixin.py:190} INFO - [2026-08-12T04:38:33.719+0000] {dagbag.py:587} INFO - Filling up the DagBag from /home/airflow/.local/lib/python3.12/site-packages/airflow/example_dags/example_local_kubernetes_executor.py
[2026-08-12T04:38:33.727+0000] {processor.py:925} INFO - DAG(s) 'example_local_kubernetes_executor' retrieved from /home/airflow/.local/lib/python3.12/site-packages/airflow/example_dags/example_local_kubernetes_executor.py
[2026-08-12T04:38:33.750+0000] {logging_mixin.py:190} INFO - [2026-08-12T04:38:33.749+0000] {dag.py:3211} INFO - Sync 1 DAGs
[2026-08-12T04:38:33.760+0000] {logging_mixin.py:190} INFO - [2026-08-12T04:38:33.759+0000] {dag.py:4138} INFO - Setting next_dagrun for example_local_kubernetes_executor to None, run_after=None
[2026-08-12T04:38:33.772+0000] {processor.py:208} INFO - Processing /home/airflow/.local/lib/python3.12/site-packages/airflow/example_dags/example_local_kubernetes_executor.py took 0.059 seconds
[2026-08-12T04:39:03.991+0000] {processor.py:186} INFO - Started process (PID=872) to work on /home/airflow/.local/lib/python3.12/site-packages/airflow/example_dags/example_local_kubernetes_executor.py
[2026-08-12T04:39:03.992+0000] {processor.py:914} INFO - Processing file /home/airflow/.local/lib/python3.12/site-packages/airflow/example_dags/example_local_kubernetes_executor.py for tasks to queue
[2026-08-12T04:39:03.994+0000] {logging_mixin.py:190} INFO - [2026-08-12T04:39:03.994+0000] {dagbag.py:587} INFO - Filling up the DagBag from /home/airflow/.local/lib/python3.12/site-packages/airflow/example_dags/example_local_kubernetes_executor.py
[2026-08-12T04:39:04.001+0000] {processor.py:925} INFO - DAG(s) 'example_local_kubernetes_executor' retrieved from /home/airflow/.local/lib/python3.12/site-packages/airflow/example_dags/example_local_kubernetes_executor.py
[2026-08-12T04:39:04.023+0000] {logging_mixin.py:190} INFO - [2026-08-12T04:39:04.023+0000] {dag.py:3211} INFO - Sync 1 DAGs
[2026-08-12T04:39:04.033+0000] {logging_mixin.py:190} INFO - [2026-08-12T04:39:04.033+0000] {dag.py:4138} INFO - Setting next_dagrun for example_local_kubernetes_executor to None, run_after=None
[2026-08-12T04:39:04.045+0000] {processor.py:208} INFO - Processing /home/airflow/.local/lib/python3.12/site-packages/airflow/example_dags/example_local_kubernetes_executor.py took 0.058 seconds
[2026-08-12T04:39:34.408+0000] {processor.py:186} INFO - Started process (PID=933) to work on /home/airflow/.local/lib/python3.12/site-packages/airflow/example_dags/example_local_kubernetes_executor.py
[2026-08-12T04:39:34.408+0000] {processor.py:914} INFO - Processing file /home/airflow/.local/lib/python3.12/site-packages/airflow/example_dags/example_local_kubernetes_executor.py for tasks to queue
[2026-08-12T04:39:34.410+0000] {logging_mixin.py:190} INFO - [2026-08-12T04:39:34.410+0000] {dagbag.py:587} INFO - Filling up the DagBag from /home/airflow/.local/lib/python3.12/site-packages/airflow/example_dags/example_local_kubernetes_executor.py
[2026-08-12T04:39:34.418+0000] {processor.py:925} INFO - DAG(s) 'example_local_kubernetes_executor' retrieved from /home/airflow/.local/lib/python3.12/site-packages/airflow/example_dags/example_local_kubernetes_executor.py
[2026-08-12T04:39:34.439+0000] {logging_mixin.py:190} INFO - [2026-08-12T04:39:34.439+0000] {dag.py:3211} INFO - Sync 1 DAGs
[2026-08-12T04:39:34.449+0000] {logging_mixin.py:190} INFO - [2026-08-12T04:39:34.449+0000] {dag.py:4138} INFO - Setting next_dagrun for example_local_kubernetes_executor to None, run_after=None
[2026-08-12T04:39:34.461+0000] {processor.py:208} INFO - Processing /home/airflow/.local/lib/python3.12/site-packages/airflow/example_dags/example_local_kubernetes_executor.py took 0.057 seconds
[2026-08-12T04:40:05.210+0000] {processor.py:186} INFO - Started process (PID=995) to work on /home/airflow/.local/lib/python3.12/site-packages/airflow/example_dags/example_local_kubernetes_executor.py
[2026-08-12T04:40:05.211+0000] {processor.py:914} INFO - Processing file /home/airflow/.local/lib/python3.12/site-packages/airflow/example_dags/example_local_kubernetes_executor.py for tasks to queue
[2026-08-12T04:40:05.214+0000] {logging_mixin.py:190} INFO - [2026-08-12T04:40:05.213+0000] {dagbag.py:587} INFO - Filling up the DagBag from /home/airflow/.local/lib/python3.12/site-packages/airflow/example_dags/example_local_kubernetes_executor.py
[2026-08-12T04:40:05.223+0000] {processor.py:925} INFO - DAG(s) 'example_local_kubernetes_executor' retrieved from /home/airflow/.local/lib/python3.12/site-packages/airflow/example_dags/example_local_kubernetes_executor.py
[2026-08-12T04:40:05.245+0000] {logging_mixin.py:190} INFO - [2026-08-12T04:40:05.244+0000] {dag.py:3211} INFO - Sync 1 DAGs
[2026-08-12T04:40:05.253+0000] {logging_mixin.py:190} INFO - [2026-08-12T04:40:05.253+0000] {dag.py:4138} INFO - Setting next_dagrun for example_local_kubernetes_executor to None, run_after=None
[2026-08-12T04:40:05.266+0000] {processor.py:208} INFO - Processing /home/airflow/.local/lib/python3.12/site-packages/airflow/example_dags/example_local_kubernetes_executor.py took 0.061 seconds
[2026-08-12T04:40:35.979+0000] {processor.py:186} INFO - Started process (PID=1057) to work on /home/airflow/.local/lib/python3.12/site-packages/airflow/example_dags/example_local_kubernetes_executor.py
[2026-08-12T04:40:35.980+0000] {processor.py:914} INFO - Processing file /home/airflow/.local/lib/python3.12/site-packages/airflow/example_dags/example_local_kubernetes_executor.py for tasks to queue
[2026-08-12T04:40:35.982+0000] {logging_mixin.py:190} INFO - [2026-08-12T04:40:35.982+0000] {dagbag.py:587} INFO - Filling up the DagBag from /home/airflow/.local/lib/python3.12/site-packages/airflow/example_dags/example_local_kubernetes_executor.py
[2026-08-12T04:40:35.989+0000] {processor.py:925} INFO - DAG(s) 'example_local_kubernetes_executor' retrieved from /home/airflow/.local/lib/python3.12/site-packages/airflow/example_dags/example_local_kubernetes_executor.py
[2026-08-12T04:40:36.010+0000] {logging_mixin.py:190} INFO - [2026-08-12T04:40:36.010+0000] {dag.py:3211} INFO - Sync 1 DAGs
[2026-08-12T04:40:36.019+0000] {logging_mixin.py:190} INFO - [2026-08-12T04:40:36.019+0000] {dag.py:4138} INFO - Setting next_dagrun for example_local_kubernetes_executor to None, run_after=None
[2026-08-12T04:40:36.031+0000] {processor.py:208} INFO - Processing /home/airflow/.local/lib/python3.12/site-packages/airflow/example_dags/example_local_kubernetes_executor.py took 0.056 seconds
[2026-08-12T04:41:06.714+0000] {processor.py:186} INFO - Started process (PID=1119) to work on /home/airflow/.local/lib/python3.12/site-packages/airflow/example_dags/example_local_kubernetes_executor.py
[2026-08-12T04:41:06.715+0000] {processor.py:914} INFO - Processing file /home/airflow/.local/lib/python3.12/site-packages/airflow/example_dags/example_local_kubernetes_executor.py for tasks to queue
[2026-08-12T04:41:06.717+0000] {logging_mixin.py:190} INFO - [2026-08-12T04:41:06.717+0000] {dagbag.py:587} INFO - Filling up the DagBag from /home/airflow/.local/lib/python3.12/site-packages/airflow/example_dags/example_local_kubernetes_executor.py
[2026-08-12T04:41:06.725+0000] {processor.py:925} INFO - DAG(s) 'example_local_kubernetes_executor' retrieved from /home/airflow/.local/lib/python3.12/site-packages/airflow/example_dags/example_local_kubernetes_executor.py
[2026-08-12T04:41:06.747+0000] {logging_mixin.py:190} INFO - [2026-08-12T04:41:06.746+0000] {dag.py:3211} INFO - Sync 1 DAGs
[2026-08-12T04:41:06.756+0000] {logging_mixin.py:190} INFO - [2026-08-12T04:41:06.756+0000] {dag.py:4138} INFO - Setting next_dagrun for example_local_kubernetes_executor to None, run_after=None
[2026-08-12T04:41:06.767+0000] {processor.py:208} INFO - Processing /home/airflow/.local/lib/python3.12/site-packages/airflow/example_dags/example_local_kubernetes_executor.py took 0.058 seconds
[2026-08-12T04:41:37.472+0000] {processor.py:186} INFO - Started process (PID=1181) to work on /home/airflow/.local/lib/python3.12/site-packages/airflow/example_dags/example_local_kubernetes_executor.py
[2026-08-12T04:41:37.473+0000] {processor.py:914} INFO - Processing file /home/airflow/.local/lib/python3.12/site-packages/airflow/example_dags/example_local_kubernetes_executor.py for tasks to queue
[2026-08-12T04:41:37.475+0000] {logging_mixin.py:190} INFO - [2026-08-12T04:41:37.475+0000] {dagbag.py:587} INFO - Filling up the DagBag from /home/airflow/.local/lib/python3.12/site-packages/airflow/example_dags/example_local_kubernetes_executor.py
[2026-08-12T04:41:37.483+0000] {processor.py:925} INFO - DAG(s) 'example_local_kubernetes_executor' retrieved from /home/airflow/.local/lib/python3.12/site-packages/airflow/example_dags/example_local_kubernetes_executor.py
[2026-08-12T04:41:37.505+0000] {logging_mixin.py:190} INFO - [2026-08-12T04:41:37.505+0000] {dag.py:3211} INFO - Sync 1 DAGs
[2026-08-12T04:41:37.515+0000] {logging_mixin.py:190} INFO - [2026-08-12T04:41:37.515+0000] {dag.py:4138} INFO - Setting next_dagrun for example_local_kubernetes_executor to None, run_after=None
[2026-08-12T04:41:37.528+0000] {processor.py:208} INFO - Processing /home/airflow/.local/lib/python3.12/site-packages/airflow/example_dags/example_local_kubernetes_executor.py took 0.060 seconds
[2026-08-12T04:42:08.316+0000] {processor.py:186} INFO - Started process (PID=1243) to work on /home/airflow/.local/lib/python3.12/site-packages/airflow/example_dags/example_local_kubernetes_executor.py
[2026-08-12T04:42:08.317+0000] {processor.py:914} INFO - Processing file /home/airflow/.local/lib/python3.12/site-packages/airflow/example_dags/example_local_kubernetes_executor.py for tasks to queue
[2026-08-12T04:42:08.319+0000] {logging_mixin.py:190} INFO - [2026-08-12T04:42:08.319+0000] {dagbag.py:587} INFO - Filling up the DagBag from /home/airflow/.local/lib/python3.12/site-packages/airflow/example_dags/example_local_kubernetes_executor.py
[2026-08-12T04:42:08.328+0000] {processor.py:925} INFO - DAG(s) 'example_local_kubernetes_executor' retrieved from /home/airflow/.local/lib/python3.12/site-packages/airflow/example_dags/example_local_kubernetes_executor.py
[2026-08-12T04:42:08.352+0000] {logging_mixin.py:190} INFO - [2026-08-12T04:42:08.352+0000] {dag.py:3211} INFO - Sync 1 DAGs
[2026-08-12T04:42:08.362+0000] {logging_mixin.py:190} INFO - [2026-08-12T04:42:08.362+0000] {dag.py:4138} INFO - Setting next_dagrun for example_local_kubernetes_executor to None, run_after=None
[2026-08-12T04:42:08.376+0000] {processor.py:208} INFO - Processing /home/airflow/.local/lib/python3.12/site-packages/airflow/example_dags/example_local_kubernetes_executor.py took 0.064 seconds
[2026-08-12T04:42:39.190+0000] {processor.py:186} INFO - Started process (PID=1305) to work on /home/airflow/.local/lib/python3.12/site-packages/airflow/example_dags/example_local_kubernetes_executor.py
[2026-08-12T04:42:39.191+0000] {processor.py:914} INFO - Processing file /home/airflow/.local/lib/python3.12/site-packages/airflow/example_dags/example_local_kubernetes_executor.py for tasks to queue
[2026-08-12T04:42:39.193+0000] {logging_mixin.py:190} INFO - [2026-08-12T04:42:39.192+0000] {dagbag.py:587} INFO - Filling up the DagBag from /home/airflow/.local/lib/python3.12/site-packages/airflow/example_dags/example_local_kubernetes_executor.py
[2026-08-12T04:42:39.199+0000] {processor.py:925} INFO - DAG(s) 'example_local_kubernetes_executor' retrieved from /home/airflow/.local/lib/python3.12/site-packages/airflow/example_dags/example_local_kubernetes_executor.py
[2026-08-12T04:42:39.220+0000] {logging_mixin.py:190} INFO - [2026-08-12T04:42:39.220+0000] {dag.py:3211} INFO - Sync 1 DAGs
[2026-08-12T04:42:39.230+0000] {logging_mixin.py:190} INFO - [2026-08-12T04:42:39.229+0000] {dag.py:4138} INFO - Setting next_dagrun for example_local_kubernetes_executor to None, run_after=None
[2026-08-12T04:42:39.241+0000] {processor.py:208} INFO - Processing /home/airflow/.local/lib/python3.12/site-packages/airflow/example_dags/example_local_kubernetes_executor.py took 0.056 seconds
[2026-08-12T04:43:10.074+0000] {processor.py:186} INFO - Started process (PID=1367) to work on /home/airflow/.local/lib/python3.12/site-packages/airflow/example_dags/example_local_kubernetes_executor.py
[2026-08-12T04:43:10.075+0000] {processor.py:914} INFO - Processing file /home/airflow/.local/lib/python3.12/site-packages/airflow/example_dags/example_local_kubernetes_executor.py for tasks to queue
[2026-08-12T04:43:10.077+0000] {logging_mixin.py:190} INFO - [2026-08-12T04:43:10.077+0000] {dagbag.py:587} INFO - Filling up the DagBag from /home/airflow/.local/lib/python3.12/site-packages/airflow/example_dags/example_local_kubernetes_executor.py
[2026-08-12T04:43:10.085+0000] {processor.py:925} INFO - DAG(s) 'example_local_kubernetes_executor' retrieved from /home/airflow/.local/lib/python3.12/site-packages/airflow/example_dags/example_local_kubernetes_executor.py
[2026-08-12T04:43:10.107+0000] {logging_mixin.py:190} INFO - [2026-08-12T04:43:10.107+0000] {dag.py:3211} INFO - Sync 1 DAGs
[2026-08-12T04:43:10.118+0000] {logging_mixin.py:190} INFO - [2026-08-12T04:43:10.117+0000] {dag.py:4138} INFO - Setting next_dagrun for example_local_kubernetes_executor to None, run_after=None
[2026-08-12T04:43:10.130+0000] {processor.py:208} INFO - Processing /home/airflow/.local/lib/python3.12/site-packages/airflow/example_dags/example_local_kubernetes_executor.py took 0.061 seconds
[2026-08-12T04:43:40.221+0000] {processor.py:186} INFO - Started process (PID=1429) to work on /home/airflow/.local/lib/python3.12/site-packages/airflow/example_dags/example_local_kubernetes_executor.py
[2026-08-12T04:43:40.222+0000] {processor.py:914} INFO - Processing file /home/airflow/.local/lib/python3.12/site-packages/airflow/example_dags/example_local_kubernetes_executor.py for tasks to queue
[2026-08-12T04:43:40.224+0000] {logging_mixin.py:190} INFO - [2026-08-12T04:43:40.224+0000] {dagbag.py:587} INFO - Filling up the DagBag from /home/airflow/.local/lib/python3.12/site-packages/airflow/example_dags/example_local_kubernetes_executor.py
[2026-08-12T04:43:40.231+0000] {processor.py:925} INFO - DAG(s) 'example_local_kubernetes_executor' retrieved from /home/airflow/.local/lib/python3.12/site-packages/airflow/example_dags/example_local_kubernetes_executor.py
[2026-08-12T04:43:40.253+0000] {logging_mixin.py:190} INFO - [2026-08-12T04:43:40.253+0000] {dag.py:3211} INFO - Sync 1 DAGs
[2026-08-12T04:43:40.263+0000] {logging_mixin.py:190} INFO - [2026-08-12T04:43:40.263+0000] {dag.py:4138} INFO - Setting next_dagrun for example_local_kubernetes_executor to None, run_after=None
[2026-08-12T04:43:40.275+0000] {processor.py:208} INFO - Processing /home/airflow/.local/lib/python3.12/site-packages/airflow/example_dags/example_local_kubernetes_executor.py took 0.058 seconds
[2026-08-12T04:44:10.555+0000] {processor.py:186} INFO - Started process (PID=1491) to work on /home/airflow/.local/lib/python3.12/site-packages/airflow/example_dags/example_local_kubernetes_executor.py
[2026-08-12T04:44:10.556+0000] {processor.py:914} INFO - Processing file /home/airflow/.local/lib/python3.12/site-packages/airflow/example_dags/example_local_kubernetes_executor.py for tasks to queue
[2026-08-12T04:44:10.558+0000] {logging_mixin.py:190} INFO - [2026-08-12T04:44:10.558+0000] {dagbag.py:587} INFO - Filling up the DagBag from /home/airflow/.local/lib/python3.12/site-packages/airflow/example_dags/example_local_kubernetes_executor.py
[2026-08-12T04:44:10.565+0000] {processor.py:925} INFO - DAG(s) 'example_local_kubernetes_executor' retrieved from /home/airflow/.local/lib/python3.12/site-packages/airflow/example_dags/example_local_kubernetes_executor.py
[2026-08-12T04:44:10.587+0000] {logging_mixin.py:190} INFO - [2026-08-12T04:44:10.587+0000] {dag.py:3211} INFO - Sync 1 DAGs
[2026-08-12T04:44:10.596+0000] {logging_mixin.py:190} INFO - [2026-08-12T04:44:10.596+0000] {dag.py:4138} INFO - Setting next_dagrun for example_local_kubernetes_executor to None, run_after=None
[2026-08-12T04:44:10.606+0000] {processor.py:208} INFO - Processing /home/airflow/.local/lib/python3.12/site-packages/airflow/example_dags/example_local_kubernetes_executor.py took 0.055 seconds
[2026-08-12T04:44:41.600+0000] {processor.py:186} INFO - Started process (PID=1553) to work on /home/airflow/.local/lib/python3.12/site-packages/airflow/example_dags/example_local_kubernetes_executor.py
[2026-08-12T04:44:41.602+0000] {processor.py:914} INFO - Processing file /home/airflow/.local/lib/python3.12/site-packages/airflow/example_dags/example_local_kubernetes_executor.py for tasks to queue
[2026-08-12T04:44:41.604+0000] {logging_mixin.py:190} INFO - [2026-08-12T04:44:41.603+0000] {dagbag.py:587} INFO - Filling up the DagBag from /home/airflow/.local/lib/python3.12/site-packages/airflow/example_dags/example_local_kubernetes_executor.py
[2026-08-12T04:44:41.612+0000] {processor.py:925} INFO - DAG(s) 'example_local_kubernetes_executor' retrieved from /home/airflow/.local/lib/python3.12/site-packages/airflow/example_dags/example_local_kubernetes_executor.py
[2026-08-12T04:44:41.639+0000] {logging_mixin.py:190} INFO - [2026-08-12T04:44:41.638+0000] {dag.py:3211} INFO - Sync 1 DAGs
[2026-08-12T04:44:41.649+0000] {logging_mixin.py:190} INFO - [2026-08-12T04:44:41.649+0000] {dag.py:4138} INFO - Setting next_dagrun for example_local_kubernetes_executor to None, run_after=None
[2026-08-12T04:44:41.662+0000] {processor.py:208} INFO - Processing /home/airflow/.local/lib/python3.12/site-packages/airflow/example_dags/example_local_kubernetes_executor.py took 0.066 seconds
[2026-08-12T04:45:12.519+0000] {processor.py:186} INFO - Started process (PID=1615) to work on /home/airflow/.local/lib/python3.12/site-packages/airflow/example_dags/example_local_kubernetes_executor.py
[2026-08-12T04:45:12.520+0000] {processor.py:914} INFO - Processing file /home/airflow/.local/lib/python3.12/site-packages/airflow/example_dags/example_local_kubernetes_executor.py for tasks to queue
[2026-08-12T04:45:12.522+0000] {logging_mixin.py:190} INFO - [2026-08-12T04:45:12.522+0000] {dagbag.py:587} INFO - Filling up the DagBag from /home/airflow/.local/lib/python3.12/site-packages/airflow/example_dags/example_local_kubernetes_executor.py
[2026-08-12T04:45:12.531+0000] {processor.py:925} INFO - DAG(s) 'example_local_kubernetes_executor' retrieved from /home/airflow/.local/lib/python3.12/site-packages/airflow/example_dags/example_local_kubernetes_executor.py
[2026-08-12T04:45:12.562+0000] {logging_mixin.py:190} INFO - [2026-08-12T04:45:12.562+0000] {dag.py:3211} INFO - Sync 1 DAGs
[2026-08-12T04:45:12.573+0000] {logging_mixin.py:190} INFO - [2026-08-12T04:45:12.573+0000] {dag.py:4138} INFO - Setting next_dagrun for example_local_kubernetes_executor to None, run_after=None
[2026-08-12T04:45:12.588+0000] {processor.py:208} INFO - Processing /home/airflow/.local/lib/python3.12/site-packages/airflow/example_dags/example_local_kubernetes_executor.py took 0.073 seconds
[2026-08-12T04:45:42.941+0000] {processor.py:186} INFO - Started process (PID=1677) to work on /home/airflow/.local/lib/python3.12/site-packages/airflow/example_dags/example_local_kubernetes_executor.py
[2026-08-12T04:45:42.942+0000] {processor.py:914} INFO - Processing file /home/airflow/.local/lib/python3.12/site-packages/airflow/example_dags/example_local_kubernetes_executor.py for tasks to queue
[2026-08-12T04:45:42.945+0000] {logging_mixin.py:190} INFO - [2026-08-12T04:45:42.944+0000] {dagbag.py:587} INFO - Filling up the DagBag from /home/airflow/.local/lib/python3.12/site-packages/airflow/example_dags/example_local_kubernetes_executor.py
[2026-08-12T04:45:42.953+0000] {processor.py:925} INFO - DAG(s) 'example_local_kubernetes_executor' retrieved from /home/airflow/.local/lib/python3.12/site-packages/airflow/example_dags/example_local_kubernetes_executor.py
[2026-08-12T04:45:42.981+0000] {logging_mixin.py:190} INFO - [2026-08-12T04:45:42.981+0000] {dag.py:3211} INFO - Sync 1 DAGs
[2026-08-12T04:45:42.992+0000] {logging_mixin.py:190} INFO - [2026-08-12T04:45:42.992+0000] {dag.py:4138} INFO - Setting next_dagrun for example_local_kubernetes_executor to None, run_after=None
[2026-08-12T04:45:43.006+0000] {processor.py:208} INFO - Processing /home/airflow/.local/lib/python3.12/site-packages/airflow/example_dags/example_local_kubernetes_executor.py took 0.070 seconds
[2026-08-12T04:46:13.424+0000] {processor.py:186} INFO - Started process (PID=1739) to work on /home/airflow/.local/lib/python3.12/site-packages/airflow/example_dags/example_local_kubernetes_executor.py
[2026-08-12T04:46:13.425+0000] {processor.py:914} INFO - Processing file /home/airflow/.local/lib/python3.12/site-packages/airflow/example_dags/example_local_kubernetes_executor.py for tasks to queue
[2026-08-12T04:46:13.428+0000] {logging_mixin.py:190} INFO - [2026-08-12T04:46:13.427+0000] {dagbag.py:587} INFO - Filling up the DagBag from /home/airflow/.local/lib/python3.12/site-packages/airflow/example_dags/example_local_kubernetes_executor.py
[2026-08-12T04:46:13.435+0000] {processor.py:925} INFO - DAG(s) 'example_local_kubernetes_executor' retrieved from /home/airflow/.local/lib/python3.12/site-packages/airflow/example_dags/example_local_kubernetes_executor.py
[2026-08-12T04:46:13.465+0000] {logging_mixin.py:190} INFO - [2026-08-12T04:46:13.465+0000] {dag.py:3211} INFO - Sync 1 DAGs
[2026-08-12T04:46:13.476+0000] {logging_mixin.py:190} INFO - [2026-08-12T04:46:13.476+0000] {dag.py:4138} INFO - Setting next_dagrun for example_local_kubernetes_executor to None, run_after=None
[2026-08-12T04:46:13.492+0000] {processor.py:208} INFO - Processing /home/airflow/.local/lib/python3.12/site-packages/airflow/example_dags/example_local_kubernetes_executor.py took 0.072 seconds
[2026-08-12T04:46:43.779+0000] {processor.py:186} INFO - Started process (PID=1801) to work on /home/airflow/.local/lib/python3.12/site-packages/airflow/example_dags/example_local_kubernetes_executor.py
[2026-08-12T04:46:43.779+0000] {processor.py:914} INFO - Processing file /home/airflow/.local/lib/python3.12/site-packages/airflow/example_dags/example_local_kubernetes_executor.py for tasks to queue
[2026-08-12T04:46:43.781+0000] {logging_mixin.py:190} INFO - [2026-08-12T04:46:43.781+0000] {dagbag.py:587} INFO - Filling up the DagBag from /home/airflow/.local/lib/python3.12/site-packages/airflow/example_dags/example_local_kubernetes_executor.py
[2026-08-12T04:46:43.789+0000] {processor.py:925} INFO - DAG(s) 'example_local_kubernetes_executor' retrieved from /home/airflow/.local/lib/python3.12/site-packages/airflow/example_dags/example_local_kubernetes_executor.py
[2026-08-12T04:46:43.817+0000] {logging_mixin.py:190} INFO - [2026-08-12T04:46:43.817+0000] {dag.py:3211} INFO - Sync 1 DAGs
[2026-08-12T04:46:43.829+0000] {logging_mixin.py:190} INFO - [2026-08-12T04:46:43.829+0000] {dag.py:4138} INFO - Setting next_dagrun for example_local_kubernetes_executor to None, run_after=None
[2026-08-12T04:46:43.844+0000] {processor.py:208} INFO - Processing /home/airflow/.local/lib/python3.12/site-packages/airflow/example_dags/example_local_kubernetes_executor.py took 0.070 seconds
[2026-08-12T04:47:13.897+0000] {processor.py:186} INFO - Started process (PID=1863) to work on /home/airflow/.local/lib/python3.12/site-packages/airflow/example_dags/example_local_kubernetes_executor.py
[2026-08-12T04:47:13.898+0000] {processor.py:914} INFO - Processing file /home/airflow/.local/lib/python3.12/site-packages/airflow/example_dags/example_local_kubernetes_executor.py for tasks to queue
[2026-08-12T04:47:13.900+0000] {logging_mixin.py:190} INFO - [2026-08-12T04:47:13.900+0000] {dagbag.py:587} INFO - Filling up the DagBag from /home/airflow/.local/lib/python3.12/site-packages/airflow/example_dags/example_local_kubernetes_executor.py
[2026-08-12T04:47:13.909+0000] {processor.py:925} INFO - DAG(s) 'example_local_kubernetes_executor' retrieved from /home/airflow/.local/lib/python3.12/site-packages/airflow/example_dags/example_local_kubernetes_executor.py
[2026-08-12T04:47:13.940+0000] {logging_mixin.py:190} INFO - [2026-08-12T04:47:13.940+0000] {dag.py:3211} INFO - Sync 1 DAGs
[2026-08-12T04:47:13.952+0000] {logging_mixin.py:190} INFO - [2026-08-12T04:47:13.952+0000] {dag.py:4138} INFO - Setting next_dagrun for example_local_kubernetes_executor to None, run_after=None
[2026-08-12T04:47:13.968+0000] {processor.py:208} INFO - Processing /home/airflow/.local/lib/python3.12/site-packages/airflow/example_dags/example_local_kubernetes_executor.py took 0.075 seconds
[2026-08-12T04:47:44.492+0000] {processor.py:186} INFO - Started process (PID=1927) to work on /home/airflow/.local/lib/python3.12/site-packages/airflow/example_dags/example_local_kubernetes_executor.py
[2026-08-12T04:47:44.493+0000] {processor.py:914} INFO - Processing file /home/airflow/.local/lib/python3.12/site-packages/airflow/example_dags/example_local_kubernetes_executor.py for tasks to queue
[2026-08-12T04:47:44.496+0000] {logging_mixin.py:190} INFO - [2026-08-12T04:47:44.495+0000] {dagbag.py:587} INFO - Filling up the DagBag from /home/airflow/.local/lib/python3.12/site-packages/airflow/example_dags/example_local_kubernetes_executor.py
[2026-08-12T04:47:44.503+0000] {processor.py:925} INFO - DAG(s) 'example_local_kubernetes_executor' retrieved from /home/airflow/.local/lib/python3.12/site-packages/airflow/example_dags/example_local_kubernetes_executor.py
[2026-08-12T04:47:44.530+0000] {logging_mixin.py:190} INFO - [2026-08-12T04:47:44.530+0000] {dag.py:3211} INFO - Sync 1 DAGs
[2026-08-12T04:47:44.541+0000] {logging_mixin.py:190} INFO - [2026-08-12T04:47:44.540+0000] {dag.py:4138} INFO - Setting next_dagrun for example_local_kubernetes_executor to None, run_after=None
[2026-08-12T04:47:44.553+0000] {processor.py:208} INFO - Processing /home/airflow/.local/lib/python3.12/site-packages/airflow/example_dags/example_local_kubernetes_executor.py took 0.065 seconds
[2026-08-12T04:48:14.826+0000] {processor.py:186} INFO - Started process (PID=1991) to work on /home/airflow/.local/lib/python3.12/site-packages/airflow/example_dags/example_local_kubernetes_executor.py
[2026-08-12T04:48:14.827+0000] {processor.py:914} INFO - Processing file /home/airflow/.local/lib/python3.12/site-packages/airflow/example_dags/example_local_kubernetes_executor.py for tasks to queue
[2026-08-12T04:48:14.829+0000] {logging_mixin.py:190} INFO - [2026-08-12T04:48:14.828+0000] {dagbag.py:587} INFO - Filling up the DagBag from /home/airflow/.local/lib/python3.12/site-packages/airflow/example_dags/example_local_kubernetes_executor.py
[2026-08-12T04:48:14.835+0000] {processor.py:925} INFO - DAG(s) 'example_local_kubernetes_executor' retrieved from /home/airflow/.local/lib/python3.12/site-packages/airflow/example_dags/example_local_kubernetes_executor.py
[2026-08-12T04:48:14.863+0000] {logging_mixin.py:190} INFO - [2026-08-12T04:48:14.863+0000] {dag.py:3211} INFO - Sync 1 DAGs
[2026-08-12T04:48:14.874+0000] {logging_mixin.py:190} INFO - [2026-08-12T04:48:14.874+0000] {dag.py:4138} INFO - Setting next_dagrun for example_local_kubernetes_executor to None, run_after=None
[2026-08-12T04:48:14.888+0000] {processor.py:208} INFO - Processing /home/airflow/.local/lib/python3.12/site-packages/airflow/example_dags/example_local_kubernetes_executor.py took 0.066 seconds
