[2026-08-12T04:30:19.155+0000] {processor.py:186} INFO - Started process (PID=110) to work on /home/airflow/.local/lib/python3.12/site-packages/airflow/example_dags/example_dataset_alias.py
[2026-08-12T04:30:19.156+0000] {processor.py:914} INFO - Processing file /home/airflow/.local/lib/python3.12/site-packages/airflow/example_dags/example_dataset_alias.py for tasks to queue
[2026-08-12T04:30:19.159+0000] {logging_mixin.py:190} INFO - [2026-08-12T04:30:19.159+0000] {dagbag.py:587} INFO - Filling up the DagBag from /home/airflow/.local/lib/python3.12/site-packages/airflow/example_dags/example_dataset_alias.py
[2026-08-12T04:30:19.266+0000] {processor.py:925} INFO - DAG(s) 'dataset_alias_example_alias_producer', 'dataset_alias_example_alias_consumer', 'dataset_s3_bucket_consumer', 'dataset_s3_bucket_producer' retrieved from /home/airflow/.local/lib/python3.12/site-packages/airflow/example_dags/example_dataset_alias.py
[2026-08-12T04:30:19.327+0000] {logging_mixin.py:190} INFO - [2026-08-12T04:30:19.327+0000] {override.py:1858} INFO - Created Permission View: can delete on DAG:dataset_alias_example_alias_producer
[2026-08-12T04:30:19.335+0000] {logging_mixin.py:190} INFO - [2026-08-12T04:30:19.335+0000] {override.py:1858} INFO - Created Permission View: can read on DAG:dataset_alias_example_alias_producer
[2026-08-12T04:30:19.339+0000] {logging_mixin.py:190} INFO - [2026-08-12T04:30:19.339+0000] {override.py:1858} INFO - Created Permission View: can edit on DAG:dataset_alias_example_alias_producer
[2026-08-12T04:30:19.348+0000] {logging_mixin.py:190} INFO - [2026-08-12T04:30:19.348+0000] {override.py:1858} INFO - Created Permission View: can delete on DAG:dataset_alias_example_alias_consumer
[2026-08-12T04:30:19.354+0000] {logging_mixin.py:190} INFO - [2026-08-12T04:30:19.354+0000] {override.py:1858} INFO - Created Permission View: can read on DAG:dataset_alias_example_alias_consumer
[2026-08-12T04:30:19.359+0000] {logging_mixin.py:190} INFO - [2026-08-12T04:30:19.359+0000] {override.py:1858} INFO - Created Permission View: can edit on DAG:dataset_alias_example_alias_consumer
[2026-08-12T04:30:19.368+0000] {logging_mixin.py:190} INFO - [2026-08-12T04:30:19.367+0000] {override.py:1858} INFO - Created Permission View: can delete on DAG:dataset_s3_bucket_consumer
[2026-08-12T04:30:19.374+0000] {logging_mixin.py:190} INFO - [2026-08-12T04:30:19.373+0000] {override.py:1858} INFO - Created Permission View: can read on DAG:dataset_s3_bucket_consumer
[2026-08-12T04:30:19.378+0000] {logging_mixin.py:190} INFO - [2026-08-12T04:30:19.378+0000] {override.py:1858} INFO - Created Permission View: can edit on DAG:dataset_s3_bucket_consumer
[2026-08-12T04:30:19.387+0000] {logging_mixin.py:190} INFO - [2026-08-12T04:30:19.387+0000] {override.py:1858} INFO - Created Permission View: can delete on DAG:dataset_s3_bucket_producer
[2026-08-12T04:30:19.392+0000] {logging_mixin.py:190} INFO - [2026-08-12T04:30:19.392+0000] {override.py:1858} INFO - Created Permission View: can read on DAG:dataset_s3_bucket_producer
[2026-08-12T04:30:19.397+0000] {logging_mixin.py:190} INFO - [2026-08-12T04:30:19.397+0000] {override.py:1858} INFO - Created Permission View: can edit on DAG:dataset_s3_bucket_producer
[2026-08-12T04:30:19.398+0000] {logging_mixin.py:190} INFO - [2026-08-12T04:30:19.397+0000] {dag.py:3211} INFO - Sync 4 DAGs
[2026-08-12T04:30:19.406+0000] {logging_mixin.py:190} INFO - [2026-08-12T04:30:19.406+0000] {dag.py:3234} INFO - Creating ORM DAG for dataset_s3_bucket_consumer
[2026-08-12T04:30:19.407+0000] {logging_mixin.py:190} INFO - [2026-08-12T04:30:19.407+0000] {dag.py:3234} INFO - Creating ORM DAG for dataset_alias_example_alias_producer
[2026-08-12T04:30:19.408+0000] {logging_mixin.py:190} INFO - [2026-08-12T04:30:19.407+0000] {dag.py:3234} INFO - Creating ORM DAG for dataset_alias_example_alias_consumer
[2026-08-12T04:30:19.408+0000] {logging_mixin.py:190} INFO - [2026-08-12T04:30:19.408+0000] {dag.py:3234} INFO - Creating ORM DAG for dataset_s3_bucket_producer
[2026-08-12T04:30:19.415+0000] {logging_mixin.py:190} INFO - [2026-08-12T04:30:19.415+0000] {dag.py:4138} INFO - Setting next_dagrun for dataset_alias_example_alias_consumer to None, run_after=None
[2026-08-12T04:30:19.416+0000] {logging_mixin.py:190} INFO - [2026-08-12T04:30:19.415+0000] {dag.py:4138} INFO - Setting next_dagrun for dataset_alias_example_alias_producer to None, run_after=None
[2026-08-12T04:30:19.416+0000] {logging_mixin.py:190} INFO - [2026-08-12T04:30:19.416+0000] {dag.py:4138} INFO - Setting next_dagrun for dataset_s3_bucket_consumer to None, run_after=None
[2026-08-12T04:30:19.417+0000] {logging_mixin.py:190} INFO - [2026-08-12T04:30:19.417+0000] {dag.py:4138} INFO - Setting next_dagrun for dataset_s3_bucket_producer to None, run_after=None
[2026-08-12T04:30:19.439+0000] {processor.py:208} INFO - Processing /home/airflow/.local/lib/python3.12/site-packages/airflow/example_dags/example_dataset_alias.py took 0.289 seconds
[2026-08-12T04:30:49.545+0000] {processor.py:186} INFO - Started process (PID=172) to work on /home/airflow/.local/lib/python3.12/site-packages/airflow/example_dags/example_dataset_alias.py
[2026-08-12T04:30:49.547+0000] {processor.py:914} INFO - Processing file /home/airflow/.local/lib/python3.12/site-packages/airflow/example_dags/example_dataset_alias.py for tasks to queue
[2026-08-12T04:30:49.549+0000] {logging_mixin.py:190} INFO - [2026-08-12T04:30:49.548+0000] {dagbag.py:587} INFO - Filling up the DagBag from /home/airflow/.local/lib/python3.12/site-packages/airflow/example_dags/example_dataset_alias.py
[2026-08-12T04:30:49.655+0000] {processor.py:925} INFO - DAG(s) 'dataset_s3_bucket_consumer', 'dataset_alias_example_alias_producer', 'dataset_alias_example_alias_consumer', 'dataset_s3_bucket_producer' retrieved from /home/airflow/.local/lib/python3.12/site-packages/airflow/example_dags/example_dataset_alias.py
[2026-08-12T04:30:49.672+0000] {logging_mixin.py:190} INFO - [2026-08-12T04:30:49.672+0000] {dag.py:3211} INFO - Sync 4 DAGs
[2026-08-12T04:30:49.687+0000] {logging_mixin.py:190} INFO - [2026-08-12T04:30:49.687+0000] {dag.py:4138} INFO - Setting next_dagrun for dataset_alias_example_alias_consumer to None, run_after=None
[2026-08-12T04:30:49.689+0000] {logging_mixin.py:190} INFO - [2026-08-12T04:30:49.689+0000] {dag.py:4138} INFO - Setting next_dagrun for dataset_alias_example_alias_producer to None, run_after=None
[2026-08-12T04:30:49.691+0000] {logging_mixin.py:190} INFO - [2026-08-12T04:30:49.691+0000] {dag.py:4138} INFO - Setting next_dagrun for dataset_s3_bucket_consumer to None, run_after=None
[2026-08-12T04:30:49.692+0000] {logging_mixin.py:190} INFO - [2026-08-12T04:30:49.692+0000] {dag.py:4138} INFO - Setting next_dagrun for dataset_s3_bucket_producer to None, run_after=None
[2026-08-12T04:30:49.711+0000] {processor.py:208} INFO - Processing /home/airflow/.local/lib/python3.12/site-packages/airflow/example_dags/example_dataset_alias.py took 0.171 seconds
[2026-08-12T04:31:20.766+0000] {processor.py:186} INFO - Started process (PID=234) to work on /home/airflow/.local/lib/python3.12/site-packages/airflow/example_dags/example_dataset_alias.py
[2026-08-12T04:31:20.767+0000] {processor.py:914} INFO - Processing file /home/airflow/.local/lib/python3.12/site-packages/airflow/example_dags/example_dataset_alias.py for tasks to queue
[2026-08-12T04:31:20.769+0000] {logging_mixin.py:190} INFO - [2026-08-12T04:31:20.769+0000] {dagbag.py:587} INFO - Filling up the DagBag from /home/airflow/.local/lib/python3.12/site-packages/airflow/example_dags/example_dataset_alias.py
[2026-08-12T04:31:20.882+0000] {processor.py:925} INFO - DAG(s) 'dataset_alias_example_alias_producer', 'dataset_alias_example_alias_consumer', 'dataset_s3_bucket_producer', 'dataset_s3_bucket_consumer' retrieved from /home/airflow/.local/lib/python3.12/site-packages/airflow/example_dags/example_dataset_alias.py
[2026-08-12T04:31:20.899+0000] {logging_mixin.py:190} INFO - [2026-08-12T04:31:20.899+0000] {dag.py:3211} INFO - Sync 4 DAGs
[2026-08-12T04:31:20.916+0000] {logging_mixin.py:190} INFO - [2026-08-12T04:31:20.916+0000] {dag.py:4138} INFO - Setting next_dagrun for dataset_alias_example_alias_consumer to None, run_after=None
[2026-08-12T04:31:20.919+0000] {logging_mixin.py:190} INFO - [2026-08-12T04:31:20.918+0000] {dag.py:4138} INFO - Setting next_dagrun for dataset_alias_example_alias_producer to None, run_after=None
[2026-08-12T04:31:20.920+0000] {logging_mixin.py:190} INFO - [2026-08-12T04:31:20.920+0000] {dag.py:4138} INFO - Setting next_dagrun for dataset_s3_bucket_consumer to None, run_after=None
[2026-08-12T04:31:20.921+0000] {logging_mixin.py:190} INFO - [2026-08-12T04:31:20.921+0000] {dag.py:4138} INFO - Setting next_dagrun for dataset_s3_bucket_producer to None, run_after=None
[2026-08-12T04:31:20.938+0000] {processor.py:208} INFO - Processing /home/airflow/.local/lib/python3.12/site-packages/airflow/example_dags/example_dataset_alias.py took 0.177 seconds
[2026-08-12T04:32:28.534+0000] {processor.py:186} INFO - Started process (PID=98) to work on /home/airflow/.local/lib/python3.12/site-packages/airflow/example_dags/example_dataset_alias.py
[2026-08-12T04:32:28.535+0000] {processor.py:914} INFO - Processing file /home/airflow/.local/lib/python3.12/site-packages/airflow/example_dags/example_dataset_alias.py for tasks to queue
[2026-08-12T04:32:28.537+0000] {logging_mixin.py:190} INFO - [2026-08-12T04:32:28.537+0000] {dagbag.py:587} INFO - Filling up the DagBag from /home/airflow/.local/lib/python3.12/site-packages/airflow/example_dags/example_dataset_alias.py
[2026-08-12T04:32:28.646+0000] {processor.py:925} INFO - DAG(s) 'dataset_alias_example_alias_producer', 'dataset_s3_bucket_producer', 'dataset_s3_bucket_consumer', 'dataset_alias_example_alias_consumer' retrieved from /home/airflow/.local/lib/python3.12/site-packages/airflow/example_dags/example_dataset_alias.py
[2026-08-12T04:32:28.662+0000] {logging_mixin.py:190} INFO - [2026-08-12T04:32:28.661+0000] {dag.py:3211} INFO - Sync 4 DAGs
[2026-08-12T04:32:28.679+0000] {logging_mixin.py:190} INFO - [2026-08-12T04:32:28.679+0000] {dag.py:4138} INFO - Setting next_dagrun for dataset_alias_example_alias_consumer to None, run_after=None
[2026-08-12T04:32:28.681+0000] {logging_mixin.py:190} INFO - [2026-08-12T04:32:28.681+0000] {dag.py:4138} INFO - Setting next_dagrun for dataset_alias_example_alias_producer to None, run_after=None
[2026-08-12T04:32:28.682+0000] {logging_mixin.py:190} INFO - [2026-08-12T04:32:28.682+0000] {dag.py:4138} INFO - Setting next_dagrun for dataset_s3_bucket_consumer to None, run_after=None
[2026-08-12T04:32:28.683+0000] {logging_mixin.py:190} INFO - [2026-08-12T04:32:28.683+0000] {dag.py:4138} INFO - Setting next_dagrun for dataset_s3_bucket_producer to None, run_after=None
[2026-08-12T04:32:28.700+0000] {processor.py:208} INFO - Processing /home/airflow/.local/lib/python3.12/site-packages/airflow/example_dags/example_dataset_alias.py took 0.170 seconds
[2026-08-12T04:32:59.405+0000] {processor.py:186} INFO - Started process (PID=161) to work on /home/airflow/.local/lib/python3.12/site-packages/airflow/example_dags/example_dataset_alias.py
[2026-08-12T04:32:59.406+0000] {processor.py:914} INFO - Processing file /home/airflow/.local/lib/python3.12/site-packages/airflow/example_dags/example_dataset_alias.py for tasks to queue
[2026-08-12T04:32:59.408+0000] {logging_mixin.py:190} INFO - [2026-08-12T04:32:59.408+0000] {dagbag.py:587} INFO - Filling up the DagBag from /home/airflow/.local/lib/python3.12/site-packages/airflow/example_dags/example_dataset_alias.py
[2026-08-12T04:32:59.510+0000] {processor.py:925} INFO - DAG(s) 'dataset_alias_example_alias_consumer', 'dataset_s3_bucket_consumer', 'dataset_alias_example_alias_producer', 'dataset_s3_bucket_producer' retrieved from /home/airflow/.local/lib/python3.12/site-packages/airflow/example_dags/example_dataset_alias.py
[2026-08-12T04:32:59.527+0000] {logging_mixin.py:190} INFO - [2026-08-12T04:32:59.527+0000] {dag.py:3211} INFO - Sync 4 DAGs
[2026-08-12T04:32:59.543+0000] {logging_mixin.py:190} INFO - [2026-08-12T04:32:59.542+0000] {dag.py:4138} INFO - Setting next_dagrun for dataset_alias_example_alias_consumer to None, run_after=None
[2026-08-12T04:32:59.544+0000] {logging_mixin.py:190} INFO - [2026-08-12T04:32:59.544+0000] {dag.py:4138} INFO - Setting next_dagrun for dataset_alias_example_alias_producer to None, run_after=None
[2026-08-12T04:32:59.546+0000] {logging_mixin.py:190} INFO - [2026-08-12T04:32:59.545+0000] {dag.py:4138} INFO - Setting next_dagrun for dataset_s3_bucket_consumer to None, run_after=None
[2026-08-12T04:32:59.546+0000] {logging_mixin.py:190} INFO - [2026-08-12T04:32:59.546+0000] {dag.py:4138} INFO - Setting next_dagrun for dataset_s3_bucket_producer to None, run_after=None
[2026-08-12T04:32:59.564+0000] {processor.py:208} INFO - Processing /home/airflow/.local/lib/python3.12/site-packages/airflow/example_dags/example_dataset_alias.py took 0.164 seconds
[2026-08-12T04:33:30.177+0000] {processor.py:186} INFO - Started process (PID=223) to work on /home/airflow/.local/lib/python3.12/site-packages/airflow/example_dags/example_dataset_alias.py
[2026-08-12T04:33:30.178+0000] {processor.py:914} INFO - Processing file /home/airflow/.local/lib/python3.12/site-packages/airflow/example_dags/example_dataset_alias.py for tasks to queue
[2026-08-12T04:33:30.180+0000] {logging_mixin.py:190} INFO - [2026-08-12T04:33:30.180+0000] {dagbag.py:587} INFO - Filling up the DagBag from /home/airflow/.local/lib/python3.12/site-packages/airflow/example_dags/example_dataset_alias.py
[2026-08-12T04:33:30.287+0000] {processor.py:925} INFO - DAG(s) 'dataset_alias_example_alias_producer', 'dataset_s3_bucket_producer', 'dataset_alias_example_alias_consumer', 'dataset_s3_bucket_consumer' retrieved from /home/airflow/.local/lib/python3.12/site-packages/airflow/example_dags/example_dataset_alias.py
[2026-08-12T04:33:30.302+0000] {logging_mixin.py:190} INFO - [2026-08-12T04:33:30.302+0000] {dag.py:3211} INFO - Sync 4 DAGs
[2026-08-12T04:33:30.318+0000] {logging_mixin.py:190} INFO - [2026-08-12T04:33:30.318+0000] {dag.py:4138} INFO - Setting next_dagrun for dataset_alias_example_alias_consumer to None, run_after=None
[2026-08-12T04:33:30.320+0000] {logging_mixin.py:190} INFO - [2026-08-12T04:33:30.320+0000] {dag.py:4138} INFO - Setting next_dagrun for dataset_alias_example_alias_producer to None, run_after=None
[2026-08-12T04:33:30.321+0000] {logging_mixin.py:190} INFO - [2026-08-12T04:33:30.321+0000] {dag.py:4138} INFO - Setting next_dagrun for dataset_s3_bucket_consumer to None, run_after=None
[2026-08-12T04:33:30.322+0000] {logging_mixin.py:190} INFO - [2026-08-12T04:33:30.322+0000] {dag.py:4138} INFO - Setting next_dagrun for dataset_s3_bucket_producer to None, run_after=None
[2026-08-12T04:33:30.337+0000] {processor.py:208} INFO - Processing /home/airflow/.local/lib/python3.12/site-packages/airflow/example_dags/example_dataset_alias.py took 0.164 seconds
[2026-08-12T04:34:01.517+0000] {processor.py:186} INFO - Started process (PID=285) to work on /home/airflow/.local/lib/python3.12/site-packages/airflow/example_dags/example_dataset_alias.py
[2026-08-12T04:34:01.518+0000] {processor.py:914} INFO - Processing file /home/airflow/.local/lib/python3.12/site-packages/airflow/example_dags/example_dataset_alias.py for tasks to queue
[2026-08-12T04:34:01.520+0000] {logging_mixin.py:190} INFO - [2026-08-12T04:34:01.520+0000] {dagbag.py:587} INFO - Filling up the DagBag from /home/airflow/.local/lib/python3.12/site-packages/airflow/example_dags/example_dataset_alias.py
[2026-08-12T04:34:01.626+0000] {processor.py:925} INFO - DAG(s) 'dataset_s3_bucket_producer', 'dataset_s3_bucket_consumer', 'dataset_alias_example_alias_consumer', 'dataset_alias_example_alias_producer' retrieved from /home/airflow/.local/lib/python3.12/site-packages/airflow/example_dags/example_dataset_alias.py
[2026-08-12T04:34:01.641+0000] {logging_mixin.py:190} INFO - [2026-08-12T04:34:01.641+0000] {dag.py:3211} INFO - Sync 4 DAGs
[2026-08-12T04:34:01.657+0000] {logging_mixin.py:190} INFO - [2026-08-12T04:34:01.657+0000] {dag.py:4138} INFO - Setting next_dagrun for dataset_alias_example_alias_consumer to None, run_after=None
[2026-08-12T04:34:01.660+0000] {logging_mixin.py:190} INFO - [2026-08-12T04:34:01.659+0000] {dag.py:4138} INFO - Setting next_dagrun for dataset_alias_example_alias_producer to None, run_after=None
[2026-08-12T04:34:01.661+0000] {logging_mixin.py:190} INFO - [2026-08-12T04:34:01.661+0000] {dag.py:4138} INFO - Setting next_dagrun for dataset_s3_bucket_consumer to None, run_after=None
[2026-08-12T04:34:01.662+0000] {logging_mixin.py:190} INFO - [2026-08-12T04:34:01.662+0000] {dag.py:4138} INFO - Setting next_dagrun for dataset_s3_bucket_producer to None, run_after=None
[2026-08-12T04:34:01.677+0000] {processor.py:208} INFO - Processing /home/airflow/.local/lib/python3.12/site-packages/airflow/example_dags/example_dataset_alias.py took 0.164 seconds
[2026-08-12T04:34:31.747+0000] {processor.py:186} INFO - Started process (PID=348) to work on /home/airflow/.local/lib/python3.12/site-packages/airflow/example_dags/example_dataset_alias.py
[2026-08-12T04:34:31.748+0000] {processor.py:914} INFO - Processing file /home/airflow/.local/lib/python3.12/site-packages/airflow/example_dags/example_dataset_alias.py for tasks to queue
[2026-08-12T04:34:31.750+0000] {logging_mixin.py:190} INFO - [2026-08-12T04:34:31.750+0000] {dagbag.py:587} INFO - Filling up the DagBag from /home/airflow/.local/lib/python3.12/site-packages/airflow/example_dags/example_dataset_alias.py
[2026-08-12T04:34:31.858+0000] {processor.py:925} INFO - DAG(s) 'dataset_alias_example_alias_consumer', 'dataset_s3_bucket_consumer', 'dataset_alias_example_alias_producer', 'dataset_s3_bucket_producer' retrieved from /home/airflow/.local/lib/python3.12/site-packages/airflow/example_dags/example_dataset_alias.py
[2026-08-12T04:34:31.872+0000] {logging_mixin.py:190} INFO - [2026-08-12T04:34:31.872+0000] {dag.py:3211} INFO - Sync 4 DAGs
[2026-08-12T04:34:31.888+0000] {logging_mixin.py:190} INFO - [2026-08-12T04:34:31.888+0000] {dag.py:4138} INFO - Setting next_dagrun for dataset_alias_example_alias_consumer to None, run_after=None
[2026-08-12T04:34:31.890+0000] {logging_mixin.py:190} INFO - [2026-08-12T04:34:31.890+0000] {dag.py:4138} INFO - Setting next_dagrun for dataset_alias_example_alias_producer to None, run_after=None
[2026-08-12T04:34:31.891+0000] {logging_mixin.py:190} INFO - [2026-08-12T04:34:31.891+0000] {dag.py:4138} INFO - Setting next_dagrun for dataset_s3_bucket_consumer to None, run_after=None
[2026-08-12T04:34:31.893+0000] {logging_mixin.py:190} INFO - [2026-08-12T04:34:31.893+0000] {dag.py:4138} INFO - Setting next_dagrun for dataset_s3_bucket_producer to None, run_after=None
[2026-08-12T04:34:31.907+0000] {processor.py:208} INFO - Processing /home/airflow/.local/lib/python3.12/site-packages/airflow/example_dags/example_dataset_alias.py took 0.164 seconds
[2026-08-12T04:35:02.300+0000] {processor.py:186} INFO - Started process (PID=411) to work on /home/airflow/.local/lib/python3.12/site-packages/airflow/example_dags/example_dataset_alias.py
[2026-08-12T04:35:02.301+0000] {processor.py:914} INFO - Processing file /home/airflow/.local/lib/python3.12/site-packages/airflow/example_dags/example_dataset_alias.py for tasks to queue
[2026-08-12T04:35:02.303+0000] {logging_mixin.py:190} INFO - [2026-08-12T04:35:02.303+0000] {dagbag.py:587} INFO - Filling up the DagBag from /home/airflow/.local/lib/python3.12/site-packages/airflow/example_dags/example_dataset_alias.py
[2026-08-12T04:35:02.406+0000] {processor.py:925} INFO - DAG(s) 'dataset_alias_example_alias_consumer', 'dataset_s3_bucket_producer', 'dataset_s3_bucket_consumer', 'dataset_alias_example_alias_producer' retrieved from /home/airflow/.local/lib/python3.12/site-packages/airflow/example_dags/example_dataset_alias.py
[2026-08-12T04:35:02.420+0000] {logging_mixin.py:190} INFO - [2026-08-12T04:35:02.420+0000] {dag.py:3211} INFO - Sync 4 DAGs
[2026-08-12T04:35:02.436+0000] {logging_mixin.py:190} INFO - [2026-08-12T04:35:02.436+0000] {dag.py:4138} INFO - Setting next_dagrun for dataset_alias_example_alias_consumer to None, run_after=None
[2026-08-12T04:35:02.438+0000] {logging_mixin.py:190} INFO - [2026-08-12T04:35:02.438+0000] {dag.py:4138} INFO - Setting next_dagrun for dataset_alias_example_alias_producer to None, run_after=None
[2026-08-12T04:35:02.439+0000] {logging_mixin.py:190} INFO - [2026-08-12T04:35:02.439+0000] {dag.py:4138} INFO - Setting next_dagrun for dataset_s3_bucket_consumer to None, run_after=None
[2026-08-12T04:35:02.440+0000] {logging_mixin.py:190} INFO - [2026-08-12T04:35:02.440+0000] {dag.py:4138} INFO - Setting next_dagrun for dataset_s3_bucket_producer to None, run_after=None
[2026-08-12T04:35:02.456+0000] {processor.py:208} INFO - Processing /home/airflow/.local/lib/python3.12/site-packages/airflow/example_dags/example_dataset_alias.py took 0.160 seconds
[2026-08-12T04:35:32.744+0000] {processor.py:186} INFO - Started process (PID=472) to work on /home/airflow/.local/lib/python3.12/site-packages/airflow/example_dags/example_dataset_alias.py
[2026-08-12T04:35:32.745+0000] {processor.py:914} INFO - Processing file /home/airflow/.local/lib/python3.12/site-packages/airflow/example_dags/example_dataset_alias.py for tasks to queue
[2026-08-12T04:35:32.748+0000] {logging_mixin.py:190} INFO - [2026-08-12T04:35:32.747+0000] {dagbag.py:587} INFO - Filling up the DagBag from /home/airflow/.local/lib/python3.12/site-packages/airflow/example_dags/example_dataset_alias.py
[2026-08-12T04:35:32.873+0000] {processor.py:925} INFO - DAG(s) 'dataset_alias_example_alias_producer', 'dataset_s3_bucket_producer', 'dataset_alias_example_alias_consumer', 'dataset_s3_bucket_consumer' retrieved from /home/airflow/.local/lib/python3.12/site-packages/airflow/example_dags/example_dataset_alias.py
[2026-08-12T04:35:32.889+0000] {logging_mixin.py:190} INFO - [2026-08-12T04:35:32.889+0000] {dag.py:3211} INFO - Sync 4 DAGs
[2026-08-12T04:35:32.906+0000] {logging_mixin.py:190} INFO - [2026-08-12T04:35:32.905+0000] {dag.py:4138} INFO - Setting next_dagrun for dataset_alias_example_alias_consumer to None, run_after=None
[2026-08-12T04:35:32.908+0000] {logging_mixin.py:190} INFO - [2026-08-12T04:35:32.908+0000] {dag.py:4138} INFO - Setting next_dagrun for dataset_alias_example_alias_producer to None, run_after=None
[2026-08-12T04:35:32.910+0000] {logging_mixin.py:190} INFO - [2026-08-12T04:35:32.910+0000] {dag.py:4138} INFO - Setting next_dagrun for dataset_s3_bucket_consumer to None, run_after=None
[2026-08-12T04:35:32.911+0000] {logging_mixin.py:190} INFO - [2026-08-12T04:35:32.911+0000] {dag.py:4138} INFO - Setting next_dagrun for dataset_s3_bucket_producer to None, run_after=None
[2026-08-12T04:35:32.928+0000] {processor.py:208} INFO - Processing /home/airflow/.local/lib/python3.12/site-packages/airflow/example_dags/example_dataset_alias.py took 0.189 seconds
[2026-08-12T04:36:03.634+0000] {processor.py:186} INFO - Started process (PID=533) to work on /home/airflow/.local/lib/python3.12/site-packages/airflow/example_dags/example_dataset_alias.py
[2026-08-12T04:36:03.635+0000] {processor.py:914} INFO - Processing file /home/airflow/.local/lib/python3.12/site-packages/airflow/example_dags/example_dataset_alias.py for tasks to queue
[2026-08-12T04:36:03.637+0000] {logging_mixin.py:190} INFO - [2026-08-12T04:36:03.637+0000] {dagbag.py:587} INFO - Filling up the DagBag from /home/airflow/.local/lib/python3.12/site-packages/airflow/example_dags/example_dataset_alias.py
[2026-08-12T04:36:03.733+0000] {processor.py:925} INFO - DAG(s) 'dataset_alias_example_alias_consumer', 'dataset_s3_bucket_consumer', 'dataset_alias_example_alias_producer', 'dataset_s3_bucket_producer' retrieved from /home/airflow/.local/lib/python3.12/site-packages/airflow/example_dags/example_dataset_alias.py
[2026-08-12T04:36:03.747+0000] {logging_mixin.py:190} INFO - [2026-08-12T04:36:03.747+0000] {dag.py:3211} INFO - Sync 4 DAGs
[2026-08-12T04:36:03.763+0000] {logging_mixin.py:190} INFO - [2026-08-12T04:36:03.763+0000] {dag.py:4138} INFO - Setting next_dagrun for dataset_alias_example_alias_consumer to None, run_after=None
[2026-08-12T04:36:03.765+0000] {logging_mixin.py:190} INFO - [2026-08-12T04:36:03.764+0000] {dag.py:4138} INFO - Setting next_dagrun for dataset_alias_example_alias_producer to None, run_after=None
[2026-08-12T04:36:03.765+0000] {logging_mixin.py:190} INFO - [2026-08-12T04:36:03.765+0000] {dag.py:4138} INFO - Setting next_dagrun for dataset_s3_bucket_consumer to None, run_after=None
[2026-08-12T04:36:03.767+0000] {logging_mixin.py:190} INFO - [2026-08-12T04:36:03.767+0000] {dag.py:4138} INFO - Setting next_dagrun for dataset_s3_bucket_producer to None, run_after=None
[2026-08-12T04:36:03.781+0000] {processor.py:208} INFO - Processing /home/airflow/.local/lib/python3.12/site-packages/airflow/example_dags/example_dataset_alias.py took 0.151 seconds
[2026-08-12T04:36:33.898+0000] {processor.py:186} INFO - Started process (PID=595) to work on /home/airflow/.local/lib/python3.12/site-packages/airflow/example_dags/example_dataset_alias.py
[2026-08-12T04:36:33.899+0000] {processor.py:914} INFO - Processing file /home/airflow/.local/lib/python3.12/site-packages/airflow/example_dags/example_dataset_alias.py for tasks to queue
[2026-08-12T04:36:33.901+0000] {logging_mixin.py:190} INFO - [2026-08-12T04:36:33.901+0000] {dagbag.py:587} INFO - Filling up the DagBag from /home/airflow/.local/lib/python3.12/site-packages/airflow/example_dags/example_dataset_alias.py
[2026-08-12T04:36:34.007+0000] {processor.py:925} INFO - DAG(s) 'dataset_s3_bucket_consumer', 'dataset_s3_bucket_producer', 'dataset_alias_example_alias_consumer', 'dataset_alias_example_alias_producer' retrieved from /home/airflow/.local/lib/python3.12/site-packages/airflow/example_dags/example_dataset_alias.py
[2026-08-12T04:36:34.021+0000] {logging_mixin.py:190} INFO - [2026-08-12T04:36:34.021+0000] {dag.py:3211} INFO - Sync 4 DAGs
[2026-08-12T04:36:34.036+0000] {logging_mixin.py:190} INFO - [2026-08-12T04:36:34.035+0000] {dag.py:4138} INFO - Setting next_dagrun for dataset_alias_example_alias_consumer to None, run_after=None
[2026-08-12T04:36:34.038+0000] {logging_mixin.py:190} INFO - [2026-08-12T04:36:34.037+0000] {dag.py:4138} INFO - Setting next_dagrun for dataset_alias_example_alias_producer to None, run_after=None
[2026-08-12T04:36:34.039+0000] {logging_mixin.py:190} INFO - [2026-08-12T04:36:34.039+0000] {dag.py:4138} INFO - Setting next_dagrun for dataset_s3_bucket_consumer to None, run_after=None
[2026-08-12T04:36:34.040+0000] {logging_mixin.py:190} INFO - [2026-08-12T04:36:34.040+0000] {dag.py:4138} INFO - Setting next_dagrun for dataset_s3_bucket_producer to None, run_after=None
[2026-08-12T04:36:34.055+0000] {processor.py:208} INFO - Processing /home/airflow/.local/lib/python3.12/site-packages/airflow/example_dags/example_dataset_alias.py took 0.162 seconds
[2026-08-12T04:37:04.177+0000] {processor.py:186} INFO - Started process (PID=657) to work on /home/airflow/.local/lib/python3.12/site-packages/airflow/example_dags/example_dataset_alias.py
[2026-08-12T04:37:04.178+0000] {processor.py:914} INFO - Processing file /home/airflow/.local/lib/python3.12/site-packages/airflow/example_dags/example_dataset_alias.py for tasks to queue
[2026-08-12T04:37:04.180+0000] {logging_mixin.py:190} INFO - [2026-08-12T04:37:04.180+0000] {dagbag.py:587} INFO - Filling up the DagBag from /home/airflow/.local/lib/python3.12/site-packages/airflow/example_dags/example_dataset_alias.py
[2026-08-12T04:37:04.285+0000] {processor.py:925} INFO - DAG(s) 'dataset_alias_example_alias_producer', 'dataset_alias_example_alias_consumer', 'dataset_s3_bucket_producer', 'dataset_s3_bucket_consumer' retrieved from /home/airflow/.local/lib/python3.12/site-packages/airflow/example_dags/example_dataset_alias.py
[2026-08-12T04:37:04.302+0000] {logging_mixin.py:190} INFO - [2026-08-12T04:37:04.302+0000] {dag.py:3211} INFO - Sync 4 DAGs
[2026-08-12T04:37:04.319+0000] {logging_mixin.py:190} INFO - [2026-08-12T04:37:04.319+0000] {dag.py:4138} INFO - Setting next_dagrun for dataset_alias_example_alias_consumer to None, run_after=None
[2026-08-12T04:37:04.321+0000] {logging_mixin.py:190} INFO - [2026-08-12T04:37:04.321+0000] {dag.py:4138} INFO - Setting next_dagrun for dataset_alias_example_alias_producer to None, run_after=None
[2026-08-12T04:37:04.322+0000] {logging_mixin.py:190} INFO - [2026-08-12T04:37:04.322+0000] {dag.py:4138} INFO - Setting next_dagrun for dataset_s3_bucket_consumer to None, run_after=None
[2026-08-12T04:37:04.323+0000] {logging_mixin.py:190} INFO - [2026-08-12T04:37:04.323+0000] {dag.py:4138} INFO - Setting next_dagrun for dataset_s3_bucket_producer to None, run_after=None
[2026-08-12T04:37:04.338+0000] {processor.py:208} INFO - Processing /home/airflow/.local/lib/python3.12/site-packages/airflow/example_dags/example_dataset_alias.py took 0.165 seconds
[2026-08-12T04:37:34.375+0000] {processor.py:186} INFO - Started process (PID=719) to work on /home/airflow/.local/lib/python3.12/site-packages/airflow/example_dags/example_dataset_alias.py
[2026-08-12T04:37:34.376+0000] {processor.py:914} INFO - Processing file /home/airflow/.local/lib/python3.12/site-packages/airflow/example_dags/example_dataset_alias.py for tasks to queue
[2026-08-12T04:37:34.379+0000] {logging_mixin.py:190} INFO - [2026-08-12T04:37:34.378+0000] {dagbag.py:587} INFO - Filling up the DagBag from /home/airflow/.local/lib/python3.12/site-packages/airflow/example_dags/example_dataset_alias.py
[2026-08-12T04:37:34.478+0000] {processor.py:925} INFO - DAG(s) 'dataset_s3_bucket_consumer', 'dataset_alias_example_alias_consumer', 'dataset_s3_bucket_producer', 'dataset_alias_example_alias_producer' retrieved from /home/airflow/.local/lib/python3.12/site-packages/airflow/example_dags/example_dataset_alias.py
[2026-08-12T04:37:34.492+0000] {logging_mixin.py:190} INFO - [2026-08-12T04:37:34.492+0000] {dag.py:3211} INFO - Sync 4 DAGs
[2026-08-12T04:37:34.506+0000] {logging_mixin.py:190} INFO - [2026-08-12T04:37:34.506+0000] {dag.py:4138} INFO - Setting next_dagrun for dataset_alias_example_alias_consumer to None, run_after=None
[2026-08-12T04:37:34.508+0000] {logging_mixin.py:190} INFO - [2026-08-12T04:37:34.508+0000] {dag.py:4138} INFO - Setting next_dagrun for dataset_alias_example_alias_producer to None, run_after=None
[2026-08-12T04:37:34.509+0000] {logging_mixin.py:190} INFO - [2026-08-12T04:37:34.509+0000] {dag.py:4138} INFO - Setting next_dagrun for dataset_s3_bucket_consumer to None, run_after=None
[2026-08-12T04:37:34.510+0000] {logging_mixin.py:190} INFO - [2026-08-12T04:37:34.510+0000] {dag.py:4138} INFO - Setting next_dagrun for dataset_s3_bucket_producer to None, run_after=None
[2026-08-12T04:37:34.526+0000] {processor.py:208} INFO - Processing /home/airflow/.local/lib/python3.12/site-packages/airflow/example_dags/example_dataset_alias.py took 0.155 seconds
[2026-08-12T04:38:04.561+0000] {processor.py:186} INFO - Started process (PID=781) to work on /home/airflow/.local/lib/python3.12/site-packages/airflow/example_dags/example_dataset_alias.py
[2026-08-12T04:38:04.561+0000] {processor.py:914} INFO - Processing file /home/airflow/.local/lib/python3.12/site-packages/airflow/example_dags/example_dataset_alias.py for tasks to queue
[2026-08-12T04:38:04.563+0000] {logging_mixin.py:190} INFO - [2026-08-12T04:38:04.563+0000] {dagbag.py:587} INFO - Filling up the DagBag from /home/airflow/.local/lib/python3.12/site-packages/airflow/example_dags/example_dataset_alias.py
[2026-08-12T04:38:04.665+0000] {processor.py:925} INFO - DAG(s) 'dataset_alias_example_alias_producer', 'dataset_s3_bucket_producer', 'dataset_s3_bucket_consumer', 'dataset_alias_example_alias_consumer' retrieved from /home/airflow/.local/lib/python3.12/site-packages/airflow/example_dags/example_dataset_alias.py
[2026-08-12T04:38:04.680+0000] {logging_mixin.py:190} INFO - [2026-08-12T04:38:04.680+0000] {dag.py:3211} INFO - Sync 4 DAGs
[2026-08-12T04:38:04.694+0000] {logging_mixin.py:190} INFO - [2026-08-12T04:38:04.694+0000] {dag.py:4138} INFO - Setting next_dagrun for dataset_alias_example_alias_consumer to None, run_after=None
[2026-08-12T04:38:04.696+0000] {logging_mixin.py:190} INFO - [2026-08-12T04:38:04.696+0000] {dag.py:4138} INFO - Setting next_dagrun for dataset_alias_example_alias_producer to None, run_after=None
[2026-08-12T04:38:04.697+0000] {logging_mixin.py:190} INFO - [2026-08-12T04:38:04.697+0000] {dag.py:4138} INFO - Setting next_dagrun for dataset_s3_bucket_consumer to None, run_after=None
[2026-08-12T04:38:04.698+0000] {logging_mixin.py:190} INFO - [2026-08-12T04:38:04.698+0000] {dag.py:4138} INFO - Setting next_dagrun for dataset_s3_bucket_producer to None, run_after=None
[2026-08-12T04:38:04.712+0000] {processor.py:208} INFO - Processing /home/airflow/.local/lib/python3.12/site-packages/airflow/example_dags/example_dataset_alias.py took 0.156 seconds
[2026-08-12T04:38:35.771+0000] {processor.py:186} INFO - Started process (PID=843) to work on /home/airflow/.local/lib/python3.12/site-packages/airflow/example_dags/example_dataset_alias.py
[2026-08-12T04:38:35.772+0000] {processor.py:914} INFO - Processing file /home/airflow/.local/lib/python3.12/site-packages/airflow/example_dags/example_dataset_alias.py for tasks to queue
[2026-08-12T04:38:35.774+0000] {logging_mixin.py:190} INFO - [2026-08-12T04:38:35.774+0000] {dagbag.py:587} INFO - Filling up the DagBag from /home/airflow/.local/lib/python3.12/site-packages/airflow/example_dags/example_dataset_alias.py
[2026-08-12T04:38:35.893+0000] {processor.py:925} INFO - DAG(s) 'dataset_s3_bucket_consumer', 'dataset_s3_bucket_producer', 'dataset_alias_example_alias_consumer', 'dataset_alias_example_alias_producer' retrieved from /home/airflow/.local/lib/python3.12/site-packages/airflow/example_dags/example_dataset_alias.py
[2026-08-12T04:38:35.907+0000] {logging_mixin.py:190} INFO - [2026-08-12T04:38:35.907+0000] {dag.py:3211} INFO - Sync 4 DAGs
[2026-08-12T04:38:35.922+0000] {logging_mixin.py:190} INFO - [2026-08-12T04:38:35.922+0000] {dag.py:4138} INFO - Setting next_dagrun for dataset_alias_example_alias_consumer to None, run_after=None
[2026-08-12T04:38:35.924+0000] {logging_mixin.py:190} INFO - [2026-08-12T04:38:35.924+0000] {dag.py:4138} INFO - Setting next_dagrun for dataset_alias_example_alias_producer to None, run_after=None
[2026-08-12T04:38:35.926+0000] {logging_mixin.py:190} INFO - [2026-08-12T04:38:35.926+0000] {dag.py:4138} INFO - Setting next_dagrun for dataset_s3_bucket_consumer to None, run_after=None
[2026-08-12T04:38:35.927+0000] {logging_mixin.py:190} INFO - [2026-08-12T04:38:35.927+0000] {dag.py:4138} INFO - Setting next_dagrun for dataset_s3_bucket_producer to None, run_after=None
[2026-08-12T04:38:35.942+0000] {processor.py:208} INFO - Processing /home/airflow/.local/lib/python3.12/site-packages/airflow/example_dags/example_dataset_alias.py took 0.176 seconds
[2026-08-12T04:39:05.978+0000] {processor.py:186} INFO - Started process (PID=904) to work on /home/airflow/.local/lib/python3.12/site-packages/airflow/example_dags/example_dataset_alias.py
[2026-08-12T04:39:05.979+0000] {processor.py:914} INFO - Processing file /home/airflow/.local/lib/python3.12/site-packages/airflow/example_dags/example_dataset_alias.py for tasks to queue
[2026-08-12T04:39:05.980+0000] {logging_mixin.py:190} INFO - [2026-08-12T04:39:05.980+0000] {dagbag.py:587} INFO - Filling up the DagBag from /home/airflow/.local/lib/python3.12/site-packages/airflow/example_dags/example_dataset_alias.py
[2026-08-12T04:39:06.080+0000] {processor.py:925} INFO - DAG(s) 'dataset_s3_bucket_consumer', 'dataset_alias_example_alias_producer', 'dataset_alias_example_alias_consumer', 'dataset_s3_bucket_producer' retrieved from /home/airflow/.local/lib/python3.12/site-packages/airflow/example_dags/example_dataset_alias.py
[2026-08-12T04:39:06.094+0000] {logging_mixin.py:190} INFO - [2026-08-12T04:39:06.094+0000] {dag.py:3211} INFO - Sync 4 DAGs
[2026-08-12T04:39:06.111+0000] {logging_mixin.py:190} INFO - [2026-08-12T04:39:06.110+0000] {dag.py:4138} INFO - Setting next_dagrun for dataset_alias_example_alias_consumer to None, run_after=None
[2026-08-12T04:39:06.112+0000] {logging_mixin.py:190} INFO - [2026-08-12T04:39:06.112+0000] {dag.py:4138} INFO - Setting next_dagrun for dataset_alias_example_alias_producer to None, run_after=None
[2026-08-12T04:39:06.114+0000] {logging_mixin.py:190} INFO - [2026-08-12T04:39:06.113+0000] {dag.py:4138} INFO - Setting next_dagrun for dataset_s3_bucket_consumer to None, run_after=None
[2026-08-12T04:39:06.115+0000] {logging_mixin.py:190} INFO - [2026-08-12T04:39:06.115+0000] {dag.py:4138} INFO - Setting next_dagrun for dataset_s3_bucket_producer to None, run_after=None
[2026-08-12T04:39:06.130+0000] {processor.py:208} INFO - Processing /home/airflow/.local/lib/python3.12/site-packages/airflow/example_dags/example_dataset_alias.py took 0.157 seconds
[2026-08-12T04:39:36.991+0000] {processor.py:186} INFO - Started process (PID=967) to work on /home/airflow/.local/lib/python3.12/site-packages/airflow/example_dags/example_dataset_alias.py
[2026-08-12T04:39:36.992+0000] {processor.py:914} INFO - Processing file /home/airflow/.local/lib/python3.12/site-packages/airflow/example_dags/example_dataset_alias.py for tasks to queue
[2026-08-12T04:39:36.994+0000] {logging_mixin.py:190} INFO - [2026-08-12T04:39:36.994+0000] {dagbag.py:587} INFO - Filling up the DagBag from /home/airflow/.local/lib/python3.12/site-packages/airflow/example_dags/example_dataset_alias.py
[2026-08-12T04:39:37.097+0000] {processor.py:925} INFO - DAG(s) 'dataset_alias_example_alias_producer', 'dataset_s3_bucket_producer', 'dataset_s3_bucket_consumer', 'dataset_alias_example_alias_consumer' retrieved from /home/airflow/.local/lib/python3.12/site-packages/airflow/example_dags/example_dataset_alias.py
[2026-08-12T04:39:37.112+0000] {logging_mixin.py:190} INFO - [2026-08-12T04:39:37.111+0000] {dag.py:3211} INFO - Sync 4 DAGs
[2026-08-12T04:39:37.128+0000] {logging_mixin.py:190} INFO - [2026-08-12T04:39:37.128+0000] {dag.py:4138} INFO - Setting next_dagrun for dataset_alias_example_alias_consumer to None, run_after=None
[2026-08-12T04:39:37.130+0000] {logging_mixin.py:190} INFO - [2026-08-12T04:39:37.130+0000] {dag.py:4138} INFO - Setting next_dagrun for dataset_alias_example_alias_producer to None, run_after=None
[2026-08-12T04:39:37.131+0000] {logging_mixin.py:190} INFO - [2026-08-12T04:39:37.131+0000] {dag.py:4138} INFO - Setting next_dagrun for dataset_s3_bucket_consumer to None, run_after=None
[2026-08-12T04:39:37.132+0000] {logging_mixin.py:190} INFO - [2026-08-12T04:39:37.132+0000] {dag.py:4138} INFO - Setting next_dagrun for dataset_s3_bucket_producer to None, run_after=None
[2026-08-12T04:39:37.147+0000] {processor.py:208} INFO - Processing /home/airflow/.local/lib/python3.12/site-packages/airflow/example_dags/example_dataset_alias.py took 0.161 seconds
[2026-08-12T04:40:07.731+0000] {processor.py:186} INFO - Started process (PID=1029) to work on /home/airflow/.local/lib/python3.12/site-packages/airflow/example_dags/example_dataset_alias.py
[2026-08-12T04:40:07.732+0000] {processor.py:914} INFO - Processing file /home/airflow/.local/lib/python3.12/site-packages/airflow/example_dags/example_dataset_alias.py for tasks to queue
[2026-08-12T04:40:07.734+0000] {logging_mixin.py:190} INFO - [2026-08-12T04:40:07.733+0000] {dagbag.py:587} INFO - Filling up the DagBag from /home/airflow/.local/lib/python3.12/site-packages/airflow/example_dags/example_dataset_alias.py
[2026-08-12T04:40:07.841+0000] {processor.py:925} INFO - DAG(s) 'dataset_s3_bucket_producer', 'dataset_alias_example_alias_consumer', 'dataset_s3_bucket_consumer', 'dataset_alias_example_alias_producer' retrieved from /home/airflow/.local/lib/python3.12/site-packages/airflow/example_dags/example_dataset_alias.py
[2026-08-12T04:40:07.857+0000] {logging_mixin.py:190} INFO - [2026-08-12T04:40:07.856+0000] {dag.py:3211} INFO - Sync 4 DAGs
[2026-08-12T04:40:07.875+0000] {logging_mixin.py:190} INFO - [2026-08-12T04:40:07.874+0000] {dag.py:4138} INFO - Setting next_dagrun for dataset_alias_example_alias_consumer to None, run_after=None
[2026-08-12T04:40:07.877+0000] {logging_mixin.py:190} INFO - [2026-08-12T04:40:07.876+0000] {dag.py:4138} INFO - Setting next_dagrun for dataset_alias_example_alias_producer to None, run_after=None
[2026-08-12T04:40:07.878+0000] {logging_mixin.py:190} INFO - [2026-08-12T04:40:07.877+0000] {dag.py:4138} INFO - Setting next_dagrun for dataset_s3_bucket_consumer to None, run_after=None
[2026-08-12T04:40:07.879+0000] {logging_mixin.py:190} INFO - [2026-08-12T04:40:07.878+0000] {dag.py:4138} INFO - Setting next_dagrun for dataset_s3_bucket_producer to None, run_after=None
[2026-08-12T04:40:07.900+0000] {processor.py:208} INFO - Processing /home/airflow/.local/lib/python3.12/site-packages/airflow/example_dags/example_dataset_alias.py took 0.173 seconds
[2026-08-12T04:40:38.455+0000] {processor.py:186} INFO - Started process (PID=1091) to work on /home/airflow/.local/lib/python3.12/site-packages/airflow/example_dags/example_dataset_alias.py
[2026-08-12T04:40:38.457+0000] {processor.py:914} INFO - Processing file /home/airflow/.local/lib/python3.12/site-packages/airflow/example_dags/example_dataset_alias.py for tasks to queue
[2026-08-12T04:40:38.459+0000] {logging_mixin.py:190} INFO - [2026-08-12T04:40:38.458+0000] {dagbag.py:587} INFO - Filling up the DagBag from /home/airflow/.local/lib/python3.12/site-packages/airflow/example_dags/example_dataset_alias.py
[2026-08-12T04:40:38.560+0000] {processor.py:925} INFO - DAG(s) 'dataset_alias_example_alias_producer', 'dataset_s3_bucket_consumer', 'dataset_s3_bucket_producer', 'dataset_alias_example_alias_consumer' retrieved from /home/airflow/.local/lib/python3.12/site-packages/airflow/example_dags/example_dataset_alias.py
[2026-08-12T04:40:38.573+0000] {logging_mixin.py:190} INFO - [2026-08-12T04:40:38.573+0000] {dag.py:3211} INFO - Sync 4 DAGs
[2026-08-12T04:40:38.588+0000] {logging_mixin.py:190} INFO - [2026-08-12T04:40:38.588+0000] {dag.py:4138} INFO - Setting next_dagrun for dataset_alias_example_alias_consumer to None, run_after=None
[2026-08-12T04:40:38.590+0000] {logging_mixin.py:190} INFO - [2026-08-12T04:40:38.590+0000] {dag.py:4138} INFO - Setting next_dagrun for dataset_alias_example_alias_producer to None, run_after=None
[2026-08-12T04:40:38.591+0000] {logging_mixin.py:190} INFO - [2026-08-12T04:40:38.591+0000] {dag.py:4138} INFO - Setting next_dagrun for dataset_s3_bucket_consumer to None, run_after=None
[2026-08-12T04:40:38.592+0000] {logging_mixin.py:190} INFO - [2026-08-12T04:40:38.592+0000] {dag.py:4138} INFO - Setting next_dagrun for dataset_s3_bucket_producer to None, run_after=None
[2026-08-12T04:40:38.608+0000] {processor.py:208} INFO - Processing /home/airflow/.local/lib/python3.12/site-packages/airflow/example_dags/example_dataset_alias.py took 0.157 seconds
[2026-08-12T04:41:09.233+0000] {processor.py:186} INFO - Started process (PID=1153) to work on /home/airflow/.local/lib/python3.12/site-packages/airflow/example_dags/example_dataset_alias.py
[2026-08-12T04:41:09.234+0000] {processor.py:914} INFO - Processing file /home/airflow/.local/lib/python3.12/site-packages/airflow/example_dags/example_dataset_alias.py for tasks to queue
[2026-08-12T04:41:09.236+0000] {logging_mixin.py:190} INFO - [2026-08-12T04:41:09.236+0000] {dagbag.py:587} INFO - Filling up the DagBag from /home/airflow/.local/lib/python3.12/site-packages/airflow/example_dags/example_dataset_alias.py
[2026-08-12T04:41:09.346+0000] {processor.py:925} INFO - DAG(s) 'dataset_s3_bucket_consumer', 'dataset_alias_example_alias_producer', 'dataset_alias_example_alias_consumer', 'dataset_s3_bucket_producer' retrieved from /home/airflow/.local/lib/python3.12/site-packages/airflow/example_dags/example_dataset_alias.py
[2026-08-12T04:41:09.361+0000] {logging_mixin.py:190} INFO - [2026-08-12T04:41:09.361+0000] {dag.py:3211} INFO - Sync 4 DAGs
[2026-08-12T04:41:09.379+0000] {logging_mixin.py:190} INFO - [2026-08-12T04:41:09.379+0000] {dag.py:4138} INFO - Setting next_dagrun for dataset_alias_example_alias_consumer to None, run_after=None
[2026-08-12T04:41:09.381+0000] {logging_mixin.py:190} INFO - [2026-08-12T04:41:09.381+0000] {dag.py:4138} INFO - Setting next_dagrun for dataset_alias_example_alias_producer to None, run_after=None
[2026-08-12T04:41:09.382+0000] {logging_mixin.py:190} INFO - [2026-08-12T04:41:09.382+0000] {dag.py:4138} INFO - Setting next_dagrun for dataset_s3_bucket_consumer to None, run_after=None
[2026-08-12T04:41:09.383+0000] {logging_mixin.py:190} INFO - [2026-08-12T04:41:09.383+0000] {dag.py:4138} INFO - Setting next_dagrun for dataset_s3_bucket_producer to None, run_after=None
[2026-08-12T04:41:09.399+0000] {processor.py:208} INFO - Processing /home/airflow/.local/lib/python3.12/site-packages/airflow/example_dags/example_dataset_alias.py took 0.170 seconds
[2026-08-12T04:41:39.917+0000] {processor.py:186} INFO - Started process (PID=1215) to work on /home/airflow/.local/lib/python3.12/site-packages/airflow/example_dags/example_dataset_alias.py
[2026-08-12T04:41:39.918+0000] {processor.py:914} INFO - Processing file /home/airflow/.local/lib/python3.12/site-packages/airflow/example_dags/example_dataset_alias.py for tasks to queue
[2026-08-12T04:41:39.920+0000] {logging_mixin.py:190} INFO - [2026-08-12T04:41:39.920+0000] {dagbag.py:587} INFO - Filling up the DagBag from /home/airflow/.local/lib/python3.12/site-packages/airflow/example_dags/example_dataset_alias.py
[2026-08-12T04:41:40.025+0000] {processor.py:925} INFO - DAG(s) 'dataset_alias_example_alias_consumer', 'dataset_alias_example_alias_producer', 'dataset_s3_bucket_consumer', 'dataset_s3_bucket_producer' retrieved from /home/airflow/.local/lib/python3.12/site-packages/airflow/example_dags/example_dataset_alias.py
[2026-08-12T04:41:40.043+0000] {logging_mixin.py:190} INFO - [2026-08-12T04:41:40.042+0000] {dag.py:3211} INFO - Sync 4 DAGs
[2026-08-12T04:41:40.062+0000] {logging_mixin.py:190} INFO - [2026-08-12T04:41:40.062+0000] {dag.py:4138} INFO - Setting next_dagrun for dataset_alias_example_alias_consumer to None, run_after=None
[2026-08-12T04:41:40.065+0000] {logging_mixin.py:190} INFO - [2026-08-12T04:41:40.064+0000] {dag.py:4138} INFO - Setting next_dagrun for dataset_alias_example_alias_producer to None, run_after=None
[2026-08-12T04:41:40.066+0000] {logging_mixin.py:190} INFO - [2026-08-12T04:41:40.066+0000] {dag.py:4138} INFO - Setting next_dagrun for dataset_s3_bucket_consumer to None, run_after=None
[2026-08-12T04:41:40.067+0000] {logging_mixin.py:190} INFO - [2026-08-12T04:41:40.067+0000] {dag.py:4138} INFO - Setting next_dagrun for dataset_s3_bucket_producer to None, run_after=None
[2026-08-12T04:41:40.090+0000] {processor.py:208} INFO - Processing /home/airflow/.local/lib/python3.12/site-packages/airflow/example_dags/example_dataset_alias.py took 0.177 seconds
[2026-08-12T04:42:10.947+0000] {processor.py:186} INFO - Started process (PID=1277) to work on /home/airflow/.local/lib/python3.12/site-packages/airflow/example_dags/example_dataset_alias.py
[2026-08-12T04:42:10.948+0000] {processor.py:914} INFO - Processing file /home/airflow/.local/lib/python3.12/site-packages/airflow/example_dags/example_dataset_alias.py for tasks to queue
[2026-08-12T04:42:10.950+0000] {logging_mixin.py:190} INFO - [2026-08-12T04:42:10.950+0000] {dagbag.py:587} INFO - Filling up the DagBag from /home/airflow/.local/lib/python3.12/site-packages/airflow/example_dags/example_dataset_alias.py
[2026-08-12T04:42:11.062+0000] {processor.py:925} INFO - DAG(s) 'dataset_alias_example_alias_consumer', 'dataset_alias_example_alias_producer', 'dataset_s3_bucket_producer', 'dataset_s3_bucket_consumer' retrieved from /home/airflow/.local/lib/python3.12/site-packages/airflow/example_dags/example_dataset_alias.py
[2026-08-12T04:42:11.079+0000] {logging_mixin.py:190} INFO - [2026-08-12T04:42:11.078+0000] {dag.py:3211} INFO - Sync 4 DAGs
[2026-08-12T04:42:11.096+0000] {logging_mixin.py:190} INFO - [2026-08-12T04:42:11.096+0000] {dag.py:4138} INFO - Setting next_dagrun for dataset_alias_example_alias_consumer to None, run_after=None
[2026-08-12T04:42:11.098+0000] {logging_mixin.py:190} INFO - [2026-08-12T04:42:11.098+0000] {dag.py:4138} INFO - Setting next_dagrun for dataset_alias_example_alias_producer to None, run_after=None
[2026-08-12T04:42:11.100+0000] {logging_mixin.py:190} INFO - [2026-08-12T04:42:11.099+0000] {dag.py:4138} INFO - Setting next_dagrun for dataset_s3_bucket_consumer to None, run_after=None
[2026-08-12T04:42:11.101+0000] {logging_mixin.py:190} INFO - [2026-08-12T04:42:11.100+0000] {dag.py:4138} INFO - Setting next_dagrun for dataset_s3_bucket_producer to None, run_after=None
[2026-08-12T04:42:11.116+0000] {processor.py:208} INFO - Processing /home/airflow/.local/lib/python3.12/site-packages/airflow/example_dags/example_dataset_alias.py took 0.173 seconds
[2026-08-12T04:42:41.822+0000] {processor.py:186} INFO - Started process (PID=1339) to work on /home/airflow/.local/lib/python3.12/site-packages/airflow/example_dags/example_dataset_alias.py
[2026-08-12T04:42:41.823+0000] {processor.py:914} INFO - Processing file /home/airflow/.local/lib/python3.12/site-packages/airflow/example_dags/example_dataset_alias.py for tasks to queue
[2026-08-12T04:42:41.825+0000] {logging_mixin.py:190} INFO - [2026-08-12T04:42:41.825+0000] {dagbag.py:587} INFO - Filling up the DagBag from /home/airflow/.local/lib/python3.12/site-packages/airflow/example_dags/example_dataset_alias.py
[2026-08-12T04:42:41.926+0000] {processor.py:925} INFO - DAG(s) 'dataset_alias_example_alias_consumer', 'dataset_s3_bucket_consumer', 'dataset_s3_bucket_producer', 'dataset_alias_example_alias_producer' retrieved from /home/airflow/.local/lib/python3.12/site-packages/airflow/example_dags/example_dataset_alias.py
[2026-08-12T04:42:41.939+0000] {logging_mixin.py:190} INFO - [2026-08-12T04:42:41.939+0000] {dag.py:3211} INFO - Sync 4 DAGs
[2026-08-12T04:42:41.956+0000] {logging_mixin.py:190} INFO - [2026-08-12T04:42:41.955+0000] {dag.py:4138} INFO - Setting next_dagrun for dataset_alias_example_alias_consumer to None, run_after=None
[2026-08-12T04:42:41.958+0000] {logging_mixin.py:190} INFO - [2026-08-12T04:42:41.958+0000] {dag.py:4138} INFO - Setting next_dagrun for dataset_alias_example_alias_producer to None, run_after=None
[2026-08-12T04:42:41.959+0000] {logging_mixin.py:190} INFO - [2026-08-12T04:42:41.959+0000] {dag.py:4138} INFO - Setting next_dagrun for dataset_s3_bucket_consumer to None, run_after=None
[2026-08-12T04:42:41.960+0000] {logging_mixin.py:190} INFO - [2026-08-12T04:42:41.960+0000] {dag.py:4138} INFO - Setting next_dagrun for dataset_s3_bucket_producer to None, run_after=None
[2026-08-12T04:42:41.975+0000] {processor.py:208} INFO - Processing /home/airflow/.local/lib/python3.12/site-packages/airflow/example_dags/example_dataset_alias.py took 0.157 seconds
[2026-08-12T04:43:12.938+0000] {processor.py:186} INFO - Started process (PID=1401) to work on /home/airflow/.local/lib/python3.12/site-packages/airflow/example_dags/example_dataset_alias.py
[2026-08-12T04:43:12.939+0000] {processor.py:914} INFO - Processing file /home/airflow/.local/lib/python3.12/site-packages/airflow/example_dags/example_dataset_alias.py for tasks to queue
[2026-08-12T04:43:12.941+0000] {logging_mixin.py:190} INFO - [2026-08-12T04:43:12.941+0000] {dagbag.py:587} INFO - Filling up the DagBag from /home/airflow/.local/lib/python3.12/site-packages/airflow/example_dags/example_dataset_alias.py
[2026-08-12T04:43:13.053+0000] {processor.py:925} INFO - DAG(s) 'dataset_alias_example_alias_producer', 'dataset_alias_example_alias_consumer', 'dataset_s3_bucket_consumer', 'dataset_s3_bucket_producer' retrieved from /home/airflow/.local/lib/python3.12/site-packages/airflow/example_dags/example_dataset_alias.py
[2026-08-12T04:43:13.070+0000] {logging_mixin.py:190} INFO - [2026-08-12T04:43:13.070+0000] {dag.py:3211} INFO - Sync 4 DAGs
[2026-08-12T04:43:13.088+0000] {logging_mixin.py:190} INFO - [2026-08-12T04:43:13.088+0000] {dag.py:4138} INFO - Setting next_dagrun for dataset_alias_example_alias_consumer to None, run_after=None
[2026-08-12T04:43:13.090+0000] {logging_mixin.py:190} INFO - [2026-08-12T04:43:13.090+0000] {dag.py:4138} INFO - Setting next_dagrun for dataset_alias_example_alias_producer to None, run_after=None
[2026-08-12T04:43:13.091+0000] {logging_mixin.py:190} INFO - [2026-08-12T04:43:13.091+0000] {dag.py:4138} INFO - Setting next_dagrun for dataset_s3_bucket_consumer to None, run_after=None
[2026-08-12T04:43:13.092+0000] {logging_mixin.py:190} INFO - [2026-08-12T04:43:13.092+0000] {dag.py:4138} INFO - Setting next_dagrun for dataset_s3_bucket_producer to None, run_after=None
[2026-08-12T04:43:13.109+0000] {processor.py:208} INFO - Processing /home/airflow/.local/lib/python3.12/site-packages/airflow/example_dags/example_dataset_alias.py took 0.175 seconds
[2026-08-12T04:43:43.181+0000] {processor.py:186} INFO - Started process (PID=1463) to work on /home/airflow/.local/lib/python3.12/site-packages/airflow/example_dags/example_dataset_alias.py
[2026-08-12T04:43:43.182+0000] {processor.py:914} INFO - Processing file /home/airflow/.local/lib/python3.12/site-packages/airflow/example_dags/example_dataset_alias.py for tasks to queue
[2026-08-12T04:43:43.185+0000] {logging_mixin.py:190} INFO - [2026-08-12T04:43:43.184+0000] {dagbag.py:587} INFO - Filling up the DagBag from /home/airflow/.local/lib/python3.12/site-packages/airflow/example_dags/example_dataset_alias.py
[2026-08-12T04:43:43.295+0000] {processor.py:925} INFO - DAG(s) 'dataset_s3_bucket_consumer', 'dataset_s3_bucket_producer', 'dataset_alias_example_alias_consumer', 'dataset_alias_example_alias_producer' retrieved from /home/airflow/.local/lib/python3.12/site-packages/airflow/example_dags/example_dataset_alias.py
[2026-08-12T04:43:43.315+0000] {logging_mixin.py:190} INFO - [2026-08-12T04:43:43.315+0000] {dag.py:3211} INFO - Sync 4 DAGs
[2026-08-12T04:43:43.335+0000] {logging_mixin.py:190} INFO - [2026-08-12T04:43:43.334+0000] {dag.py:4138} INFO - Setting next_dagrun for dataset_alias_example_alias_consumer to None, run_after=None
[2026-08-12T04:43:43.337+0000] {logging_mixin.py:190} INFO - [2026-08-12T04:43:43.337+0000] {dag.py:4138} INFO - Setting next_dagrun for dataset_alias_example_alias_producer to None, run_after=None
[2026-08-12T04:43:43.340+0000] {logging_mixin.py:190} INFO - [2026-08-12T04:43:43.339+0000] {dag.py:4138} INFO - Setting next_dagrun for dataset_s3_bucket_consumer to None, run_after=None
[2026-08-12T04:43:43.342+0000] {logging_mixin.py:190} INFO - [2026-08-12T04:43:43.341+0000] {dag.py:4138} INFO - Setting next_dagrun for dataset_s3_bucket_producer to None, run_after=None
[2026-08-12T04:43:43.360+0000] {processor.py:208} INFO - Processing /home/airflow/.local/lib/python3.12/site-packages/airflow/example_dags/example_dataset_alias.py took 0.183 seconds
[2026-08-12T04:44:14.264+0000] {processor.py:186} INFO - Started process (PID=1525) to work on /home/airflow/.local/lib/python3.12/site-packages/airflow/example_dags/example_dataset_alias.py
[2026-08-12T04:44:14.265+0000] {processor.py:914} INFO - Processing file /home/airflow/.local/lib/python3.12/site-packages/airflow/example_dags/example_dataset_alias.py for tasks to queue
[2026-08-12T04:44:14.267+0000] {logging_mixin.py:190} INFO - [2026-08-12T04:44:14.267+0000] {dagbag.py:587} INFO - Filling up the DagBag from /home/airflow/.local/lib/python3.12/site-packages/airflow/example_dags/example_dataset_alias.py
[2026-08-12T04:44:14.386+0000] {processor.py:925} INFO - DAG(s) 'dataset_alias_example_alias_consumer', 'dataset_s3_bucket_producer', 'dataset_s3_bucket_consumer', 'dataset_alias_example_alias_producer' retrieved from /home/airflow/.local/lib/python3.12/site-packages/airflow/example_dags/example_dataset_alias.py
[2026-08-12T04:44:14.401+0000] {logging_mixin.py:190} INFO - [2026-08-12T04:44:14.400+0000] {dag.py:3211} INFO - Sync 4 DAGs
[2026-08-12T04:44:14.416+0000] {logging_mixin.py:190} INFO - [2026-08-12T04:44:14.416+0000] {dag.py:4138} INFO - Setting next_dagrun for dataset_alias_example_alias_consumer to None, run_after=None
[2026-08-12T04:44:14.418+0000] {logging_mixin.py:190} INFO - [2026-08-12T04:44:14.418+0000] {dag.py:4138} INFO - Setting next_dagrun for dataset_alias_example_alias_producer to None, run_after=None
[2026-08-12T04:44:14.419+0000] {logging_mixin.py:190} INFO - [2026-08-12T04:44:14.419+0000] {dag.py:4138} INFO - Setting next_dagrun for dataset_s3_bucket_consumer to None, run_after=None
[2026-08-12T04:44:14.420+0000] {logging_mixin.py:190} INFO - [2026-08-12T04:44:14.420+0000] {dag.py:4138} INFO - Setting next_dagrun for dataset_s3_bucket_producer to None, run_after=None
[2026-08-12T04:44:14.436+0000] {processor.py:208} INFO - Processing /home/airflow/.local/lib/python3.12/site-packages/airflow/example_dags/example_dataset_alias.py took 0.177 seconds
[2026-08-12T04:44:45.228+0000] {processor.py:186} INFO - Started process (PID=1587) to work on /home/airflow/.local/lib/python3.12/site-packages/airflow/example_dags/example_dataset_alias.py
[2026-08-12T04:44:45.230+0000] {processor.py:914} INFO - Processing file /home/airflow/.local/lib/python3.12/site-packages/airflow/example_dags/example_dataset_alias.py for tasks to queue
[2026-08-12T04:44:45.232+0000] {logging_mixin.py:190} INFO - [2026-08-12T04:44:45.232+0000] {dagbag.py:587} INFO - Filling up the DagBag from /home/airflow/.local/lib/python3.12/site-packages/airflow/example_dags/example_dataset_alias.py
[2026-08-12T04:44:45.350+0000] {processor.py:925} INFO - DAG(s) 'dataset_alias_example_alias_consumer', 'dataset_alias_example_alias_producer', 'dataset_s3_bucket_consumer', 'dataset_s3_bucket_producer' retrieved from /home/airflow/.local/lib/python3.12/site-packages/airflow/example_dags/example_dataset_alias.py
[2026-08-12T04:44:45.368+0000] {logging_mixin.py:190} INFO - [2026-08-12T04:44:45.368+0000] {dag.py:3211} INFO - Sync 4 DAGs
[2026-08-12T04:44:45.386+0000] {logging_mixin.py:190} INFO - [2026-08-12T04:44:45.386+0000] {dag.py:4138} INFO - Setting next_dagrun for dataset_alias_example_alias_consumer to None, run_after=None
[2026-08-12T04:44:45.389+0000] {logging_mixin.py:190} INFO - [2026-08-12T04:44:45.388+0000] {dag.py:4138} INFO - Setting next_dagrun for dataset_alias_example_alias_producer to None, run_after=None
[2026-08-12T04:44:45.390+0000] {logging_mixin.py:190} INFO - [2026-08-12T04:44:45.390+0000] {dag.py:4138} INFO - Setting next_dagrun for dataset_s3_bucket_consumer to None, run_after=None
[2026-08-12T04:44:45.391+0000] {logging_mixin.py:190} INFO - [2026-08-12T04:44:45.391+0000] {dag.py:4138} INFO - Setting next_dagrun for dataset_s3_bucket_producer to None, run_after=None
[2026-08-12T04:44:45.410+0000] {processor.py:208} INFO - Processing /home/airflow/.local/lib/python3.12/site-packages/airflow/example_dags/example_dataset_alias.py took 0.186 seconds
[2026-08-12T04:45:15.591+0000] {processor.py:186} INFO - Started process (PID=1649) to work on /home/airflow/.local/lib/python3.12/site-packages/airflow/example_dags/example_dataset_alias.py
[2026-08-12T04:45:15.592+0000] {processor.py:914} INFO - Processing file /home/airflow/.local/lib/python3.12/site-packages/airflow/example_dags/example_dataset_alias.py for tasks to queue
[2026-08-12T04:45:15.593+0000] {logging_mixin.py:190} INFO - [2026-08-12T04:45:15.593+0000] {dagbag.py:587} INFO - Filling up the DagBag from /home/airflow/.local/lib/python3.12/site-packages/airflow/example_dags/example_dataset_alias.py
[2026-08-12T04:45:15.702+0000] {processor.py:925} INFO - DAG(s) 'dataset_s3_bucket_consumer', 'dataset_s3_bucket_producer', 'dataset_alias_example_alias_consumer', 'dataset_alias_example_alias_producer' retrieved from /home/airflow/.local/lib/python3.12/site-packages/airflow/example_dags/example_dataset_alias.py
[2026-08-12T04:45:15.716+0000] {logging_mixin.py:190} INFO - [2026-08-12T04:45:15.716+0000] {dag.py:3211} INFO - Sync 4 DAGs
[2026-08-12T04:45:15.737+0000] {logging_mixin.py:190} INFO - [2026-08-12T04:45:15.736+0000] {dag.py:4138} INFO - Setting next_dagrun for dataset_alias_example_alias_consumer to None, run_after=None
[2026-08-12T04:45:15.739+0000] {logging_mixin.py:190} INFO - [2026-08-12T04:45:15.739+0000] {dag.py:4138} INFO - Setting next_dagrun for dataset_alias_example_alias_producer to None, run_after=None
[2026-08-12T04:45:15.740+0000] {logging_mixin.py:190} INFO - [2026-08-12T04:45:15.740+0000] {dag.py:4138} INFO - Setting next_dagrun for dataset_s3_bucket_consumer to None, run_after=None
[2026-08-12T04:45:15.741+0000] {logging_mixin.py:190} INFO - [2026-08-12T04:45:15.741+0000] {dag.py:4138} INFO - Setting next_dagrun for dataset_s3_bucket_producer to None, run_after=None
[2026-08-12T04:45:15.757+0000] {processor.py:208} INFO - Processing /home/airflow/.local/lib/python3.12/site-packages/airflow/example_dags/example_dataset_alias.py took 0.170 seconds
[2026-08-12T04:45:45.998+0000] {processor.py:186} INFO - Started process (PID=1711) to work on /home/airflow/.local/lib/python3.12/site-packages/airflow/example_dags/example_dataset_alias.py
[2026-08-12T04:45:45.999+0000] {processor.py:914} INFO - Processing file /home/airflow/.local/lib/python3.12/site-packages/airflow/example_dags/example_dataset_alias.py for tasks to queue
[2026-08-12T04:45:46.001+0000] {logging_mixin.py:190} INFO - [2026-08-12T04:45:46.001+0000] {dagbag.py:587} INFO - Filling up the DagBag from /home/airflow/.local/lib/python3.12/site-packages/airflow/example_dags/example_dataset_alias.py
[2026-08-12T04:45:46.121+0000] {processor.py:925} INFO - DAG(s) 'dataset_s3_bucket_producer', 'dataset_alias_example_alias_consumer', 'dataset_s3_bucket_consumer', 'dataset_alias_example_alias_producer' retrieved from /home/airflow/.local/lib/python3.12/site-packages/airflow/example_dags/example_dataset_alias.py
[2026-08-12T04:45:46.137+0000] {logging_mixin.py:190} INFO - [2026-08-12T04:45:46.137+0000] {dag.py:3211} INFO - Sync 4 DAGs
[2026-08-12T04:45:46.155+0000] {logging_mixin.py:190} INFO - [2026-08-12T04:45:46.155+0000] {dag.py:4138} INFO - Setting next_dagrun for dataset_alias_example_alias_consumer to None, run_after=None
[2026-08-12T04:45:46.157+0000] {logging_mixin.py:190} INFO - [2026-08-12T04:45:46.157+0000] {dag.py:4138} INFO - Setting next_dagrun for dataset_alias_example_alias_producer to None, run_after=None
[2026-08-12T04:45:46.159+0000] {logging_mixin.py:190} INFO - [2026-08-12T04:45:46.159+0000] {dag.py:4138} INFO - Setting next_dagrun for dataset_s3_bucket_consumer to None, run_after=None
[2026-08-12T04:45:46.160+0000] {logging_mixin.py:190} INFO - [2026-08-12T04:45:46.160+0000] {dag.py:4138} INFO - Setting next_dagrun for dataset_s3_bucket_producer to None, run_after=None
[2026-08-12T04:45:46.180+0000] {processor.py:208} INFO - Processing /home/airflow/.local/lib/python3.12/site-packages/airflow/example_dags/example_dataset_alias.py took 0.187 seconds
[2026-08-12T04:46:17.144+0000] {processor.py:186} INFO - Started process (PID=1773) to work on /home/airflow/.local/lib/python3.12/site-packages/airflow/example_dags/example_dataset_alias.py
[2026-08-12T04:46:17.146+0000] {processor.py:914} INFO - Processing file /home/airflow/.local/lib/python3.12/site-packages/airflow/example_dags/example_dataset_alias.py for tasks to queue
[2026-08-12T04:46:17.149+0000] {logging_mixin.py:190} INFO - [2026-08-12T04:46:17.148+0000] {dagbag.py:587} INFO - Filling up the DagBag from /home/airflow/.local/lib/python3.12/site-packages/airflow/example_dags/example_dataset_alias.py
[2026-08-12T04:46:17.260+0000] {processor.py:925} INFO - DAG(s) 'dataset_alias_example_alias_producer', 'dataset_s3_bucket_producer', 'dataset_s3_bucket_consumer', 'dataset_alias_example_alias_consumer' retrieved from /home/airflow/.local/lib/python3.12/site-packages/airflow/example_dags/example_dataset_alias.py
[2026-08-12T04:46:17.274+0000] {logging_mixin.py:190} INFO - [2026-08-12T04:46:17.274+0000] {dag.py:3211} INFO - Sync 4 DAGs
[2026-08-12T04:46:17.292+0000] {logging_mixin.py:190} INFO - [2026-08-12T04:46:17.292+0000] {dag.py:4138} INFO - Setting next_dagrun for dataset_alias_example_alias_consumer to None, run_after=None
[2026-08-12T04:46:17.294+0000] {logging_mixin.py:190} INFO - [2026-08-12T04:46:17.294+0000] {dag.py:4138} INFO - Setting next_dagrun for dataset_alias_example_alias_producer to None, run_after=None
[2026-08-12T04:46:17.295+0000] {logging_mixin.py:190} INFO - [2026-08-12T04:46:17.295+0000] {dag.py:4138} INFO - Setting next_dagrun for dataset_s3_bucket_consumer to None, run_after=None
[2026-08-12T04:46:17.296+0000] {logging_mixin.py:190} INFO - [2026-08-12T04:46:17.296+0000] {dag.py:4138} INFO - Setting next_dagrun for dataset_s3_bucket_producer to None, run_after=None
[2026-08-12T04:46:17.313+0000] {processor.py:208} INFO - Processing /home/airflow/.local/lib/python3.12/site-packages/airflow/example_dags/example_dataset_alias.py took 0.173 seconds
[2026-08-12T04:46:47.397+0000] {processor.py:186} INFO - Started process (PID=1834) to work on /home/airflow/.local/lib/python3.12/site-packages/airflow/example_dags/example_dataset_alias.py
[2026-08-12T04:46:47.398+0000] {processor.py:914} INFO - Processing file /home/airflow/.local/lib/python3.12/site-packages/airflow/example_dags/example_dataset_alias.py for tasks to queue
[2026-08-12T04:46:47.400+0000] {logging_mixin.py:190} INFO - [2026-08-12T04:46:47.400+0000] {dagbag.py:587} INFO - Filling up the DagBag from /home/airflow/.local/lib/python3.12/site-packages/airflow/example_dags/example_dataset_alias.py
[2026-08-12T04:46:47.512+0000] {processor.py:925} INFO - DAG(s) 'dataset_alias_example_alias_consumer', 'dataset_s3_bucket_consumer', 'dataset_s3_bucket_producer', 'dataset_alias_example_alias_producer' retrieved from /home/airflow/.local/lib/python3.12/site-packages/airflow/example_dags/example_dataset_alias.py
[2026-08-12T04:46:47.529+0000] {logging_mixin.py:190} INFO - [2026-08-12T04:46:47.529+0000] {dag.py:3211} INFO - Sync 4 DAGs
[2026-08-12T04:46:47.545+0000] {logging_mixin.py:190} INFO - [2026-08-12T04:46:47.545+0000] {dag.py:4138} INFO - Setting next_dagrun for dataset_alias_example_alias_consumer to None, run_after=None
[2026-08-12T04:46:47.547+0000] {logging_mixin.py:190} INFO - [2026-08-12T04:46:47.547+0000] {dag.py:4138} INFO - Setting next_dagrun for dataset_alias_example_alias_producer to None, run_after=None
[2026-08-12T04:46:47.548+0000] {logging_mixin.py:190} INFO - [2026-08-12T04:46:47.548+0000] {dag.py:4138} INFO - Setting next_dagrun for dataset_s3_bucket_consumer to None, run_after=None
[2026-08-12T04:46:47.549+0000] {logging_mixin.py:190} INFO - [2026-08-12T04:46:47.549+0000] {dag.py:4138} INFO - Setting next_dagrun for dataset_s3_bucket_producer to None, run_after=None
[2026-08-12T04:46:47.565+0000] {processor.py:208} INFO - Processing /home/airflow/.local/lib/python3.12/site-packages/airflow/example_dags/example_dataset_alias.py took 0.172 seconds
[2026-08-12T04:47:17.784+0000] {processor.py:186} INFO - Started process (PID=1896) to work on /home/airflow/.local/lib/python3.12/site-packages/airflow/example_dags/example_dataset_alias.py
[2026-08-12T04:47:17.785+0000] {processor.py:914} INFO - Processing file /home/airflow/.local/lib/python3.12/site-packages/airflow/example_dags/example_dataset_alias.py for tasks to queue
[2026-08-12T04:47:17.788+0000] {logging_mixin.py:190} INFO - [2026-08-12T04:47:17.788+0000] {dagbag.py:587} INFO - Filling up the DagBag from /home/airflow/.local/lib/python3.12/site-packages/airflow/example_dags/example_dataset_alias.py
[2026-08-12T04:47:17.919+0000] {processor.py:925} INFO - DAG(s) 'dataset_alias_example_alias_producer', 'dataset_alias_example_alias_consumer', 'dataset_s3_bucket_consumer', 'dataset_s3_bucket_producer' retrieved from /home/airflow/.local/lib/python3.12/site-packages/airflow/example_dags/example_dataset_alias.py
[2026-08-12T04:47:17.940+0000] {logging_mixin.py:190} INFO - [2026-08-12T04:47:17.939+0000] {dag.py:3211} INFO - Sync 4 DAGs
[2026-08-12T04:47:17.958+0000] {logging_mixin.py:190} INFO - [2026-08-12T04:47:17.958+0000] {dag.py:4138} INFO - Setting next_dagrun for dataset_alias_example_alias_consumer to None, run_after=None
[2026-08-12T04:47:17.961+0000] {logging_mixin.py:190} INFO - [2026-08-12T04:47:17.961+0000] {dag.py:4138} INFO - Setting next_dagrun for dataset_alias_example_alias_producer to None, run_after=None
[2026-08-12T04:47:17.963+0000] {logging_mixin.py:190} INFO - [2026-08-12T04:47:17.963+0000] {dag.py:4138} INFO - Setting next_dagrun for dataset_s3_bucket_consumer to None, run_after=None
[2026-08-12T04:47:17.964+0000] {logging_mixin.py:190} INFO - [2026-08-12T04:47:17.964+0000] {dag.py:4138} INFO - Setting next_dagrun for dataset_s3_bucket_producer to None, run_after=None
[2026-08-12T04:47:17.980+0000] {processor.py:208} INFO - Processing /home/airflow/.local/lib/python3.12/site-packages/airflow/example_dags/example_dataset_alias.py took 0.200 seconds
[2026-08-12T04:47:48.128+0000] {processor.py:186} INFO - Started process (PID=1960) to work on /home/airflow/.local/lib/python3.12/site-packages/airflow/example_dags/example_dataset_alias.py
[2026-08-12T04:47:48.129+0000] {processor.py:914} INFO - Processing file /home/airflow/.local/lib/python3.12/site-packages/airflow/example_dags/example_dataset_alias.py for tasks to queue
[2026-08-12T04:47:48.131+0000] {logging_mixin.py:190} INFO - [2026-08-12T04:47:48.131+0000] {dagbag.py:587} INFO - Filling up the DagBag from /home/airflow/.local/lib/python3.12/site-packages/airflow/example_dags/example_dataset_alias.py
[2026-08-12T04:47:48.242+0000] {processor.py:925} INFO - DAG(s) 'dataset_alias_example_alias_consumer', 'dataset_alias_example_alias_producer', 'dataset_s3_bucket_producer', 'dataset_s3_bucket_consumer' retrieved from /home/airflow/.local/lib/python3.12/site-packages/airflow/example_dags/example_dataset_alias.py
[2026-08-12T04:47:48.257+0000] {logging_mixin.py:190} INFO - [2026-08-12T04:47:48.257+0000] {dag.py:3211} INFO - Sync 4 DAGs
[2026-08-12T04:47:48.273+0000] {logging_mixin.py:190} INFO - [2026-08-12T04:47:48.272+0000] {dag.py:4138} INFO - Setting next_dagrun for dataset_alias_example_alias_consumer to None, run_after=None
[2026-08-12T04:47:48.275+0000] {logging_mixin.py:190} INFO - [2026-08-12T04:47:48.275+0000] {dag.py:4138} INFO - Setting next_dagrun for dataset_alias_example_alias_producer to None, run_after=None
[2026-08-12T04:47:48.276+0000] {logging_mixin.py:190} INFO - [2026-08-12T04:47:48.276+0000] {dag.py:4138} INFO - Setting next_dagrun for dataset_s3_bucket_consumer to None, run_after=None
[2026-08-12T04:47:48.278+0000] {logging_mixin.py:190} INFO - [2026-08-12T04:47:48.277+0000] {dag.py:4138} INFO - Setting next_dagrun for dataset_s3_bucket_producer to None, run_after=None
[2026-08-12T04:47:48.294+0000] {processor.py:208} INFO - Processing /home/airflow/.local/lib/python3.12/site-packages/airflow/example_dags/example_dataset_alias.py took 0.170 seconds
