[2026-08-12T04:30:18.977+0000] {processor.py:186} INFO - Started process (PID=108) to work on /home/airflow/.local/lib/python3.12/site-packages/airflow/example_dags/example_latest_only.py
[2026-08-12T04:30:18.979+0000] {processor.py:914} INFO - Processing file /home/airflow/.local/lib/python3.12/site-packages/airflow/example_dags/example_latest_only.py for tasks to queue
[2026-08-12T04:30:18.981+0000] {logging_mixin.py:190} INFO - [2026-08-12T04:30:18.980+0000] {dagbag.py:587} INFO - Filling up the DagBag from /home/airflow/.local/lib/python3.12/site-packages/airflow/example_dags/example_latest_only.py
[2026-08-12T04:30:18.987+0000] {processor.py:925} INFO - DAG(s) 'latest_only' retrieved from /home/airflow/.local/lib/python3.12/site-packages/airflow/example_dags/example_latest_only.py
[2026-08-12T04:30:19.060+0000] {logging_mixin.py:190} INFO - [2026-08-12T04:30:19.059+0000] {override.py:1858} INFO - Created Permission View: can delete on DAG:latest_only
[2026-08-12T04:30:19.068+0000] {logging_mixin.py:190} INFO - [2026-08-12T04:30:19.068+0000] {override.py:1858} INFO - Created Permission View: can read on DAG:latest_only
[2026-08-12T04:30:19.074+0000] {logging_mixin.py:190} INFO - [2026-08-12T04:30:19.074+0000] {override.py:1858} INFO - Created Permission View: can edit on DAG:latest_only
[2026-08-12T04:30:19.075+0000] {logging_mixin.py:190} INFO - [2026-08-12T04:30:19.075+0000] {dag.py:3211} INFO - Sync 1 DAGs
[2026-08-12T04:30:19.085+0000] {logging_mixin.py:190} INFO - [2026-08-12T04:30:19.085+0000] {dag.py:3234} INFO - Creating ORM DAG for latest_only
[2026-08-12T04:30:19.093+0000] {logging_mixin.py:190} INFO - [2026-08-12T04:30:19.092+0000] {dag.py:4138} INFO - Setting next_dagrun for latest_only to 2026-08-12 00:00:00+00:00, run_after=2026-08-12 04:00:00+00:00
[2026-08-12T04:30:19.107+0000] {processor.py:208} INFO - Processing /home/airflow/.local/lib/python3.12/site-packages/airflow/example_dags/example_latest_only.py took 0.134 seconds
[2026-08-12T04:30:49.381+0000] {processor.py:186} INFO - Started process (PID=170) to work on /home/airflow/.local/lib/python3.12/site-packages/airflow/example_dags/example_latest_only.py
[2026-08-12T04:30:49.382+0000] {processor.py:914} INFO - Processing file /home/airflow/.local/lib/python3.12/site-packages/airflow/example_dags/example_latest_only.py for tasks to queue
[2026-08-12T04:30:49.385+0000] {logging_mixin.py:190} INFO - [2026-08-12T04:30:49.385+0000] {dagbag.py:587} INFO - Filling up the DagBag from /home/airflow/.local/lib/python3.12/site-packages/airflow/example_dags/example_latest_only.py
[2026-08-12T04:30:49.392+0000] {processor.py:925} INFO - DAG(s) 'latest_only' retrieved from /home/airflow/.local/lib/python3.12/site-packages/airflow/example_dags/example_latest_only.py
[2026-08-12T04:30:49.408+0000] {logging_mixin.py:190} INFO - [2026-08-12T04:30:49.408+0000] {dag.py:3211} INFO - Sync 1 DAGs
[2026-08-12T04:30:49.424+0000] {logging_mixin.py:190} INFO - [2026-08-12T04:30:49.424+0000] {dag.py:4138} INFO - Setting next_dagrun for latest_only to 2026-08-12 00:00:00+00:00, run_after=2026-08-12 04:00:00+00:00
[2026-08-12T04:30:49.439+0000] {processor.py:208} INFO - Processing /home/airflow/.local/lib/python3.12/site-packages/airflow/example_dags/example_latest_only.py took 0.064 seconds
[2026-08-12T04:31:20.673+0000] {processor.py:186} INFO - Started process (PID=232) to work on /home/airflow/.local/lib/python3.12/site-packages/airflow/example_dags/example_latest_only.py
[2026-08-12T04:31:20.674+0000] {processor.py:914} INFO - Processing file /home/airflow/.local/lib/python3.12/site-packages/airflow/example_dags/example_latest_only.py for tasks to queue
[2026-08-12T04:31:20.676+0000] {logging_mixin.py:190} INFO - [2026-08-12T04:31:20.676+0000] {dagbag.py:587} INFO - Filling up the DagBag from /home/airflow/.local/lib/python3.12/site-packages/airflow/example_dags/example_latest_only.py
[2026-08-12T04:31:20.681+0000] {processor.py:925} INFO - DAG(s) 'latest_only' retrieved from /home/airflow/.local/lib/python3.12/site-packages/airflow/example_dags/example_latest_only.py
[2026-08-12T04:31:20.696+0000] {logging_mixin.py:190} INFO - [2026-08-12T04:31:20.696+0000] {dag.py:3211} INFO - Sync 1 DAGs
[2026-08-12T04:31:20.711+0000] {logging_mixin.py:190} INFO - [2026-08-12T04:31:20.711+0000] {dag.py:4138} INFO - Setting next_dagrun for latest_only to 2026-08-12 00:00:00+00:00, run_after=2026-08-12 04:00:00+00:00
[2026-08-12T04:31:20.724+0000] {processor.py:208} INFO - Processing /home/airflow/.local/lib/python3.12/site-packages/airflow/example_dags/example_latest_only.py took 0.056 seconds
[2026-08-12T04:32:28.446+0000] {processor.py:186} INFO - Started process (PID=96) to work on /home/airflow/.local/lib/python3.12/site-packages/airflow/example_dags/example_latest_only.py
[2026-08-12T04:32:28.447+0000] {processor.py:914} INFO - Processing file /home/airflow/.local/lib/python3.12/site-packages/airflow/example_dags/example_latest_only.py for tasks to queue
[2026-08-12T04:32:28.449+0000] {logging_mixin.py:190} INFO - [2026-08-12T04:32:28.449+0000] {dagbag.py:587} INFO - Filling up the DagBag from /home/airflow/.local/lib/python3.12/site-packages/airflow/example_dags/example_latest_only.py
[2026-08-12T04:32:28.454+0000] {processor.py:925} INFO - DAG(s) 'latest_only' retrieved from /home/airflow/.local/lib/python3.12/site-packages/airflow/example_dags/example_latest_only.py
[2026-08-12T04:32:28.469+0000] {logging_mixin.py:190} INFO - [2026-08-12T04:32:28.468+0000] {dag.py:3211} INFO - Sync 1 DAGs
[2026-08-12T04:32:28.484+0000] {logging_mixin.py:190} INFO - [2026-08-12T04:32:28.484+0000] {dag.py:4138} INFO - Setting next_dagrun for latest_only to 2026-08-12 00:00:00+00:00, run_after=2026-08-12 04:00:00+00:00
[2026-08-12T04:32:28.496+0000] {processor.py:208} INFO - Processing /home/airflow/.local/lib/python3.12/site-packages/airflow/example_dags/example_latest_only.py took 0.054 seconds
[2026-08-12T04:32:59.326+0000] {processor.py:186} INFO - Started process (PID=159) to work on /home/airflow/.local/lib/python3.12/site-packages/airflow/example_dags/example_latest_only.py
[2026-08-12T04:32:59.327+0000] {processor.py:914} INFO - Processing file /home/airflow/.local/lib/python3.12/site-packages/airflow/example_dags/example_latest_only.py for tasks to queue
[2026-08-12T04:32:59.329+0000] {logging_mixin.py:190} INFO - [2026-08-12T04:32:59.328+0000] {dagbag.py:587} INFO - Filling up the DagBag from /home/airflow/.local/lib/python3.12/site-packages/airflow/example_dags/example_latest_only.py
[2026-08-12T04:32:59.334+0000] {processor.py:925} INFO - DAG(s) 'latest_only' retrieved from /home/airflow/.local/lib/python3.12/site-packages/airflow/example_dags/example_latest_only.py
[2026-08-12T04:32:59.348+0000] {logging_mixin.py:190} INFO - [2026-08-12T04:32:59.348+0000] {dag.py:3211} INFO - Sync 1 DAGs
[2026-08-12T04:32:59.363+0000] {logging_mixin.py:190} INFO - [2026-08-12T04:32:59.363+0000] {dag.py:4138} INFO - Setting next_dagrun for latest_only to 2026-08-12 00:00:00+00:00, run_after=2026-08-12 04:00:00+00:00
[2026-08-12T04:32:59.376+0000] {processor.py:208} INFO - Processing /home/airflow/.local/lib/python3.12/site-packages/airflow/example_dags/example_latest_only.py took 0.055 seconds
[2026-08-12T04:33:30.097+0000] {processor.py:186} INFO - Started process (PID=221) to work on /home/airflow/.local/lib/python3.12/site-packages/airflow/example_dags/example_latest_only.py
[2026-08-12T04:33:30.098+0000] {processor.py:914} INFO - Processing file /home/airflow/.local/lib/python3.12/site-packages/airflow/example_dags/example_latest_only.py for tasks to queue
[2026-08-12T04:33:30.100+0000] {logging_mixin.py:190} INFO - [2026-08-12T04:33:30.100+0000] {dagbag.py:587} INFO - Filling up the DagBag from /home/airflow/.local/lib/python3.12/site-packages/airflow/example_dags/example_latest_only.py
[2026-08-12T04:33:30.106+0000] {processor.py:925} INFO - DAG(s) 'latest_only' retrieved from /home/airflow/.local/lib/python3.12/site-packages/airflow/example_dags/example_latest_only.py
[2026-08-12T04:33:30.120+0000] {logging_mixin.py:190} INFO - [2026-08-12T04:33:30.120+0000] {dag.py:3211} INFO - Sync 1 DAGs
[2026-08-12T04:33:30.137+0000] {logging_mixin.py:190} INFO - [2026-08-12T04:33:30.136+0000] {dag.py:4138} INFO - Setting next_dagrun for latest_only to 2026-08-12 00:00:00+00:00, run_after=2026-08-12 04:00:00+00:00
[2026-08-12T04:33:30.149+0000] {processor.py:208} INFO - Processing /home/airflow/.local/lib/python3.12/site-packages/airflow/example_dags/example_latest_only.py took 0.056 seconds
[2026-08-12T04:34:01.431+0000] {processor.py:186} INFO - Started process (PID=283) to work on /home/airflow/.local/lib/python3.12/site-packages/airflow/example_dags/example_latest_only.py
[2026-08-12T04:34:01.432+0000] {processor.py:914} INFO - Processing file /home/airflow/.local/lib/python3.12/site-packages/airflow/example_dags/example_latest_only.py for tasks to queue
[2026-08-12T04:34:01.435+0000] {logging_mixin.py:190} INFO - [2026-08-12T04:34:01.434+0000] {dagbag.py:587} INFO - Filling up the DagBag from /home/airflow/.local/lib/python3.12/site-packages/airflow/example_dags/example_latest_only.py
[2026-08-12T04:34:01.440+0000] {processor.py:925} INFO - DAG(s) 'latest_only' retrieved from /home/airflow/.local/lib/python3.12/site-packages/airflow/example_dags/example_latest_only.py
[2026-08-12T04:34:01.454+0000] {logging_mixin.py:190} INFO - [2026-08-12T04:34:01.454+0000] {dag.py:3211} INFO - Sync 1 DAGs
[2026-08-12T04:34:01.470+0000] {logging_mixin.py:190} INFO - [2026-08-12T04:34:01.470+0000] {dag.py:4138} INFO - Setting next_dagrun for latest_only to 2026-08-12 00:00:00+00:00, run_after=2026-08-12 04:00:00+00:00
[2026-08-12T04:34:01.483+0000] {processor.py:208} INFO - Processing /home/airflow/.local/lib/python3.12/site-packages/airflow/example_dags/example_latest_only.py took 0.057 seconds
[2026-08-12T04:34:31.610+0000] {processor.py:186} INFO - Started process (PID=345) to work on /home/airflow/.local/lib/python3.12/site-packages/airflow/example_dags/example_latest_only.py
[2026-08-12T04:34:31.611+0000] {processor.py:914} INFO - Processing file /home/airflow/.local/lib/python3.12/site-packages/airflow/example_dags/example_latest_only.py for tasks to queue
[2026-08-12T04:34:31.613+0000] {logging_mixin.py:190} INFO - [2026-08-12T04:34:31.612+0000] {dagbag.py:587} INFO - Filling up the DagBag from /home/airflow/.local/lib/python3.12/site-packages/airflow/example_dags/example_latest_only.py
[2026-08-12T04:34:31.618+0000] {processor.py:925} INFO - DAG(s) 'latest_only' retrieved from /home/airflow/.local/lib/python3.12/site-packages/airflow/example_dags/example_latest_only.py
[2026-08-12T04:34:31.632+0000] {logging_mixin.py:190} INFO - [2026-08-12T04:34:31.632+0000] {dag.py:3211} INFO - Sync 1 DAGs
[2026-08-12T04:34:31.650+0000] {logging_mixin.py:190} INFO - [2026-08-12T04:34:31.650+0000] {dag.py:4138} INFO - Setting next_dagrun for latest_only to 2026-08-12 00:00:00+00:00, run_after=2026-08-12 04:00:00+00:00
[2026-08-12T04:34:31.662+0000] {processor.py:208} INFO - Processing /home/airflow/.local/lib/python3.12/site-packages/airflow/example_dags/example_latest_only.py took 0.057 seconds
[2026-08-12T04:35:02.126+0000] {processor.py:186} INFO - Started process (PID=407) to work on /home/airflow/.local/lib/python3.12/site-packages/airflow/example_dags/example_latest_only.py
[2026-08-12T04:35:02.127+0000] {processor.py:914} INFO - Processing file /home/airflow/.local/lib/python3.12/site-packages/airflow/example_dags/example_latest_only.py for tasks to queue
[2026-08-12T04:35:02.129+0000] {logging_mixin.py:190} INFO - [2026-08-12T04:35:02.129+0000] {dagbag.py:587} INFO - Filling up the DagBag from /home/airflow/.local/lib/python3.12/site-packages/airflow/example_dags/example_latest_only.py
[2026-08-12T04:35:02.134+0000] {processor.py:925} INFO - DAG(s) 'latest_only' retrieved from /home/airflow/.local/lib/python3.12/site-packages/airflow/example_dags/example_latest_only.py
[2026-08-12T04:35:02.150+0000] {logging_mixin.py:190} INFO - [2026-08-12T04:35:02.150+0000] {dag.py:3211} INFO - Sync 1 DAGs
[2026-08-12T04:35:02.169+0000] {logging_mixin.py:190} INFO - [2026-08-12T04:35:02.169+0000] {dag.py:4138} INFO - Setting next_dagrun for latest_only to 2026-08-12 00:00:00+00:00, run_after=2026-08-12 04:00:00+00:00
[2026-08-12T04:35:02.182+0000] {processor.py:208} INFO - Processing /home/airflow/.local/lib/python3.12/site-packages/airflow/example_dags/example_latest_only.py took 0.061 seconds
[2026-08-12T04:35:32.570+0000] {processor.py:186} INFO - Started process (PID=469) to work on /home/airflow/.local/lib/python3.12/site-packages/airflow/example_dags/example_latest_only.py
[2026-08-12T04:35:32.571+0000] {processor.py:914} INFO - Processing file /home/airflow/.local/lib/python3.12/site-packages/airflow/example_dags/example_latest_only.py for tasks to queue
[2026-08-12T04:35:32.573+0000] {logging_mixin.py:190} INFO - [2026-08-12T04:35:32.573+0000] {dagbag.py:587} INFO - Filling up the DagBag from /home/airflow/.local/lib/python3.12/site-packages/airflow/example_dags/example_latest_only.py
[2026-08-12T04:35:32.579+0000] {processor.py:925} INFO - DAG(s) 'latest_only' retrieved from /home/airflow/.local/lib/python3.12/site-packages/airflow/example_dags/example_latest_only.py
[2026-08-12T04:35:32.593+0000] {logging_mixin.py:190} INFO - [2026-08-12T04:35:32.593+0000] {dag.py:3211} INFO - Sync 1 DAGs
[2026-08-12T04:35:32.610+0000] {logging_mixin.py:190} INFO - [2026-08-12T04:35:32.609+0000] {dag.py:4138} INFO - Setting next_dagrun for latest_only to 2026-08-12 00:00:00+00:00, run_after=2026-08-12 04:00:00+00:00
[2026-08-12T04:35:32.632+0000] {processor.py:208} INFO - Processing /home/airflow/.local/lib/python3.12/site-packages/airflow/example_dags/example_latest_only.py took 0.066 seconds
[2026-08-12T04:36:03.554+0000] {processor.py:186} INFO - Started process (PID=531) to work on /home/airflow/.local/lib/python3.12/site-packages/airflow/example_dags/example_latest_only.py
[2026-08-12T04:36:03.556+0000] {processor.py:914} INFO - Processing file /home/airflow/.local/lib/python3.12/site-packages/airflow/example_dags/example_latest_only.py for tasks to queue
[2026-08-12T04:36:03.558+0000] {logging_mixin.py:190} INFO - [2026-08-12T04:36:03.557+0000] {dagbag.py:587} INFO - Filling up the DagBag from /home/airflow/.local/lib/python3.12/site-packages/airflow/example_dags/example_latest_only.py
[2026-08-12T04:36:03.563+0000] {processor.py:925} INFO - DAG(s) 'latest_only' retrieved from /home/airflow/.local/lib/python3.12/site-packages/airflow/example_dags/example_latest_only.py
[2026-08-12T04:36:03.577+0000] {logging_mixin.py:190} INFO - [2026-08-12T04:36:03.576+0000] {dag.py:3211} INFO - Sync 1 DAGs
[2026-08-12T04:36:03.591+0000] {logging_mixin.py:190} INFO - [2026-08-12T04:36:03.591+0000] {dag.py:4138} INFO - Setting next_dagrun for latest_only to 2026-08-12 00:00:00+00:00, run_after=2026-08-12 04:00:00+00:00
[2026-08-12T04:36:03.604+0000] {processor.py:208} INFO - Processing /home/airflow/.local/lib/python3.12/site-packages/airflow/example_dags/example_latest_only.py took 0.054 seconds
[2026-08-12T04:36:33.814+0000] {processor.py:186} INFO - Started process (PID=593) to work on /home/airflow/.local/lib/python3.12/site-packages/airflow/example_dags/example_latest_only.py
[2026-08-12T04:36:33.815+0000] {processor.py:914} INFO - Processing file /home/airflow/.local/lib/python3.12/site-packages/airflow/example_dags/example_latest_only.py for tasks to queue
[2026-08-12T04:36:33.817+0000] {logging_mixin.py:190} INFO - [2026-08-12T04:36:33.817+0000] {dagbag.py:587} INFO - Filling up the DagBag from /home/airflow/.local/lib/python3.12/site-packages/airflow/example_dags/example_latest_only.py
[2026-08-12T04:36:33.823+0000] {processor.py:925} INFO - DAG(s) 'latest_only' retrieved from /home/airflow/.local/lib/python3.12/site-packages/airflow/example_dags/example_latest_only.py
[2026-08-12T04:36:33.838+0000] {logging_mixin.py:190} INFO - [2026-08-12T04:36:33.838+0000] {dag.py:3211} INFO - Sync 1 DAGs
[2026-08-12T04:36:33.854+0000] {logging_mixin.py:190} INFO - [2026-08-12T04:36:33.854+0000] {dag.py:4138} INFO - Setting next_dagrun for latest_only to 2026-08-12 00:00:00+00:00, run_after=2026-08-12 04:00:00+00:00
[2026-08-12T04:36:33.867+0000] {processor.py:208} INFO - Processing /home/airflow/.local/lib/python3.12/site-packages/airflow/example_dags/example_latest_only.py took 0.057 seconds
[2026-08-12T04:37:04.098+0000] {processor.py:186} INFO - Started process (PID=655) to work on /home/airflow/.local/lib/python3.12/site-packages/airflow/example_dags/example_latest_only.py
[2026-08-12T04:37:04.099+0000] {processor.py:914} INFO - Processing file /home/airflow/.local/lib/python3.12/site-packages/airflow/example_dags/example_latest_only.py for tasks to queue
[2026-08-12T04:37:04.101+0000] {logging_mixin.py:190} INFO - [2026-08-12T04:37:04.101+0000] {dagbag.py:587} INFO - Filling up the DagBag from /home/airflow/.local/lib/python3.12/site-packages/airflow/example_dags/example_latest_only.py
[2026-08-12T04:37:04.106+0000] {processor.py:925} INFO - DAG(s) 'latest_only' retrieved from /home/airflow/.local/lib/python3.12/site-packages/airflow/example_dags/example_latest_only.py
[2026-08-12T04:37:04.120+0000] {logging_mixin.py:190} INFO - [2026-08-12T04:37:04.120+0000] {dag.py:3211} INFO - Sync 1 DAGs
[2026-08-12T04:37:04.136+0000] {logging_mixin.py:190} INFO - [2026-08-12T04:37:04.136+0000] {dag.py:4138} INFO - Setting next_dagrun for latest_only to 2026-08-12 00:00:00+00:00, run_after=2026-08-12 04:00:00+00:00
[2026-08-12T04:37:04.149+0000] {processor.py:208} INFO - Processing /home/airflow/.local/lib/python3.12/site-packages/airflow/example_dags/example_latest_only.py took 0.055 seconds
[2026-08-12T04:37:34.248+0000] {processor.py:186} INFO - Started process (PID=717) to work on /home/airflow/.local/lib/python3.12/site-packages/airflow/example_dags/example_latest_only.py
[2026-08-12T04:37:34.249+0000] {processor.py:914} INFO - Processing file /home/airflow/.local/lib/python3.12/site-packages/airflow/example_dags/example_latest_only.py for tasks to queue
[2026-08-12T04:37:34.251+0000] {logging_mixin.py:190} INFO - [2026-08-12T04:37:34.251+0000] {dagbag.py:587} INFO - Filling up the DagBag from /home/airflow/.local/lib/python3.12/site-packages/airflow/example_dags/example_latest_only.py
[2026-08-12T04:37:34.256+0000] {processor.py:925} INFO - DAG(s) 'latest_only' retrieved from /home/airflow/.local/lib/python3.12/site-packages/airflow/example_dags/example_latest_only.py
[2026-08-12T04:37:34.270+0000] {logging_mixin.py:190} INFO - [2026-08-12T04:37:34.270+0000] {dag.py:3211} INFO - Sync 1 DAGs
[2026-08-12T04:37:34.286+0000] {logging_mixin.py:190} INFO - [2026-08-12T04:37:34.286+0000] {dag.py:4138} INFO - Setting next_dagrun for latest_only to 2026-08-12 00:00:00+00:00, run_after=2026-08-12 04:00:00+00:00
[2026-08-12T04:37:34.298+0000] {processor.py:208} INFO - Processing /home/airflow/.local/lib/python3.12/site-packages/airflow/example_dags/example_latest_only.py took 0.054 seconds
[2026-08-12T04:38:04.409+0000] {processor.py:186} INFO - Started process (PID=779) to work on /home/airflow/.local/lib/python3.12/site-packages/airflow/example_dags/example_latest_only.py
[2026-08-12T04:38:04.410+0000] {processor.py:914} INFO - Processing file /home/airflow/.local/lib/python3.12/site-packages/airflow/example_dags/example_latest_only.py for tasks to queue
[2026-08-12T04:38:04.412+0000] {logging_mixin.py:190} INFO - [2026-08-12T04:38:04.411+0000] {dagbag.py:587} INFO - Filling up the DagBag from /home/airflow/.local/lib/python3.12/site-packages/airflow/example_dags/example_latest_only.py
[2026-08-12T04:38:04.417+0000] {processor.py:925} INFO - DAG(s) 'latest_only' retrieved from /home/airflow/.local/lib/python3.12/site-packages/airflow/example_dags/example_latest_only.py
[2026-08-12T04:38:04.432+0000] {logging_mixin.py:190} INFO - [2026-08-12T04:38:04.432+0000] {dag.py:3211} INFO - Sync 1 DAGs
[2026-08-12T04:38:04.448+0000] {logging_mixin.py:190} INFO - [2026-08-12T04:38:04.448+0000] {dag.py:4138} INFO - Setting next_dagrun for latest_only to 2026-08-12 00:00:00+00:00, run_after=2026-08-12 04:00:00+00:00
[2026-08-12T04:38:04.460+0000] {processor.py:208} INFO - Processing /home/airflow/.local/lib/python3.12/site-packages/airflow/example_dags/example_latest_only.py took 0.055 seconds
[2026-08-12T04:38:35.561+0000] {processor.py:186} INFO - Started process (PID=840) to work on /home/airflow/.local/lib/python3.12/site-packages/airflow/example_dags/example_latest_only.py
[2026-08-12T04:38:35.562+0000] {processor.py:914} INFO - Processing file /home/airflow/.local/lib/python3.12/site-packages/airflow/example_dags/example_latest_only.py for tasks to queue
[2026-08-12T04:38:35.565+0000] {logging_mixin.py:190} INFO - [2026-08-12T04:38:35.565+0000] {dagbag.py:587} INFO - Filling up the DagBag from /home/airflow/.local/lib/python3.12/site-packages/airflow/example_dags/example_latest_only.py
[2026-08-12T04:38:35.572+0000] {processor.py:925} INFO - DAG(s) 'latest_only' retrieved from /home/airflow/.local/lib/python3.12/site-packages/airflow/example_dags/example_latest_only.py
[2026-08-12T04:38:35.588+0000] {logging_mixin.py:190} INFO - [2026-08-12T04:38:35.588+0000] {dag.py:3211} INFO - Sync 1 DAGs
[2026-08-12T04:38:35.607+0000] {logging_mixin.py:190} INFO - [2026-08-12T04:38:35.606+0000] {dag.py:4138} INFO - Setting next_dagrun for latest_only to 2026-08-12 00:00:00+00:00, run_after=2026-08-12 04:00:00+00:00
[2026-08-12T04:38:35.623+0000] {processor.py:208} INFO - Processing /home/airflow/.local/lib/python3.12/site-packages/airflow/example_dags/example_latest_only.py took 0.067 seconds
[2026-08-12T04:39:05.808+0000] {processor.py:186} INFO - Started process (PID=902) to work on /home/airflow/.local/lib/python3.12/site-packages/airflow/example_dags/example_latest_only.py
[2026-08-12T04:39:05.809+0000] {processor.py:914} INFO - Processing file /home/airflow/.local/lib/python3.12/site-packages/airflow/example_dags/example_latest_only.py for tasks to queue
[2026-08-12T04:39:05.811+0000] {logging_mixin.py:190} INFO - [2026-08-12T04:39:05.810+0000] {dagbag.py:587} INFO - Filling up the DagBag from /home/airflow/.local/lib/python3.12/site-packages/airflow/example_dags/example_latest_only.py
[2026-08-12T04:39:05.817+0000] {processor.py:925} INFO - DAG(s) 'latest_only' retrieved from /home/airflow/.local/lib/python3.12/site-packages/airflow/example_dags/example_latest_only.py
[2026-08-12T04:39:05.831+0000] {logging_mixin.py:190} INFO - [2026-08-12T04:39:05.831+0000] {dag.py:3211} INFO - Sync 1 DAGs
[2026-08-12T04:39:05.847+0000] {logging_mixin.py:190} INFO - [2026-08-12T04:39:05.847+0000] {dag.py:4138} INFO - Setting next_dagrun for latest_only to 2026-08-12 00:00:00+00:00, run_after=2026-08-12 04:00:00+00:00
[2026-08-12T04:39:05.860+0000] {processor.py:208} INFO - Processing /home/airflow/.local/lib/python3.12/site-packages/airflow/example_dags/example_latest_only.py took 0.057 seconds
[2026-08-12T04:39:35.895+0000] {processor.py:186} INFO - Started process (PID=964) to work on /home/airflow/.local/lib/python3.12/site-packages/airflow/example_dags/example_latest_only.py
[2026-08-12T04:39:35.896+0000] {processor.py:914} INFO - Processing file /home/airflow/.local/lib/python3.12/site-packages/airflow/example_dags/example_latest_only.py for tasks to queue
[2026-08-12T04:39:35.898+0000] {logging_mixin.py:190} INFO - [2026-08-12T04:39:35.898+0000] {dagbag.py:587} INFO - Filling up the DagBag from /home/airflow/.local/lib/python3.12/site-packages/airflow/example_dags/example_latest_only.py
[2026-08-12T04:39:35.904+0000] {processor.py:925} INFO - DAG(s) 'latest_only' retrieved from /home/airflow/.local/lib/python3.12/site-packages/airflow/example_dags/example_latest_only.py
[2026-08-12T04:39:35.918+0000] {logging_mixin.py:190} INFO - [2026-08-12T04:39:35.918+0000] {dag.py:3211} INFO - Sync 1 DAGs
[2026-08-12T04:39:35.933+0000] {logging_mixin.py:190} INFO - [2026-08-12T04:39:35.933+0000] {dag.py:4138} INFO - Setting next_dagrun for latest_only to 2026-08-12 00:00:00+00:00, run_after=2026-08-12 04:00:00+00:00
[2026-08-12T04:39:35.945+0000] {processor.py:208} INFO - Processing /home/airflow/.local/lib/python3.12/site-packages/airflow/example_dags/example_latest_only.py took 0.054 seconds
[2026-08-12T04:40:06.636+0000] {processor.py:186} INFO - Started process (PID=1026) to work on /home/airflow/.local/lib/python3.12/site-packages/airflow/example_dags/example_latest_only.py
[2026-08-12T04:40:06.637+0000] {processor.py:914} INFO - Processing file /home/airflow/.local/lib/python3.12/site-packages/airflow/example_dags/example_latest_only.py for tasks to queue
[2026-08-12T04:40:06.640+0000] {logging_mixin.py:190} INFO - [2026-08-12T04:40:06.639+0000] {dagbag.py:587} INFO - Filling up the DagBag from /home/airflow/.local/lib/python3.12/site-packages/airflow/example_dags/example_latest_only.py
[2026-08-12T04:40:06.646+0000] {processor.py:925} INFO - DAG(s) 'latest_only' retrieved from /home/airflow/.local/lib/python3.12/site-packages/airflow/example_dags/example_latest_only.py
[2026-08-12T04:40:06.661+0000] {logging_mixin.py:190} INFO - [2026-08-12T04:40:06.660+0000] {dag.py:3211} INFO - Sync 1 DAGs
[2026-08-12T04:40:06.677+0000] {logging_mixin.py:190} INFO - [2026-08-12T04:40:06.677+0000] {dag.py:4138} INFO - Setting next_dagrun for latest_only to 2026-08-12 00:00:00+00:00, run_after=2026-08-12 04:00:00+00:00
[2026-08-12T04:40:06.690+0000] {processor.py:208} INFO - Processing /home/airflow/.local/lib/python3.12/site-packages/airflow/example_dags/example_latest_only.py took 0.058 seconds
[2026-08-12T04:40:37.349+0000] {processor.py:186} INFO - Started process (PID=1088) to work on /home/airflow/.local/lib/python3.12/site-packages/airflow/example_dags/example_latest_only.py
[2026-08-12T04:40:37.350+0000] {processor.py:914} INFO - Processing file /home/airflow/.local/lib/python3.12/site-packages/airflow/example_dags/example_latest_only.py for tasks to queue
[2026-08-12T04:40:37.352+0000] {logging_mixin.py:190} INFO - [2026-08-12T04:40:37.352+0000] {dagbag.py:587} INFO - Filling up the DagBag from /home/airflow/.local/lib/python3.12/site-packages/airflow/example_dags/example_latest_only.py
[2026-08-12T04:40:37.357+0000] {processor.py:925} INFO - DAG(s) 'latest_only' retrieved from /home/airflow/.local/lib/python3.12/site-packages/airflow/example_dags/example_latest_only.py
[2026-08-12T04:40:37.371+0000] {logging_mixin.py:190} INFO - [2026-08-12T04:40:37.371+0000] {dag.py:3211} INFO - Sync 1 DAGs
[2026-08-12T04:40:37.387+0000] {logging_mixin.py:190} INFO - [2026-08-12T04:40:37.387+0000] {dag.py:4138} INFO - Setting next_dagrun for latest_only to 2026-08-12 00:00:00+00:00, run_after=2026-08-12 04:00:00+00:00
[2026-08-12T04:40:37.400+0000] {processor.py:208} INFO - Processing /home/airflow/.local/lib/python3.12/site-packages/airflow/example_dags/example_latest_only.py took 0.055 seconds
[2026-08-12T04:41:08.141+0000] {processor.py:186} INFO - Started process (PID=1150) to work on /home/airflow/.local/lib/python3.12/site-packages/airflow/example_dags/example_latest_only.py
[2026-08-12T04:41:08.142+0000] {processor.py:914} INFO - Processing file /home/airflow/.local/lib/python3.12/site-packages/airflow/example_dags/example_latest_only.py for tasks to queue
[2026-08-12T04:41:08.145+0000] {logging_mixin.py:190} INFO - [2026-08-12T04:41:08.144+0000] {dagbag.py:587} INFO - Filling up the DagBag from /home/airflow/.local/lib/python3.12/site-packages/airflow/example_dags/example_latest_only.py
[2026-08-12T04:41:08.150+0000] {processor.py:925} INFO - DAG(s) 'latest_only' retrieved from /home/airflow/.local/lib/python3.12/site-packages/airflow/example_dags/example_latest_only.py
[2026-08-12T04:41:08.165+0000] {logging_mixin.py:190} INFO - [2026-08-12T04:41:08.164+0000] {dag.py:3211} INFO - Sync 1 DAGs
[2026-08-12T04:41:08.180+0000] {logging_mixin.py:190} INFO - [2026-08-12T04:41:08.180+0000] {dag.py:4138} INFO - Setting next_dagrun for latest_only to 2026-08-12 00:00:00+00:00, run_after=2026-08-12 04:00:00+00:00
[2026-08-12T04:41:08.192+0000] {processor.py:208} INFO - Processing /home/airflow/.local/lib/python3.12/site-packages/airflow/example_dags/example_latest_only.py took 0.056 seconds
[2026-08-12T04:41:38.826+0000] {processor.py:186} INFO - Started process (PID=1212) to work on /home/airflow/.local/lib/python3.12/site-packages/airflow/example_dags/example_latest_only.py
[2026-08-12T04:41:38.827+0000] {processor.py:914} INFO - Processing file /home/airflow/.local/lib/python3.12/site-packages/airflow/example_dags/example_latest_only.py for tasks to queue
[2026-08-12T04:41:38.829+0000] {logging_mixin.py:190} INFO - [2026-08-12T04:41:38.829+0000] {dagbag.py:587} INFO - Filling up the DagBag from /home/airflow/.local/lib/python3.12/site-packages/airflow/example_dags/example_latest_only.py
[2026-08-12T04:41:38.835+0000] {processor.py:925} INFO - DAG(s) 'latest_only' retrieved from /home/airflow/.local/lib/python3.12/site-packages/airflow/example_dags/example_latest_only.py
[2026-08-12T04:41:38.849+0000] {logging_mixin.py:190} INFO - [2026-08-12T04:41:38.849+0000] {dag.py:3211} INFO - Sync 1 DAGs
[2026-08-12T04:41:38.865+0000] {logging_mixin.py:190} INFO - [2026-08-12T04:41:38.865+0000] {dag.py:4138} INFO - Setting next_dagrun for latest_only to 2026-08-12 00:00:00+00:00, run_after=2026-08-12 04:00:00+00:00
[2026-08-12T04:41:38.878+0000] {processor.py:208} INFO - Processing /home/airflow/.local/lib/python3.12/site-packages/airflow/example_dags/example_latest_only.py took 0.056 seconds
[2026-08-12T04:42:09.853+0000] {processor.py:186} INFO - Started process (PID=1274) to work on /home/airflow/.local/lib/python3.12/site-packages/airflow/example_dags/example_latest_only.py
[2026-08-12T04:42:09.854+0000] {processor.py:914} INFO - Processing file /home/airflow/.local/lib/python3.12/site-packages/airflow/example_dags/example_latest_only.py for tasks to queue
[2026-08-12T04:42:09.856+0000] {logging_mixin.py:190} INFO - [2026-08-12T04:42:09.856+0000] {dagbag.py:587} INFO - Filling up the DagBag from /home/airflow/.local/lib/python3.12/site-packages/airflow/example_dags/example_latest_only.py
[2026-08-12T04:42:09.862+0000] {processor.py:925} INFO - DAG(s) 'latest_only' retrieved from /home/airflow/.local/lib/python3.12/site-packages/airflow/example_dags/example_latest_only.py
[2026-08-12T04:42:09.877+0000] {logging_mixin.py:190} INFO - [2026-08-12T04:42:09.877+0000] {dag.py:3211} INFO - Sync 1 DAGs
[2026-08-12T04:42:09.893+0000] {logging_mixin.py:190} INFO - [2026-08-12T04:42:09.892+0000] {dag.py:4138} INFO - Setting next_dagrun for latest_only to 2026-08-12 00:00:00+00:00, run_after=2026-08-12 04:00:00+00:00
[2026-08-12T04:42:09.905+0000] {processor.py:208} INFO - Processing /home/airflow/.local/lib/python3.12/site-packages/airflow/example_dags/example_latest_only.py took 0.056 seconds
[2026-08-12T04:42:40.726+0000] {processor.py:186} INFO - Started process (PID=1336) to work on /home/airflow/.local/lib/python3.12/site-packages/airflow/example_dags/example_latest_only.py
[2026-08-12T04:42:40.727+0000] {processor.py:914} INFO - Processing file /home/airflow/.local/lib/python3.12/site-packages/airflow/example_dags/example_latest_only.py for tasks to queue
[2026-08-12T04:42:40.729+0000] {logging_mixin.py:190} INFO - [2026-08-12T04:42:40.729+0000] {dagbag.py:587} INFO - Filling up the DagBag from /home/airflow/.local/lib/python3.12/site-packages/airflow/example_dags/example_latest_only.py
[2026-08-12T04:42:40.735+0000] {processor.py:925} INFO - DAG(s) 'latest_only' retrieved from /home/airflow/.local/lib/python3.12/site-packages/airflow/example_dags/example_latest_only.py
[2026-08-12T04:42:40.749+0000] {logging_mixin.py:190} INFO - [2026-08-12T04:42:40.749+0000] {dag.py:3211} INFO - Sync 1 DAGs
[2026-08-12T04:42:40.766+0000] {logging_mixin.py:190} INFO - [2026-08-12T04:42:40.766+0000] {dag.py:4138} INFO - Setting next_dagrun for latest_only to 2026-08-12 00:00:00+00:00, run_after=2026-08-12 04:00:00+00:00
[2026-08-12T04:42:40.779+0000] {processor.py:208} INFO - Processing /home/airflow/.local/lib/python3.12/site-packages/airflow/example_dags/example_latest_only.py took 0.057 seconds
[2026-08-12T04:43:11.853+0000] {processor.py:186} INFO - Started process (PID=1398) to work on /home/airflow/.local/lib/python3.12/site-packages/airflow/example_dags/example_latest_only.py
[2026-08-12T04:43:11.855+0000] {processor.py:914} INFO - Processing file /home/airflow/.local/lib/python3.12/site-packages/airflow/example_dags/example_latest_only.py for tasks to queue
[2026-08-12T04:43:11.857+0000] {logging_mixin.py:190} INFO - [2026-08-12T04:43:11.857+0000] {dagbag.py:587} INFO - Filling up the DagBag from /home/airflow/.local/lib/python3.12/site-packages/airflow/example_dags/example_latest_only.py
[2026-08-12T04:43:11.863+0000] {processor.py:925} INFO - DAG(s) 'latest_only' retrieved from /home/airflow/.local/lib/python3.12/site-packages/airflow/example_dags/example_latest_only.py
[2026-08-12T04:43:11.877+0000] {logging_mixin.py:190} INFO - [2026-08-12T04:43:11.876+0000] {dag.py:3211} INFO - Sync 1 DAGs
[2026-08-12T04:43:11.892+0000] {logging_mixin.py:190} INFO - [2026-08-12T04:43:11.892+0000] {dag.py:4138} INFO - Setting next_dagrun for latest_only to 2026-08-12 00:00:00+00:00, run_after=2026-08-12 04:00:00+00:00
[2026-08-12T04:43:11.904+0000] {processor.py:208} INFO - Processing /home/airflow/.local/lib/python3.12/site-packages/airflow/example_dags/example_latest_only.py took 0.055 seconds
[2026-08-12T04:43:42.088+0000] {processor.py:186} INFO - Started process (PID=1461) to work on /home/airflow/.local/lib/python3.12/site-packages/airflow/example_dags/example_latest_only.py
[2026-08-12T04:43:42.089+0000] {processor.py:914} INFO - Processing file /home/airflow/.local/lib/python3.12/site-packages/airflow/example_dags/example_latest_only.py for tasks to queue
[2026-08-12T04:43:42.091+0000] {logging_mixin.py:190} INFO - [2026-08-12T04:43:42.091+0000] {dagbag.py:587} INFO - Filling up the DagBag from /home/airflow/.local/lib/python3.12/site-packages/airflow/example_dags/example_latest_only.py
[2026-08-12T04:43:42.096+0000] {processor.py:925} INFO - DAG(s) 'latest_only' retrieved from /home/airflow/.local/lib/python3.12/site-packages/airflow/example_dags/example_latest_only.py
[2026-08-12T04:43:42.110+0000] {logging_mixin.py:190} INFO - [2026-08-12T04:43:42.110+0000] {dag.py:3211} INFO - Sync 1 DAGs
[2026-08-12T04:43:42.124+0000] {logging_mixin.py:190} INFO - [2026-08-12T04:43:42.124+0000] {dag.py:4138} INFO - Setting next_dagrun for latest_only to 2026-08-12 00:00:00+00:00, run_after=2026-08-12 04:00:00+00:00
[2026-08-12T04:43:42.137+0000] {processor.py:208} INFO - Processing /home/airflow/.local/lib/python3.12/site-packages/airflow/example_dags/example_latest_only.py took 0.053 seconds
[2026-08-12T04:44:12.252+0000] {processor.py:186} INFO - Started process (PID=1523) to work on /home/airflow/.local/lib/python3.12/site-packages/airflow/example_dags/example_latest_only.py
[2026-08-12T04:44:12.254+0000] {processor.py:914} INFO - Processing file /home/airflow/.local/lib/python3.12/site-packages/airflow/example_dags/example_latest_only.py for tasks to queue
[2026-08-12T04:44:12.256+0000] {logging_mixin.py:190} INFO - [2026-08-12T04:44:12.256+0000] {dagbag.py:587} INFO - Filling up the DagBag from /home/airflow/.local/lib/python3.12/site-packages/airflow/example_dags/example_latest_only.py
[2026-08-12T04:44:12.263+0000] {processor.py:925} INFO - DAG(s) 'latest_only' retrieved from /home/airflow/.local/lib/python3.12/site-packages/airflow/example_dags/example_latest_only.py
[2026-08-12T04:44:12.279+0000] {logging_mixin.py:190} INFO - [2026-08-12T04:44:12.279+0000] {dag.py:3211} INFO - Sync 1 DAGs
[2026-08-12T04:44:12.296+0000] {logging_mixin.py:190} INFO - [2026-08-12T04:44:12.296+0000] {dag.py:4138} INFO - Setting next_dagrun for latest_only to 2026-08-12 00:00:00+00:00, run_after=2026-08-12 04:00:00+00:00
[2026-08-12T04:44:12.310+0000] {processor.py:208} INFO - Processing /home/airflow/.local/lib/python3.12/site-packages/airflow/example_dags/example_latest_only.py took 0.063 seconds
[2026-08-12T04:44:43.122+0000] {processor.py:186} INFO - Started process (PID=1584) to work on /home/airflow/.local/lib/python3.12/site-packages/airflow/example_dags/example_latest_only.py
[2026-08-12T04:44:43.123+0000] {processor.py:914} INFO - Processing file /home/airflow/.local/lib/python3.12/site-packages/airflow/example_dags/example_latest_only.py for tasks to queue
[2026-08-12T04:44:43.125+0000] {logging_mixin.py:190} INFO - [2026-08-12T04:44:43.124+0000] {dagbag.py:587} INFO - Filling up the DagBag from /home/airflow/.local/lib/python3.12/site-packages/airflow/example_dags/example_latest_only.py
[2026-08-12T04:44:43.131+0000] {processor.py:925} INFO - DAG(s) 'latest_only' retrieved from /home/airflow/.local/lib/python3.12/site-packages/airflow/example_dags/example_latest_only.py
[2026-08-12T04:44:43.147+0000] {logging_mixin.py:190} INFO - [2026-08-12T04:44:43.146+0000] {dag.py:3211} INFO - Sync 1 DAGs
[2026-08-12T04:44:43.163+0000] {logging_mixin.py:190} INFO - [2026-08-12T04:44:43.163+0000] {dag.py:4138} INFO - Setting next_dagrun for latest_only to 2026-08-12 00:00:00+00:00, run_after=2026-08-12 04:00:00+00:00
[2026-08-12T04:44:43.177+0000] {processor.py:208} INFO - Processing /home/airflow/.local/lib/python3.12/site-packages/airflow/example_dags/example_latest_only.py took 0.060 seconds
[2026-08-12T04:45:14.494+0000] {processor.py:186} INFO - Started process (PID=1646) to work on /home/airflow/.local/lib/python3.12/site-packages/airflow/example_dags/example_latest_only.py
[2026-08-12T04:45:14.495+0000] {processor.py:914} INFO - Processing file /home/airflow/.local/lib/python3.12/site-packages/airflow/example_dags/example_latest_only.py for tasks to queue
[2026-08-12T04:45:14.497+0000] {logging_mixin.py:190} INFO - [2026-08-12T04:45:14.497+0000] {dagbag.py:587} INFO - Filling up the DagBag from /home/airflow/.local/lib/python3.12/site-packages/airflow/example_dags/example_latest_only.py
[2026-08-12T04:45:14.507+0000] {processor.py:925} INFO - DAG(s) 'latest_only' retrieved from /home/airflow/.local/lib/python3.12/site-packages/airflow/example_dags/example_latest_only.py
[2026-08-12T04:45:14.521+0000] {logging_mixin.py:190} INFO - [2026-08-12T04:45:14.521+0000] {dag.py:3211} INFO - Sync 1 DAGs
[2026-08-12T04:45:14.538+0000] {logging_mixin.py:190} INFO - [2026-08-12T04:45:14.538+0000] {dag.py:4138} INFO - Setting next_dagrun for latest_only to 2026-08-12 00:00:00+00:00, run_after=2026-08-12 04:00:00+00:00
[2026-08-12T04:45:14.551+0000] {processor.py:208} INFO - Processing /home/airflow/.local/lib/python3.12/site-packages/airflow/example_dags/example_latest_only.py took 0.061 seconds
[2026-08-12T04:45:44.904+0000] {processor.py:186} INFO - Started process (PID=1708) to work on /home/airflow/.local/lib/python3.12/site-packages/airflow/example_dags/example_latest_only.py
[2026-08-12T04:45:44.905+0000] {processor.py:914} INFO - Processing file /home/airflow/.local/lib/python3.12/site-packages/airflow/example_dags/example_latest_only.py for tasks to queue
[2026-08-12T04:45:44.908+0000] {logging_mixin.py:190} INFO - [2026-08-12T04:45:44.908+0000] {dagbag.py:587} INFO - Filling up the DagBag from /home/airflow/.local/lib/python3.12/site-packages/airflow/example_dags/example_latest_only.py
[2026-08-12T04:45:44.914+0000] {processor.py:925} INFO - DAG(s) 'latest_only' retrieved from /home/airflow/.local/lib/python3.12/site-packages/airflow/example_dags/example_latest_only.py
[2026-08-12T04:45:44.928+0000] {logging_mixin.py:190} INFO - [2026-08-12T04:45:44.928+0000] {dag.py:3211} INFO - Sync 1 DAGs
[2026-08-12T04:45:44.944+0000] {logging_mixin.py:190} INFO - [2026-08-12T04:45:44.944+0000] {dag.py:4138} INFO - Setting next_dagrun for latest_only to 2026-08-12 00:00:00+00:00, run_after=2026-08-12 04:00:00+00:00
[2026-08-12T04:45:44.957+0000] {processor.py:208} INFO - Processing /home/airflow/.local/lib/python3.12/site-packages/airflow/example_dags/example_latest_only.py took 0.057 seconds
[2026-08-12T04:46:15.043+0000] {processor.py:186} INFO - Started process (PID=1770) to work on /home/airflow/.local/lib/python3.12/site-packages/airflow/example_dags/example_latest_only.py
[2026-08-12T04:46:15.044+0000] {processor.py:914} INFO - Processing file /home/airflow/.local/lib/python3.12/site-packages/airflow/example_dags/example_latest_only.py for tasks to queue
[2026-08-12T04:46:15.046+0000] {logging_mixin.py:190} INFO - [2026-08-12T04:46:15.046+0000] {dagbag.py:587} INFO - Filling up the DagBag from /home/airflow/.local/lib/python3.12/site-packages/airflow/example_dags/example_latest_only.py
[2026-08-12T04:46:15.052+0000] {processor.py:925} INFO - DAG(s) 'latest_only' retrieved from /home/airflow/.local/lib/python3.12/site-packages/airflow/example_dags/example_latest_only.py
[2026-08-12T04:46:15.066+0000] {logging_mixin.py:190} INFO - [2026-08-12T04:46:15.066+0000] {dag.py:3211} INFO - Sync 1 DAGs
[2026-08-12T04:46:15.084+0000] {logging_mixin.py:190} INFO - [2026-08-12T04:46:15.083+0000] {dag.py:4138} INFO - Setting next_dagrun for latest_only to 2026-08-12 00:00:00+00:00, run_after=2026-08-12 04:00:00+00:00
[2026-08-12T04:46:15.096+0000] {processor.py:208} INFO - Processing /home/airflow/.local/lib/python3.12/site-packages/airflow/example_dags/example_latest_only.py took 0.059 seconds
[2026-08-12T04:46:45.289+0000] {processor.py:186} INFO - Started process (PID=1832) to work on /home/airflow/.local/lib/python3.12/site-packages/airflow/example_dags/example_latest_only.py
[2026-08-12T04:46:45.290+0000] {processor.py:914} INFO - Processing file /home/airflow/.local/lib/python3.12/site-packages/airflow/example_dags/example_latest_only.py for tasks to queue
[2026-08-12T04:46:45.293+0000] {logging_mixin.py:190} INFO - [2026-08-12T04:46:45.293+0000] {dagbag.py:587} INFO - Filling up the DagBag from /home/airflow/.local/lib/python3.12/site-packages/airflow/example_dags/example_latest_only.py
[2026-08-12T04:46:45.299+0000] {processor.py:925} INFO - DAG(s) 'latest_only' retrieved from /home/airflow/.local/lib/python3.12/site-packages/airflow/example_dags/example_latest_only.py
[2026-08-12T04:46:45.312+0000] {logging_mixin.py:190} INFO - [2026-08-12T04:46:45.312+0000] {dag.py:3211} INFO - Sync 1 DAGs
[2026-08-12T04:46:45.327+0000] {logging_mixin.py:190} INFO - [2026-08-12T04:46:45.327+0000] {dag.py:4138} INFO - Setting next_dagrun for latest_only to 2026-08-12 00:00:00+00:00, run_after=2026-08-12 04:00:00+00:00
[2026-08-12T04:46:45.339+0000] {processor.py:208} INFO - Processing /home/airflow/.local/lib/python3.12/site-packages/airflow/example_dags/example_latest_only.py took 0.054 seconds
[2026-08-12T04:47:15.682+0000] {processor.py:186} INFO - Started process (PID=1894) to work on /home/airflow/.local/lib/python3.12/site-packages/airflow/example_dags/example_latest_only.py
[2026-08-12T04:47:15.683+0000] {processor.py:914} INFO - Processing file /home/airflow/.local/lib/python3.12/site-packages/airflow/example_dags/example_latest_only.py for tasks to queue
[2026-08-12T04:47:15.685+0000] {logging_mixin.py:190} INFO - [2026-08-12T04:47:15.685+0000] {dagbag.py:587} INFO - Filling up the DagBag from /home/airflow/.local/lib/python3.12/site-packages/airflow/example_dags/example_latest_only.py
[2026-08-12T04:47:15.690+0000] {processor.py:925} INFO - DAG(s) 'latest_only' retrieved from /home/airflow/.local/lib/python3.12/site-packages/airflow/example_dags/example_latest_only.py
[2026-08-12T04:47:15.706+0000] {logging_mixin.py:190} INFO - [2026-08-12T04:47:15.706+0000] {dag.py:3211} INFO - Sync 1 DAGs
[2026-08-12T04:47:15.722+0000] {logging_mixin.py:190} INFO - [2026-08-12T04:47:15.721+0000] {dag.py:4138} INFO - Setting next_dagrun for latest_only to 2026-08-12 00:00:00+00:00, run_after=2026-08-12 04:00:00+00:00
[2026-08-12T04:47:15.737+0000] {processor.py:208} INFO - Processing /home/airflow/.local/lib/python3.12/site-packages/airflow/example_dags/example_latest_only.py took 0.059 seconds
[2026-08-12T04:47:46.017+0000] {processor.py:186} INFO - Started process (PID=1958) to work on /home/airflow/.local/lib/python3.12/site-packages/airflow/example_dags/example_latest_only.py
[2026-08-12T04:47:46.018+0000] {processor.py:914} INFO - Processing file /home/airflow/.local/lib/python3.12/site-packages/airflow/example_dags/example_latest_only.py for tasks to queue
[2026-08-12T04:47:46.021+0000] {logging_mixin.py:190} INFO - [2026-08-12T04:47:46.020+0000] {dagbag.py:587} INFO - Filling up the DagBag from /home/airflow/.local/lib/python3.12/site-packages/airflow/example_dags/example_latest_only.py
[2026-08-12T04:47:46.028+0000] {processor.py:925} INFO - DAG(s) 'latest_only' retrieved from /home/airflow/.local/lib/python3.12/site-packages/airflow/example_dags/example_latest_only.py
[2026-08-12T04:47:46.043+0000] {logging_mixin.py:190} INFO - [2026-08-12T04:47:46.043+0000] {dag.py:3211} INFO - Sync 1 DAGs
[2026-08-12T04:47:46.061+0000] {logging_mixin.py:190} INFO - [2026-08-12T04:47:46.061+0000] {dag.py:4138} INFO - Setting next_dagrun for latest_only to 2026-08-12 00:00:00+00:00, run_after=2026-08-12 04:00:00+00:00
[2026-08-12T04:47:46.073+0000] {processor.py:208} INFO - Processing /home/airflow/.local/lib/python3.12/site-packages/airflow/example_dags/example_latest_only.py took 0.060 seconds
[2026-08-12T04:48:16.422+0000] {processor.py:186} INFO - Started process (PID=2022) to work on /home/airflow/.local/lib/python3.12/site-packages/airflow/example_dags/example_latest_only.py
[2026-08-12T04:48:16.424+0000] {processor.py:914} INFO - Processing file /home/airflow/.local/lib/python3.12/site-packages/airflow/example_dags/example_latest_only.py for tasks to queue
[2026-08-12T04:48:16.426+0000] {logging_mixin.py:190} INFO - [2026-08-12T04:48:16.426+0000] {dagbag.py:587} INFO - Filling up the DagBag from /home/airflow/.local/lib/python3.12/site-packages/airflow/example_dags/example_latest_only.py
[2026-08-12T04:48:16.433+0000] {processor.py:925} INFO - DAG(s) 'latest_only' retrieved from /home/airflow/.local/lib/python3.12/site-packages/airflow/example_dags/example_latest_only.py
[2026-08-12T04:48:16.450+0000] {logging_mixin.py:190} INFO - [2026-08-12T04:48:16.450+0000] {dag.py:3211} INFO - Sync 1 DAGs
[2026-08-12T04:48:16.469+0000] {logging_mixin.py:190} INFO - [2026-08-12T04:48:16.469+0000] {dag.py:4138} INFO - Setting next_dagrun for latest_only to 2026-08-12 00:00:00+00:00, run_after=2026-08-12 04:00:00+00:00
[2026-08-12T04:48:16.484+0000] {processor.py:208} INFO - Processing /home/airflow/.local/lib/python3.12/site-packages/airflow/example_dags/example_latest_only.py took 0.068 seconds
[2026-08-12T04:48:46.796+0000] {processor.py:186} INFO - Started process (PID=2086) to work on /home/airflow/.local/lib/python3.12/site-packages/airflow/example_dags/example_latest_only.py
[2026-08-12T04:48:46.798+0000] {processor.py:914} INFO - Processing file /home/airflow/.local/lib/python3.12/site-packages/airflow/example_dags/example_latest_only.py for tasks to queue
[2026-08-12T04:48:46.800+0000] {logging_mixin.py:190} INFO - [2026-08-12T04:48:46.799+0000] {dagbag.py:587} INFO - Filling up the DagBag from /home/airflow/.local/lib/python3.12/site-packages/airflow/example_dags/example_latest_only.py
[2026-08-12T04:48:46.805+0000] {processor.py:925} INFO - DAG(s) 'latest_only' retrieved from /home/airflow/.local/lib/python3.12/site-packages/airflow/example_dags/example_latest_only.py
[2026-08-12T04:48:46.819+0000] {logging_mixin.py:190} INFO - [2026-08-12T04:48:46.819+0000] {dag.py:3211} INFO - Sync 1 DAGs
[2026-08-12T04:48:46.837+0000] {logging_mixin.py:190} INFO - [2026-08-12T04:48:46.836+0000] {dag.py:4138} INFO - Setting next_dagrun for latest_only to 2026-08-12 00:00:00+00:00, run_after=2026-08-12 04:00:00+00:00
[2026-08-12T04:48:46.850+0000] {processor.py:208} INFO - Processing /home/airflow/.local/lib/python3.12/site-packages/airflow/example_dags/example_latest_only.py took 0.058 seconds
[2026-08-12T04:49:16.995+0000] {processor.py:186} INFO - Started process (PID=2149) to work on /home/airflow/.local/lib/python3.12/site-packages/airflow/example_dags/example_latest_only.py
[2026-08-12T04:49:16.996+0000] {processor.py:914} INFO - Processing file /home/airflow/.local/lib/python3.12/site-packages/airflow/example_dags/example_latest_only.py for tasks to queue
[2026-08-12T04:49:16.998+0000] {logging_mixin.py:190} INFO - [2026-08-12T04:49:16.998+0000] {dagbag.py:587} INFO - Filling up the DagBag from /home/airflow/.local/lib/python3.12/site-packages/airflow/example_dags/example_latest_only.py
[2026-08-12T04:49:17.003+0000] {processor.py:925} INFO - DAG(s) 'latest_only' retrieved from /home/airflow/.local/lib/python3.12/site-packages/airflow/example_dags/example_latest_only.py
[2026-08-12T04:49:17.021+0000] {logging_mixin.py:190} INFO - [2026-08-12T04:49:17.020+0000] {dag.py:3211} INFO - Sync 1 DAGs
[2026-08-12T04:49:17.039+0000] {logging_mixin.py:190} INFO - [2026-08-12T04:49:17.039+0000] {dag.py:4138} INFO - Setting next_dagrun for latest_only to 2026-08-12 00:00:00+00:00, run_after=2026-08-12 04:00:00+00:00
[2026-08-12T04:49:17.051+0000] {processor.py:208} INFO - Processing /home/airflow/.local/lib/python3.12/site-packages/airflow/example_dags/example_latest_only.py took 0.061 seconds
[2026-08-12T04:49:47.902+0000] {processor.py:186} INFO - Started process (PID=2212) to work on /home/airflow/.local/lib/python3.12/site-packages/airflow/example_dags/example_latest_only.py
[2026-08-12T04:49:47.903+0000] {processor.py:914} INFO - Processing file /home/airflow/.local/lib/python3.12/site-packages/airflow/example_dags/example_latest_only.py for tasks to queue
[2026-08-12T04:49:47.905+0000] {logging_mixin.py:190} INFO - [2026-08-12T04:49:47.905+0000] {dagbag.py:587} INFO - Filling up the DagBag from /home/airflow/.local/lib/python3.12/site-packages/airflow/example_dags/example_latest_only.py
[2026-08-12T04:49:47.911+0000] {processor.py:925} INFO - DAG(s) 'latest_only' retrieved from /home/airflow/.local/lib/python3.12/site-packages/airflow/example_dags/example_latest_only.py
[2026-08-12T04:49:47.925+0000] {logging_mixin.py:190} INFO - [2026-08-12T04:49:47.925+0000] {dag.py:3211} INFO - Sync 1 DAGs
[2026-08-12T04:49:47.942+0000] {logging_mixin.py:190} INFO - [2026-08-12T04:49:47.942+0000] {dag.py:4138} INFO - Setting next_dagrun for latest_only to 2026-08-12 00:00:00+00:00, run_after=2026-08-12 04:00:00+00:00
[2026-08-12T04:49:47.955+0000] {processor.py:208} INFO - Processing /home/airflow/.local/lib/python3.12/site-packages/airflow/example_dags/example_latest_only.py took 0.058 seconds
[2026-08-12T04:50:18.580+0000] {processor.py:186} INFO - Started process (PID=2276) to work on /home/airflow/.local/lib/python3.12/site-packages/airflow/example_dags/example_latest_only.py
[2026-08-12T04:50:18.581+0000] {processor.py:914} INFO - Processing file /home/airflow/.local/lib/python3.12/site-packages/airflow/example_dags/example_latest_only.py for tasks to queue
[2026-08-12T04:50:18.583+0000] {logging_mixin.py:190} INFO - [2026-08-12T04:50:18.583+0000] {dagbag.py:587} INFO - Filling up the DagBag from /home/airflow/.local/lib/python3.12/site-packages/airflow/example_dags/example_latest_only.py
[2026-08-12T04:50:18.589+0000] {processor.py:925} INFO - DAG(s) 'latest_only' retrieved from /home/airflow/.local/lib/python3.12/site-packages/airflow/example_dags/example_latest_only.py
[2026-08-12T04:50:18.606+0000] {logging_mixin.py:190} INFO - [2026-08-12T04:50:18.605+0000] {dag.py:3211} INFO - Sync 1 DAGs
[2026-08-12T04:50:18.622+0000] {logging_mixin.py:190} INFO - [2026-08-12T04:50:18.621+0000] {dag.py:4138} INFO - Setting next_dagrun for latest_only to 2026-08-12 00:00:00+00:00, run_after=2026-08-12 04:00:00+00:00
[2026-08-12T04:50:18.634+0000] {processor.py:208} INFO - Processing /home/airflow/.local/lib/python3.12/site-packages/airflow/example_dags/example_latest_only.py took 0.059 seconds
[2026-08-12T04:50:48.959+0000] {processor.py:186} INFO - Started process (PID=2343) to work on /home/airflow/.local/lib/python3.12/site-packages/airflow/example_dags/example_latest_only.py
[2026-08-12T04:50:48.960+0000] {processor.py:914} INFO - Processing file /home/airflow/.local/lib/python3.12/site-packages/airflow/example_dags/example_latest_only.py for tasks to queue
[2026-08-12T04:50:48.962+0000] {logging_mixin.py:190} INFO - [2026-08-12T04:50:48.962+0000] {dagbag.py:587} INFO - Filling up the DagBag from /home/airflow/.local/lib/python3.12/site-packages/airflow/example_dags/example_latest_only.py
[2026-08-12T04:50:48.969+0000] {processor.py:925} INFO - DAG(s) 'latest_only' retrieved from /home/airflow/.local/lib/python3.12/site-packages/airflow/example_dags/example_latest_only.py
[2026-08-12T04:50:48.983+0000] {logging_mixin.py:190} INFO - [2026-08-12T04:50:48.983+0000] {dag.py:3211} INFO - Sync 1 DAGs
[2026-08-12T04:50:48.998+0000] {logging_mixin.py:190} INFO - [2026-08-12T04:50:48.998+0000] {dag.py:4138} INFO - Setting next_dagrun for latest_only to 2026-08-12 00:00:00+00:00, run_after=2026-08-12 04:00:00+00:00
[2026-08-12T04:50:49.011+0000] {processor.py:208} INFO - Processing /home/airflow/.local/lib/python3.12/site-packages/airflow/example_dags/example_latest_only.py took 0.057 seconds
[2026-08-12T04:51:19.515+0000] {processor.py:186} INFO - Started process (PID=2406) to work on /home/airflow/.local/lib/python3.12/site-packages/airflow/example_dags/example_latest_only.py
[2026-08-12T04:51:19.517+0000] {processor.py:914} INFO - Processing file /home/airflow/.local/lib/python3.12/site-packages/airflow/example_dags/example_latest_only.py for tasks to queue
[2026-08-12T04:51:19.519+0000] {logging_mixin.py:190} INFO - [2026-08-12T04:51:19.519+0000] {dagbag.py:587} INFO - Filling up the DagBag from /home/airflow/.local/lib/python3.12/site-packages/airflow/example_dags/example_latest_only.py
[2026-08-12T04:51:19.524+0000] {processor.py:925} INFO - DAG(s) 'latest_only' retrieved from /home/airflow/.local/lib/python3.12/site-packages/airflow/example_dags/example_latest_only.py
[2026-08-12T04:51:19.539+0000] {logging_mixin.py:190} INFO - [2026-08-12T04:51:19.539+0000] {dag.py:3211} INFO - Sync 1 DAGs
[2026-08-12T04:51:19.556+0000] {logging_mixin.py:190} INFO - [2026-08-12T04:51:19.556+0000] {dag.py:4138} INFO - Setting next_dagrun for latest_only to 2026-08-12 00:00:00+00:00, run_after=2026-08-12 04:00:00+00:00
[2026-08-12T04:51:19.570+0000] {processor.py:208} INFO - Processing /home/airflow/.local/lib/python3.12/site-packages/airflow/example_dags/example_latest_only.py took 0.059 seconds
