[2026-08-12T04:30:16.362+0000] {processor.py:186} INFO - Started process (PID=75) to work on /home/airflow/.local/lib/python3.12/site-packages/airflow/example_dags/example_sla_dag.py
[2026-08-12T04:30:16.363+0000] {processor.py:914} INFO - Processing file /home/airflow/.local/lib/python3.12/site-packages/airflow/example_dags/example_sla_dag.py for tasks to queue
[2026-08-12T04:30:16.365+0000] {logging_mixin.py:190} INFO - [2026-08-12T04:30:16.365+0000] {dagbag.py:587} INFO - Filling up the DagBag from /home/airflow/.local/lib/python3.12/site-packages/airflow/example_dags/example_sla_dag.py
[2026-08-12T04:30:16.374+0000] {processor.py:925} INFO - DAG(s) 'example_sla_dag' retrieved from /home/airflow/.local/lib/python3.12/site-packages/airflow/example_dags/example_sla_dag.py
[2026-08-12T04:30:16.453+0000] {logging_mixin.py:190} INFO - [2026-08-12T04:30:16.452+0000] {override.py:1858} INFO - Created Permission View: can delete on DAG:example_sla_dag
[2026-08-12T04:30:16.460+0000] {logging_mixin.py:190} INFO - [2026-08-12T04:30:16.460+0000] {override.py:1858} INFO - Created Permission View: can read on DAG:example_sla_dag
[2026-08-12T04:30:16.464+0000] {logging_mixin.py:190} INFO - [2026-08-12T04:30:16.464+0000] {override.py:1858} INFO - Created Permission View: can edit on DAG:example_sla_dag
[2026-08-12T04:30:16.465+0000] {logging_mixin.py:190} INFO - [2026-08-12T04:30:16.465+0000] {dag.py:3211} INFO - Sync 1 DAGs
[2026-08-12T04:30:16.474+0000] {logging_mixin.py:190} INFO - [2026-08-12T04:30:16.474+0000] {dag.py:3234} INFO - Creating ORM DAG for example_sla_dag
[2026-08-12T04:30:16.485+0000] {logging_mixin.py:190} INFO - [2026-08-12T04:30:16.485+0000] {dag.py:4138} INFO - Setting next_dagrun for example_sla_dag to 2026-08-12 04:28:00+00:00, run_after=2026-08-12 04:30:00+00:00
[2026-08-12T04:30:16.496+0000] {processor.py:208} INFO - Processing /home/airflow/.local/lib/python3.12/site-packages/airflow/example_dags/example_sla_dag.py took 0.138 seconds
[2026-08-12T04:30:46.849+0000] {processor.py:186} INFO - Started process (PID=137) to work on /home/airflow/.local/lib/python3.12/site-packages/airflow/example_dags/example_sla_dag.py
[2026-08-12T04:30:46.850+0000] {processor.py:914} INFO - Processing file /home/airflow/.local/lib/python3.12/site-packages/airflow/example_dags/example_sla_dag.py for tasks to queue
[2026-08-12T04:30:46.852+0000] {logging_mixin.py:190} INFO - [2026-08-12T04:30:46.851+0000] {dagbag.py:587} INFO - Filling up the DagBag from /home/airflow/.local/lib/python3.12/site-packages/airflow/example_dags/example_sla_dag.py
[2026-08-12T04:30:46.859+0000] {processor.py:925} INFO - DAG(s) 'example_sla_dag' retrieved from /home/airflow/.local/lib/python3.12/site-packages/airflow/example_dags/example_sla_dag.py
[2026-08-12T04:30:46.872+0000] {logging_mixin.py:190} INFO - [2026-08-12T04:30:46.872+0000] {dag.py:3211} INFO - Sync 1 DAGs
[2026-08-12T04:30:46.888+0000] {logging_mixin.py:190} INFO - [2026-08-12T04:30:46.887+0000] {dag.py:4138} INFO - Setting next_dagrun for example_sla_dag to 2026-08-12 04:28:00+00:00, run_after=2026-08-12 04:30:00+00:00
[2026-08-12T04:30:46.900+0000] {processor.py:208} INFO - Processing /home/airflow/.local/lib/python3.12/site-packages/airflow/example_dags/example_sla_dag.py took 0.055 seconds
[2026-08-12T04:31:17.855+0000] {processor.py:186} INFO - Started process (PID=199) to work on /home/airflow/.local/lib/python3.12/site-packages/airflow/example_dags/example_sla_dag.py
[2026-08-12T04:31:17.856+0000] {processor.py:914} INFO - Processing file /home/airflow/.local/lib/python3.12/site-packages/airflow/example_dags/example_sla_dag.py for tasks to queue
[2026-08-12T04:31:17.858+0000] {logging_mixin.py:190} INFO - [2026-08-12T04:31:17.858+0000] {dagbag.py:587} INFO - Filling up the DagBag from /home/airflow/.local/lib/python3.12/site-packages/airflow/example_dags/example_sla_dag.py
[2026-08-12T04:31:17.866+0000] {processor.py:925} INFO - DAG(s) 'example_sla_dag' retrieved from /home/airflow/.local/lib/python3.12/site-packages/airflow/example_dags/example_sla_dag.py
[2026-08-12T04:31:17.882+0000] {logging_mixin.py:190} INFO - [2026-08-12T04:31:17.882+0000] {dag.py:3211} INFO - Sync 1 DAGs
[2026-08-12T04:31:17.901+0000] {logging_mixin.py:190} INFO - [2026-08-12T04:31:17.900+0000] {dag.py:4138} INFO - Setting next_dagrun for example_sla_dag to 2026-08-12 04:28:00+00:00, run_after=2026-08-12 04:30:00+00:00
[2026-08-12T04:31:17.915+0000] {processor.py:208} INFO - Processing /home/airflow/.local/lib/python3.12/site-packages/airflow/example_dags/example_sla_dag.py took 0.065 seconds
[2026-08-12T04:32:26.862+0000] {processor.py:186} INFO - Started process (PID=63) to work on /home/airflow/.local/lib/python3.12/site-packages/airflow/example_dags/example_sla_dag.py
[2026-08-12T04:32:26.863+0000] {processor.py:914} INFO - Processing file /home/airflow/.local/lib/python3.12/site-packages/airflow/example_dags/example_sla_dag.py for tasks to queue
[2026-08-12T04:32:26.865+0000] {logging_mixin.py:190} INFO - [2026-08-12T04:32:26.865+0000] {dagbag.py:587} INFO - Filling up the DagBag from /home/airflow/.local/lib/python3.12/site-packages/airflow/example_dags/example_sla_dag.py
[2026-08-12T04:32:26.872+0000] {processor.py:925} INFO - DAG(s) 'example_sla_dag' retrieved from /home/airflow/.local/lib/python3.12/site-packages/airflow/example_dags/example_sla_dag.py
[2026-08-12T04:32:26.888+0000] {logging_mixin.py:190} INFO - [2026-08-12T04:32:26.887+0000] {dag.py:3211} INFO - Sync 1 DAGs
[2026-08-12T04:32:26.904+0000] {logging_mixin.py:190} INFO - [2026-08-12T04:32:26.904+0000] {dag.py:4138} INFO - Setting next_dagrun for example_sla_dag to 2026-08-12 04:30:00+00:00, run_after=2026-08-12 04:32:00+00:00
[2026-08-12T04:32:26.915+0000] {processor.py:208} INFO - Processing /home/airflow/.local/lib/python3.12/site-packages/airflow/example_dags/example_sla_dag.py took 0.057 seconds
[2026-08-12T04:32:58.012+0000] {processor.py:186} INFO - Started process (PID=132) to work on /home/airflow/.local/lib/python3.12/site-packages/airflow/example_dags/example_sla_dag.py
[2026-08-12T04:32:58.013+0000] {processor.py:914} INFO - Processing file /home/airflow/.local/lib/python3.12/site-packages/airflow/example_dags/example_sla_dag.py for tasks to queue
[2026-08-12T04:32:58.015+0000] {logging_mixin.py:190} INFO - [2026-08-12T04:32:58.015+0000] {dagbag.py:587} INFO - Filling up the DagBag from /home/airflow/.local/lib/python3.12/site-packages/airflow/example_dags/example_sla_dag.py
[2026-08-12T04:32:58.023+0000] {processor.py:925} INFO - DAG(s) 'example_sla_dag' retrieved from /home/airflow/.local/lib/python3.12/site-packages/airflow/example_dags/example_sla_dag.py
[2026-08-12T04:32:58.038+0000] {logging_mixin.py:190} INFO - [2026-08-12T04:32:58.037+0000] {dag.py:3211} INFO - Sync 1 DAGs
[2026-08-12T04:32:58.053+0000] {logging_mixin.py:190} INFO - [2026-08-12T04:32:58.053+0000] {dag.py:4138} INFO - Setting next_dagrun for example_sla_dag to 2026-08-12 04:30:00+00:00, run_after=2026-08-12 04:32:00+00:00
[2026-08-12T04:32:58.067+0000] {processor.py:208} INFO - Processing /home/airflow/.local/lib/python3.12/site-packages/airflow/example_dags/example_sla_dag.py took 0.059 seconds
[2026-08-12T04:33:28.696+0000] {processor.py:186} INFO - Started process (PID=194) to work on /home/airflow/.local/lib/python3.12/site-packages/airflow/example_dags/example_sla_dag.py
[2026-08-12T04:33:28.698+0000] {processor.py:914} INFO - Processing file /home/airflow/.local/lib/python3.12/site-packages/airflow/example_dags/example_sla_dag.py for tasks to queue
[2026-08-12T04:33:28.700+0000] {logging_mixin.py:190} INFO - [2026-08-12T04:33:28.699+0000] {dagbag.py:587} INFO - Filling up the DagBag from /home/airflow/.local/lib/python3.12/site-packages/airflow/example_dags/example_sla_dag.py
[2026-08-12T04:33:28.707+0000] {processor.py:925} INFO - DAG(s) 'example_sla_dag' retrieved from /home/airflow/.local/lib/python3.12/site-packages/airflow/example_dags/example_sla_dag.py
[2026-08-12T04:33:28.723+0000] {logging_mixin.py:190} INFO - [2026-08-12T04:33:28.723+0000] {dag.py:3211} INFO - Sync 1 DAGs
[2026-08-12T04:33:28.740+0000] {logging_mixin.py:190} INFO - [2026-08-12T04:33:28.739+0000] {dag.py:4138} INFO - Setting next_dagrun for example_sla_dag to 2026-08-12 04:30:00+00:00, run_after=2026-08-12 04:32:00+00:00
[2026-08-12T04:33:28.753+0000] {processor.py:208} INFO - Processing /home/airflow/.local/lib/python3.12/site-packages/airflow/example_dags/example_sla_dag.py took 0.061 seconds
[2026-08-12T04:33:59.875+0000] {processor.py:186} INFO - Started process (PID=256) to work on /home/airflow/.local/lib/python3.12/site-packages/airflow/example_dags/example_sla_dag.py
[2026-08-12T04:33:59.876+0000] {processor.py:914} INFO - Processing file /home/airflow/.local/lib/python3.12/site-packages/airflow/example_dags/example_sla_dag.py for tasks to queue
[2026-08-12T04:33:59.878+0000] {logging_mixin.py:190} INFO - [2026-08-12T04:33:59.878+0000] {dagbag.py:587} INFO - Filling up the DagBag from /home/airflow/.local/lib/python3.12/site-packages/airflow/example_dags/example_sla_dag.py
[2026-08-12T04:33:59.886+0000] {processor.py:925} INFO - DAG(s) 'example_sla_dag' retrieved from /home/airflow/.local/lib/python3.12/site-packages/airflow/example_dags/example_sla_dag.py
[2026-08-12T04:33:59.900+0000] {logging_mixin.py:190} INFO - [2026-08-12T04:33:59.900+0000] {dag.py:3211} INFO - Sync 1 DAGs
[2026-08-12T04:33:59.917+0000] {logging_mixin.py:190} INFO - [2026-08-12T04:33:59.917+0000] {dag.py:4138} INFO - Setting next_dagrun for example_sla_dag to 2026-08-12 04:30:00+00:00, run_after=2026-08-12 04:32:00+00:00
[2026-08-12T04:33:59.930+0000] {processor.py:208} INFO - Processing /home/airflow/.local/lib/python3.12/site-packages/airflow/example_dags/example_sla_dag.py took 0.060 seconds
[2026-08-12T04:34:30.219+0000] {processor.py:186} INFO - Started process (PID=318) to work on /home/airflow/.local/lib/python3.12/site-packages/airflow/example_dags/example_sla_dag.py
[2026-08-12T04:34:30.220+0000] {processor.py:914} INFO - Processing file /home/airflow/.local/lib/python3.12/site-packages/airflow/example_dags/example_sla_dag.py for tasks to queue
[2026-08-12T04:34:30.222+0000] {logging_mixin.py:190} INFO - [2026-08-12T04:34:30.222+0000] {dagbag.py:587} INFO - Filling up the DagBag from /home/airflow/.local/lib/python3.12/site-packages/airflow/example_dags/example_sla_dag.py
[2026-08-12T04:34:30.230+0000] {processor.py:925} INFO - DAG(s) 'example_sla_dag' retrieved from /home/airflow/.local/lib/python3.12/site-packages/airflow/example_dags/example_sla_dag.py
[2026-08-12T04:34:30.245+0000] {logging_mixin.py:190} INFO - [2026-08-12T04:34:30.245+0000] {dag.py:3211} INFO - Sync 1 DAGs
[2026-08-12T04:34:30.263+0000] {logging_mixin.py:190} INFO - [2026-08-12T04:34:30.263+0000] {dag.py:4138} INFO - Setting next_dagrun for example_sla_dag to 2026-08-12 04:32:00+00:00, run_after=2026-08-12 04:34:00+00:00
[2026-08-12T04:34:30.277+0000] {processor.py:208} INFO - Processing /home/airflow/.local/lib/python3.12/site-packages/airflow/example_dags/example_sla_dag.py took 0.063 seconds
[2026-08-12T04:35:00.359+0000] {processor.py:186} INFO - Started process (PID=379) to work on /home/airflow/.local/lib/python3.12/site-packages/airflow/example_dags/example_sla_dag.py
[2026-08-12T04:35:00.360+0000] {processor.py:914} INFO - Processing file /home/airflow/.local/lib/python3.12/site-packages/airflow/example_dags/example_sla_dag.py for tasks to queue
[2026-08-12T04:35:00.362+0000] {logging_mixin.py:190} INFO - [2026-08-12T04:35:00.362+0000] {dagbag.py:587} INFO - Filling up the DagBag from /home/airflow/.local/lib/python3.12/site-packages/airflow/example_dags/example_sla_dag.py
[2026-08-12T04:35:00.370+0000] {processor.py:925} INFO - DAG(s) 'example_sla_dag' retrieved from /home/airflow/.local/lib/python3.12/site-packages/airflow/example_dags/example_sla_dag.py
[2026-08-12T04:35:00.384+0000] {logging_mixin.py:190} INFO - [2026-08-12T04:35:00.384+0000] {dag.py:3211} INFO - Sync 1 DAGs
[2026-08-12T04:35:00.402+0000] {logging_mixin.py:190} INFO - [2026-08-12T04:35:00.402+0000] {dag.py:4138} INFO - Setting next_dagrun for example_sla_dag to 2026-08-12 04:32:00+00:00, run_after=2026-08-12 04:34:00+00:00
[2026-08-12T04:35:00.417+0000] {processor.py:208} INFO - Processing /home/airflow/.local/lib/python3.12/site-packages/airflow/example_dags/example_sla_dag.py took 0.062 seconds
[2026-08-12T04:35:30.676+0000] {processor.py:186} INFO - Started process (PID=441) to work on /home/airflow/.local/lib/python3.12/site-packages/airflow/example_dags/example_sla_dag.py
[2026-08-12T04:35:30.677+0000] {processor.py:914} INFO - Processing file /home/airflow/.local/lib/python3.12/site-packages/airflow/example_dags/example_sla_dag.py for tasks to queue
[2026-08-12T04:35:30.679+0000] {logging_mixin.py:190} INFO - [2026-08-12T04:35:30.678+0000] {dagbag.py:587} INFO - Filling up the DagBag from /home/airflow/.local/lib/python3.12/site-packages/airflow/example_dags/example_sla_dag.py
[2026-08-12T04:35:30.686+0000] {processor.py:925} INFO - DAG(s) 'example_sla_dag' retrieved from /home/airflow/.local/lib/python3.12/site-packages/airflow/example_dags/example_sla_dag.py
[2026-08-12T04:35:30.700+0000] {logging_mixin.py:190} INFO - [2026-08-12T04:35:30.700+0000] {dag.py:3211} INFO - Sync 1 DAGs
[2026-08-12T04:35:30.718+0000] {logging_mixin.py:190} INFO - [2026-08-12T04:35:30.717+0000] {dag.py:4138} INFO - Setting next_dagrun for example_sla_dag to 2026-08-12 04:32:00+00:00, run_after=2026-08-12 04:34:00+00:00
[2026-08-12T04:35:30.730+0000] {processor.py:208} INFO - Processing /home/airflow/.local/lib/python3.12/site-packages/airflow/example_dags/example_sla_dag.py took 0.058 seconds
[2026-08-12T04:36:01.339+0000] {processor.py:186} INFO - Started process (PID=504) to work on /home/airflow/.local/lib/python3.12/site-packages/airflow/example_dags/example_sla_dag.py
[2026-08-12T04:36:01.340+0000] {processor.py:914} INFO - Processing file /home/airflow/.local/lib/python3.12/site-packages/airflow/example_dags/example_sla_dag.py for tasks to queue
[2026-08-12T04:36:01.342+0000] {logging_mixin.py:190} INFO - [2026-08-12T04:36:01.342+0000] {dagbag.py:587} INFO - Filling up the DagBag from /home/airflow/.local/lib/python3.12/site-packages/airflow/example_dags/example_sla_dag.py
[2026-08-12T04:36:01.349+0000] {processor.py:925} INFO - DAG(s) 'example_sla_dag' retrieved from /home/airflow/.local/lib/python3.12/site-packages/airflow/example_dags/example_sla_dag.py
[2026-08-12T04:36:01.364+0000] {logging_mixin.py:190} INFO - [2026-08-12T04:36:01.364+0000] {dag.py:3211} INFO - Sync 1 DAGs
[2026-08-12T04:36:01.382+0000] {logging_mixin.py:190} INFO - [2026-08-12T04:36:01.381+0000] {dag.py:4138} INFO - Setting next_dagrun for example_sla_dag to 2026-08-12 04:34:00+00:00, run_after=2026-08-12 04:36:00+00:00
[2026-08-12T04:36:01.393+0000] {processor.py:208} INFO - Processing /home/airflow/.local/lib/python3.12/site-packages/airflow/example_dags/example_sla_dag.py took 0.059 seconds
[2026-08-12T04:36:31.974+0000] {processor.py:186} INFO - Started process (PID=566) to work on /home/airflow/.local/lib/python3.12/site-packages/airflow/example_dags/example_sla_dag.py
[2026-08-12T04:36:31.974+0000] {processor.py:914} INFO - Processing file /home/airflow/.local/lib/python3.12/site-packages/airflow/example_dags/example_sla_dag.py for tasks to queue
[2026-08-12T04:36:31.976+0000] {logging_mixin.py:190} INFO - [2026-08-12T04:36:31.976+0000] {dagbag.py:587} INFO - Filling up the DagBag from /home/airflow/.local/lib/python3.12/site-packages/airflow/example_dags/example_sla_dag.py
[2026-08-12T04:36:31.984+0000] {processor.py:925} INFO - DAG(s) 'example_sla_dag' retrieved from /home/airflow/.local/lib/python3.12/site-packages/airflow/example_dags/example_sla_dag.py
[2026-08-12T04:36:31.998+0000] {logging_mixin.py:190} INFO - [2026-08-12T04:36:31.998+0000] {dag.py:3211} INFO - Sync 1 DAGs
[2026-08-12T04:36:32.016+0000] {logging_mixin.py:190} INFO - [2026-08-12T04:36:32.016+0000] {dag.py:4138} INFO - Setting next_dagrun for example_sla_dag to 2026-08-12 04:34:00+00:00, run_after=2026-08-12 04:36:00+00:00
[2026-08-12T04:36:32.029+0000] {processor.py:208} INFO - Processing /home/airflow/.local/lib/python3.12/site-packages/airflow/example_dags/example_sla_dag.py took 0.059 seconds
[2026-08-12T04:37:02.514+0000] {processor.py:186} INFO - Started process (PID=628) to work on /home/airflow/.local/lib/python3.12/site-packages/airflow/example_dags/example_sla_dag.py
[2026-08-12T04:37:02.515+0000] {processor.py:914} INFO - Processing file /home/airflow/.local/lib/python3.12/site-packages/airflow/example_dags/example_sla_dag.py for tasks to queue
[2026-08-12T04:37:02.517+0000] {logging_mixin.py:190} INFO - [2026-08-12T04:37:02.517+0000] {dagbag.py:587} INFO - Filling up the DagBag from /home/airflow/.local/lib/python3.12/site-packages/airflow/example_dags/example_sla_dag.py
[2026-08-12T04:37:02.524+0000] {processor.py:925} INFO - DAG(s) 'example_sla_dag' retrieved from /home/airflow/.local/lib/python3.12/site-packages/airflow/example_dags/example_sla_dag.py
[2026-08-12T04:37:02.538+0000] {logging_mixin.py:190} INFO - [2026-08-12T04:37:02.537+0000] {dag.py:3211} INFO - Sync 1 DAGs
[2026-08-12T04:37:02.555+0000] {logging_mixin.py:190} INFO - [2026-08-12T04:37:02.555+0000] {dag.py:4138} INFO - Setting next_dagrun for example_sla_dag to 2026-08-12 04:34:00+00:00, run_after=2026-08-12 04:36:00+00:00
[2026-08-12T04:37:02.573+0000] {processor.py:208} INFO - Processing /home/airflow/.local/lib/python3.12/site-packages/airflow/example_dags/example_sla_dag.py took 0.063 seconds
[2026-08-12T04:37:32.618+0000] {processor.py:186} INFO - Started process (PID=690) to work on /home/airflow/.local/lib/python3.12/site-packages/airflow/example_dags/example_sla_dag.py
[2026-08-12T04:37:32.619+0000] {processor.py:914} INFO - Processing file /home/airflow/.local/lib/python3.12/site-packages/airflow/example_dags/example_sla_dag.py for tasks to queue
[2026-08-12T04:37:32.621+0000] {logging_mixin.py:190} INFO - [2026-08-12T04:37:32.621+0000] {dagbag.py:587} INFO - Filling up the DagBag from /home/airflow/.local/lib/python3.12/site-packages/airflow/example_dags/example_sla_dag.py
[2026-08-12T04:37:32.628+0000] {processor.py:925} INFO - DAG(s) 'example_sla_dag' retrieved from /home/airflow/.local/lib/python3.12/site-packages/airflow/example_dags/example_sla_dag.py
[2026-08-12T04:37:32.641+0000] {logging_mixin.py:190} INFO - [2026-08-12T04:37:32.641+0000] {dag.py:3211} INFO - Sync 1 DAGs
[2026-08-12T04:37:32.656+0000] {logging_mixin.py:190} INFO - [2026-08-12T04:37:32.656+0000] {dag.py:4138} INFO - Setting next_dagrun for example_sla_dag to 2026-08-12 04:34:00+00:00, run_after=2026-08-12 04:36:00+00:00
[2026-08-12T04:37:32.668+0000] {processor.py:208} INFO - Processing /home/airflow/.local/lib/python3.12/site-packages/airflow/example_dags/example_sla_dag.py took 0.054 seconds
[2026-08-12T04:38:03.061+0000] {processor.py:186} INFO - Started process (PID=752) to work on /home/airflow/.local/lib/python3.12/site-packages/airflow/example_dags/example_sla_dag.py
[2026-08-12T04:38:03.062+0000] {processor.py:914} INFO - Processing file /home/airflow/.local/lib/python3.12/site-packages/airflow/example_dags/example_sla_dag.py for tasks to queue
[2026-08-12T04:38:03.064+0000] {logging_mixin.py:190} INFO - [2026-08-12T04:38:03.064+0000] {dagbag.py:587} INFO - Filling up the DagBag from /home/airflow/.local/lib/python3.12/site-packages/airflow/example_dags/example_sla_dag.py
[2026-08-12T04:38:03.072+0000] {processor.py:925} INFO - DAG(s) 'example_sla_dag' retrieved from /home/airflow/.local/lib/python3.12/site-packages/airflow/example_dags/example_sla_dag.py
[2026-08-12T04:38:03.090+0000] {logging_mixin.py:190} INFO - [2026-08-12T04:38:03.090+0000] {dag.py:3211} INFO - Sync 1 DAGs
[2026-08-12T04:38:03.109+0000] {logging_mixin.py:190} INFO - [2026-08-12T04:38:03.109+0000] {dag.py:4138} INFO - Setting next_dagrun for example_sla_dag to 2026-08-12 04:36:00+00:00, run_after=2026-08-12 04:38:00+00:00
[2026-08-12T04:38:03.124+0000] {processor.py:208} INFO - Processing /home/airflow/.local/lib/python3.12/site-packages/airflow/example_dags/example_sla_dag.py took 0.067 seconds
[2026-08-12T04:38:34.016+0000] {processor.py:186} INFO - Started process (PID=814) to work on /home/airflow/.local/lib/python3.12/site-packages/airflow/example_dags/example_sla_dag.py
[2026-08-12T04:38:34.017+0000] {processor.py:914} INFO - Processing file /home/airflow/.local/lib/python3.12/site-packages/airflow/example_dags/example_sla_dag.py for tasks to queue
[2026-08-12T04:38:34.019+0000] {logging_mixin.py:190} INFO - [2026-08-12T04:38:34.019+0000] {dagbag.py:587} INFO - Filling up the DagBag from /home/airflow/.local/lib/python3.12/site-packages/airflow/example_dags/example_sla_dag.py
[2026-08-12T04:38:34.027+0000] {processor.py:925} INFO - DAG(s) 'example_sla_dag' retrieved from /home/airflow/.local/lib/python3.12/site-packages/airflow/example_dags/example_sla_dag.py
[2026-08-12T04:38:34.043+0000] {logging_mixin.py:190} INFO - [2026-08-12T04:38:34.043+0000] {dag.py:3211} INFO - Sync 1 DAGs
[2026-08-12T04:38:34.061+0000] {logging_mixin.py:190} INFO - [2026-08-12T04:38:34.061+0000] {dag.py:4138} INFO - Setting next_dagrun for example_sla_dag to 2026-08-12 04:36:00+00:00, run_after=2026-08-12 04:38:00+00:00
[2026-08-12T04:38:34.074+0000] {processor.py:208} INFO - Processing /home/airflow/.local/lib/python3.12/site-packages/airflow/example_dags/example_sla_dag.py took 0.063 seconds
[2026-08-12T04:39:04.261+0000] {processor.py:186} INFO - Started process (PID=876) to work on /home/airflow/.local/lib/python3.12/site-packages/airflow/example_dags/example_sla_dag.py
[2026-08-12T04:39:04.263+0000] {processor.py:914} INFO - Processing file /home/airflow/.local/lib/python3.12/site-packages/airflow/example_dags/example_sla_dag.py for tasks to queue
[2026-08-12T04:39:04.265+0000] {logging_mixin.py:190} INFO - [2026-08-12T04:39:04.264+0000] {dagbag.py:587} INFO - Filling up the DagBag from /home/airflow/.local/lib/python3.12/site-packages/airflow/example_dags/example_sla_dag.py
[2026-08-12T04:39:04.273+0000] {processor.py:925} INFO - DAG(s) 'example_sla_dag' retrieved from /home/airflow/.local/lib/python3.12/site-packages/airflow/example_dags/example_sla_dag.py
[2026-08-12T04:39:04.287+0000] {logging_mixin.py:190} INFO - [2026-08-12T04:39:04.286+0000] {dag.py:3211} INFO - Sync 1 DAGs
[2026-08-12T04:39:04.305+0000] {logging_mixin.py:190} INFO - [2026-08-12T04:39:04.305+0000] {dag.py:4138} INFO - Setting next_dagrun for example_sla_dag to 2026-08-12 04:36:00+00:00, run_after=2026-08-12 04:38:00+00:00
[2026-08-12T04:39:04.318+0000] {processor.py:208} INFO - Processing /home/airflow/.local/lib/python3.12/site-packages/airflow/example_dags/example_sla_dag.py took 0.062 seconds
[2026-08-12T04:39:34.682+0000] {processor.py:186} INFO - Started process (PID=938) to work on /home/airflow/.local/lib/python3.12/site-packages/airflow/example_dags/example_sla_dag.py
[2026-08-12T04:39:34.683+0000] {processor.py:914} INFO - Processing file /home/airflow/.local/lib/python3.12/site-packages/airflow/example_dags/example_sla_dag.py for tasks to queue
[2026-08-12T04:39:34.685+0000] {logging_mixin.py:190} INFO - [2026-08-12T04:39:34.684+0000] {dagbag.py:587} INFO - Filling up the DagBag from /home/airflow/.local/lib/python3.12/site-packages/airflow/example_dags/example_sla_dag.py
[2026-08-12T04:39:34.692+0000] {processor.py:925} INFO - DAG(s) 'example_sla_dag' retrieved from /home/airflow/.local/lib/python3.12/site-packages/airflow/example_dags/example_sla_dag.py
[2026-08-12T04:39:34.706+0000] {logging_mixin.py:190} INFO - [2026-08-12T04:39:34.705+0000] {dag.py:3211} INFO - Sync 1 DAGs
[2026-08-12T04:39:34.722+0000] {logging_mixin.py:190} INFO - [2026-08-12T04:39:34.722+0000] {dag.py:4138} INFO - Setting next_dagrun for example_sla_dag to 2026-08-12 04:36:00+00:00, run_after=2026-08-12 04:38:00+00:00
[2026-08-12T04:39:34.734+0000] {processor.py:208} INFO - Processing /home/airflow/.local/lib/python3.12/site-packages/airflow/example_dags/example_sla_dag.py took 0.056 seconds
[2026-08-12T04:40:05.471+0000] {processor.py:186} INFO - Started process (PID=1000) to work on /home/airflow/.local/lib/python3.12/site-packages/airflow/example_dags/example_sla_dag.py
[2026-08-12T04:40:05.472+0000] {processor.py:914} INFO - Processing file /home/airflow/.local/lib/python3.12/site-packages/airflow/example_dags/example_sla_dag.py for tasks to queue
[2026-08-12T04:40:05.475+0000] {logging_mixin.py:190} INFO - [2026-08-12T04:40:05.474+0000] {dagbag.py:587} INFO - Filling up the DagBag from /home/airflow/.local/lib/python3.12/site-packages/airflow/example_dags/example_sla_dag.py
[2026-08-12T04:40:05.482+0000] {processor.py:925} INFO - DAG(s) 'example_sla_dag' retrieved from /home/airflow/.local/lib/python3.12/site-packages/airflow/example_dags/example_sla_dag.py
[2026-08-12T04:40:05.495+0000] {logging_mixin.py:190} INFO - [2026-08-12T04:40:05.495+0000] {dag.py:3211} INFO - Sync 1 DAGs
[2026-08-12T04:40:05.511+0000] {logging_mixin.py:190} INFO - [2026-08-12T04:40:05.510+0000] {dag.py:4138} INFO - Setting next_dagrun for example_sla_dag to 2026-08-12 04:38:00+00:00, run_after=2026-08-12 04:40:00+00:00
[2026-08-12T04:40:05.524+0000] {processor.py:208} INFO - Processing /home/airflow/.local/lib/python3.12/site-packages/airflow/example_dags/example_sla_dag.py took 0.057 seconds
[2026-08-12T04:40:36.221+0000] {processor.py:186} INFO - Started process (PID=1062) to work on /home/airflow/.local/lib/python3.12/site-packages/airflow/example_dags/example_sla_dag.py
[2026-08-12T04:40:36.222+0000] {processor.py:914} INFO - Processing file /home/airflow/.local/lib/python3.12/site-packages/airflow/example_dags/example_sla_dag.py for tasks to queue
[2026-08-12T04:40:36.224+0000] {logging_mixin.py:190} INFO - [2026-08-12T04:40:36.223+0000] {dagbag.py:587} INFO - Filling up the DagBag from /home/airflow/.local/lib/python3.12/site-packages/airflow/example_dags/example_sla_dag.py
[2026-08-12T04:40:36.231+0000] {processor.py:925} INFO - DAG(s) 'example_sla_dag' retrieved from /home/airflow/.local/lib/python3.12/site-packages/airflow/example_dags/example_sla_dag.py
[2026-08-12T04:40:36.245+0000] {logging_mixin.py:190} INFO - [2026-08-12T04:40:36.245+0000] {dag.py:3211} INFO - Sync 1 DAGs
[2026-08-12T04:40:36.262+0000] {logging_mixin.py:190} INFO - [2026-08-12T04:40:36.261+0000] {dag.py:4138} INFO - Setting next_dagrun for example_sla_dag to 2026-08-12 04:38:00+00:00, run_after=2026-08-12 04:40:00+00:00
[2026-08-12T04:40:36.273+0000] {processor.py:208} INFO - Processing /home/airflow/.local/lib/python3.12/site-packages/airflow/example_dags/example_sla_dag.py took 0.056 seconds
[2026-08-12T04:41:06.957+0000] {processor.py:186} INFO - Started process (PID=1124) to work on /home/airflow/.local/lib/python3.12/site-packages/airflow/example_dags/example_sla_dag.py
[2026-08-12T04:41:06.959+0000] {processor.py:914} INFO - Processing file /home/airflow/.local/lib/python3.12/site-packages/airflow/example_dags/example_sla_dag.py for tasks to queue
[2026-08-12T04:41:06.960+0000] {logging_mixin.py:190} INFO - [2026-08-12T04:41:06.960+0000] {dagbag.py:587} INFO - Filling up the DagBag from /home/airflow/.local/lib/python3.12/site-packages/airflow/example_dags/example_sla_dag.py
[2026-08-12T04:41:06.967+0000] {processor.py:925} INFO - DAG(s) 'example_sla_dag' retrieved from /home/airflow/.local/lib/python3.12/site-packages/airflow/example_dags/example_sla_dag.py
[2026-08-12T04:41:06.981+0000] {logging_mixin.py:190} INFO - [2026-08-12T04:41:06.980+0000] {dag.py:3211} INFO - Sync 1 DAGs
[2026-08-12T04:41:06.997+0000] {logging_mixin.py:190} INFO - [2026-08-12T04:41:06.996+0000] {dag.py:4138} INFO - Setting next_dagrun for example_sla_dag to 2026-08-12 04:38:00+00:00, run_after=2026-08-12 04:40:00+00:00
[2026-08-12T04:41:07.009+0000] {processor.py:208} INFO - Processing /home/airflow/.local/lib/python3.12/site-packages/airflow/example_dags/example_sla_dag.py took 0.055 seconds
[2026-08-12T04:41:37.653+0000] {processor.py:186} INFO - Started process (PID=1186) to work on /home/airflow/.local/lib/python3.12/site-packages/airflow/example_dags/example_sla_dag.py
[2026-08-12T04:41:37.654+0000] {processor.py:914} INFO - Processing file /home/airflow/.local/lib/python3.12/site-packages/airflow/example_dags/example_sla_dag.py for tasks to queue
[2026-08-12T04:41:37.656+0000] {logging_mixin.py:190} INFO - [2026-08-12T04:41:37.656+0000] {dagbag.py:587} INFO - Filling up the DagBag from /home/airflow/.local/lib/python3.12/site-packages/airflow/example_dags/example_sla_dag.py
[2026-08-12T04:41:37.664+0000] {processor.py:925} INFO - DAG(s) 'example_sla_dag' retrieved from /home/airflow/.local/lib/python3.12/site-packages/airflow/example_dags/example_sla_dag.py
[2026-08-12T04:41:37.679+0000] {logging_mixin.py:190} INFO - [2026-08-12T04:41:37.679+0000] {dag.py:3211} INFO - Sync 1 DAGs
[2026-08-12T04:41:37.697+0000] {logging_mixin.py:190} INFO - [2026-08-12T04:41:37.697+0000] {dag.py:4138} INFO - Setting next_dagrun for example_sla_dag to 2026-08-12 04:38:00+00:00, run_after=2026-08-12 04:40:00+00:00
[2026-08-12T04:41:37.709+0000] {processor.py:208} INFO - Processing /home/airflow/.local/lib/python3.12/site-packages/airflow/example_dags/example_sla_dag.py took 0.061 seconds
[2026-08-12T04:42:08.628+0000] {processor.py:186} INFO - Started process (PID=1248) to work on /home/airflow/.local/lib/python3.12/site-packages/airflow/example_dags/example_sla_dag.py
[2026-08-12T04:42:08.629+0000] {processor.py:914} INFO - Processing file /home/airflow/.local/lib/python3.12/site-packages/airflow/example_dags/example_sla_dag.py for tasks to queue
[2026-08-12T04:42:08.630+0000] {logging_mixin.py:190} INFO - [2026-08-12T04:42:08.630+0000] {dagbag.py:587} INFO - Filling up the DagBag from /home/airflow/.local/lib/python3.12/site-packages/airflow/example_dags/example_sla_dag.py
[2026-08-12T04:42:08.638+0000] {processor.py:925} INFO - DAG(s) 'example_sla_dag' retrieved from /home/airflow/.local/lib/python3.12/site-packages/airflow/example_dags/example_sla_dag.py
[2026-08-12T04:42:08.654+0000] {logging_mixin.py:190} INFO - [2026-08-12T04:42:08.653+0000] {dag.py:3211} INFO - Sync 1 DAGs
[2026-08-12T04:42:08.673+0000] {logging_mixin.py:190} INFO - [2026-08-12T04:42:08.673+0000] {dag.py:4138} INFO - Setting next_dagrun for example_sla_dag to 2026-08-12 04:40:00+00:00, run_after=2026-08-12 04:42:00+00:00
[2026-08-12T04:42:08.686+0000] {processor.py:208} INFO - Processing /home/airflow/.local/lib/python3.12/site-packages/airflow/example_dags/example_sla_dag.py took 0.063 seconds
[2026-08-12T04:42:39.451+0000] {processor.py:186} INFO - Started process (PID=1310) to work on /home/airflow/.local/lib/python3.12/site-packages/airflow/example_dags/example_sla_dag.py
[2026-08-12T04:42:39.453+0000] {processor.py:914} INFO - Processing file /home/airflow/.local/lib/python3.12/site-packages/airflow/example_dags/example_sla_dag.py for tasks to queue
[2026-08-12T04:42:39.455+0000] {logging_mixin.py:190} INFO - [2026-08-12T04:42:39.455+0000] {dagbag.py:587} INFO - Filling up the DagBag from /home/airflow/.local/lib/python3.12/site-packages/airflow/example_dags/example_sla_dag.py
[2026-08-12T04:42:39.462+0000] {processor.py:925} INFO - DAG(s) 'example_sla_dag' retrieved from /home/airflow/.local/lib/python3.12/site-packages/airflow/example_dags/example_sla_dag.py
[2026-08-12T04:42:39.477+0000] {logging_mixin.py:190} INFO - [2026-08-12T04:42:39.476+0000] {dag.py:3211} INFO - Sync 1 DAGs
[2026-08-12T04:42:39.494+0000] {logging_mixin.py:190} INFO - [2026-08-12T04:42:39.494+0000] {dag.py:4138} INFO - Setting next_dagrun for example_sla_dag to 2026-08-12 04:40:00+00:00, run_after=2026-08-12 04:42:00+00:00
[2026-08-12T04:42:39.507+0000] {processor.py:208} INFO - Processing /home/airflow/.local/lib/python3.12/site-packages/airflow/example_dags/example_sla_dag.py took 0.060 seconds
[2026-08-12T04:43:10.259+0000] {processor.py:186} INFO - Started process (PID=1372) to work on /home/airflow/.local/lib/python3.12/site-packages/airflow/example_dags/example_sla_dag.py
[2026-08-12T04:43:10.260+0000] {processor.py:914} INFO - Processing file /home/airflow/.local/lib/python3.12/site-packages/airflow/example_dags/example_sla_dag.py for tasks to queue
[2026-08-12T04:43:10.262+0000] {logging_mixin.py:190} INFO - [2026-08-12T04:43:10.262+0000] {dagbag.py:587} INFO - Filling up the DagBag from /home/airflow/.local/lib/python3.12/site-packages/airflow/example_dags/example_sla_dag.py
[2026-08-12T04:43:10.270+0000] {processor.py:925} INFO - DAG(s) 'example_sla_dag' retrieved from /home/airflow/.local/lib/python3.12/site-packages/airflow/example_dags/example_sla_dag.py
[2026-08-12T04:43:10.285+0000] {logging_mixin.py:190} INFO - [2026-08-12T04:43:10.285+0000] {dag.py:3211} INFO - Sync 1 DAGs
[2026-08-12T04:43:10.303+0000] {logging_mixin.py:190} INFO - [2026-08-12T04:43:10.303+0000] {dag.py:4138} INFO - Setting next_dagrun for example_sla_dag to 2026-08-12 04:40:00+00:00, run_after=2026-08-12 04:42:00+00:00
[2026-08-12T04:43:10.316+0000] {processor.py:208} INFO - Processing /home/airflow/.local/lib/python3.12/site-packages/airflow/example_dags/example_sla_dag.py took 0.061 seconds
[2026-08-12T04:43:40.390+0000] {processor.py:186} INFO - Started process (PID=1433) to work on /home/airflow/.local/lib/python3.12/site-packages/airflow/example_dags/example_sla_dag.py
[2026-08-12T04:43:40.391+0000] {processor.py:914} INFO - Processing file /home/airflow/.local/lib/python3.12/site-packages/airflow/example_dags/example_sla_dag.py for tasks to queue
[2026-08-12T04:43:40.392+0000] {logging_mixin.py:190} INFO - [2026-08-12T04:43:40.392+0000] {dagbag.py:587} INFO - Filling up the DagBag from /home/airflow/.local/lib/python3.12/site-packages/airflow/example_dags/example_sla_dag.py
[2026-08-12T04:43:40.399+0000] {processor.py:925} INFO - DAG(s) 'example_sla_dag' retrieved from /home/airflow/.local/lib/python3.12/site-packages/airflow/example_dags/example_sla_dag.py
[2026-08-12T04:43:40.413+0000] {logging_mixin.py:190} INFO - [2026-08-12T04:43:40.412+0000] {dag.py:3211} INFO - Sync 1 DAGs
[2026-08-12T04:43:40.430+0000] {logging_mixin.py:190} INFO - [2026-08-12T04:43:40.429+0000] {dag.py:4138} INFO - Setting next_dagrun for example_sla_dag to 2026-08-12 04:40:00+00:00, run_after=2026-08-12 04:42:00+00:00
[2026-08-12T04:43:40.442+0000] {processor.py:208} INFO - Processing /home/airflow/.local/lib/python3.12/site-packages/airflow/example_dags/example_sla_dag.py took 0.057 seconds
[2026-08-12T04:44:10.801+0000] {processor.py:186} INFO - Started process (PID=1496) to work on /home/airflow/.local/lib/python3.12/site-packages/airflow/example_dags/example_sla_dag.py
[2026-08-12T04:44:10.802+0000] {processor.py:914} INFO - Processing file /home/airflow/.local/lib/python3.12/site-packages/airflow/example_dags/example_sla_dag.py for tasks to queue
[2026-08-12T04:44:10.804+0000] {logging_mixin.py:190} INFO - [2026-08-12T04:44:10.804+0000] {dagbag.py:587} INFO - Filling up the DagBag from /home/airflow/.local/lib/python3.12/site-packages/airflow/example_dags/example_sla_dag.py
[2026-08-12T04:44:10.811+0000] {processor.py:925} INFO - DAG(s) 'example_sla_dag' retrieved from /home/airflow/.local/lib/python3.12/site-packages/airflow/example_dags/example_sla_dag.py
[2026-08-12T04:44:10.826+0000] {logging_mixin.py:190} INFO - [2026-08-12T04:44:10.826+0000] {dag.py:3211} INFO - Sync 1 DAGs
[2026-08-12T04:44:10.843+0000] {logging_mixin.py:190} INFO - [2026-08-12T04:44:10.843+0000] {dag.py:4138} INFO - Setting next_dagrun for example_sla_dag to 2026-08-12 04:42:00+00:00, run_after=2026-08-12 04:44:00+00:00
[2026-08-12T04:44:10.855+0000] {processor.py:208} INFO - Processing /home/airflow/.local/lib/python3.12/site-packages/airflow/example_dags/example_sla_dag.py took 0.058 seconds
[2026-08-12T04:44:41.883+0000] {processor.py:186} INFO - Started process (PID=1558) to work on /home/airflow/.local/lib/python3.12/site-packages/airflow/example_dags/example_sla_dag.py
[2026-08-12T04:44:41.884+0000] {processor.py:914} INFO - Processing file /home/airflow/.local/lib/python3.12/site-packages/airflow/example_dags/example_sla_dag.py for tasks to queue
[2026-08-12T04:44:41.886+0000] {logging_mixin.py:190} INFO - [2026-08-12T04:44:41.886+0000] {dagbag.py:587} INFO - Filling up the DagBag from /home/airflow/.local/lib/python3.12/site-packages/airflow/example_dags/example_sla_dag.py
[2026-08-12T04:44:41.893+0000] {processor.py:925} INFO - DAG(s) 'example_sla_dag' retrieved from /home/airflow/.local/lib/python3.12/site-packages/airflow/example_dags/example_sla_dag.py
[2026-08-12T04:44:41.909+0000] {logging_mixin.py:190} INFO - [2026-08-12T04:44:41.909+0000] {dag.py:3211} INFO - Sync 1 DAGs
[2026-08-12T04:44:41.926+0000] {logging_mixin.py:190} INFO - [2026-08-12T04:44:41.926+0000] {dag.py:4138} INFO - Setting next_dagrun for example_sla_dag to 2026-08-12 04:42:00+00:00, run_after=2026-08-12 04:44:00+00:00
[2026-08-12T04:44:41.939+0000] {processor.py:208} INFO - Processing /home/airflow/.local/lib/python3.12/site-packages/airflow/example_dags/example_sla_dag.py took 0.060 seconds
[2026-08-12T04:45:12.840+0000] {processor.py:186} INFO - Started process (PID=1620) to work on /home/airflow/.local/lib/python3.12/site-packages/airflow/example_dags/example_sla_dag.py
[2026-08-12T04:45:12.841+0000] {processor.py:914} INFO - Processing file /home/airflow/.local/lib/python3.12/site-packages/airflow/example_dags/example_sla_dag.py for tasks to queue
[2026-08-12T04:45:12.843+0000] {logging_mixin.py:190} INFO - [2026-08-12T04:45:12.843+0000] {dagbag.py:587} INFO - Filling up the DagBag from /home/airflow/.local/lib/python3.12/site-packages/airflow/example_dags/example_sla_dag.py
[2026-08-12T04:45:12.851+0000] {processor.py:925} INFO - DAG(s) 'example_sla_dag' retrieved from /home/airflow/.local/lib/python3.12/site-packages/airflow/example_dags/example_sla_dag.py
[2026-08-12T04:45:12.865+0000] {logging_mixin.py:190} INFO - [2026-08-12T04:45:12.865+0000] {dag.py:3211} INFO - Sync 1 DAGs
[2026-08-12T04:45:12.881+0000] {logging_mixin.py:190} INFO - [2026-08-12T04:45:12.881+0000] {dag.py:4138} INFO - Setting next_dagrun for example_sla_dag to 2026-08-12 04:42:00+00:00, run_after=2026-08-12 04:44:00+00:00
[2026-08-12T04:45:12.894+0000] {processor.py:208} INFO - Processing /home/airflow/.local/lib/python3.12/site-packages/airflow/example_dags/example_sla_dag.py took 0.058 seconds
[2026-08-12T04:45:43.285+0000] {processor.py:186} INFO - Started process (PID=1682) to work on /home/airflow/.local/lib/python3.12/site-packages/airflow/example_dags/example_sla_dag.py
[2026-08-12T04:45:43.286+0000] {processor.py:914} INFO - Processing file /home/airflow/.local/lib/python3.12/site-packages/airflow/example_dags/example_sla_dag.py for tasks to queue
[2026-08-12T04:45:43.288+0000] {logging_mixin.py:190} INFO - [2026-08-12T04:45:43.288+0000] {dagbag.py:587} INFO - Filling up the DagBag from /home/airflow/.local/lib/python3.12/site-packages/airflow/example_dags/example_sla_dag.py
[2026-08-12T04:45:43.297+0000] {processor.py:925} INFO - DAG(s) 'example_sla_dag' retrieved from /home/airflow/.local/lib/python3.12/site-packages/airflow/example_dags/example_sla_dag.py
[2026-08-12T04:45:43.313+0000] {logging_mixin.py:190} INFO - [2026-08-12T04:45:43.313+0000] {dag.py:3211} INFO - Sync 1 DAGs
[2026-08-12T04:45:43.330+0000] {logging_mixin.py:190} INFO - [2026-08-12T04:45:43.330+0000] {dag.py:4138} INFO - Setting next_dagrun for example_sla_dag to 2026-08-12 04:42:00+00:00, run_after=2026-08-12 04:44:00+00:00
[2026-08-12T04:45:43.342+0000] {processor.py:208} INFO - Processing /home/airflow/.local/lib/python3.12/site-packages/airflow/example_dags/example_sla_dag.py took 0.062 seconds
[2026-08-12T04:46:13.728+0000] {processor.py:186} INFO - Started process (PID=1744) to work on /home/airflow/.local/lib/python3.12/site-packages/airflow/example_dags/example_sla_dag.py
[2026-08-12T04:46:13.729+0000] {processor.py:914} INFO - Processing file /home/airflow/.local/lib/python3.12/site-packages/airflow/example_dags/example_sla_dag.py for tasks to queue
[2026-08-12T04:46:13.731+0000] {logging_mixin.py:190} INFO - [2026-08-12T04:46:13.731+0000] {dagbag.py:587} INFO - Filling up the DagBag from /home/airflow/.local/lib/python3.12/site-packages/airflow/example_dags/example_sla_dag.py
[2026-08-12T04:46:13.739+0000] {processor.py:925} INFO - DAG(s) 'example_sla_dag' retrieved from /home/airflow/.local/lib/python3.12/site-packages/airflow/example_dags/example_sla_dag.py
[2026-08-12T04:46:13.753+0000] {logging_mixin.py:190} INFO - [2026-08-12T04:46:13.753+0000] {dag.py:3211} INFO - Sync 1 DAGs
[2026-08-12T04:46:13.770+0000] {logging_mixin.py:190} INFO - [2026-08-12T04:46:13.769+0000] {dag.py:4138} INFO - Setting next_dagrun for example_sla_dag to 2026-08-12 04:44:00+00:00, run_after=2026-08-12 04:46:00+00:00
[2026-08-12T04:46:13.782+0000] {processor.py:208} INFO - Processing /home/airflow/.local/lib/python3.12/site-packages/airflow/example_dags/example_sla_dag.py took 0.058 seconds
[2026-08-12T04:46:44.067+0000] {processor.py:186} INFO - Started process (PID=1806) to work on /home/airflow/.local/lib/python3.12/site-packages/airflow/example_dags/example_sla_dag.py
[2026-08-12T04:46:44.068+0000] {processor.py:914} INFO - Processing file /home/airflow/.local/lib/python3.12/site-packages/airflow/example_dags/example_sla_dag.py for tasks to queue
[2026-08-12T04:46:44.070+0000] {logging_mixin.py:190} INFO - [2026-08-12T04:46:44.070+0000] {dagbag.py:587} INFO - Filling up the DagBag from /home/airflow/.local/lib/python3.12/site-packages/airflow/example_dags/example_sla_dag.py
[2026-08-12T04:46:44.078+0000] {processor.py:925} INFO - DAG(s) 'example_sla_dag' retrieved from /home/airflow/.local/lib/python3.12/site-packages/airflow/example_dags/example_sla_dag.py
[2026-08-12T04:46:44.094+0000] {logging_mixin.py:190} INFO - [2026-08-12T04:46:44.093+0000] {dag.py:3211} INFO - Sync 1 DAGs
[2026-08-12T04:46:44.111+0000] {logging_mixin.py:190} INFO - [2026-08-12T04:46:44.111+0000] {dag.py:4138} INFO - Setting next_dagrun for example_sla_dag to 2026-08-12 04:44:00+00:00, run_after=2026-08-12 04:46:00+00:00
[2026-08-12T04:46:44.124+0000] {processor.py:208} INFO - Processing /home/airflow/.local/lib/python3.12/site-packages/airflow/example_dags/example_sla_dag.py took 0.061 seconds
[2026-08-12T04:47:14.209+0000] {processor.py:186} INFO - Started process (PID=1867) to work on /home/airflow/.local/lib/python3.12/site-packages/airflow/example_dags/example_sla_dag.py
[2026-08-12T04:47:14.211+0000] {processor.py:914} INFO - Processing file /home/airflow/.local/lib/python3.12/site-packages/airflow/example_dags/example_sla_dag.py for tasks to queue
[2026-08-12T04:47:14.213+0000] {logging_mixin.py:190} INFO - [2026-08-12T04:47:14.213+0000] {dagbag.py:587} INFO - Filling up the DagBag from /home/airflow/.local/lib/python3.12/site-packages/airflow/example_dags/example_sla_dag.py
[2026-08-12T04:47:14.221+0000] {processor.py:925} INFO - DAG(s) 'example_sla_dag' retrieved from /home/airflow/.local/lib/python3.12/site-packages/airflow/example_dags/example_sla_dag.py
[2026-08-12T04:47:14.236+0000] {logging_mixin.py:190} INFO - [2026-08-12T04:47:14.236+0000] {dag.py:3211} INFO - Sync 1 DAGs
[2026-08-12T04:47:14.253+0000] {logging_mixin.py:190} INFO - [2026-08-12T04:47:14.253+0000] {dag.py:4138} INFO - Setting next_dagrun for example_sla_dag to 2026-08-12 04:44:00+00:00, run_after=2026-08-12 04:46:00+00:00
[2026-08-12T04:47:14.265+0000] {processor.py:208} INFO - Processing /home/airflow/.local/lib/python3.12/site-packages/airflow/example_dags/example_sla_dag.py took 0.060 seconds
[2026-08-12T04:47:44.797+0000] {processor.py:186} INFO - Started process (PID=1932) to work on /home/airflow/.local/lib/python3.12/site-packages/airflow/example_dags/example_sla_dag.py
[2026-08-12T04:47:44.798+0000] {processor.py:914} INFO - Processing file /home/airflow/.local/lib/python3.12/site-packages/airflow/example_dags/example_sla_dag.py for tasks to queue
[2026-08-12T04:47:44.800+0000] {logging_mixin.py:190} INFO - [2026-08-12T04:47:44.800+0000] {dagbag.py:587} INFO - Filling up the DagBag from /home/airflow/.local/lib/python3.12/site-packages/airflow/example_dags/example_sla_dag.py
[2026-08-12T04:47:44.810+0000] {processor.py:925} INFO - DAG(s) 'example_sla_dag' retrieved from /home/airflow/.local/lib/python3.12/site-packages/airflow/example_dags/example_sla_dag.py
[2026-08-12T04:47:44.824+0000] {logging_mixin.py:190} INFO - [2026-08-12T04:47:44.824+0000] {dag.py:3211} INFO - Sync 1 DAGs
[2026-08-12T04:47:44.841+0000] {logging_mixin.py:190} INFO - [2026-08-12T04:47:44.841+0000] {dag.py:4138} INFO - Setting next_dagrun for example_sla_dag to 2026-08-12 04:44:00+00:00, run_after=2026-08-12 04:46:00+00:00
[2026-08-12T04:47:44.858+0000] {processor.py:208} INFO - Processing /home/airflow/.local/lib/python3.12/site-packages/airflow/example_dags/example_sla_dag.py took 0.065 seconds
[2026-08-12T04:48:15.124+0000] {processor.py:186} INFO - Started process (PID=1996) to work on /home/airflow/.local/lib/python3.12/site-packages/airflow/example_dags/example_sla_dag.py
[2026-08-12T04:48:15.125+0000] {processor.py:914} INFO - Processing file /home/airflow/.local/lib/python3.12/site-packages/airflow/example_dags/example_sla_dag.py for tasks to queue
[2026-08-12T04:48:15.127+0000] {logging_mixin.py:190} INFO - [2026-08-12T04:48:15.127+0000] {dagbag.py:587} INFO - Filling up the DagBag from /home/airflow/.local/lib/python3.12/site-packages/airflow/example_dags/example_sla_dag.py
[2026-08-12T04:48:15.135+0000] {processor.py:925} INFO - DAG(s) 'example_sla_dag' retrieved from /home/airflow/.local/lib/python3.12/site-packages/airflow/example_dags/example_sla_dag.py
[2026-08-12T04:48:15.149+0000] {logging_mixin.py:190} INFO - [2026-08-12T04:48:15.149+0000] {dag.py:3211} INFO - Sync 1 DAGs
[2026-08-12T04:48:15.167+0000] {logging_mixin.py:190} INFO - [2026-08-12T04:48:15.167+0000] {dag.py:4138} INFO - Setting next_dagrun for example_sla_dag to 2026-08-12 04:46:00+00:00, run_after=2026-08-12 04:48:00+00:00
[2026-08-12T04:48:15.180+0000] {processor.py:208} INFO - Processing /home/airflow/.local/lib/python3.12/site-packages/airflow/example_dags/example_sla_dag.py took 0.061 seconds
