[2026-08-12T04:30:19.412+0000] {processor.py:186} INFO - Started process (PID=112) to work on /home/airflow/.local/lib/python3.12/site-packages/airflow/example_dags/example_task_group.py
[2026-08-12T04:30:19.413+0000] {processor.py:914} INFO - Processing file /home/airflow/.local/lib/python3.12/site-packages/airflow/example_dags/example_task_group.py for tasks to queue
[2026-08-12T04:30:19.415+0000] {logging_mixin.py:190} INFO - [2026-08-12T04:30:19.415+0000] {dagbag.py:587} INFO - Filling up the DagBag from /home/airflow/.local/lib/python3.12/site-packages/airflow/example_dags/example_task_group.py
[2026-08-12T04:30:19.423+0000] {processor.py:925} INFO - DAG(s) 'example_task_group' retrieved from /home/airflow/.local/lib/python3.12/site-packages/airflow/example_dags/example_task_group.py
[2026-08-12T04:30:19.505+0000] {logging_mixin.py:190} INFO - [2026-08-12T04:30:19.504+0000] {override.py:1858} INFO - Created Permission View: can delete on DAG:example_task_group
[2026-08-12T04:30:19.513+0000] {logging_mixin.py:190} INFO - [2026-08-12T04:30:19.512+0000] {override.py:1858} INFO - Created Permission View: can read on DAG:example_task_group
[2026-08-12T04:30:19.518+0000] {logging_mixin.py:190} INFO - [2026-08-12T04:30:19.517+0000] {override.py:1858} INFO - Created Permission View: can edit on DAG:example_task_group
[2026-08-12T04:30:19.518+0000] {logging_mixin.py:190} INFO - [2026-08-12T04:30:19.518+0000] {dag.py:3211} INFO - Sync 1 DAGs
[2026-08-12T04:30:19.528+0000] {logging_mixin.py:190} INFO - [2026-08-12T04:30:19.528+0000] {dag.py:3234} INFO - Creating ORM DAG for example_task_group
[2026-08-12T04:30:19.536+0000] {logging_mixin.py:190} INFO - [2026-08-12T04:30:19.536+0000] {dag.py:4138} INFO - Setting next_dagrun for example_task_group to 2026-08-11 00:00:00+00:00, run_after=2026-08-12 00:00:00+00:00
[2026-08-12T04:30:19.548+0000] {processor.py:208} INFO - Processing /home/airflow/.local/lib/python3.12/site-packages/airflow/example_dags/example_task_group.py took 0.141 seconds
[2026-08-12T04:30:49.630+0000] {processor.py:186} INFO - Started process (PID=174) to work on /home/airflow/.local/lib/python3.12/site-packages/airflow/example_dags/example_task_group.py
[2026-08-12T04:30:49.631+0000] {processor.py:914} INFO - Processing file /home/airflow/.local/lib/python3.12/site-packages/airflow/example_dags/example_task_group.py for tasks to queue
[2026-08-12T04:30:49.633+0000] {logging_mixin.py:190} INFO - [2026-08-12T04:30:49.633+0000] {dagbag.py:587} INFO - Filling up the DagBag from /home/airflow/.local/lib/python3.12/site-packages/airflow/example_dags/example_task_group.py
[2026-08-12T04:30:49.642+0000] {processor.py:925} INFO - DAG(s) 'example_task_group' retrieved from /home/airflow/.local/lib/python3.12/site-packages/airflow/example_dags/example_task_group.py
[2026-08-12T04:30:49.656+0000] {logging_mixin.py:190} INFO - [2026-08-12T04:30:49.656+0000] {dag.py:3211} INFO - Sync 1 DAGs
[2026-08-12T04:30:49.674+0000] {logging_mixin.py:190} INFO - [2026-08-12T04:30:49.673+0000] {dag.py:4138} INFO - Setting next_dagrun for example_task_group to 2026-08-11 00:00:00+00:00, run_after=2026-08-12 00:00:00+00:00
[2026-08-12T04:30:49.687+0000] {processor.py:208} INFO - Processing /home/airflow/.local/lib/python3.12/site-packages/airflow/example_dags/example_task_group.py took 0.062 seconds
[2026-08-12T04:31:20.987+0000] {processor.py:186} INFO - Started process (PID=236) to work on /home/airflow/.local/lib/python3.12/site-packages/airflow/example_dags/example_task_group.py
[2026-08-12T04:31:20.989+0000] {processor.py:914} INFO - Processing file /home/airflow/.local/lib/python3.12/site-packages/airflow/example_dags/example_task_group.py for tasks to queue
[2026-08-12T04:31:20.991+0000] {logging_mixin.py:190} INFO - [2026-08-12T04:31:20.991+0000] {dagbag.py:587} INFO - Filling up the DagBag from /home/airflow/.local/lib/python3.12/site-packages/airflow/example_dags/example_task_group.py
[2026-08-12T04:31:20.998+0000] {processor.py:925} INFO - DAG(s) 'example_task_group' retrieved from /home/airflow/.local/lib/python3.12/site-packages/airflow/example_dags/example_task_group.py
[2026-08-12T04:31:21.013+0000] {logging_mixin.py:190} INFO - [2026-08-12T04:31:21.013+0000] {dag.py:3211} INFO - Sync 1 DAGs
[2026-08-12T04:31:21.028+0000] {logging_mixin.py:190} INFO - [2026-08-12T04:31:21.028+0000] {dag.py:4138} INFO - Setting next_dagrun for example_task_group to 2026-08-11 00:00:00+00:00, run_after=2026-08-12 00:00:00+00:00
[2026-08-12T04:31:21.040+0000] {processor.py:208} INFO - Processing /home/airflow/.local/lib/python3.12/site-packages/airflow/example_dags/example_task_group.py took 0.057 seconds
[2026-08-12T04:32:28.664+0000] {processor.py:186} INFO - Started process (PID=100) to work on /home/airflow/.local/lib/python3.12/site-packages/airflow/example_dags/example_task_group.py
[2026-08-12T04:32:28.665+0000] {processor.py:914} INFO - Processing file /home/airflow/.local/lib/python3.12/site-packages/airflow/example_dags/example_task_group.py for tasks to queue
[2026-08-12T04:32:28.667+0000] {logging_mixin.py:190} INFO - [2026-08-12T04:32:28.667+0000] {dagbag.py:587} INFO - Filling up the DagBag from /home/airflow/.local/lib/python3.12/site-packages/airflow/example_dags/example_task_group.py
[2026-08-12T04:32:28.673+0000] {processor.py:925} INFO - DAG(s) 'example_task_group' retrieved from /home/airflow/.local/lib/python3.12/site-packages/airflow/example_dags/example_task_group.py
[2026-08-12T04:32:28.689+0000] {logging_mixin.py:190} INFO - [2026-08-12T04:32:28.688+0000] {dag.py:3211} INFO - Sync 1 DAGs
[2026-08-12T04:32:28.708+0000] {logging_mixin.py:190} INFO - [2026-08-12T04:32:28.707+0000] {dag.py:4138} INFO - Setting next_dagrun for example_task_group to 2026-08-11 00:00:00+00:00, run_after=2026-08-12 00:00:00+00:00
[2026-08-12T04:32:28.721+0000] {processor.py:208} INFO - Processing /home/airflow/.local/lib/python3.12/site-packages/airflow/example_dags/example_task_group.py took 0.061 seconds
[2026-08-12T04:32:59.531+0000] {processor.py:186} INFO - Started process (PID=163) to work on /home/airflow/.local/lib/python3.12/site-packages/airflow/example_dags/example_task_group.py
[2026-08-12T04:32:59.532+0000] {processor.py:914} INFO - Processing file /home/airflow/.local/lib/python3.12/site-packages/airflow/example_dags/example_task_group.py for tasks to queue
[2026-08-12T04:32:59.533+0000] {logging_mixin.py:190} INFO - [2026-08-12T04:32:59.533+0000] {dagbag.py:587} INFO - Filling up the DagBag from /home/airflow/.local/lib/python3.12/site-packages/airflow/example_dags/example_task_group.py
[2026-08-12T04:32:59.540+0000] {processor.py:925} INFO - DAG(s) 'example_task_group' retrieved from /home/airflow/.local/lib/python3.12/site-packages/airflow/example_dags/example_task_group.py
[2026-08-12T04:32:59.555+0000] {logging_mixin.py:190} INFO - [2026-08-12T04:32:59.554+0000] {dag.py:3211} INFO - Sync 1 DAGs
[2026-08-12T04:32:59.571+0000] {logging_mixin.py:190} INFO - [2026-08-12T04:32:59.571+0000] {dag.py:4138} INFO - Setting next_dagrun for example_task_group to 2026-08-11 00:00:00+00:00, run_after=2026-08-12 00:00:00+00:00
[2026-08-12T04:32:59.584+0000] {processor.py:208} INFO - Processing /home/airflow/.local/lib/python3.12/site-packages/airflow/example_dags/example_task_group.py took 0.058 seconds
[2026-08-12T04:33:30.285+0000] {processor.py:186} INFO - Started process (PID=225) to work on /home/airflow/.local/lib/python3.12/site-packages/airflow/example_dags/example_task_group.py
[2026-08-12T04:33:30.286+0000] {processor.py:914} INFO - Processing file /home/airflow/.local/lib/python3.12/site-packages/airflow/example_dags/example_task_group.py for tasks to queue
[2026-08-12T04:33:30.288+0000] {logging_mixin.py:190} INFO - [2026-08-12T04:33:30.287+0000] {dagbag.py:587} INFO - Filling up the DagBag from /home/airflow/.local/lib/python3.12/site-packages/airflow/example_dags/example_task_group.py
[2026-08-12T04:33:30.294+0000] {processor.py:925} INFO - DAG(s) 'example_task_group' retrieved from /home/airflow/.local/lib/python3.12/site-packages/airflow/example_dags/example_task_group.py
[2026-08-12T04:33:30.309+0000] {logging_mixin.py:190} INFO - [2026-08-12T04:33:30.309+0000] {dag.py:3211} INFO - Sync 1 DAGs
[2026-08-12T04:33:30.324+0000] {logging_mixin.py:190} INFO - [2026-08-12T04:33:30.324+0000] {dag.py:4138} INFO - Setting next_dagrun for example_task_group to 2026-08-11 00:00:00+00:00, run_after=2026-08-12 00:00:00+00:00
[2026-08-12T04:33:30.337+0000] {processor.py:208} INFO - Processing /home/airflow/.local/lib/python3.12/site-packages/airflow/example_dags/example_task_group.py took 0.056 seconds
[2026-08-12T04:34:01.645+0000] {processor.py:186} INFO - Started process (PID=287) to work on /home/airflow/.local/lib/python3.12/site-packages/airflow/example_dags/example_task_group.py
[2026-08-12T04:34:01.646+0000] {processor.py:914} INFO - Processing file /home/airflow/.local/lib/python3.12/site-packages/airflow/example_dags/example_task_group.py for tasks to queue
[2026-08-12T04:34:01.648+0000] {logging_mixin.py:190} INFO - [2026-08-12T04:34:01.647+0000] {dagbag.py:587} INFO - Filling up the DagBag from /home/airflow/.local/lib/python3.12/site-packages/airflow/example_dags/example_task_group.py
[2026-08-12T04:34:01.655+0000] {processor.py:925} INFO - DAG(s) 'example_task_group' retrieved from /home/airflow/.local/lib/python3.12/site-packages/airflow/example_dags/example_task_group.py
[2026-08-12T04:34:01.670+0000] {logging_mixin.py:190} INFO - [2026-08-12T04:34:01.670+0000] {dag.py:3211} INFO - Sync 1 DAGs
[2026-08-12T04:34:01.687+0000] {logging_mixin.py:190} INFO - [2026-08-12T04:34:01.687+0000] {dag.py:4138} INFO - Setting next_dagrun for example_task_group to 2026-08-11 00:00:00+00:00, run_after=2026-08-12 00:00:00+00:00
[2026-08-12T04:34:01.700+0000] {processor.py:208} INFO - Processing /home/airflow/.local/lib/python3.12/site-packages/airflow/example_dags/example_task_group.py took 0.060 seconds
[2026-08-12T04:34:31.769+0000] {processor.py:186} INFO - Started process (PID=349) to work on /home/airflow/.local/lib/python3.12/site-packages/airflow/example_dags/example_task_group.py
[2026-08-12T04:34:31.770+0000] {processor.py:914} INFO - Processing file /home/airflow/.local/lib/python3.12/site-packages/airflow/example_dags/example_task_group.py for tasks to queue
[2026-08-12T04:34:31.772+0000] {logging_mixin.py:190} INFO - [2026-08-12T04:34:31.772+0000] {dagbag.py:587} INFO - Filling up the DagBag from /home/airflow/.local/lib/python3.12/site-packages/airflow/example_dags/example_task_group.py
[2026-08-12T04:34:31.778+0000] {processor.py:925} INFO - DAG(s) 'example_task_group' retrieved from /home/airflow/.local/lib/python3.12/site-packages/airflow/example_dags/example_task_group.py
[2026-08-12T04:34:31.794+0000] {logging_mixin.py:190} INFO - [2026-08-12T04:34:31.794+0000] {dag.py:3211} INFO - Sync 1 DAGs
[2026-08-12T04:34:31.810+0000] {logging_mixin.py:190} INFO - [2026-08-12T04:34:31.809+0000] {dag.py:4138} INFO - Setting next_dagrun for example_task_group to 2026-08-11 00:00:00+00:00, run_after=2026-08-12 00:00:00+00:00
[2026-08-12T04:34:31.823+0000] {processor.py:208} INFO - Processing /home/airflow/.local/lib/python3.12/site-packages/airflow/example_dags/example_task_group.py took 0.057 seconds
[2026-08-12T04:35:02.263+0000] {processor.py:186} INFO - Started process (PID=410) to work on /home/airflow/.local/lib/python3.12/site-packages/airflow/example_dags/example_task_group.py
[2026-08-12T04:35:02.264+0000] {processor.py:914} INFO - Processing file /home/airflow/.local/lib/python3.12/site-packages/airflow/example_dags/example_task_group.py for tasks to queue
[2026-08-12T04:35:02.266+0000] {logging_mixin.py:190} INFO - [2026-08-12T04:35:02.266+0000] {dagbag.py:587} INFO - Filling up the DagBag from /home/airflow/.local/lib/python3.12/site-packages/airflow/example_dags/example_task_group.py
[2026-08-12T04:35:02.273+0000] {processor.py:925} INFO - DAG(s) 'example_task_group' retrieved from /home/airflow/.local/lib/python3.12/site-packages/airflow/example_dags/example_task_group.py
[2026-08-12T04:35:02.288+0000] {logging_mixin.py:190} INFO - [2026-08-12T04:35:02.288+0000] {dag.py:3211} INFO - Sync 1 DAGs
[2026-08-12T04:35:02.304+0000] {logging_mixin.py:190} INFO - [2026-08-12T04:35:02.304+0000] {dag.py:4138} INFO - Setting next_dagrun for example_task_group to 2026-08-11 00:00:00+00:00, run_after=2026-08-12 00:00:00+00:00
[2026-08-12T04:35:02.316+0000] {processor.py:208} INFO - Processing /home/airflow/.local/lib/python3.12/site-packages/airflow/example_dags/example_task_group.py took 0.057 seconds
[2026-08-12T04:35:32.779+0000] {processor.py:186} INFO - Started process (PID=473) to work on /home/airflow/.local/lib/python3.12/site-packages/airflow/example_dags/example_task_group.py
[2026-08-12T04:35:32.780+0000] {processor.py:914} INFO - Processing file /home/airflow/.local/lib/python3.12/site-packages/airflow/example_dags/example_task_group.py for tasks to queue
[2026-08-12T04:35:32.782+0000] {logging_mixin.py:190} INFO - [2026-08-12T04:35:32.782+0000] {dagbag.py:587} INFO - Filling up the DagBag from /home/airflow/.local/lib/python3.12/site-packages/airflow/example_dags/example_task_group.py
[2026-08-12T04:35:32.790+0000] {processor.py:925} INFO - DAG(s) 'example_task_group' retrieved from /home/airflow/.local/lib/python3.12/site-packages/airflow/example_dags/example_task_group.py
[2026-08-12T04:35:32.808+0000] {logging_mixin.py:190} INFO - [2026-08-12T04:35:32.807+0000] {dag.py:3211} INFO - Sync 1 DAGs
[2026-08-12T04:35:32.824+0000] {logging_mixin.py:190} INFO - [2026-08-12T04:35:32.824+0000] {dag.py:4138} INFO - Setting next_dagrun for example_task_group to 2026-08-11 00:00:00+00:00, run_after=2026-08-12 00:00:00+00:00
[2026-08-12T04:35:32.840+0000] {processor.py:208} INFO - Processing /home/airflow/.local/lib/python3.12/site-packages/airflow/example_dags/example_task_group.py took 0.067 seconds
[2026-08-12T04:36:03.765+0000] {processor.py:186} INFO - Started process (PID=535) to work on /home/airflow/.local/lib/python3.12/site-packages/airflow/example_dags/example_task_group.py
[2026-08-12T04:36:03.767+0000] {processor.py:914} INFO - Processing file /home/airflow/.local/lib/python3.12/site-packages/airflow/example_dags/example_task_group.py for tasks to queue
[2026-08-12T04:36:03.769+0000] {logging_mixin.py:190} INFO - [2026-08-12T04:36:03.769+0000] {dagbag.py:587} INFO - Filling up the DagBag from /home/airflow/.local/lib/python3.12/site-packages/airflow/example_dags/example_task_group.py
[2026-08-12T04:36:03.777+0000] {processor.py:925} INFO - DAG(s) 'example_task_group' retrieved from /home/airflow/.local/lib/python3.12/site-packages/airflow/example_dags/example_task_group.py
[2026-08-12T04:36:03.793+0000] {logging_mixin.py:190} INFO - [2026-08-12T04:36:03.793+0000] {dag.py:3211} INFO - Sync 1 DAGs
[2026-08-12T04:36:03.810+0000] {logging_mixin.py:190} INFO - [2026-08-12T04:36:03.809+0000] {dag.py:4138} INFO - Setting next_dagrun for example_task_group to 2026-08-11 00:00:00+00:00, run_after=2026-08-12 00:00:00+00:00
[2026-08-12T04:36:03.822+0000] {processor.py:208} INFO - Processing /home/airflow/.local/lib/python3.12/site-packages/airflow/example_dags/example_task_group.py took 0.062 seconds
[2026-08-12T04:36:34.038+0000] {processor.py:186} INFO - Started process (PID=597) to work on /home/airflow/.local/lib/python3.12/site-packages/airflow/example_dags/example_task_group.py
[2026-08-12T04:36:34.039+0000] {processor.py:914} INFO - Processing file /home/airflow/.local/lib/python3.12/site-packages/airflow/example_dags/example_task_group.py for tasks to queue
[2026-08-12T04:36:34.041+0000] {logging_mixin.py:190} INFO - [2026-08-12T04:36:34.040+0000] {dagbag.py:587} INFO - Filling up the DagBag from /home/airflow/.local/lib/python3.12/site-packages/airflow/example_dags/example_task_group.py
[2026-08-12T04:36:34.047+0000] {processor.py:925} INFO - DAG(s) 'example_task_group' retrieved from /home/airflow/.local/lib/python3.12/site-packages/airflow/example_dags/example_task_group.py
[2026-08-12T04:36:34.063+0000] {logging_mixin.py:190} INFO - [2026-08-12T04:36:34.063+0000] {dag.py:3211} INFO - Sync 1 DAGs
[2026-08-12T04:36:34.080+0000] {logging_mixin.py:190} INFO - [2026-08-12T04:36:34.080+0000] {dag.py:4138} INFO - Setting next_dagrun for example_task_group to 2026-08-11 00:00:00+00:00, run_after=2026-08-12 00:00:00+00:00
[2026-08-12T04:36:34.092+0000] {processor.py:208} INFO - Processing /home/airflow/.local/lib/python3.12/site-packages/airflow/example_dags/example_task_group.py took 0.059 seconds
[2026-08-12T04:37:04.307+0000] {processor.py:186} INFO - Started process (PID=659) to work on /home/airflow/.local/lib/python3.12/site-packages/airflow/example_dags/example_task_group.py
[2026-08-12T04:37:04.308+0000] {processor.py:914} INFO - Processing file /home/airflow/.local/lib/python3.12/site-packages/airflow/example_dags/example_task_group.py for tasks to queue
[2026-08-12T04:37:04.310+0000] {logging_mixin.py:190} INFO - [2026-08-12T04:37:04.310+0000] {dagbag.py:587} INFO - Filling up the DagBag from /home/airflow/.local/lib/python3.12/site-packages/airflow/example_dags/example_task_group.py
[2026-08-12T04:37:04.319+0000] {processor.py:925} INFO - DAG(s) 'example_task_group' retrieved from /home/airflow/.local/lib/python3.12/site-packages/airflow/example_dags/example_task_group.py
[2026-08-12T04:37:04.335+0000] {logging_mixin.py:190} INFO - [2026-08-12T04:37:04.335+0000] {dag.py:3211} INFO - Sync 1 DAGs
[2026-08-12T04:37:04.352+0000] {logging_mixin.py:190} INFO - [2026-08-12T04:37:04.352+0000] {dag.py:4138} INFO - Setting next_dagrun for example_task_group to 2026-08-11 00:00:00+00:00, run_after=2026-08-12 00:00:00+00:00
[2026-08-12T04:37:04.366+0000] {processor.py:208} INFO - Processing /home/airflow/.local/lib/python3.12/site-packages/airflow/example_dags/example_task_group.py took 0.064 seconds
[2026-08-12T04:37:34.487+0000] {processor.py:186} INFO - Started process (PID=721) to work on /home/airflow/.local/lib/python3.12/site-packages/airflow/example_dags/example_task_group.py
[2026-08-12T04:37:34.488+0000] {processor.py:914} INFO - Processing file /home/airflow/.local/lib/python3.12/site-packages/airflow/example_dags/example_task_group.py for tasks to queue
[2026-08-12T04:37:34.490+0000] {logging_mixin.py:190} INFO - [2026-08-12T04:37:34.490+0000] {dagbag.py:587} INFO - Filling up the DagBag from /home/airflow/.local/lib/python3.12/site-packages/airflow/example_dags/example_task_group.py
[2026-08-12T04:37:34.496+0000] {processor.py:925} INFO - DAG(s) 'example_task_group' retrieved from /home/airflow/.local/lib/python3.12/site-packages/airflow/example_dags/example_task_group.py
[2026-08-12T04:37:34.511+0000] {logging_mixin.py:190} INFO - [2026-08-12T04:37:34.511+0000] {dag.py:3211} INFO - Sync 1 DAGs
[2026-08-12T04:37:34.526+0000] {logging_mixin.py:190} INFO - [2026-08-12T04:37:34.526+0000] {dag.py:4138} INFO - Setting next_dagrun for example_task_group to 2026-08-11 00:00:00+00:00, run_after=2026-08-12 00:00:00+00:00
[2026-08-12T04:37:34.538+0000] {processor.py:208} INFO - Processing /home/airflow/.local/lib/python3.12/site-packages/airflow/example_dags/example_task_group.py took 0.055 seconds
[2026-08-12T04:38:04.693+0000] {processor.py:186} INFO - Started process (PID=783) to work on /home/airflow/.local/lib/python3.12/site-packages/airflow/example_dags/example_task_group.py
[2026-08-12T04:38:04.694+0000] {processor.py:914} INFO - Processing file /home/airflow/.local/lib/python3.12/site-packages/airflow/example_dags/example_task_group.py for tasks to queue
[2026-08-12T04:38:04.696+0000] {logging_mixin.py:190} INFO - [2026-08-12T04:38:04.696+0000] {dagbag.py:587} INFO - Filling up the DagBag from /home/airflow/.local/lib/python3.12/site-packages/airflow/example_dags/example_task_group.py
[2026-08-12T04:38:04.703+0000] {processor.py:925} INFO - DAG(s) 'example_task_group' retrieved from /home/airflow/.local/lib/python3.12/site-packages/airflow/example_dags/example_task_group.py
[2026-08-12T04:38:04.718+0000] {logging_mixin.py:190} INFO - [2026-08-12T04:38:04.717+0000] {dag.py:3211} INFO - Sync 1 DAGs
[2026-08-12T04:38:04.733+0000] {logging_mixin.py:190} INFO - [2026-08-12T04:38:04.733+0000] {dag.py:4138} INFO - Setting next_dagrun for example_task_group to 2026-08-11 00:00:00+00:00, run_after=2026-08-12 00:00:00+00:00
[2026-08-12T04:38:04.745+0000] {processor.py:208} INFO - Processing /home/airflow/.local/lib/python3.12/site-packages/airflow/example_dags/example_task_group.py took 0.057 seconds
[2026-08-12T04:38:36.002+0000] {processor.py:186} INFO - Started process (PID=845) to work on /home/airflow/.local/lib/python3.12/site-packages/airflow/example_dags/example_task_group.py
[2026-08-12T04:38:36.003+0000] {processor.py:914} INFO - Processing file /home/airflow/.local/lib/python3.12/site-packages/airflow/example_dags/example_task_group.py for tasks to queue
[2026-08-12T04:38:36.005+0000] {logging_mixin.py:190} INFO - [2026-08-12T04:38:36.005+0000] {dagbag.py:587} INFO - Filling up the DagBag from /home/airflow/.local/lib/python3.12/site-packages/airflow/example_dags/example_task_group.py
[2026-08-12T04:38:36.012+0000] {processor.py:925} INFO - DAG(s) 'example_task_group' retrieved from /home/airflow/.local/lib/python3.12/site-packages/airflow/example_dags/example_task_group.py
[2026-08-12T04:38:36.027+0000] {logging_mixin.py:190} INFO - [2026-08-12T04:38:36.027+0000] {dag.py:3211} INFO - Sync 1 DAGs
[2026-08-12T04:38:36.042+0000] {logging_mixin.py:190} INFO - [2026-08-12T04:38:36.042+0000] {dag.py:4138} INFO - Setting next_dagrun for example_task_group to 2026-08-11 00:00:00+00:00, run_after=2026-08-12 00:00:00+00:00
[2026-08-12T04:38:36.055+0000] {processor.py:208} INFO - Processing /home/airflow/.local/lib/python3.12/site-packages/airflow/example_dags/example_task_group.py took 0.057 seconds
[2026-08-12T04:39:06.248+0000] {processor.py:186} INFO - Started process (PID=907) to work on /home/airflow/.local/lib/python3.12/site-packages/airflow/example_dags/example_task_group.py
[2026-08-12T04:39:06.249+0000] {processor.py:914} INFO - Processing file /home/airflow/.local/lib/python3.12/site-packages/airflow/example_dags/example_task_group.py for tasks to queue
[2026-08-12T04:39:06.250+0000] {logging_mixin.py:190} INFO - [2026-08-12T04:39:06.250+0000] {dagbag.py:587} INFO - Filling up the DagBag from /home/airflow/.local/lib/python3.12/site-packages/airflow/example_dags/example_task_group.py
[2026-08-12T04:39:06.257+0000] {processor.py:925} INFO - DAG(s) 'example_task_group' retrieved from /home/airflow/.local/lib/python3.12/site-packages/airflow/example_dags/example_task_group.py
[2026-08-12T04:39:06.274+0000] {logging_mixin.py:190} INFO - [2026-08-12T04:39:06.274+0000] {dag.py:3211} INFO - Sync 1 DAGs
[2026-08-12T04:39:06.292+0000] {logging_mixin.py:190} INFO - [2026-08-12T04:39:06.291+0000] {dag.py:4138} INFO - Setting next_dagrun for example_task_group to 2026-08-11 00:00:00+00:00, run_after=2026-08-12 00:00:00+00:00
[2026-08-12T04:39:06.306+0000] {processor.py:208} INFO - Processing /home/airflow/.local/lib/python3.12/site-packages/airflow/example_dags/example_task_group.py took 0.064 seconds
[2026-08-12T04:39:37.197+0000] {processor.py:186} INFO - Started process (PID=969) to work on /home/airflow/.local/lib/python3.12/site-packages/airflow/example_dags/example_task_group.py
[2026-08-12T04:39:37.199+0000] {processor.py:914} INFO - Processing file /home/airflow/.local/lib/python3.12/site-packages/airflow/example_dags/example_task_group.py for tasks to queue
[2026-08-12T04:39:37.201+0000] {logging_mixin.py:190} INFO - [2026-08-12T04:39:37.200+0000] {dagbag.py:587} INFO - Filling up the DagBag from /home/airflow/.local/lib/python3.12/site-packages/airflow/example_dags/example_task_group.py
[2026-08-12T04:39:37.207+0000] {processor.py:925} INFO - DAG(s) 'example_task_group' retrieved from /home/airflow/.local/lib/python3.12/site-packages/airflow/example_dags/example_task_group.py
[2026-08-12T04:39:37.221+0000] {logging_mixin.py:190} INFO - [2026-08-12T04:39:37.221+0000] {dag.py:3211} INFO - Sync 1 DAGs
[2026-08-12T04:39:37.235+0000] {logging_mixin.py:190} INFO - [2026-08-12T04:39:37.235+0000] {dag.py:4138} INFO - Setting next_dagrun for example_task_group to 2026-08-11 00:00:00+00:00, run_after=2026-08-12 00:00:00+00:00
[2026-08-12T04:39:37.248+0000] {processor.py:208} INFO - Processing /home/airflow/.local/lib/python3.12/site-packages/airflow/example_dags/example_task_group.py took 0.054 seconds
[2026-08-12T04:40:07.958+0000] {processor.py:186} INFO - Started process (PID=1031) to work on /home/airflow/.local/lib/python3.12/site-packages/airflow/example_dags/example_task_group.py
[2026-08-12T04:40:07.959+0000] {processor.py:914} INFO - Processing file /home/airflow/.local/lib/python3.12/site-packages/airflow/example_dags/example_task_group.py for tasks to queue
[2026-08-12T04:40:07.961+0000] {logging_mixin.py:190} INFO - [2026-08-12T04:40:07.961+0000] {dagbag.py:587} INFO - Filling up the DagBag from /home/airflow/.local/lib/python3.12/site-packages/airflow/example_dags/example_task_group.py
[2026-08-12T04:40:07.968+0000] {processor.py:925} INFO - DAG(s) 'example_task_group' retrieved from /home/airflow/.local/lib/python3.12/site-packages/airflow/example_dags/example_task_group.py
[2026-08-12T04:40:07.983+0000] {logging_mixin.py:190} INFO - [2026-08-12T04:40:07.983+0000] {dag.py:3211} INFO - Sync 1 DAGs
[2026-08-12T04:40:08.000+0000] {logging_mixin.py:190} INFO - [2026-08-12T04:40:07.999+0000] {dag.py:4138} INFO - Setting next_dagrun for example_task_group to 2026-08-11 00:00:00+00:00, run_after=2026-08-12 00:00:00+00:00
[2026-08-12T04:40:08.012+0000] {processor.py:208} INFO - Processing /home/airflow/.local/lib/python3.12/site-packages/airflow/example_dags/example_task_group.py took 0.059 seconds
[2026-08-12T04:40:38.664+0000] {processor.py:186} INFO - Started process (PID=1093) to work on /home/airflow/.local/lib/python3.12/site-packages/airflow/example_dags/example_task_group.py
[2026-08-12T04:40:38.665+0000] {processor.py:914} INFO - Processing file /home/airflow/.local/lib/python3.12/site-packages/airflow/example_dags/example_task_group.py for tasks to queue
[2026-08-12T04:40:38.667+0000] {logging_mixin.py:190} INFO - [2026-08-12T04:40:38.667+0000] {dagbag.py:587} INFO - Filling up the DagBag from /home/airflow/.local/lib/python3.12/site-packages/airflow/example_dags/example_task_group.py
[2026-08-12T04:40:38.673+0000] {processor.py:925} INFO - DAG(s) 'example_task_group' retrieved from /home/airflow/.local/lib/python3.12/site-packages/airflow/example_dags/example_task_group.py
[2026-08-12T04:40:38.687+0000] {logging_mixin.py:190} INFO - [2026-08-12T04:40:38.687+0000] {dag.py:3211} INFO - Sync 1 DAGs
[2026-08-12T04:40:38.703+0000] {logging_mixin.py:190} INFO - [2026-08-12T04:40:38.703+0000] {dag.py:4138} INFO - Setting next_dagrun for example_task_group to 2026-08-11 00:00:00+00:00, run_after=2026-08-12 00:00:00+00:00
[2026-08-12T04:40:38.716+0000] {processor.py:208} INFO - Processing /home/airflow/.local/lib/python3.12/site-packages/airflow/example_dags/example_task_group.py took 0.056 seconds
[2026-08-12T04:41:09.451+0000] {processor.py:186} INFO - Started process (PID=1155) to work on /home/airflow/.local/lib/python3.12/site-packages/airflow/example_dags/example_task_group.py
[2026-08-12T04:41:09.452+0000] {processor.py:914} INFO - Processing file /home/airflow/.local/lib/python3.12/site-packages/airflow/example_dags/example_task_group.py for tasks to queue
[2026-08-12T04:41:09.454+0000] {logging_mixin.py:190} INFO - [2026-08-12T04:41:09.454+0000] {dagbag.py:587} INFO - Filling up the DagBag from /home/airflow/.local/lib/python3.12/site-packages/airflow/example_dags/example_task_group.py
[2026-08-12T04:41:09.461+0000] {processor.py:925} INFO - DAG(s) 'example_task_group' retrieved from /home/airflow/.local/lib/python3.12/site-packages/airflow/example_dags/example_task_group.py
[2026-08-12T04:41:09.475+0000] {logging_mixin.py:190} INFO - [2026-08-12T04:41:09.475+0000] {dag.py:3211} INFO - Sync 1 DAGs
[2026-08-12T04:41:09.491+0000] {logging_mixin.py:190} INFO - [2026-08-12T04:41:09.491+0000] {dag.py:4138} INFO - Setting next_dagrun for example_task_group to 2026-08-11 00:00:00+00:00, run_after=2026-08-12 00:00:00+00:00
[2026-08-12T04:41:09.504+0000] {processor.py:208} INFO - Processing /home/airflow/.local/lib/python3.12/site-packages/airflow/example_dags/example_task_group.py took 0.058 seconds
[2026-08-12T04:41:40.158+0000] {processor.py:186} INFO - Started process (PID=1217) to work on /home/airflow/.local/lib/python3.12/site-packages/airflow/example_dags/example_task_group.py
[2026-08-12T04:41:40.159+0000] {processor.py:914} INFO - Processing file /home/airflow/.local/lib/python3.12/site-packages/airflow/example_dags/example_task_group.py for tasks to queue
[2026-08-12T04:41:40.162+0000] {logging_mixin.py:190} INFO - [2026-08-12T04:41:40.161+0000] {dagbag.py:587} INFO - Filling up the DagBag from /home/airflow/.local/lib/python3.12/site-packages/airflow/example_dags/example_task_group.py
[2026-08-12T04:41:40.170+0000] {processor.py:925} INFO - DAG(s) 'example_task_group' retrieved from /home/airflow/.local/lib/python3.12/site-packages/airflow/example_dags/example_task_group.py
[2026-08-12T04:41:40.187+0000] {logging_mixin.py:190} INFO - [2026-08-12T04:41:40.186+0000] {dag.py:3211} INFO - Sync 1 DAGs
[2026-08-12T04:41:40.204+0000] {logging_mixin.py:190} INFO - [2026-08-12T04:41:40.203+0000] {dag.py:4138} INFO - Setting next_dagrun for example_task_group to 2026-08-11 00:00:00+00:00, run_after=2026-08-12 00:00:00+00:00
[2026-08-12T04:41:40.218+0000] {processor.py:208} INFO - Processing /home/airflow/.local/lib/python3.12/site-packages/airflow/example_dags/example_task_group.py took 0.064 seconds
[2026-08-12T04:42:11.182+0000] {processor.py:186} INFO - Started process (PID=1279) to work on /home/airflow/.local/lib/python3.12/site-packages/airflow/example_dags/example_task_group.py
[2026-08-12T04:42:11.184+0000] {processor.py:914} INFO - Processing file /home/airflow/.local/lib/python3.12/site-packages/airflow/example_dags/example_task_group.py for tasks to queue
[2026-08-12T04:42:11.186+0000] {logging_mixin.py:190} INFO - [2026-08-12T04:42:11.186+0000] {dagbag.py:587} INFO - Filling up the DagBag from /home/airflow/.local/lib/python3.12/site-packages/airflow/example_dags/example_task_group.py
[2026-08-12T04:42:11.193+0000] {processor.py:925} INFO - DAG(s) 'example_task_group' retrieved from /home/airflow/.local/lib/python3.12/site-packages/airflow/example_dags/example_task_group.py
[2026-08-12T04:42:11.208+0000] {logging_mixin.py:190} INFO - [2026-08-12T04:42:11.208+0000] {dag.py:3211} INFO - Sync 1 DAGs
[2026-08-12T04:42:11.223+0000] {logging_mixin.py:190} INFO - [2026-08-12T04:42:11.223+0000] {dag.py:4138} INFO - Setting next_dagrun for example_task_group to 2026-08-11 00:00:00+00:00, run_after=2026-08-12 00:00:00+00:00
[2026-08-12T04:42:11.236+0000] {processor.py:208} INFO - Processing /home/airflow/.local/lib/python3.12/site-packages/airflow/example_dags/example_task_group.py took 0.058 seconds
[2026-08-12T04:42:42.044+0000] {processor.py:186} INFO - Started process (PID=1341) to work on /home/airflow/.local/lib/python3.12/site-packages/airflow/example_dags/example_task_group.py
[2026-08-12T04:42:42.045+0000] {processor.py:914} INFO - Processing file /home/airflow/.local/lib/python3.12/site-packages/airflow/example_dags/example_task_group.py for tasks to queue
[2026-08-12T04:42:42.047+0000] {logging_mixin.py:190} INFO - [2026-08-12T04:42:42.047+0000] {dagbag.py:587} INFO - Filling up the DagBag from /home/airflow/.local/lib/python3.12/site-packages/airflow/example_dags/example_task_group.py
[2026-08-12T04:42:42.053+0000] {processor.py:925} INFO - DAG(s) 'example_task_group' retrieved from /home/airflow/.local/lib/python3.12/site-packages/airflow/example_dags/example_task_group.py
[2026-08-12T04:42:42.068+0000] {logging_mixin.py:190} INFO - [2026-08-12T04:42:42.068+0000] {dag.py:3211} INFO - Sync 1 DAGs
[2026-08-12T04:42:42.083+0000] {logging_mixin.py:190} INFO - [2026-08-12T04:42:42.083+0000] {dag.py:4138} INFO - Setting next_dagrun for example_task_group to 2026-08-11 00:00:00+00:00, run_after=2026-08-12 00:00:00+00:00
[2026-08-12T04:42:42.095+0000] {processor.py:208} INFO - Processing /home/airflow/.local/lib/python3.12/site-packages/airflow/example_dags/example_task_group.py took 0.055 seconds
[2026-08-12T04:43:13.177+0000] {processor.py:186} INFO - Started process (PID=1403) to work on /home/airflow/.local/lib/python3.12/site-packages/airflow/example_dags/example_task_group.py
[2026-08-12T04:43:13.179+0000] {processor.py:914} INFO - Processing file /home/airflow/.local/lib/python3.12/site-packages/airflow/example_dags/example_task_group.py for tasks to queue
[2026-08-12T04:43:13.181+0000] {logging_mixin.py:190} INFO - [2026-08-12T04:43:13.181+0000] {dagbag.py:587} INFO - Filling up the DagBag from /home/airflow/.local/lib/python3.12/site-packages/airflow/example_dags/example_task_group.py
[2026-08-12T04:43:13.188+0000] {processor.py:925} INFO - DAG(s) 'example_task_group' retrieved from /home/airflow/.local/lib/python3.12/site-packages/airflow/example_dags/example_task_group.py
[2026-08-12T04:43:13.202+0000] {logging_mixin.py:190} INFO - [2026-08-12T04:43:13.202+0000] {dag.py:3211} INFO - Sync 1 DAGs
[2026-08-12T04:43:13.217+0000] {logging_mixin.py:190} INFO - [2026-08-12T04:43:13.217+0000] {dag.py:4138} INFO - Setting next_dagrun for example_task_group to 2026-08-11 00:00:00+00:00, run_after=2026-08-12 00:00:00+00:00
[2026-08-12T04:43:13.230+0000] {processor.py:208} INFO - Processing /home/airflow/.local/lib/python3.12/site-packages/airflow/example_dags/example_task_group.py took 0.057 seconds
[2026-08-12T04:43:43.445+0000] {processor.py:186} INFO - Started process (PID=1465) to work on /home/airflow/.local/lib/python3.12/site-packages/airflow/example_dags/example_task_group.py
[2026-08-12T04:43:43.447+0000] {processor.py:914} INFO - Processing file /home/airflow/.local/lib/python3.12/site-packages/airflow/example_dags/example_task_group.py for tasks to queue
[2026-08-12T04:43:43.449+0000] {logging_mixin.py:190} INFO - [2026-08-12T04:43:43.449+0000] {dagbag.py:587} INFO - Filling up the DagBag from /home/airflow/.local/lib/python3.12/site-packages/airflow/example_dags/example_task_group.py
[2026-08-12T04:43:43.457+0000] {processor.py:925} INFO - DAG(s) 'example_task_group' retrieved from /home/airflow/.local/lib/python3.12/site-packages/airflow/example_dags/example_task_group.py
[2026-08-12T04:43:43.476+0000] {logging_mixin.py:190} INFO - [2026-08-12T04:43:43.475+0000] {dag.py:3211} INFO - Sync 1 DAGs
[2026-08-12T04:43:43.492+0000] {logging_mixin.py:190} INFO - [2026-08-12T04:43:43.492+0000] {dag.py:4138} INFO - Setting next_dagrun for example_task_group to 2026-08-11 00:00:00+00:00, run_after=2026-08-12 00:00:00+00:00
[2026-08-12T04:43:43.506+0000] {processor.py:208} INFO - Processing /home/airflow/.local/lib/python3.12/site-packages/airflow/example_dags/example_task_group.py took 0.065 seconds
[2026-08-12T04:44:14.491+0000] {processor.py:186} INFO - Started process (PID=1527) to work on /home/airflow/.local/lib/python3.12/site-packages/airflow/example_dags/example_task_group.py
[2026-08-12T04:44:14.492+0000] {processor.py:914} INFO - Processing file /home/airflow/.local/lib/python3.12/site-packages/airflow/example_dags/example_task_group.py for tasks to queue
[2026-08-12T04:44:14.493+0000] {logging_mixin.py:190} INFO - [2026-08-12T04:44:14.493+0000] {dagbag.py:587} INFO - Filling up the DagBag from /home/airflow/.local/lib/python3.12/site-packages/airflow/example_dags/example_task_group.py
[2026-08-12T04:44:14.500+0000] {processor.py:925} INFO - DAG(s) 'example_task_group' retrieved from /home/airflow/.local/lib/python3.12/site-packages/airflow/example_dags/example_task_group.py
[2026-08-12T04:44:14.515+0000] {logging_mixin.py:190} INFO - [2026-08-12T04:44:14.515+0000] {dag.py:3211} INFO - Sync 1 DAGs
[2026-08-12T04:44:14.531+0000] {logging_mixin.py:190} INFO - [2026-08-12T04:44:14.531+0000] {dag.py:4138} INFO - Setting next_dagrun for example_task_group to 2026-08-11 00:00:00+00:00, run_after=2026-08-12 00:00:00+00:00
[2026-08-12T04:44:14.544+0000] {processor.py:208} INFO - Processing /home/airflow/.local/lib/python3.12/site-packages/airflow/example_dags/example_task_group.py took 0.058 seconds
[2026-08-12T04:44:45.478+0000] {processor.py:186} INFO - Started process (PID=1589) to work on /home/airflow/.local/lib/python3.12/site-packages/airflow/example_dags/example_task_group.py
[2026-08-12T04:44:45.480+0000] {processor.py:914} INFO - Processing file /home/airflow/.local/lib/python3.12/site-packages/airflow/example_dags/example_task_group.py for tasks to queue
[2026-08-12T04:44:45.482+0000] {logging_mixin.py:190} INFO - [2026-08-12T04:44:45.482+0000] {dagbag.py:587} INFO - Filling up the DagBag from /home/airflow/.local/lib/python3.12/site-packages/airflow/example_dags/example_task_group.py
[2026-08-12T04:44:45.489+0000] {processor.py:925} INFO - DAG(s) 'example_task_group' retrieved from /home/airflow/.local/lib/python3.12/site-packages/airflow/example_dags/example_task_group.py
[2026-08-12T04:44:45.505+0000] {logging_mixin.py:190} INFO - [2026-08-12T04:44:45.505+0000] {dag.py:3211} INFO - Sync 1 DAGs
[2026-08-12T04:44:45.522+0000] {logging_mixin.py:190} INFO - [2026-08-12T04:44:45.521+0000] {dag.py:4138} INFO - Setting next_dagrun for example_task_group to 2026-08-11 00:00:00+00:00, run_after=2026-08-12 00:00:00+00:00
[2026-08-12T04:44:45.534+0000] {processor.py:208} INFO - Processing /home/airflow/.local/lib/python3.12/site-packages/airflow/example_dags/example_task_group.py took 0.060 seconds
[2026-08-12T04:45:15.822+0000] {processor.py:186} INFO - Started process (PID=1651) to work on /home/airflow/.local/lib/python3.12/site-packages/airflow/example_dags/example_task_group.py
[2026-08-12T04:45:15.823+0000] {processor.py:914} INFO - Processing file /home/airflow/.local/lib/python3.12/site-packages/airflow/example_dags/example_task_group.py for tasks to queue
[2026-08-12T04:45:15.825+0000] {logging_mixin.py:190} INFO - [2026-08-12T04:45:15.825+0000] {dagbag.py:587} INFO - Filling up the DagBag from /home/airflow/.local/lib/python3.12/site-packages/airflow/example_dags/example_task_group.py
[2026-08-12T04:45:15.832+0000] {processor.py:925} INFO - DAG(s) 'example_task_group' retrieved from /home/airflow/.local/lib/python3.12/site-packages/airflow/example_dags/example_task_group.py
[2026-08-12T04:45:15.847+0000] {logging_mixin.py:190} INFO - [2026-08-12T04:45:15.847+0000] {dag.py:3211} INFO - Sync 1 DAGs
[2026-08-12T04:45:15.863+0000] {logging_mixin.py:190} INFO - [2026-08-12T04:45:15.863+0000] {dag.py:4138} INFO - Setting next_dagrun for example_task_group to 2026-08-11 00:00:00+00:00, run_after=2026-08-12 00:00:00+00:00
[2026-08-12T04:45:15.876+0000] {processor.py:208} INFO - Processing /home/airflow/.local/lib/python3.12/site-packages/airflow/example_dags/example_task_group.py took 0.059 seconds
[2026-08-12T04:45:46.245+0000] {processor.py:186} INFO - Started process (PID=1713) to work on /home/airflow/.local/lib/python3.12/site-packages/airflow/example_dags/example_task_group.py
[2026-08-12T04:45:46.246+0000] {processor.py:914} INFO - Processing file /home/airflow/.local/lib/python3.12/site-packages/airflow/example_dags/example_task_group.py for tasks to queue
[2026-08-12T04:45:46.248+0000] {logging_mixin.py:190} INFO - [2026-08-12T04:45:46.248+0000] {dagbag.py:587} INFO - Filling up the DagBag from /home/airflow/.local/lib/python3.12/site-packages/airflow/example_dags/example_task_group.py
[2026-08-12T04:45:46.256+0000] {processor.py:925} INFO - DAG(s) 'example_task_group' retrieved from /home/airflow/.local/lib/python3.12/site-packages/airflow/example_dags/example_task_group.py
[2026-08-12T04:45:46.273+0000] {logging_mixin.py:190} INFO - [2026-08-12T04:45:46.272+0000] {dag.py:3211} INFO - Sync 1 DAGs
[2026-08-12T04:45:46.289+0000] {logging_mixin.py:190} INFO - [2026-08-12T04:45:46.289+0000] {dag.py:4138} INFO - Setting next_dagrun for example_task_group to 2026-08-11 00:00:00+00:00, run_after=2026-08-12 00:00:00+00:00
[2026-08-12T04:45:46.301+0000] {processor.py:208} INFO - Processing /home/airflow/.local/lib/python3.12/site-packages/airflow/example_dags/example_task_group.py took 0.060 seconds
[2026-08-12T04:46:17.435+0000] {processor.py:186} INFO - Started process (PID=1775) to work on /home/airflow/.local/lib/python3.12/site-packages/airflow/example_dags/example_task_group.py
[2026-08-12T04:46:17.436+0000] {processor.py:914} INFO - Processing file /home/airflow/.local/lib/python3.12/site-packages/airflow/example_dags/example_task_group.py for tasks to queue
[2026-08-12T04:46:17.439+0000] {logging_mixin.py:190} INFO - [2026-08-12T04:46:17.439+0000] {dagbag.py:587} INFO - Filling up the DagBag from /home/airflow/.local/lib/python3.12/site-packages/airflow/example_dags/example_task_group.py
[2026-08-12T04:46:17.450+0000] {processor.py:925} INFO - DAG(s) 'example_task_group' retrieved from /home/airflow/.local/lib/python3.12/site-packages/airflow/example_dags/example_task_group.py
[2026-08-12T04:46:17.468+0000] {logging_mixin.py:190} INFO - [2026-08-12T04:46:17.468+0000] {dag.py:3211} INFO - Sync 1 DAGs
[2026-08-12T04:46:17.487+0000] {logging_mixin.py:190} INFO - [2026-08-12T04:46:17.487+0000] {dag.py:4138} INFO - Setting next_dagrun for example_task_group to 2026-08-11 00:00:00+00:00, run_after=2026-08-12 00:00:00+00:00
[2026-08-12T04:46:17.501+0000] {processor.py:208} INFO - Processing /home/airflow/.local/lib/python3.12/site-packages/airflow/example_dags/example_task_group.py took 0.072 seconds
[2026-08-12T04:46:47.595+0000] {processor.py:186} INFO - Started process (PID=1837) to work on /home/airflow/.local/lib/python3.12/site-packages/airflow/example_dags/example_task_group.py
[2026-08-12T04:46:47.596+0000] {processor.py:914} INFO - Processing file /home/airflow/.local/lib/python3.12/site-packages/airflow/example_dags/example_task_group.py for tasks to queue
[2026-08-12T04:46:47.598+0000] {logging_mixin.py:190} INFO - [2026-08-12T04:46:47.598+0000] {dagbag.py:587} INFO - Filling up the DagBag from /home/airflow/.local/lib/python3.12/site-packages/airflow/example_dags/example_task_group.py
[2026-08-12T04:46:47.605+0000] {processor.py:925} INFO - DAG(s) 'example_task_group' retrieved from /home/airflow/.local/lib/python3.12/site-packages/airflow/example_dags/example_task_group.py
[2026-08-12T04:46:47.621+0000] {logging_mixin.py:190} INFO - [2026-08-12T04:46:47.621+0000] {dag.py:3211} INFO - Sync 1 DAGs
[2026-08-12T04:46:47.636+0000] {logging_mixin.py:190} INFO - [2026-08-12T04:46:47.636+0000] {dag.py:4138} INFO - Setting next_dagrun for example_task_group to 2026-08-11 00:00:00+00:00, run_after=2026-08-12 00:00:00+00:00
[2026-08-12T04:46:47.649+0000] {processor.py:208} INFO - Processing /home/airflow/.local/lib/python3.12/site-packages/airflow/example_dags/example_task_group.py took 0.059 seconds
[2026-08-12T04:47:17.887+0000] {processor.py:186} INFO - Started process (PID=1898) to work on /home/airflow/.local/lib/python3.12/site-packages/airflow/example_dags/example_task_group.py
[2026-08-12T04:47:17.889+0000] {processor.py:914} INFO - Processing file /home/airflow/.local/lib/python3.12/site-packages/airflow/example_dags/example_task_group.py for tasks to queue
[2026-08-12T04:47:17.891+0000] {logging_mixin.py:190} INFO - [2026-08-12T04:47:17.891+0000] {dagbag.py:587} INFO - Filling up the DagBag from /home/airflow/.local/lib/python3.12/site-packages/airflow/example_dags/example_task_group.py
[2026-08-12T04:47:17.898+0000] {processor.py:925} INFO - DAG(s) 'example_task_group' retrieved from /home/airflow/.local/lib/python3.12/site-packages/airflow/example_dags/example_task_group.py
[2026-08-12T04:47:17.918+0000] {logging_mixin.py:190} INFO - [2026-08-12T04:47:17.918+0000] {dag.py:3211} INFO - Sync 1 DAGs
[2026-08-12T04:47:17.938+0000] {logging_mixin.py:190} INFO - [2026-08-12T04:47:17.938+0000] {dag.py:4138} INFO - Setting next_dagrun for example_task_group to 2026-08-11 00:00:00+00:00, run_after=2026-08-12 00:00:00+00:00
[2026-08-12T04:47:17.954+0000] {processor.py:208} INFO - Processing /home/airflow/.local/lib/python3.12/site-packages/airflow/example_dags/example_task_group.py took 0.072 seconds
[2026-08-12T04:47:48.216+0000] {processor.py:186} INFO - Started process (PID=1962) to work on /home/airflow/.local/lib/python3.12/site-packages/airflow/example_dags/example_task_group.py
[2026-08-12T04:47:48.218+0000] {processor.py:914} INFO - Processing file /home/airflow/.local/lib/python3.12/site-packages/airflow/example_dags/example_task_group.py for tasks to queue
[2026-08-12T04:47:48.220+0000] {logging_mixin.py:190} INFO - [2026-08-12T04:47:48.220+0000] {dagbag.py:587} INFO - Filling up the DagBag from /home/airflow/.local/lib/python3.12/site-packages/airflow/example_dags/example_task_group.py
[2026-08-12T04:47:48.228+0000] {processor.py:925} INFO - DAG(s) 'example_task_group' retrieved from /home/airflow/.local/lib/python3.12/site-packages/airflow/example_dags/example_task_group.py
[2026-08-12T04:47:48.243+0000] {logging_mixin.py:190} INFO - [2026-08-12T04:47:48.243+0000] {dag.py:3211} INFO - Sync 1 DAGs
[2026-08-12T04:47:48.258+0000] {logging_mixin.py:190} INFO - [2026-08-12T04:47:48.258+0000] {dag.py:4138} INFO - Setting next_dagrun for example_task_group to 2026-08-11 00:00:00+00:00, run_after=2026-08-12 00:00:00+00:00
[2026-08-12T04:47:48.270+0000] {processor.py:208} INFO - Processing /home/airflow/.local/lib/python3.12/site-packages/airflow/example_dags/example_task_group.py took 0.059 seconds
[2026-08-12T04:48:18.627+0000] {processor.py:186} INFO - Started process (PID=2026) to work on /home/airflow/.local/lib/python3.12/site-packages/airflow/example_dags/example_task_group.py
[2026-08-12T04:48:18.628+0000] {processor.py:914} INFO - Processing file /home/airflow/.local/lib/python3.12/site-packages/airflow/example_dags/example_task_group.py for tasks to queue
[2026-08-12T04:48:18.631+0000] {logging_mixin.py:190} INFO - [2026-08-12T04:48:18.630+0000] {dagbag.py:587} INFO - Filling up the DagBag from /home/airflow/.local/lib/python3.12/site-packages/airflow/example_dags/example_task_group.py
[2026-08-12T04:48:18.638+0000] {processor.py:925} INFO - DAG(s) 'example_task_group' retrieved from /home/airflow/.local/lib/python3.12/site-packages/airflow/example_dags/example_task_group.py
[2026-08-12T04:48:18.653+0000] {logging_mixin.py:190} INFO - [2026-08-12T04:48:18.653+0000] {dag.py:3211} INFO - Sync 1 DAGs
[2026-08-12T04:48:18.671+0000] {logging_mixin.py:190} INFO - [2026-08-12T04:48:18.671+0000] {dag.py:4138} INFO - Setting next_dagrun for example_task_group to 2026-08-11 00:00:00+00:00, run_after=2026-08-12 00:00:00+00:00
[2026-08-12T04:48:18.687+0000] {processor.py:208} INFO - Processing /home/airflow/.local/lib/python3.12/site-packages/airflow/example_dags/example_task_group.py took 0.065 seconds
[2026-08-12T04:48:48.899+0000] {processor.py:186} INFO - Started process (PID=2089) to work on /home/airflow/.local/lib/python3.12/site-packages/airflow/example_dags/example_task_group.py
[2026-08-12T04:48:48.901+0000] {processor.py:914} INFO - Processing file /home/airflow/.local/lib/python3.12/site-packages/airflow/example_dags/example_task_group.py for tasks to queue
[2026-08-12T04:48:48.903+0000] {logging_mixin.py:190} INFO - [2026-08-12T04:48:48.903+0000] {dagbag.py:587} INFO - Filling up the DagBag from /home/airflow/.local/lib/python3.12/site-packages/airflow/example_dags/example_task_group.py
[2026-08-12T04:48:48.911+0000] {processor.py:925} INFO - DAG(s) 'example_task_group' retrieved from /home/airflow/.local/lib/python3.12/site-packages/airflow/example_dags/example_task_group.py
[2026-08-12T04:48:48.928+0000] {logging_mixin.py:190} INFO - [2026-08-12T04:48:48.928+0000] {dag.py:3211} INFO - Sync 1 DAGs
[2026-08-12T04:48:48.947+0000] {logging_mixin.py:190} INFO - [2026-08-12T04:48:48.947+0000] {dag.py:4138} INFO - Setting next_dagrun for example_task_group to 2026-08-11 00:00:00+00:00, run_after=2026-08-12 00:00:00+00:00
[2026-08-12T04:48:48.962+0000] {processor.py:208} INFO - Processing /home/airflow/.local/lib/python3.12/site-packages/airflow/example_dags/example_task_group.py took 0.068 seconds
[2026-08-12T04:49:19.101+0000] {processor.py:186} INFO - Started process (PID=2152) to work on /home/airflow/.local/lib/python3.12/site-packages/airflow/example_dags/example_task_group.py
[2026-08-12T04:49:19.102+0000] {processor.py:914} INFO - Processing file /home/airflow/.local/lib/python3.12/site-packages/airflow/example_dags/example_task_group.py for tasks to queue
[2026-08-12T04:49:19.104+0000] {logging_mixin.py:190} INFO - [2026-08-12T04:49:19.104+0000] {dagbag.py:587} INFO - Filling up the DagBag from /home/airflow/.local/lib/python3.12/site-packages/airflow/example_dags/example_task_group.py
[2026-08-12T04:49:19.111+0000] {processor.py:925} INFO - DAG(s) 'example_task_group' retrieved from /home/airflow/.local/lib/python3.12/site-packages/airflow/example_dags/example_task_group.py
[2026-08-12T04:49:19.126+0000] {logging_mixin.py:190} INFO - [2026-08-12T04:49:19.126+0000] {dag.py:3211} INFO - Sync 1 DAGs
[2026-08-12T04:49:19.141+0000] {logging_mixin.py:190} INFO - [2026-08-12T04:49:19.141+0000] {dag.py:4138} INFO - Setting next_dagrun for example_task_group to 2026-08-11 00:00:00+00:00, run_after=2026-08-12 00:00:00+00:00
[2026-08-12T04:49:19.155+0000] {processor.py:208} INFO - Processing /home/airflow/.local/lib/python3.12/site-packages/airflow/example_dags/example_task_group.py took 0.059 seconds
[2026-08-12T04:49:50.121+0000] {processor.py:186} INFO - Started process (PID=2216) to work on /home/airflow/.local/lib/python3.12/site-packages/airflow/example_dags/example_task_group.py
[2026-08-12T04:49:50.122+0000] {processor.py:914} INFO - Processing file /home/airflow/.local/lib/python3.12/site-packages/airflow/example_dags/example_task_group.py for tasks to queue
[2026-08-12T04:49:50.125+0000] {logging_mixin.py:190} INFO - [2026-08-12T04:49:50.124+0000] {dagbag.py:587} INFO - Filling up the DagBag from /home/airflow/.local/lib/python3.12/site-packages/airflow/example_dags/example_task_group.py
[2026-08-12T04:49:50.131+0000] {processor.py:925} INFO - DAG(s) 'example_task_group' retrieved from /home/airflow/.local/lib/python3.12/site-packages/airflow/example_dags/example_task_group.py
[2026-08-12T04:49:50.147+0000] {logging_mixin.py:190} INFO - [2026-08-12T04:49:50.147+0000] {dag.py:3211} INFO - Sync 1 DAGs
[2026-08-12T04:49:50.162+0000] {logging_mixin.py:190} INFO - [2026-08-12T04:49:50.162+0000] {dag.py:4138} INFO - Setting next_dagrun for example_task_group to 2026-08-11 00:00:00+00:00, run_after=2026-08-12 00:00:00+00:00
[2026-08-12T04:49:50.176+0000] {processor.py:208} INFO - Processing /home/airflow/.local/lib/python3.12/site-packages/airflow/example_dags/example_task_group.py took 0.060 seconds
[2026-08-12T04:50:20.784+0000] {processor.py:186} INFO - Started process (PID=2280) to work on /home/airflow/.local/lib/python3.12/site-packages/airflow/example_dags/example_task_group.py
[2026-08-12T04:50:20.785+0000] {processor.py:914} INFO - Processing file /home/airflow/.local/lib/python3.12/site-packages/airflow/example_dags/example_task_group.py for tasks to queue
[2026-08-12T04:50:20.787+0000] {logging_mixin.py:190} INFO - [2026-08-12T04:50:20.787+0000] {dagbag.py:587} INFO - Filling up the DagBag from /home/airflow/.local/lib/python3.12/site-packages/airflow/example_dags/example_task_group.py
[2026-08-12T04:50:20.794+0000] {processor.py:925} INFO - DAG(s) 'example_task_group' retrieved from /home/airflow/.local/lib/python3.12/site-packages/airflow/example_dags/example_task_group.py
[2026-08-12T04:50:20.811+0000] {logging_mixin.py:190} INFO - [2026-08-12T04:50:20.810+0000] {dag.py:3211} INFO - Sync 1 DAGs
[2026-08-12T04:50:20.826+0000] {logging_mixin.py:190} INFO - [2026-08-12T04:50:20.826+0000] {dag.py:4138} INFO - Setting next_dagrun for example_task_group to 2026-08-11 00:00:00+00:00, run_after=2026-08-12 00:00:00+00:00
[2026-08-12T04:50:20.840+0000] {processor.py:208} INFO - Processing /home/airflow/.local/lib/python3.12/site-packages/airflow/example_dags/example_task_group.py took 0.060 seconds
[2026-08-12T04:50:51.155+0000] {processor.py:186} INFO - Started process (PID=2347) to work on /home/airflow/.local/lib/python3.12/site-packages/airflow/example_dags/example_task_group.py
[2026-08-12T04:50:51.156+0000] {processor.py:914} INFO - Processing file /home/airflow/.local/lib/python3.12/site-packages/airflow/example_dags/example_task_group.py for tasks to queue
[2026-08-12T04:50:51.158+0000] {logging_mixin.py:190} INFO - [2026-08-12T04:50:51.157+0000] {dagbag.py:587} INFO - Filling up the DagBag from /home/airflow/.local/lib/python3.12/site-packages/airflow/example_dags/example_task_group.py
[2026-08-12T04:50:51.165+0000] {processor.py:925} INFO - DAG(s) 'example_task_group' retrieved from /home/airflow/.local/lib/python3.12/site-packages/airflow/example_dags/example_task_group.py
[2026-08-12T04:50:51.180+0000] {logging_mixin.py:190} INFO - [2026-08-12T04:50:51.180+0000] {dag.py:3211} INFO - Sync 1 DAGs
[2026-08-12T04:50:51.197+0000] {logging_mixin.py:190} INFO - [2026-08-12T04:50:51.197+0000] {dag.py:4138} INFO - Setting next_dagrun for example_task_group to 2026-08-11 00:00:00+00:00, run_after=2026-08-12 00:00:00+00:00
[2026-08-12T04:50:51.211+0000] {processor.py:208} INFO - Processing /home/airflow/.local/lib/python3.12/site-packages/airflow/example_dags/example_task_group.py took 0.060 seconds
[2026-08-12T04:51:21.713+0000] {processor.py:186} INFO - Started process (PID=2410) to work on /home/airflow/.local/lib/python3.12/site-packages/airflow/example_dags/example_task_group.py
[2026-08-12T04:51:21.715+0000] {processor.py:914} INFO - Processing file /home/airflow/.local/lib/python3.12/site-packages/airflow/example_dags/example_task_group.py for tasks to queue
[2026-08-12T04:51:21.717+0000] {logging_mixin.py:190} INFO - [2026-08-12T04:51:21.717+0000] {dagbag.py:587} INFO - Filling up the DagBag from /home/airflow/.local/lib/python3.12/site-packages/airflow/example_dags/example_task_group.py
[2026-08-12T04:51:21.723+0000] {processor.py:925} INFO - DAG(s) 'example_task_group' retrieved from /home/airflow/.local/lib/python3.12/site-packages/airflow/example_dags/example_task_group.py
[2026-08-12T04:51:21.740+0000] {logging_mixin.py:190} INFO - [2026-08-12T04:51:21.740+0000] {dag.py:3211} INFO - Sync 1 DAGs
[2026-08-12T04:51:21.757+0000] {logging_mixin.py:190} INFO - [2026-08-12T04:51:21.757+0000] {dag.py:4138} INFO - Setting next_dagrun for example_task_group to 2026-08-11 00:00:00+00:00, run_after=2026-08-12 00:00:00+00:00
[2026-08-12T04:51:21.772+0000] {processor.py:208} INFO - Processing /home/airflow/.local/lib/python3.12/site-packages/airflow/example_dags/example_task_group.py took 0.063 seconds
