[2026-08-12T04:30:17.960+0000] {processor.py:186} INFO - Started process (PID=93) to work on /home/airflow/.local/lib/python3.12/site-packages/airflow/example_dags/example_external_task_marker_dag.py
[2026-08-12T04:30:17.961+0000] {processor.py:914} INFO - Processing file /home/airflow/.local/lib/python3.12/site-packages/airflow/example_dags/example_external_task_marker_dag.py for tasks to queue
[2026-08-12T04:30:17.963+0000] {logging_mixin.py:190} INFO - [2026-08-12T04:30:17.963+0000] {dagbag.py:587} INFO - Filling up the DagBag from /home/airflow/.local/lib/python3.12/site-packages/airflow/example_dags/example_external_task_marker_dag.py
[2026-08-12T04:30:17.971+0000] {processor.py:925} INFO - DAG(s) 'example_external_task_marker_child', 'example_external_task_marker_parent' retrieved from /home/airflow/.local/lib/python3.12/site-packages/airflow/example_dags/example_external_task_marker_dag.py
[2026-08-12T04:30:18.079+0000] {logging_mixin.py:190} INFO - [2026-08-12T04:30:18.078+0000] {override.py:1858} INFO - Created Permission View: can delete on DAG:example_external_task_marker_child
[2026-08-12T04:30:18.089+0000] {logging_mixin.py:190} INFO - [2026-08-12T04:30:18.089+0000] {override.py:1858} INFO - Created Permission View: can read on DAG:example_external_task_marker_child
[2026-08-12T04:30:18.094+0000] {logging_mixin.py:190} INFO - [2026-08-12T04:30:18.094+0000] {override.py:1858} INFO - Created Permission View: can edit on DAG:example_external_task_marker_child
[2026-08-12T04:30:18.105+0000] {logging_mixin.py:190} INFO - [2026-08-12T04:30:18.105+0000] {override.py:1858} INFO - Created Permission View: can delete on DAG:example_external_task_marker_parent
[2026-08-12T04:30:18.111+0000] {logging_mixin.py:190} INFO - [2026-08-12T04:30:18.111+0000] {override.py:1858} INFO - Created Permission View: can read on DAG:example_external_task_marker_parent
[2026-08-12T04:30:18.119+0000] {logging_mixin.py:190} INFO - [2026-08-12T04:30:18.118+0000] {override.py:1858} INFO - Created Permission View: can edit on DAG:example_external_task_marker_parent
[2026-08-12T04:30:18.120+0000] {logging_mixin.py:190} INFO - [2026-08-12T04:30:18.119+0000] {dag.py:3211} INFO - Sync 2 DAGs
[2026-08-12T04:30:18.130+0000] {logging_mixin.py:190} INFO - [2026-08-12T04:30:18.130+0000] {dag.py:3234} INFO - Creating ORM DAG for example_external_task_marker_parent
[2026-08-12T04:30:18.131+0000] {logging_mixin.py:190} INFO - [2026-08-12T04:30:18.131+0000] {dag.py:3234} INFO - Creating ORM DAG for example_external_task_marker_child
[2026-08-12T04:30:18.132+0000] {logging_mixin.py:190} INFO - [2026-08-12T04:30:18.132+0000] {dag.py:4138} INFO - Setting next_dagrun for example_external_task_marker_child to None, run_after=None
[2026-08-12T04:30:18.133+0000] {logging_mixin.py:190} INFO - [2026-08-12T04:30:18.133+0000] {dag.py:4138} INFO - Setting next_dagrun for example_external_task_marker_parent to None, run_after=None
[2026-08-12T04:30:18.152+0000] {processor.py:208} INFO - Processing /home/airflow/.local/lib/python3.12/site-packages/airflow/example_dags/example_external_task_marker_dag.py took 0.197 seconds
[2026-08-12T04:30:48.777+0000] {processor.py:186} INFO - Started process (PID=161) to work on /home/airflow/.local/lib/python3.12/site-packages/airflow/example_dags/example_external_task_marker_dag.py
[2026-08-12T04:30:48.778+0000] {processor.py:914} INFO - Processing file /home/airflow/.local/lib/python3.12/site-packages/airflow/example_dags/example_external_task_marker_dag.py for tasks to queue
[2026-08-12T04:30:48.780+0000] {logging_mixin.py:190} INFO - [2026-08-12T04:30:48.780+0000] {dagbag.py:587} INFO - Filling up the DagBag from /home/airflow/.local/lib/python3.12/site-packages/airflow/example_dags/example_external_task_marker_dag.py
[2026-08-12T04:30:48.787+0000] {processor.py:925} INFO - DAG(s) 'example_external_task_marker_child', 'example_external_task_marker_parent' retrieved from /home/airflow/.local/lib/python3.12/site-packages/airflow/example_dags/example_external_task_marker_dag.py
[2026-08-12T04:30:48.804+0000] {logging_mixin.py:190} INFO - [2026-08-12T04:30:48.804+0000] {dag.py:3211} INFO - Sync 2 DAGs
[2026-08-12T04:30:48.814+0000] {logging_mixin.py:190} INFO - [2026-08-12T04:30:48.814+0000] {dag.py:4138} INFO - Setting next_dagrun for example_external_task_marker_child to None, run_after=None
[2026-08-12T04:30:48.817+0000] {logging_mixin.py:190} INFO - [2026-08-12T04:30:48.816+0000] {dag.py:4138} INFO - Setting next_dagrun for example_external_task_marker_parent to None, run_after=None
[2026-08-12T04:30:48.829+0000] {processor.py:208} INFO - Processing /home/airflow/.local/lib/python3.12/site-packages/airflow/example_dags/example_external_task_marker_dag.py took 0.056 seconds
[2026-08-12T04:31:19.884+0000] {processor.py:186} INFO - Started process (PID=223) to work on /home/airflow/.local/lib/python3.12/site-packages/airflow/example_dags/example_external_task_marker_dag.py
[2026-08-12T04:31:19.885+0000] {processor.py:914} INFO - Processing file /home/airflow/.local/lib/python3.12/site-packages/airflow/example_dags/example_external_task_marker_dag.py for tasks to queue
[2026-08-12T04:31:19.888+0000] {logging_mixin.py:190} INFO - [2026-08-12T04:31:19.888+0000] {dagbag.py:587} INFO - Filling up the DagBag from /home/airflow/.local/lib/python3.12/site-packages/airflow/example_dags/example_external_task_marker_dag.py
[2026-08-12T04:31:19.895+0000] {processor.py:925} INFO - DAG(s) 'example_external_task_marker_child', 'example_external_task_marker_parent' retrieved from /home/airflow/.local/lib/python3.12/site-packages/airflow/example_dags/example_external_task_marker_dag.py
[2026-08-12T04:31:19.915+0000] {logging_mixin.py:190} INFO - [2026-08-12T04:31:19.915+0000] {dag.py:3211} INFO - Sync 2 DAGs
[2026-08-12T04:31:19.925+0000] {logging_mixin.py:190} INFO - [2026-08-12T04:31:19.925+0000] {dag.py:4138} INFO - Setting next_dagrun for example_external_task_marker_child to None, run_after=None
[2026-08-12T04:31:19.929+0000] {logging_mixin.py:190} INFO - [2026-08-12T04:31:19.929+0000] {dag.py:4138} INFO - Setting next_dagrun for example_external_task_marker_parent to None, run_after=None
[2026-08-12T04:31:19.941+0000] {processor.py:208} INFO - Processing /home/airflow/.local/lib/python3.12/site-packages/airflow/example_dags/example_external_task_marker_dag.py took 0.061 seconds
[2026-08-12T04:32:27.883+0000] {processor.py:186} INFO - Started process (PID=87) to work on /home/airflow/.local/lib/python3.12/site-packages/airflow/example_dags/example_external_task_marker_dag.py
[2026-08-12T04:32:27.884+0000] {processor.py:914} INFO - Processing file /home/airflow/.local/lib/python3.12/site-packages/airflow/example_dags/example_external_task_marker_dag.py for tasks to queue
[2026-08-12T04:32:27.886+0000] {logging_mixin.py:190} INFO - [2026-08-12T04:32:27.886+0000] {dagbag.py:587} INFO - Filling up the DagBag from /home/airflow/.local/lib/python3.12/site-packages/airflow/example_dags/example_external_task_marker_dag.py
[2026-08-12T04:32:27.892+0000] {processor.py:925} INFO - DAG(s) 'example_external_task_marker_child', 'example_external_task_marker_parent' retrieved from /home/airflow/.local/lib/python3.12/site-packages/airflow/example_dags/example_external_task_marker_dag.py
[2026-08-12T04:32:27.909+0000] {logging_mixin.py:190} INFO - [2026-08-12T04:32:27.909+0000] {dag.py:3211} INFO - Sync 2 DAGs
[2026-08-12T04:32:27.919+0000] {logging_mixin.py:190} INFO - [2026-08-12T04:32:27.919+0000] {dag.py:4138} INFO - Setting next_dagrun for example_external_task_marker_child to None, run_after=None
[2026-08-12T04:32:27.922+0000] {logging_mixin.py:190} INFO - [2026-08-12T04:32:27.922+0000] {dag.py:4138} INFO - Setting next_dagrun for example_external_task_marker_parent to None, run_after=None
[2026-08-12T04:32:27.936+0000] {processor.py:208} INFO - Processing /home/airflow/.local/lib/python3.12/site-packages/airflow/example_dags/example_external_task_marker_dag.py took 0.057 seconds
[2026-08-12T04:32:58.856+0000] {processor.py:186} INFO - Started process (PID=150) to work on /home/airflow/.local/lib/python3.12/site-packages/airflow/example_dags/example_external_task_marker_dag.py
[2026-08-12T04:32:58.857+0000] {processor.py:914} INFO - Processing file /home/airflow/.local/lib/python3.12/site-packages/airflow/example_dags/example_external_task_marker_dag.py for tasks to queue
[2026-08-12T04:32:58.859+0000] {logging_mixin.py:190} INFO - [2026-08-12T04:32:58.859+0000] {dagbag.py:587} INFO - Filling up the DagBag from /home/airflow/.local/lib/python3.12/site-packages/airflow/example_dags/example_external_task_marker_dag.py
[2026-08-12T04:32:58.866+0000] {processor.py:925} INFO - DAG(s) 'example_external_task_marker_parent', 'example_external_task_marker_child' retrieved from /home/airflow/.local/lib/python3.12/site-packages/airflow/example_dags/example_external_task_marker_dag.py
[2026-08-12T04:32:58.882+0000] {logging_mixin.py:190} INFO - [2026-08-12T04:32:58.882+0000] {dag.py:3211} INFO - Sync 2 DAGs
[2026-08-12T04:32:58.893+0000] {logging_mixin.py:190} INFO - [2026-08-12T04:32:58.893+0000] {dag.py:4138} INFO - Setting next_dagrun for example_external_task_marker_child to None, run_after=None
[2026-08-12T04:32:58.896+0000] {logging_mixin.py:190} INFO - [2026-08-12T04:32:58.896+0000] {dag.py:4138} INFO - Setting next_dagrun for example_external_task_marker_parent to None, run_after=None
[2026-08-12T04:32:58.908+0000] {processor.py:208} INFO - Processing /home/airflow/.local/lib/python3.12/site-packages/airflow/example_dags/example_external_task_marker_dag.py took 0.057 seconds
[2026-08-12T04:33:29.606+0000] {processor.py:186} INFO - Started process (PID=212) to work on /home/airflow/.local/lib/python3.12/site-packages/airflow/example_dags/example_external_task_marker_dag.py
[2026-08-12T04:33:29.607+0000] {processor.py:914} INFO - Processing file /home/airflow/.local/lib/python3.12/site-packages/airflow/example_dags/example_external_task_marker_dag.py for tasks to queue
[2026-08-12T04:33:29.610+0000] {logging_mixin.py:190} INFO - [2026-08-12T04:33:29.610+0000] {dagbag.py:587} INFO - Filling up the DagBag from /home/airflow/.local/lib/python3.12/site-packages/airflow/example_dags/example_external_task_marker_dag.py
[2026-08-12T04:33:29.620+0000] {processor.py:925} INFO - DAG(s) 'example_external_task_marker_parent', 'example_external_task_marker_child' retrieved from /home/airflow/.local/lib/python3.12/site-packages/airflow/example_dags/example_external_task_marker_dag.py
[2026-08-12T04:33:29.639+0000] {logging_mixin.py:190} INFO - [2026-08-12T04:33:29.639+0000] {dag.py:3211} INFO - Sync 2 DAGs
[2026-08-12T04:33:29.651+0000] {logging_mixin.py:190} INFO - [2026-08-12T04:33:29.651+0000] {dag.py:4138} INFO - Setting next_dagrun for example_external_task_marker_child to None, run_after=None
[2026-08-12T04:33:29.654+0000] {logging_mixin.py:190} INFO - [2026-08-12T04:33:29.654+0000] {dag.py:4138} INFO - Setting next_dagrun for example_external_task_marker_parent to None, run_after=None
[2026-08-12T04:33:29.668+0000] {processor.py:208} INFO - Processing /home/airflow/.local/lib/python3.12/site-packages/airflow/example_dags/example_external_task_marker_dag.py took 0.066 seconds
[2026-08-12T04:34:00.951+0000] {processor.py:186} INFO - Started process (PID=274) to work on /home/airflow/.local/lib/python3.12/site-packages/airflow/example_dags/example_external_task_marker_dag.py
[2026-08-12T04:34:00.952+0000] {processor.py:914} INFO - Processing file /home/airflow/.local/lib/python3.12/site-packages/airflow/example_dags/example_external_task_marker_dag.py for tasks to queue
[2026-08-12T04:34:00.954+0000] {logging_mixin.py:190} INFO - [2026-08-12T04:34:00.954+0000] {dagbag.py:587} INFO - Filling up the DagBag from /home/airflow/.local/lib/python3.12/site-packages/airflow/example_dags/example_external_task_marker_dag.py
[2026-08-12T04:34:00.960+0000] {processor.py:925} INFO - DAG(s) 'example_external_task_marker_parent', 'example_external_task_marker_child' retrieved from /home/airflow/.local/lib/python3.12/site-packages/airflow/example_dags/example_external_task_marker_dag.py
[2026-08-12T04:34:00.977+0000] {logging_mixin.py:190} INFO - [2026-08-12T04:34:00.976+0000] {dag.py:3211} INFO - Sync 2 DAGs
[2026-08-12T04:34:00.986+0000] {logging_mixin.py:190} INFO - [2026-08-12T04:34:00.986+0000] {dag.py:4138} INFO - Setting next_dagrun for example_external_task_marker_child to None, run_after=None
[2026-08-12T04:34:00.989+0000] {logging_mixin.py:190} INFO - [2026-08-12T04:34:00.989+0000] {dag.py:4138} INFO - Setting next_dagrun for example_external_task_marker_parent to None, run_after=None
[2026-08-12T04:34:01.000+0000] {processor.py:208} INFO - Processing /home/airflow/.local/lib/python3.12/site-packages/airflow/example_dags/example_external_task_marker_dag.py took 0.053 seconds
[2026-08-12T04:34:31.088+0000] {processor.py:186} INFO - Started process (PID=336) to work on /home/airflow/.local/lib/python3.12/site-packages/airflow/example_dags/example_external_task_marker_dag.py
[2026-08-12T04:34:31.089+0000] {processor.py:914} INFO - Processing file /home/airflow/.local/lib/python3.12/site-packages/airflow/example_dags/example_external_task_marker_dag.py for tasks to queue
[2026-08-12T04:34:31.091+0000] {logging_mixin.py:190} INFO - [2026-08-12T04:34:31.091+0000] {dagbag.py:587} INFO - Filling up the DagBag from /home/airflow/.local/lib/python3.12/site-packages/airflow/example_dags/example_external_task_marker_dag.py
[2026-08-12T04:34:31.097+0000] {processor.py:925} INFO - DAG(s) 'example_external_task_marker_child', 'example_external_task_marker_parent' retrieved from /home/airflow/.local/lib/python3.12/site-packages/airflow/example_dags/example_external_task_marker_dag.py
[2026-08-12T04:34:31.117+0000] {logging_mixin.py:190} INFO - [2026-08-12T04:34:31.117+0000] {dag.py:3211} INFO - Sync 2 DAGs
[2026-08-12T04:34:31.130+0000] {logging_mixin.py:190} INFO - [2026-08-12T04:34:31.130+0000] {dag.py:4138} INFO - Setting next_dagrun for example_external_task_marker_child to None, run_after=None
[2026-08-12T04:34:31.134+0000] {logging_mixin.py:190} INFO - [2026-08-12T04:34:31.133+0000] {dag.py:4138} INFO - Setting next_dagrun for example_external_task_marker_parent to None, run_after=None
[2026-08-12T04:34:31.146+0000] {processor.py:208} INFO - Processing /home/airflow/.local/lib/python3.12/site-packages/airflow/example_dags/example_external_task_marker_dag.py took 0.062 seconds
[2026-08-12T04:35:01.582+0000] {processor.py:186} INFO - Started process (PID=398) to work on /home/airflow/.local/lib/python3.12/site-packages/airflow/example_dags/example_external_task_marker_dag.py
[2026-08-12T04:35:01.583+0000] {processor.py:914} INFO - Processing file /home/airflow/.local/lib/python3.12/site-packages/airflow/example_dags/example_external_task_marker_dag.py for tasks to queue
[2026-08-12T04:35:01.585+0000] {logging_mixin.py:190} INFO - [2026-08-12T04:35:01.585+0000] {dagbag.py:587} INFO - Filling up the DagBag from /home/airflow/.local/lib/python3.12/site-packages/airflow/example_dags/example_external_task_marker_dag.py
[2026-08-12T04:35:01.591+0000] {processor.py:925} INFO - DAG(s) 'example_external_task_marker_parent', 'example_external_task_marker_child' retrieved from /home/airflow/.local/lib/python3.12/site-packages/airflow/example_dags/example_external_task_marker_dag.py
[2026-08-12T04:35:01.609+0000] {logging_mixin.py:190} INFO - [2026-08-12T04:35:01.609+0000] {dag.py:3211} INFO - Sync 2 DAGs
[2026-08-12T04:35:01.621+0000] {logging_mixin.py:190} INFO - [2026-08-12T04:35:01.621+0000] {dag.py:4138} INFO - Setting next_dagrun for example_external_task_marker_child to None, run_after=None
[2026-08-12T04:35:01.624+0000] {logging_mixin.py:190} INFO - [2026-08-12T04:35:01.624+0000] {dag.py:4138} INFO - Setting next_dagrun for example_external_task_marker_parent to None, run_after=None
[2026-08-12T04:35:01.637+0000] {processor.py:208} INFO - Processing /home/airflow/.local/lib/python3.12/site-packages/airflow/example_dags/example_external_task_marker_dag.py took 0.060 seconds
[2026-08-12T04:35:32.040+0000] {processor.py:186} INFO - Started process (PID=460) to work on /home/airflow/.local/lib/python3.12/site-packages/airflow/example_dags/example_external_task_marker_dag.py
[2026-08-12T04:35:32.041+0000] {processor.py:914} INFO - Processing file /home/airflow/.local/lib/python3.12/site-packages/airflow/example_dags/example_external_task_marker_dag.py for tasks to queue
[2026-08-12T04:35:32.042+0000] {logging_mixin.py:190} INFO - [2026-08-12T04:35:32.042+0000] {dagbag.py:587} INFO - Filling up the DagBag from /home/airflow/.local/lib/python3.12/site-packages/airflow/example_dags/example_external_task_marker_dag.py
[2026-08-12T04:35:32.048+0000] {processor.py:925} INFO - DAG(s) 'example_external_task_marker_parent', 'example_external_task_marker_child' retrieved from /home/airflow/.local/lib/python3.12/site-packages/airflow/example_dags/example_external_task_marker_dag.py
[2026-08-12T04:35:32.066+0000] {logging_mixin.py:190} INFO - [2026-08-12T04:35:32.066+0000] {dag.py:3211} INFO - Sync 2 DAGs
[2026-08-12T04:35:32.076+0000] {logging_mixin.py:190} INFO - [2026-08-12T04:35:32.076+0000] {dag.py:4138} INFO - Setting next_dagrun for example_external_task_marker_child to None, run_after=None
[2026-08-12T04:35:32.079+0000] {logging_mixin.py:190} INFO - [2026-08-12T04:35:32.079+0000] {dag.py:4138} INFO - Setting next_dagrun for example_external_task_marker_parent to None, run_after=None
[2026-08-12T04:35:32.090+0000] {processor.py:208} INFO - Processing /home/airflow/.local/lib/python3.12/site-packages/airflow/example_dags/example_external_task_marker_dag.py took 0.054 seconds
[2026-08-12T04:36:02.141+0000] {processor.py:186} INFO - Started process (PID=522) to work on /home/airflow/.local/lib/python3.12/site-packages/airflow/example_dags/example_external_task_marker_dag.py
[2026-08-12T04:36:02.143+0000] {processor.py:914} INFO - Processing file /home/airflow/.local/lib/python3.12/site-packages/airflow/example_dags/example_external_task_marker_dag.py for tasks to queue
[2026-08-12T04:36:02.144+0000] {logging_mixin.py:190} INFO - [2026-08-12T04:36:02.144+0000] {dagbag.py:587} INFO - Filling up the DagBag from /home/airflow/.local/lib/python3.12/site-packages/airflow/example_dags/example_external_task_marker_dag.py
[2026-08-12T04:36:02.150+0000] {processor.py:925} INFO - DAG(s) 'example_external_task_marker_child', 'example_external_task_marker_parent' retrieved from /home/airflow/.local/lib/python3.12/site-packages/airflow/example_dags/example_external_task_marker_dag.py
[2026-08-12T04:36:02.168+0000] {logging_mixin.py:190} INFO - [2026-08-12T04:36:02.168+0000] {dag.py:3211} INFO - Sync 2 DAGs
[2026-08-12T04:36:02.177+0000] {logging_mixin.py:190} INFO - [2026-08-12T04:36:02.177+0000] {dag.py:4138} INFO - Setting next_dagrun for example_external_task_marker_child to None, run_after=None
[2026-08-12T04:36:02.180+0000] {logging_mixin.py:190} INFO - [2026-08-12T04:36:02.180+0000] {dag.py:4138} INFO - Setting next_dagrun for example_external_task_marker_parent to None, run_after=None
[2026-08-12T04:36:02.191+0000] {processor.py:208} INFO - Processing /home/airflow/.local/lib/python3.12/site-packages/airflow/example_dags/example_external_task_marker_dag.py took 0.054 seconds
[2026-08-12T04:36:33.226+0000] {processor.py:186} INFO - Started process (PID=584) to work on /home/airflow/.local/lib/python3.12/site-packages/airflow/example_dags/example_external_task_marker_dag.py
[2026-08-12T04:36:33.227+0000] {processor.py:914} INFO - Processing file /home/airflow/.local/lib/python3.12/site-packages/airflow/example_dags/example_external_task_marker_dag.py for tasks to queue
[2026-08-12T04:36:33.228+0000] {logging_mixin.py:190} INFO - [2026-08-12T04:36:33.228+0000] {dagbag.py:587} INFO - Filling up the DagBag from /home/airflow/.local/lib/python3.12/site-packages/airflow/example_dags/example_external_task_marker_dag.py
[2026-08-12T04:36:33.234+0000] {processor.py:925} INFO - DAG(s) 'example_external_task_marker_child', 'example_external_task_marker_parent' retrieved from /home/airflow/.local/lib/python3.12/site-packages/airflow/example_dags/example_external_task_marker_dag.py
[2026-08-12T04:36:33.252+0000] {logging_mixin.py:190} INFO - [2026-08-12T04:36:33.251+0000] {dag.py:3211} INFO - Sync 2 DAGs
[2026-08-12T04:36:33.263+0000] {logging_mixin.py:190} INFO - [2026-08-12T04:36:33.263+0000] {dag.py:4138} INFO - Setting next_dagrun for example_external_task_marker_child to None, run_after=None
[2026-08-12T04:36:33.266+0000] {logging_mixin.py:190} INFO - [2026-08-12T04:36:33.265+0000] {dag.py:4138} INFO - Setting next_dagrun for example_external_task_marker_parent to None, run_after=None
[2026-08-12T04:36:33.277+0000] {processor.py:208} INFO - Processing /home/airflow/.local/lib/python3.12/site-packages/airflow/example_dags/example_external_task_marker_dag.py took 0.056 seconds
[2026-08-12T04:37:03.488+0000] {processor.py:186} INFO - Started process (PID=646) to work on /home/airflow/.local/lib/python3.12/site-packages/airflow/example_dags/example_external_task_marker_dag.py
[2026-08-12T04:37:03.490+0000] {processor.py:914} INFO - Processing file /home/airflow/.local/lib/python3.12/site-packages/airflow/example_dags/example_external_task_marker_dag.py for tasks to queue
[2026-08-12T04:37:03.492+0000] {logging_mixin.py:190} INFO - [2026-08-12T04:37:03.492+0000] {dagbag.py:587} INFO - Filling up the DagBag from /home/airflow/.local/lib/python3.12/site-packages/airflow/example_dags/example_external_task_marker_dag.py
[2026-08-12T04:37:03.500+0000] {processor.py:925} INFO - DAG(s) 'example_external_task_marker_parent', 'example_external_task_marker_child' retrieved from /home/airflow/.local/lib/python3.12/site-packages/airflow/example_dags/example_external_task_marker_dag.py
[2026-08-12T04:37:03.519+0000] {logging_mixin.py:190} INFO - [2026-08-12T04:37:03.519+0000] {dag.py:3211} INFO - Sync 2 DAGs
[2026-08-12T04:37:03.530+0000] {logging_mixin.py:190} INFO - [2026-08-12T04:37:03.530+0000] {dag.py:4138} INFO - Setting next_dagrun for example_external_task_marker_child to None, run_after=None
[2026-08-12T04:37:03.533+0000] {logging_mixin.py:190} INFO - [2026-08-12T04:37:03.533+0000] {dag.py:4138} INFO - Setting next_dagrun for example_external_task_marker_parent to None, run_after=None
[2026-08-12T04:37:03.545+0000] {processor.py:208} INFO - Processing /home/airflow/.local/lib/python3.12/site-packages/airflow/example_dags/example_external_task_marker_dag.py took 0.061 seconds
[2026-08-12T04:37:33.664+0000] {processor.py:186} INFO - Started process (PID=708) to work on /home/airflow/.local/lib/python3.12/site-packages/airflow/example_dags/example_external_task_marker_dag.py
[2026-08-12T04:37:33.665+0000] {processor.py:914} INFO - Processing file /home/airflow/.local/lib/python3.12/site-packages/airflow/example_dags/example_external_task_marker_dag.py for tasks to queue
[2026-08-12T04:37:33.667+0000] {logging_mixin.py:190} INFO - [2026-08-12T04:37:33.667+0000] {dagbag.py:587} INFO - Filling up the DagBag from /home/airflow/.local/lib/python3.12/site-packages/airflow/example_dags/example_external_task_marker_dag.py
[2026-08-12T04:37:33.673+0000] {processor.py:925} INFO - DAG(s) 'example_external_task_marker_child', 'example_external_task_marker_parent' retrieved from /home/airflow/.local/lib/python3.12/site-packages/airflow/example_dags/example_external_task_marker_dag.py
[2026-08-12T04:37:33.690+0000] {logging_mixin.py:190} INFO - [2026-08-12T04:37:33.690+0000] {dag.py:3211} INFO - Sync 2 DAGs
[2026-08-12T04:37:33.701+0000] {logging_mixin.py:190} INFO - [2026-08-12T04:37:33.701+0000] {dag.py:4138} INFO - Setting next_dagrun for example_external_task_marker_child to None, run_after=None
[2026-08-12T04:37:33.704+0000] {logging_mixin.py:190} INFO - [2026-08-12T04:37:33.703+0000] {dag.py:4138} INFO - Setting next_dagrun for example_external_task_marker_parent to None, run_after=None
[2026-08-12T04:37:33.716+0000] {processor.py:208} INFO - Processing /home/airflow/.local/lib/python3.12/site-packages/airflow/example_dags/example_external_task_marker_dag.py took 0.056 seconds
[2026-08-12T04:38:03.968+0000] {processor.py:186} INFO - Started process (PID=770) to work on /home/airflow/.local/lib/python3.12/site-packages/airflow/example_dags/example_external_task_marker_dag.py
[2026-08-12T04:38:03.969+0000] {processor.py:914} INFO - Processing file /home/airflow/.local/lib/python3.12/site-packages/airflow/example_dags/example_external_task_marker_dag.py for tasks to queue
[2026-08-12T04:38:03.972+0000] {logging_mixin.py:190} INFO - [2026-08-12T04:38:03.971+0000] {dagbag.py:587} INFO - Filling up the DagBag from /home/airflow/.local/lib/python3.12/site-packages/airflow/example_dags/example_external_task_marker_dag.py
[2026-08-12T04:38:03.978+0000] {processor.py:925} INFO - DAG(s) 'example_external_task_marker_parent', 'example_external_task_marker_child' retrieved from /home/airflow/.local/lib/python3.12/site-packages/airflow/example_dags/example_external_task_marker_dag.py
[2026-08-12T04:38:03.995+0000] {logging_mixin.py:190} INFO - [2026-08-12T04:38:03.995+0000] {dag.py:3211} INFO - Sync 2 DAGs
[2026-08-12T04:38:04.005+0000] {logging_mixin.py:190} INFO - [2026-08-12T04:38:04.005+0000] {dag.py:4138} INFO - Setting next_dagrun for example_external_task_marker_child to None, run_after=None
[2026-08-12T04:38:04.008+0000] {logging_mixin.py:190} INFO - [2026-08-12T04:38:04.008+0000] {dag.py:4138} INFO - Setting next_dagrun for example_external_task_marker_parent to None, run_after=None
[2026-08-12T04:38:04.020+0000] {processor.py:208} INFO - Processing /home/airflow/.local/lib/python3.12/site-packages/airflow/example_dags/example_external_task_marker_dag.py took 0.056 seconds
[2026-08-12T04:38:35.150+0000] {processor.py:186} INFO - Started process (PID=832) to work on /home/airflow/.local/lib/python3.12/site-packages/airflow/example_dags/example_external_task_marker_dag.py
[2026-08-12T04:38:35.151+0000] {processor.py:914} INFO - Processing file /home/airflow/.local/lib/python3.12/site-packages/airflow/example_dags/example_external_task_marker_dag.py for tasks to queue
[2026-08-12T04:38:35.154+0000] {logging_mixin.py:190} INFO - [2026-08-12T04:38:35.153+0000] {dagbag.py:587} INFO - Filling up the DagBag from /home/airflow/.local/lib/python3.12/site-packages/airflow/example_dags/example_external_task_marker_dag.py
[2026-08-12T04:38:35.161+0000] {processor.py:925} INFO - DAG(s) 'example_external_task_marker_parent', 'example_external_task_marker_child' retrieved from /home/airflow/.local/lib/python3.12/site-packages/airflow/example_dags/example_external_task_marker_dag.py
[2026-08-12T04:38:35.176+0000] {logging_mixin.py:190} INFO - [2026-08-12T04:38:35.176+0000] {dag.py:3211} INFO - Sync 2 DAGs
[2026-08-12T04:38:35.187+0000] {logging_mixin.py:190} INFO - [2026-08-12T04:38:35.187+0000] {dag.py:4138} INFO - Setting next_dagrun for example_external_task_marker_child to None, run_after=None
[2026-08-12T04:38:35.190+0000] {logging_mixin.py:190} INFO - [2026-08-12T04:38:35.190+0000] {dag.py:4138} INFO - Setting next_dagrun for example_external_task_marker_parent to None, run_after=None
[2026-08-12T04:38:35.202+0000] {processor.py:208} INFO - Processing /home/airflow/.local/lib/python3.12/site-packages/airflow/example_dags/example_external_task_marker_dag.py took 0.059 seconds
[2026-08-12T04:39:05.275+0000] {processor.py:186} INFO - Started process (PID=894) to work on /home/airflow/.local/lib/python3.12/site-packages/airflow/example_dags/example_external_task_marker_dag.py
[2026-08-12T04:39:05.276+0000] {processor.py:914} INFO - Processing file /home/airflow/.local/lib/python3.12/site-packages/airflow/example_dags/example_external_task_marker_dag.py for tasks to queue
[2026-08-12T04:39:05.278+0000] {logging_mixin.py:190} INFO - [2026-08-12T04:39:05.277+0000] {dagbag.py:587} INFO - Filling up the DagBag from /home/airflow/.local/lib/python3.12/site-packages/airflow/example_dags/example_external_task_marker_dag.py
[2026-08-12T04:39:05.284+0000] {processor.py:925} INFO - DAG(s) 'example_external_task_marker_parent', 'example_external_task_marker_child' retrieved from /home/airflow/.local/lib/python3.12/site-packages/airflow/example_dags/example_external_task_marker_dag.py
[2026-08-12T04:39:05.301+0000] {logging_mixin.py:190} INFO - [2026-08-12T04:39:05.301+0000] {dag.py:3211} INFO - Sync 2 DAGs
[2026-08-12T04:39:05.311+0000] {logging_mixin.py:190} INFO - [2026-08-12T04:39:05.311+0000] {dag.py:4138} INFO - Setting next_dagrun for example_external_task_marker_child to None, run_after=None
[2026-08-12T04:39:05.314+0000] {logging_mixin.py:190} INFO - [2026-08-12T04:39:05.314+0000] {dag.py:4138} INFO - Setting next_dagrun for example_external_task_marker_parent to None, run_after=None
[2026-08-12T04:39:05.326+0000] {processor.py:208} INFO - Processing /home/airflow/.local/lib/python3.12/site-packages/airflow/example_dags/example_external_task_marker_dag.py took 0.055 seconds
[2026-08-12T04:39:35.479+0000] {processor.py:186} INFO - Started process (PID=956) to work on /home/airflow/.local/lib/python3.12/site-packages/airflow/example_dags/example_external_task_marker_dag.py
[2026-08-12T04:39:35.480+0000] {processor.py:914} INFO - Processing file /home/airflow/.local/lib/python3.12/site-packages/airflow/example_dags/example_external_task_marker_dag.py for tasks to queue
[2026-08-12T04:39:35.483+0000] {logging_mixin.py:190} INFO - [2026-08-12T04:39:35.482+0000] {dagbag.py:587} INFO - Filling up the DagBag from /home/airflow/.local/lib/python3.12/site-packages/airflow/example_dags/example_external_task_marker_dag.py
[2026-08-12T04:39:35.489+0000] {processor.py:925} INFO - DAG(s) 'example_external_task_marker_parent', 'example_external_task_marker_child' retrieved from /home/airflow/.local/lib/python3.12/site-packages/airflow/example_dags/example_external_task_marker_dag.py
[2026-08-12T04:39:35.506+0000] {logging_mixin.py:190} INFO - [2026-08-12T04:39:35.506+0000] {dag.py:3211} INFO - Sync 2 DAGs
[2026-08-12T04:39:35.516+0000] {logging_mixin.py:190} INFO - [2026-08-12T04:39:35.515+0000] {dag.py:4138} INFO - Setting next_dagrun for example_external_task_marker_child to None, run_after=None
[2026-08-12T04:39:35.518+0000] {logging_mixin.py:190} INFO - [2026-08-12T04:39:35.518+0000] {dag.py:4138} INFO - Setting next_dagrun for example_external_task_marker_parent to None, run_after=None
[2026-08-12T04:39:35.529+0000] {processor.py:208} INFO - Processing /home/airflow/.local/lib/python3.12/site-packages/airflow/example_dags/example_external_task_marker_dag.py took 0.054 seconds
[2026-08-12T04:40:06.277+0000] {processor.py:186} INFO - Started process (PID=1018) to work on /home/airflow/.local/lib/python3.12/site-packages/airflow/example_dags/example_external_task_marker_dag.py
[2026-08-12T04:40:06.278+0000] {processor.py:914} INFO - Processing file /home/airflow/.local/lib/python3.12/site-packages/airflow/example_dags/example_external_task_marker_dag.py for tasks to queue
[2026-08-12T04:40:06.280+0000] {logging_mixin.py:190} INFO - [2026-08-12T04:40:06.280+0000] {dagbag.py:587} INFO - Filling up the DagBag from /home/airflow/.local/lib/python3.12/site-packages/airflow/example_dags/example_external_task_marker_dag.py
[2026-08-12T04:40:06.286+0000] {processor.py:925} INFO - DAG(s) 'example_external_task_marker_parent', 'example_external_task_marker_child' retrieved from /home/airflow/.local/lib/python3.12/site-packages/airflow/example_dags/example_external_task_marker_dag.py
[2026-08-12T04:40:06.301+0000] {logging_mixin.py:190} INFO - [2026-08-12T04:40:06.301+0000] {dag.py:3211} INFO - Sync 2 DAGs
[2026-08-12T04:40:06.311+0000] {logging_mixin.py:190} INFO - [2026-08-12T04:40:06.310+0000] {dag.py:4138} INFO - Setting next_dagrun for example_external_task_marker_child to None, run_after=None
[2026-08-12T04:40:06.313+0000] {logging_mixin.py:190} INFO - [2026-08-12T04:40:06.313+0000] {dag.py:4138} INFO - Setting next_dagrun for example_external_task_marker_parent to None, run_after=None
[2026-08-12T04:40:06.324+0000] {processor.py:208} INFO - Processing /home/airflow/.local/lib/python3.12/site-packages/airflow/example_dags/example_external_task_marker_dag.py took 0.051 seconds
[2026-08-12T04:40:36.983+0000] {processor.py:186} INFO - Started process (PID=1080) to work on /home/airflow/.local/lib/python3.12/site-packages/airflow/example_dags/example_external_task_marker_dag.py
[2026-08-12T04:40:36.984+0000] {processor.py:914} INFO - Processing file /home/airflow/.local/lib/python3.12/site-packages/airflow/example_dags/example_external_task_marker_dag.py for tasks to queue
[2026-08-12T04:40:36.985+0000] {logging_mixin.py:190} INFO - [2026-08-12T04:40:36.985+0000] {dagbag.py:587} INFO - Filling up the DagBag from /home/airflow/.local/lib/python3.12/site-packages/airflow/example_dags/example_external_task_marker_dag.py
[2026-08-12T04:40:36.991+0000] {processor.py:925} INFO - DAG(s) 'example_external_task_marker_parent', 'example_external_task_marker_child' retrieved from /home/airflow/.local/lib/python3.12/site-packages/airflow/example_dags/example_external_task_marker_dag.py
[2026-08-12T04:40:37.007+0000] {logging_mixin.py:190} INFO - [2026-08-12T04:40:37.007+0000] {dag.py:3211} INFO - Sync 2 DAGs
[2026-08-12T04:40:37.017+0000] {logging_mixin.py:190} INFO - [2026-08-12T04:40:37.017+0000] {dag.py:4138} INFO - Setting next_dagrun for example_external_task_marker_child to None, run_after=None
[2026-08-12T04:40:37.020+0000] {logging_mixin.py:190} INFO - [2026-08-12T04:40:37.020+0000] {dag.py:4138} INFO - Setting next_dagrun for example_external_task_marker_parent to None, run_after=None
[2026-08-12T04:40:37.032+0000] {processor.py:208} INFO - Processing /home/airflow/.local/lib/python3.12/site-packages/airflow/example_dags/example_external_task_marker_dag.py took 0.053 seconds
[2026-08-12T04:41:07.782+0000] {processor.py:186} INFO - Started process (PID=1142) to work on /home/airflow/.local/lib/python3.12/site-packages/airflow/example_dags/example_external_task_marker_dag.py
[2026-08-12T04:41:07.783+0000] {processor.py:914} INFO - Processing file /home/airflow/.local/lib/python3.12/site-packages/airflow/example_dags/example_external_task_marker_dag.py for tasks to queue
[2026-08-12T04:41:07.785+0000] {logging_mixin.py:190} INFO - [2026-08-12T04:41:07.784+0000] {dagbag.py:587} INFO - Filling up the DagBag from /home/airflow/.local/lib/python3.12/site-packages/airflow/example_dags/example_external_task_marker_dag.py
[2026-08-12T04:41:07.791+0000] {processor.py:925} INFO - DAG(s) 'example_external_task_marker_parent', 'example_external_task_marker_child' retrieved from /home/airflow/.local/lib/python3.12/site-packages/airflow/example_dags/example_external_task_marker_dag.py
[2026-08-12T04:41:07.806+0000] {logging_mixin.py:190} INFO - [2026-08-12T04:41:07.806+0000] {dag.py:3211} INFO - Sync 2 DAGs
[2026-08-12T04:41:07.816+0000] {logging_mixin.py:190} INFO - [2026-08-12T04:41:07.816+0000] {dag.py:4138} INFO - Setting next_dagrun for example_external_task_marker_child to None, run_after=None
[2026-08-12T04:41:07.819+0000] {logging_mixin.py:190} INFO - [2026-08-12T04:41:07.819+0000] {dag.py:4138} INFO - Setting next_dagrun for example_external_task_marker_parent to None, run_after=None
[2026-08-12T04:41:07.830+0000] {processor.py:208} INFO - Processing /home/airflow/.local/lib/python3.12/site-packages/airflow/example_dags/example_external_task_marker_dag.py took 0.053 seconds
[2026-08-12T04:41:38.488+0000] {processor.py:186} INFO - Started process (PID=1204) to work on /home/airflow/.local/lib/python3.12/site-packages/airflow/example_dags/example_external_task_marker_dag.py
[2026-08-12T04:41:38.489+0000] {processor.py:914} INFO - Processing file /home/airflow/.local/lib/python3.12/site-packages/airflow/example_dags/example_external_task_marker_dag.py for tasks to queue
[2026-08-12T04:41:38.492+0000] {logging_mixin.py:190} INFO - [2026-08-12T04:41:38.491+0000] {dagbag.py:587} INFO - Filling up the DagBag from /home/airflow/.local/lib/python3.12/site-packages/airflow/example_dags/example_external_task_marker_dag.py
[2026-08-12T04:41:38.498+0000] {processor.py:925} INFO - DAG(s) 'example_external_task_marker_parent', 'example_external_task_marker_child' retrieved from /home/airflow/.local/lib/python3.12/site-packages/airflow/example_dags/example_external_task_marker_dag.py
[2026-08-12T04:41:38.514+0000] {logging_mixin.py:190} INFO - [2026-08-12T04:41:38.513+0000] {dag.py:3211} INFO - Sync 2 DAGs
[2026-08-12T04:41:38.523+0000] {logging_mixin.py:190} INFO - [2026-08-12T04:41:38.523+0000] {dag.py:4138} INFO - Setting next_dagrun for example_external_task_marker_child to None, run_after=None
[2026-08-12T04:41:38.526+0000] {logging_mixin.py:190} INFO - [2026-08-12T04:41:38.525+0000] {dag.py:4138} INFO - Setting next_dagrun for example_external_task_marker_parent to None, run_after=None
[2026-08-12T04:41:38.537+0000] {processor.py:208} INFO - Processing /home/airflow/.local/lib/python3.12/site-packages/airflow/example_dags/example_external_task_marker_dag.py took 0.053 seconds
[2026-08-12T04:42:09.499+0000] {processor.py:186} INFO - Started process (PID=1266) to work on /home/airflow/.local/lib/python3.12/site-packages/airflow/example_dags/example_external_task_marker_dag.py
[2026-08-12T04:42:09.500+0000] {processor.py:914} INFO - Processing file /home/airflow/.local/lib/python3.12/site-packages/airflow/example_dags/example_external_task_marker_dag.py for tasks to queue
[2026-08-12T04:42:09.502+0000] {logging_mixin.py:190} INFO - [2026-08-12T04:42:09.502+0000] {dagbag.py:587} INFO - Filling up the DagBag from /home/airflow/.local/lib/python3.12/site-packages/airflow/example_dags/example_external_task_marker_dag.py
[2026-08-12T04:42:09.508+0000] {processor.py:925} INFO - DAG(s) 'example_external_task_marker_child', 'example_external_task_marker_parent' retrieved from /home/airflow/.local/lib/python3.12/site-packages/airflow/example_dags/example_external_task_marker_dag.py
[2026-08-12T04:42:09.526+0000] {logging_mixin.py:190} INFO - [2026-08-12T04:42:09.525+0000] {dag.py:3211} INFO - Sync 2 DAGs
[2026-08-12T04:42:09.535+0000] {logging_mixin.py:190} INFO - [2026-08-12T04:42:09.535+0000] {dag.py:4138} INFO - Setting next_dagrun for example_external_task_marker_child to None, run_after=None
[2026-08-12T04:42:09.538+0000] {logging_mixin.py:190} INFO - [2026-08-12T04:42:09.538+0000] {dag.py:4138} INFO - Setting next_dagrun for example_external_task_marker_parent to None, run_after=None
[2026-08-12T04:42:09.550+0000] {processor.py:208} INFO - Processing /home/airflow/.local/lib/python3.12/site-packages/airflow/example_dags/example_external_task_marker_dag.py took 0.056 seconds
[2026-08-12T04:42:40.339+0000] {processor.py:186} INFO - Started process (PID=1328) to work on /home/airflow/.local/lib/python3.12/site-packages/airflow/example_dags/example_external_task_marker_dag.py
[2026-08-12T04:42:40.341+0000] {processor.py:914} INFO - Processing file /home/airflow/.local/lib/python3.12/site-packages/airflow/example_dags/example_external_task_marker_dag.py for tasks to queue
[2026-08-12T04:42:40.343+0000] {logging_mixin.py:190} INFO - [2026-08-12T04:42:40.343+0000] {dagbag.py:587} INFO - Filling up the DagBag from /home/airflow/.local/lib/python3.12/site-packages/airflow/example_dags/example_external_task_marker_dag.py
[2026-08-12T04:42:40.349+0000] {processor.py:925} INFO - DAG(s) 'example_external_task_marker_child', 'example_external_task_marker_parent' retrieved from /home/airflow/.local/lib/python3.12/site-packages/airflow/example_dags/example_external_task_marker_dag.py
[2026-08-12T04:42:40.366+0000] {logging_mixin.py:190} INFO - [2026-08-12T04:42:40.366+0000] {dag.py:3211} INFO - Sync 2 DAGs
[2026-08-12T04:42:40.376+0000] {logging_mixin.py:190} INFO - [2026-08-12T04:42:40.376+0000] {dag.py:4138} INFO - Setting next_dagrun for example_external_task_marker_child to None, run_after=None
[2026-08-12T04:42:40.380+0000] {logging_mixin.py:190} INFO - [2026-08-12T04:42:40.379+0000] {dag.py:4138} INFO - Setting next_dagrun for example_external_task_marker_parent to None, run_after=None
[2026-08-12T04:42:40.392+0000] {processor.py:208} INFO - Processing /home/airflow/.local/lib/python3.12/site-packages/airflow/example_dags/example_external_task_marker_dag.py took 0.057 seconds
[2026-08-12T04:43:11.403+0000] {processor.py:186} INFO - Started process (PID=1390) to work on /home/airflow/.local/lib/python3.12/site-packages/airflow/example_dags/example_external_task_marker_dag.py
[2026-08-12T04:43:11.404+0000] {processor.py:914} INFO - Processing file /home/airflow/.local/lib/python3.12/site-packages/airflow/example_dags/example_external_task_marker_dag.py for tasks to queue
[2026-08-12T04:43:11.406+0000] {logging_mixin.py:190} INFO - [2026-08-12T04:43:11.406+0000] {dagbag.py:587} INFO - Filling up the DagBag from /home/airflow/.local/lib/python3.12/site-packages/airflow/example_dags/example_external_task_marker_dag.py
[2026-08-12T04:43:11.412+0000] {processor.py:925} INFO - DAG(s) 'example_external_task_marker_parent', 'example_external_task_marker_child' retrieved from /home/airflow/.local/lib/python3.12/site-packages/airflow/example_dags/example_external_task_marker_dag.py
[2026-08-12T04:43:11.430+0000] {logging_mixin.py:190} INFO - [2026-08-12T04:43:11.429+0000] {dag.py:3211} INFO - Sync 2 DAGs
[2026-08-12T04:43:11.441+0000] {logging_mixin.py:190} INFO - [2026-08-12T04:43:11.441+0000] {dag.py:4138} INFO - Setting next_dagrun for example_external_task_marker_child to None, run_after=None
[2026-08-12T04:43:11.444+0000] {logging_mixin.py:190} INFO - [2026-08-12T04:43:11.444+0000] {dag.py:4138} INFO - Setting next_dagrun for example_external_task_marker_parent to None, run_after=None
[2026-08-12T04:43:11.455+0000] {processor.py:208} INFO - Processing /home/airflow/.local/lib/python3.12/site-packages/airflow/example_dags/example_external_task_marker_dag.py took 0.056 seconds
[2026-08-12T04:43:41.522+0000] {processor.py:186} INFO - Started process (PID=1452) to work on /home/airflow/.local/lib/python3.12/site-packages/airflow/example_dags/example_external_task_marker_dag.py
[2026-08-12T04:43:41.523+0000] {processor.py:914} INFO - Processing file /home/airflow/.local/lib/python3.12/site-packages/airflow/example_dags/example_external_task_marker_dag.py for tasks to queue
[2026-08-12T04:43:41.524+0000] {logging_mixin.py:190} INFO - [2026-08-12T04:43:41.524+0000] {dagbag.py:587} INFO - Filling up the DagBag from /home/airflow/.local/lib/python3.12/site-packages/airflow/example_dags/example_external_task_marker_dag.py
[2026-08-12T04:43:41.530+0000] {processor.py:925} INFO - DAG(s) 'example_external_task_marker_child', 'example_external_task_marker_parent' retrieved from /home/airflow/.local/lib/python3.12/site-packages/airflow/example_dags/example_external_task_marker_dag.py
[2026-08-12T04:43:41.545+0000] {logging_mixin.py:190} INFO - [2026-08-12T04:43:41.545+0000] {dag.py:3211} INFO - Sync 2 DAGs
[2026-08-12T04:43:41.555+0000] {logging_mixin.py:190} INFO - [2026-08-12T04:43:41.555+0000] {dag.py:4138} INFO - Setting next_dagrun for example_external_task_marker_child to None, run_after=None
[2026-08-12T04:43:41.558+0000] {logging_mixin.py:190} INFO - [2026-08-12T04:43:41.558+0000] {dag.py:4138} INFO - Setting next_dagrun for example_external_task_marker_parent to None, run_after=None
[2026-08-12T04:43:41.568+0000] {processor.py:208} INFO - Processing /home/airflow/.local/lib/python3.12/site-packages/airflow/example_dags/example_external_task_marker_dag.py took 0.050 seconds
[2026-08-12T04:44:11.692+0000] {processor.py:186} INFO - Started process (PID=1514) to work on /home/airflow/.local/lib/python3.12/site-packages/airflow/example_dags/example_external_task_marker_dag.py
[2026-08-12T04:44:11.693+0000] {processor.py:914} INFO - Processing file /home/airflow/.local/lib/python3.12/site-packages/airflow/example_dags/example_external_task_marker_dag.py for tasks to queue
[2026-08-12T04:44:11.695+0000] {logging_mixin.py:190} INFO - [2026-08-12T04:44:11.695+0000] {dagbag.py:587} INFO - Filling up the DagBag from /home/airflow/.local/lib/python3.12/site-packages/airflow/example_dags/example_external_task_marker_dag.py
[2026-08-12T04:44:11.702+0000] {processor.py:925} INFO - DAG(s) 'example_external_task_marker_parent', 'example_external_task_marker_child' retrieved from /home/airflow/.local/lib/python3.12/site-packages/airflow/example_dags/example_external_task_marker_dag.py
[2026-08-12T04:44:11.718+0000] {logging_mixin.py:190} INFO - [2026-08-12T04:44:11.717+0000] {dag.py:3211} INFO - Sync 2 DAGs
[2026-08-12T04:44:11.727+0000] {logging_mixin.py:190} INFO - [2026-08-12T04:44:11.727+0000] {dag.py:4138} INFO - Setting next_dagrun for example_external_task_marker_child to None, run_after=None
[2026-08-12T04:44:11.730+0000] {logging_mixin.py:190} INFO - [2026-08-12T04:44:11.730+0000] {dag.py:4138} INFO - Setting next_dagrun for example_external_task_marker_parent to None, run_after=None
[2026-08-12T04:44:11.741+0000] {processor.py:208} INFO - Processing /home/airflow/.local/lib/python3.12/site-packages/airflow/example_dags/example_external_task_marker_dag.py took 0.053 seconds
[2026-08-12T04:44:42.752+0000] {processor.py:186} INFO - Started process (PID=1576) to work on /home/airflow/.local/lib/python3.12/site-packages/airflow/example_dags/example_external_task_marker_dag.py
[2026-08-12T04:44:42.753+0000] {processor.py:914} INFO - Processing file /home/airflow/.local/lib/python3.12/site-packages/airflow/example_dags/example_external_task_marker_dag.py for tasks to queue
[2026-08-12T04:44:42.755+0000] {logging_mixin.py:190} INFO - [2026-08-12T04:44:42.755+0000] {dagbag.py:587} INFO - Filling up the DagBag from /home/airflow/.local/lib/python3.12/site-packages/airflow/example_dags/example_external_task_marker_dag.py
[2026-08-12T04:44:42.762+0000] {processor.py:925} INFO - DAG(s) 'example_external_task_marker_child', 'example_external_task_marker_parent' retrieved from /home/airflow/.local/lib/python3.12/site-packages/airflow/example_dags/example_external_task_marker_dag.py
[2026-08-12T04:44:42.779+0000] {logging_mixin.py:190} INFO - [2026-08-12T04:44:42.779+0000] {dag.py:3211} INFO - Sync 2 DAGs
[2026-08-12T04:44:42.790+0000] {logging_mixin.py:190} INFO - [2026-08-12T04:44:42.790+0000] {dag.py:4138} INFO - Setting next_dagrun for example_external_task_marker_child to None, run_after=None
[2026-08-12T04:44:42.793+0000] {logging_mixin.py:190} INFO - [2026-08-12T04:44:42.793+0000] {dag.py:4138} INFO - Setting next_dagrun for example_external_task_marker_parent to None, run_after=None
[2026-08-12T04:44:42.806+0000] {processor.py:208} INFO - Processing /home/airflow/.local/lib/python3.12/site-packages/airflow/example_dags/example_external_task_marker_dag.py took 0.058 seconds
[2026-08-12T04:45:14.004+0000] {processor.py:186} INFO - Started process (PID=1638) to work on /home/airflow/.local/lib/python3.12/site-packages/airflow/example_dags/example_external_task_marker_dag.py
[2026-08-12T04:45:14.006+0000] {processor.py:914} INFO - Processing file /home/airflow/.local/lib/python3.12/site-packages/airflow/example_dags/example_external_task_marker_dag.py for tasks to queue
[2026-08-12T04:45:14.011+0000] {logging_mixin.py:190} INFO - [2026-08-12T04:45:14.010+0000] {dagbag.py:587} INFO - Filling up the DagBag from /home/airflow/.local/lib/python3.12/site-packages/airflow/example_dags/example_external_task_marker_dag.py
[2026-08-12T04:45:14.024+0000] {processor.py:925} INFO - DAG(s) 'example_external_task_marker_parent', 'example_external_task_marker_child' retrieved from /home/airflow/.local/lib/python3.12/site-packages/airflow/example_dags/example_external_task_marker_dag.py
[2026-08-12T04:45:14.045+0000] {logging_mixin.py:190} INFO - [2026-08-12T04:45:14.045+0000] {dag.py:3211} INFO - Sync 2 DAGs
[2026-08-12T04:45:14.056+0000] {logging_mixin.py:190} INFO - [2026-08-12T04:45:14.056+0000] {dag.py:4138} INFO - Setting next_dagrun for example_external_task_marker_child to None, run_after=None
[2026-08-12T04:45:14.060+0000] {logging_mixin.py:190} INFO - [2026-08-12T04:45:14.060+0000] {dag.py:4138} INFO - Setting next_dagrun for example_external_task_marker_parent to None, run_after=None
[2026-08-12T04:45:14.073+0000] {processor.py:208} INFO - Processing /home/airflow/.local/lib/python3.12/site-packages/airflow/example_dags/example_external_task_marker_dag.py took 0.074 seconds
[2026-08-12T04:45:44.451+0000] {processor.py:186} INFO - Started process (PID=1700) to work on /home/airflow/.local/lib/python3.12/site-packages/airflow/example_dags/example_external_task_marker_dag.py
[2026-08-12T04:45:44.452+0000] {processor.py:914} INFO - Processing file /home/airflow/.local/lib/python3.12/site-packages/airflow/example_dags/example_external_task_marker_dag.py for tasks to queue
[2026-08-12T04:45:44.454+0000] {logging_mixin.py:190} INFO - [2026-08-12T04:45:44.454+0000] {dagbag.py:587} INFO - Filling up the DagBag from /home/airflow/.local/lib/python3.12/site-packages/airflow/example_dags/example_external_task_marker_dag.py
[2026-08-12T04:45:44.461+0000] {processor.py:925} INFO - DAG(s) 'example_external_task_marker_parent', 'example_external_task_marker_child' retrieved from /home/airflow/.local/lib/python3.12/site-packages/airflow/example_dags/example_external_task_marker_dag.py
[2026-08-12T04:45:44.478+0000] {logging_mixin.py:190} INFO - [2026-08-12T04:45:44.477+0000] {dag.py:3211} INFO - Sync 2 DAGs
[2026-08-12T04:45:44.488+0000] {logging_mixin.py:190} INFO - [2026-08-12T04:45:44.488+0000] {dag.py:4138} INFO - Setting next_dagrun for example_external_task_marker_child to None, run_after=None
[2026-08-12T04:45:44.491+0000] {logging_mixin.py:190} INFO - [2026-08-12T04:45:44.490+0000] {dag.py:4138} INFO - Setting next_dagrun for example_external_task_marker_parent to None, run_after=None
[2026-08-12T04:45:44.502+0000] {processor.py:208} INFO - Processing /home/airflow/.local/lib/python3.12/site-packages/airflow/example_dags/example_external_task_marker_dag.py took 0.055 seconds
[2026-08-12T04:46:14.629+0000] {processor.py:186} INFO - Started process (PID=1762) to work on /home/airflow/.local/lib/python3.12/site-packages/airflow/example_dags/example_external_task_marker_dag.py
[2026-08-12T04:46:14.630+0000] {processor.py:914} INFO - Processing file /home/airflow/.local/lib/python3.12/site-packages/airflow/example_dags/example_external_task_marker_dag.py for tasks to queue
[2026-08-12T04:46:14.632+0000] {logging_mixin.py:190} INFO - [2026-08-12T04:46:14.632+0000] {dagbag.py:587} INFO - Filling up the DagBag from /home/airflow/.local/lib/python3.12/site-packages/airflow/example_dags/example_external_task_marker_dag.py
[2026-08-12T04:46:14.638+0000] {processor.py:925} INFO - DAG(s) 'example_external_task_marker_child', 'example_external_task_marker_parent' retrieved from /home/airflow/.local/lib/python3.12/site-packages/airflow/example_dags/example_external_task_marker_dag.py
[2026-08-12T04:46:14.654+0000] {logging_mixin.py:190} INFO - [2026-08-12T04:46:14.654+0000] {dag.py:3211} INFO - Sync 2 DAGs
[2026-08-12T04:46:14.665+0000] {logging_mixin.py:190} INFO - [2026-08-12T04:46:14.664+0000] {dag.py:4138} INFO - Setting next_dagrun for example_external_task_marker_child to None, run_after=None
[2026-08-12T04:46:14.667+0000] {logging_mixin.py:190} INFO - [2026-08-12T04:46:14.667+0000] {dag.py:4138} INFO - Setting next_dagrun for example_external_task_marker_parent to None, run_after=None
[2026-08-12T04:46:14.678+0000] {processor.py:208} INFO - Processing /home/airflow/.local/lib/python3.12/site-packages/airflow/example_dags/example_external_task_marker_dag.py took 0.054 seconds
[2026-08-12T04:46:44.884+0000] {processor.py:186} INFO - Started process (PID=1824) to work on /home/airflow/.local/lib/python3.12/site-packages/airflow/example_dags/example_external_task_marker_dag.py
[2026-08-12T04:46:44.885+0000] {processor.py:914} INFO - Processing file /home/airflow/.local/lib/python3.12/site-packages/airflow/example_dags/example_external_task_marker_dag.py for tasks to queue
[2026-08-12T04:46:44.887+0000] {logging_mixin.py:190} INFO - [2026-08-12T04:46:44.887+0000] {dagbag.py:587} INFO - Filling up the DagBag from /home/airflow/.local/lib/python3.12/site-packages/airflow/example_dags/example_external_task_marker_dag.py
[2026-08-12T04:46:44.893+0000] {processor.py:925} INFO - DAG(s) 'example_external_task_marker_parent', 'example_external_task_marker_child' retrieved from /home/airflow/.local/lib/python3.12/site-packages/airflow/example_dags/example_external_task_marker_dag.py
[2026-08-12T04:46:44.908+0000] {logging_mixin.py:190} INFO - [2026-08-12T04:46:44.908+0000] {dag.py:3211} INFO - Sync 2 DAGs
[2026-08-12T04:46:44.918+0000] {logging_mixin.py:190} INFO - [2026-08-12T04:46:44.918+0000] {dag.py:4138} INFO - Setting next_dagrun for example_external_task_marker_child to None, run_after=None
[2026-08-12T04:46:44.921+0000] {logging_mixin.py:190} INFO - [2026-08-12T04:46:44.921+0000] {dag.py:4138} INFO - Setting next_dagrun for example_external_task_marker_parent to None, run_after=None
[2026-08-12T04:46:44.934+0000] {processor.py:208} INFO - Processing /home/airflow/.local/lib/python3.12/site-packages/airflow/example_dags/example_external_task_marker_dag.py took 0.054 seconds
[2026-08-12T04:47:15.230+0000] {processor.py:186} INFO - Started process (PID=1886) to work on /home/airflow/.local/lib/python3.12/site-packages/airflow/example_dags/example_external_task_marker_dag.py
[2026-08-12T04:47:15.231+0000] {processor.py:914} INFO - Processing file /home/airflow/.local/lib/python3.12/site-packages/airflow/example_dags/example_external_task_marker_dag.py for tasks to queue
[2026-08-12T04:47:15.233+0000] {logging_mixin.py:190} INFO - [2026-08-12T04:47:15.233+0000] {dagbag.py:587} INFO - Filling up the DagBag from /home/airflow/.local/lib/python3.12/site-packages/airflow/example_dags/example_external_task_marker_dag.py
[2026-08-12T04:47:15.239+0000] {processor.py:925} INFO - DAG(s) 'example_external_task_marker_child', 'example_external_task_marker_parent' retrieved from /home/airflow/.local/lib/python3.12/site-packages/airflow/example_dags/example_external_task_marker_dag.py
[2026-08-12T04:47:15.255+0000] {logging_mixin.py:190} INFO - [2026-08-12T04:47:15.255+0000] {dag.py:3211} INFO - Sync 2 DAGs
[2026-08-12T04:47:15.264+0000] {logging_mixin.py:190} INFO - [2026-08-12T04:47:15.264+0000] {dag.py:4138} INFO - Setting next_dagrun for example_external_task_marker_child to None, run_after=None
[2026-08-12T04:47:15.267+0000] {logging_mixin.py:190} INFO - [2026-08-12T04:47:15.267+0000] {dag.py:4138} INFO - Setting next_dagrun for example_external_task_marker_parent to None, run_after=None
[2026-08-12T04:47:15.278+0000] {processor.py:208} INFO - Processing /home/airflow/.local/lib/python3.12/site-packages/airflow/example_dags/example_external_task_marker_dag.py took 0.052 seconds
[2026-08-12T04:47:45.670+0000] {processor.py:186} INFO - Started process (PID=1950) to work on /home/airflow/.local/lib/python3.12/site-packages/airflow/example_dags/example_external_task_marker_dag.py
[2026-08-12T04:47:45.671+0000] {processor.py:914} INFO - Processing file /home/airflow/.local/lib/python3.12/site-packages/airflow/example_dags/example_external_task_marker_dag.py for tasks to queue
[2026-08-12T04:47:45.673+0000] {logging_mixin.py:190} INFO - [2026-08-12T04:47:45.673+0000] {dagbag.py:587} INFO - Filling up the DagBag from /home/airflow/.local/lib/python3.12/site-packages/airflow/example_dags/example_external_task_marker_dag.py
[2026-08-12T04:47:45.680+0000] {processor.py:925} INFO - DAG(s) 'example_external_task_marker_child', 'example_external_task_marker_parent' retrieved from /home/airflow/.local/lib/python3.12/site-packages/airflow/example_dags/example_external_task_marker_dag.py
[2026-08-12T04:47:45.696+0000] {logging_mixin.py:190} INFO - [2026-08-12T04:47:45.696+0000] {dag.py:3211} INFO - Sync 2 DAGs
[2026-08-12T04:47:45.706+0000] {logging_mixin.py:190} INFO - [2026-08-12T04:47:45.706+0000] {dag.py:4138} INFO - Setting next_dagrun for example_external_task_marker_child to None, run_after=None
[2026-08-12T04:47:45.709+0000] {logging_mixin.py:190} INFO - [2026-08-12T04:47:45.708+0000] {dag.py:4138} INFO - Setting next_dagrun for example_external_task_marker_parent to None, run_after=None
[2026-08-12T04:47:45.721+0000] {processor.py:208} INFO - Processing /home/airflow/.local/lib/python3.12/site-packages/airflow/example_dags/example_external_task_marker_dag.py took 0.055 seconds
[2026-08-12T04:48:16.021+0000] {processor.py:186} INFO - Started process (PID=2014) to work on /home/airflow/.local/lib/python3.12/site-packages/airflow/example_dags/example_external_task_marker_dag.py
[2026-08-12T04:48:16.023+0000] {processor.py:914} INFO - Processing file /home/airflow/.local/lib/python3.12/site-packages/airflow/example_dags/example_external_task_marker_dag.py for tasks to queue
[2026-08-12T04:48:16.025+0000] {logging_mixin.py:190} INFO - [2026-08-12T04:48:16.025+0000] {dagbag.py:587} INFO - Filling up the DagBag from /home/airflow/.local/lib/python3.12/site-packages/airflow/example_dags/example_external_task_marker_dag.py
[2026-08-12T04:48:16.032+0000] {processor.py:925} INFO - DAG(s) 'example_external_task_marker_parent', 'example_external_task_marker_child' retrieved from /home/airflow/.local/lib/python3.12/site-packages/airflow/example_dags/example_external_task_marker_dag.py
[2026-08-12T04:48:16.049+0000] {logging_mixin.py:190} INFO - [2026-08-12T04:48:16.049+0000] {dag.py:3211} INFO - Sync 2 DAGs
[2026-08-12T04:48:16.060+0000] {logging_mixin.py:190} INFO - [2026-08-12T04:48:16.060+0000] {dag.py:4138} INFO - Setting next_dagrun for example_external_task_marker_child to None, run_after=None
[2026-08-12T04:48:16.063+0000] {logging_mixin.py:190} INFO - [2026-08-12T04:48:16.063+0000] {dag.py:4138} INFO - Setting next_dagrun for example_external_task_marker_parent to None, run_after=None
[2026-08-12T04:48:16.077+0000] {processor.py:208} INFO - Processing /home/airflow/.local/lib/python3.12/site-packages/airflow/example_dags/example_external_task_marker_dag.py took 0.060 seconds
[2026-08-12T04:48:46.389+0000] {processor.py:186} INFO - Started process (PID=2078) to work on /home/airflow/.local/lib/python3.12/site-packages/airflow/example_dags/example_external_task_marker_dag.py
[2026-08-12T04:48:46.390+0000] {processor.py:914} INFO - Processing file /home/airflow/.local/lib/python3.12/site-packages/airflow/example_dags/example_external_task_marker_dag.py for tasks to queue
[2026-08-12T04:48:46.392+0000] {logging_mixin.py:190} INFO - [2026-08-12T04:48:46.392+0000] {dagbag.py:587} INFO - Filling up the DagBag from /home/airflow/.local/lib/python3.12/site-packages/airflow/example_dags/example_external_task_marker_dag.py
[2026-08-12T04:48:46.398+0000] {processor.py:925} INFO - DAG(s) 'example_external_task_marker_child', 'example_external_task_marker_parent' retrieved from /home/airflow/.local/lib/python3.12/site-packages/airflow/example_dags/example_external_task_marker_dag.py
[2026-08-12T04:48:46.414+0000] {logging_mixin.py:190} INFO - [2026-08-12T04:48:46.414+0000] {dag.py:3211} INFO - Sync 2 DAGs
[2026-08-12T04:48:46.424+0000] {logging_mixin.py:190} INFO - [2026-08-12T04:48:46.424+0000] {dag.py:4138} INFO - Setting next_dagrun for example_external_task_marker_child to None, run_after=None
[2026-08-12T04:48:46.427+0000] {logging_mixin.py:190} INFO - [2026-08-12T04:48:46.426+0000] {dag.py:4138} INFO - Setting next_dagrun for example_external_task_marker_parent to None, run_after=None
[2026-08-12T04:48:46.438+0000] {processor.py:208} INFO - Processing /home/airflow/.local/lib/python3.12/site-packages/airflow/example_dags/example_external_task_marker_dag.py took 0.053 seconds
[2026-08-12T04:49:16.670+0000] {processor.py:186} INFO - Started process (PID=2141) to work on /home/airflow/.local/lib/python3.12/site-packages/airflow/example_dags/example_external_task_marker_dag.py
[2026-08-12T04:49:16.670+0000] {processor.py:914} INFO - Processing file /home/airflow/.local/lib/python3.12/site-packages/airflow/example_dags/example_external_task_marker_dag.py for tasks to queue
[2026-08-12T04:49:16.672+0000] {logging_mixin.py:190} INFO - [2026-08-12T04:49:16.672+0000] {dagbag.py:587} INFO - Filling up the DagBag from /home/airflow/.local/lib/python3.12/site-packages/airflow/example_dags/example_external_task_marker_dag.py
[2026-08-12T04:49:16.679+0000] {processor.py:925} INFO - DAG(s) 'example_external_task_marker_child', 'example_external_task_marker_parent' retrieved from /home/airflow/.local/lib/python3.12/site-packages/airflow/example_dags/example_external_task_marker_dag.py
[2026-08-12T04:49:16.696+0000] {logging_mixin.py:190} INFO - [2026-08-12T04:49:16.696+0000] {dag.py:3211} INFO - Sync 2 DAGs
[2026-08-12T04:49:16.706+0000] {logging_mixin.py:190} INFO - [2026-08-12T04:49:16.706+0000] {dag.py:4138} INFO - Setting next_dagrun for example_external_task_marker_child to None, run_after=None
[2026-08-12T04:49:16.709+0000] {logging_mixin.py:190} INFO - [2026-08-12T04:49:16.708+0000] {dag.py:4138} INFO - Setting next_dagrun for example_external_task_marker_parent to None, run_after=None
[2026-08-12T04:49:16.720+0000] {processor.py:208} INFO - Processing /home/airflow/.local/lib/python3.12/site-packages/airflow/example_dags/example_external_task_marker_dag.py took 0.055 seconds
[2026-08-12T04:49:47.440+0000] {processor.py:186} INFO - Started process (PID=2204) to work on /home/airflow/.local/lib/python3.12/site-packages/airflow/example_dags/example_external_task_marker_dag.py
[2026-08-12T04:49:47.441+0000] {processor.py:914} INFO - Processing file /home/airflow/.local/lib/python3.12/site-packages/airflow/example_dags/example_external_task_marker_dag.py for tasks to queue
[2026-08-12T04:49:47.443+0000] {logging_mixin.py:190} INFO - [2026-08-12T04:49:47.443+0000] {dagbag.py:587} INFO - Filling up the DagBag from /home/airflow/.local/lib/python3.12/site-packages/airflow/example_dags/example_external_task_marker_dag.py
[2026-08-12T04:49:47.449+0000] {processor.py:925} INFO - DAG(s) 'example_external_task_marker_parent', 'example_external_task_marker_child' retrieved from /home/airflow/.local/lib/python3.12/site-packages/airflow/example_dags/example_external_task_marker_dag.py
[2026-08-12T04:49:47.465+0000] {logging_mixin.py:190} INFO - [2026-08-12T04:49:47.465+0000] {dag.py:3211} INFO - Sync 2 DAGs
[2026-08-12T04:49:47.475+0000] {logging_mixin.py:190} INFO - [2026-08-12T04:49:47.474+0000] {dag.py:4138} INFO - Setting next_dagrun for example_external_task_marker_child to None, run_after=None
[2026-08-12T04:49:47.478+0000] {logging_mixin.py:190} INFO - [2026-08-12T04:49:47.478+0000] {dag.py:4138} INFO - Setting next_dagrun for example_external_task_marker_parent to None, run_after=None
[2026-08-12T04:49:47.501+0000] {processor.py:208} INFO - Processing /home/airflow/.local/lib/python3.12/site-packages/airflow/example_dags/example_external_task_marker_dag.py took 0.065 seconds
[2026-08-12T04:50:18.210+0000] {processor.py:186} INFO - Started process (PID=2268) to work on /home/airflow/.local/lib/python3.12/site-packages/airflow/example_dags/example_external_task_marker_dag.py
[2026-08-12T04:50:18.211+0000] {processor.py:914} INFO - Processing file /home/airflow/.local/lib/python3.12/site-packages/airflow/example_dags/example_external_task_marker_dag.py for tasks to queue
[2026-08-12T04:50:18.213+0000] {logging_mixin.py:190} INFO - [2026-08-12T04:50:18.213+0000] {dagbag.py:587} INFO - Filling up the DagBag from /home/airflow/.local/lib/python3.12/site-packages/airflow/example_dags/example_external_task_marker_dag.py
[2026-08-12T04:50:18.219+0000] {processor.py:925} INFO - DAG(s) 'example_external_task_marker_child', 'example_external_task_marker_parent' retrieved from /home/airflow/.local/lib/python3.12/site-packages/airflow/example_dags/example_external_task_marker_dag.py
[2026-08-12T04:50:18.236+0000] {logging_mixin.py:190} INFO - [2026-08-12T04:50:18.235+0000] {dag.py:3211} INFO - Sync 2 DAGs
[2026-08-12T04:50:18.246+0000] {logging_mixin.py:190} INFO - [2026-08-12T04:50:18.246+0000] {dag.py:4138} INFO - Setting next_dagrun for example_external_task_marker_child to None, run_after=None
[2026-08-12T04:50:18.249+0000] {logging_mixin.py:190} INFO - [2026-08-12T04:50:18.248+0000] {dag.py:4138} INFO - Setting next_dagrun for example_external_task_marker_parent to None, run_after=None
[2026-08-12T04:50:18.261+0000] {processor.py:208} INFO - Processing /home/airflow/.local/lib/python3.12/site-packages/airflow/example_dags/example_external_task_marker_dag.py took 0.055 seconds
[2026-08-12T04:50:48.463+0000] {processor.py:186} INFO - Started process (PID=2335) to work on /home/airflow/.local/lib/python3.12/site-packages/airflow/example_dags/example_external_task_marker_dag.py
[2026-08-12T04:50:48.464+0000] {processor.py:914} INFO - Processing file /home/airflow/.local/lib/python3.12/site-packages/airflow/example_dags/example_external_task_marker_dag.py for tasks to queue
[2026-08-12T04:50:48.466+0000] {logging_mixin.py:190} INFO - [2026-08-12T04:50:48.466+0000] {dagbag.py:587} INFO - Filling up the DagBag from /home/airflow/.local/lib/python3.12/site-packages/airflow/example_dags/example_external_task_marker_dag.py
[2026-08-12T04:50:48.473+0000] {processor.py:925} INFO - DAG(s) 'example_external_task_marker_parent', 'example_external_task_marker_child' retrieved from /home/airflow/.local/lib/python3.12/site-packages/airflow/example_dags/example_external_task_marker_dag.py
[2026-08-12T04:50:48.490+0000] {logging_mixin.py:190} INFO - [2026-08-12T04:50:48.490+0000] {dag.py:3211} INFO - Sync 2 DAGs
[2026-08-12T04:50:48.501+0000] {logging_mixin.py:190} INFO - [2026-08-12T04:50:48.500+0000] {dag.py:4138} INFO - Setting next_dagrun for example_external_task_marker_child to None, run_after=None
[2026-08-12T04:50:48.504+0000] {logging_mixin.py:190} INFO - [2026-08-12T04:50:48.503+0000] {dag.py:4138} INFO - Setting next_dagrun for example_external_task_marker_parent to None, run_after=None
[2026-08-12T04:50:48.515+0000] {processor.py:208} INFO - Processing /home/airflow/.local/lib/python3.12/site-packages/airflow/example_dags/example_external_task_marker_dag.py took 0.057 seconds
[2026-08-12T04:51:19.120+0000] {processor.py:186} INFO - Started process (PID=2398) to work on /home/airflow/.local/lib/python3.12/site-packages/airflow/example_dags/example_external_task_marker_dag.py
[2026-08-12T04:51:19.121+0000] {processor.py:914} INFO - Processing file /home/airflow/.local/lib/python3.12/site-packages/airflow/example_dags/example_external_task_marker_dag.py for tasks to queue
[2026-08-12T04:51:19.123+0000] {logging_mixin.py:190} INFO - [2026-08-12T04:51:19.123+0000] {dagbag.py:587} INFO - Filling up the DagBag from /home/airflow/.local/lib/python3.12/site-packages/airflow/example_dags/example_external_task_marker_dag.py
[2026-08-12T04:51:19.129+0000] {processor.py:925} INFO - DAG(s) 'example_external_task_marker_child', 'example_external_task_marker_parent' retrieved from /home/airflow/.local/lib/python3.12/site-packages/airflow/example_dags/example_external_task_marker_dag.py
[2026-08-12T04:51:19.146+0000] {logging_mixin.py:190} INFO - [2026-08-12T04:51:19.146+0000] {dag.py:3211} INFO - Sync 2 DAGs
[2026-08-12T04:51:19.156+0000] {logging_mixin.py:190} INFO - [2026-08-12T04:51:19.156+0000] {dag.py:4138} INFO - Setting next_dagrun for example_external_task_marker_child to None, run_after=None
[2026-08-12T04:51:19.159+0000] {logging_mixin.py:190} INFO - [2026-08-12T04:51:19.159+0000] {dag.py:4138} INFO - Setting next_dagrun for example_external_task_marker_parent to None, run_after=None
[2026-08-12T04:51:19.172+0000] {processor.py:208} INFO - Processing /home/airflow/.local/lib/python3.12/site-packages/airflow/example_dags/example_external_task_marker_dag.py took 0.056 seconds
