[2026-08-12T04:30:18.637+0000] {processor.py:186} INFO - Started process (PID=105) to work on /home/airflow/.local/lib/python3.12/site-packages/airflow/example_dags/example_dag_decorator.py
[2026-08-12T04:30:18.638+0000] {processor.py:914} INFO - Processing file /home/airflow/.local/lib/python3.12/site-packages/airflow/example_dags/example_dag_decorator.py for tasks to queue
[2026-08-12T04:30:18.640+0000] {logging_mixin.py:190} INFO - [2026-08-12T04:30:18.640+0000] {dagbag.py:587} INFO - Filling up the DagBag from /home/airflow/.local/lib/python3.12/site-packages/airflow/example_dags/example_dag_decorator.py
[2026-08-12T04:30:18.650+0000] {processor.py:925} INFO - DAG(s) 'example_dag_decorator' retrieved from /home/airflow/.local/lib/python3.12/site-packages/airflow/example_dags/example_dag_decorator.py
[2026-08-12T04:30:18.721+0000] {logging_mixin.py:190} INFO - [2026-08-12T04:30:18.720+0000] {override.py:1858} INFO - Created Permission View: can delete on DAG:example_dag_decorator
[2026-08-12T04:30:18.734+0000] {logging_mixin.py:190} INFO - [2026-08-12T04:30:18.734+0000] {override.py:1858} INFO - Created Permission View: can read on DAG:example_dag_decorator
[2026-08-12T04:30:18.744+0000] {logging_mixin.py:190} INFO - [2026-08-12T04:30:18.743+0000] {override.py:1858} INFO - Created Permission View: can edit on DAG:example_dag_decorator
[2026-08-12T04:30:18.745+0000] {logging_mixin.py:190} INFO - [2026-08-12T04:30:18.744+0000] {dag.py:3211} INFO - Sync 1 DAGs
[2026-08-12T04:30:18.756+0000] {logging_mixin.py:190} INFO - [2026-08-12T04:30:18.756+0000] {dag.py:3234} INFO - Creating ORM DAG for example_dag_decorator
[2026-08-12T04:30:18.757+0000] {logging_mixin.py:190} INFO - [2026-08-12T04:30:18.757+0000] {dag.py:4138} INFO - Setting next_dagrun for example_dag_decorator to None, run_after=None
[2026-08-12T04:30:18.771+0000] {processor.py:208} INFO - Processing /home/airflow/.local/lib/python3.12/site-packages/airflow/example_dags/example_dag_decorator.py took 0.138 seconds
[2026-08-12T04:30:49.137+0000] {processor.py:186} INFO - Started process (PID=167) to work on /home/airflow/.local/lib/python3.12/site-packages/airflow/example_dags/example_dag_decorator.py
[2026-08-12T04:30:49.138+0000] {processor.py:914} INFO - Processing file /home/airflow/.local/lib/python3.12/site-packages/airflow/example_dags/example_dag_decorator.py for tasks to queue
[2026-08-12T04:30:49.139+0000] {logging_mixin.py:190} INFO - [2026-08-12T04:30:49.139+0000] {dagbag.py:587} INFO - Filling up the DagBag from /home/airflow/.local/lib/python3.12/site-packages/airflow/example_dags/example_dag_decorator.py
[2026-08-12T04:30:49.148+0000] {processor.py:925} INFO - DAG(s) 'example_dag_decorator' retrieved from /home/airflow/.local/lib/python3.12/site-packages/airflow/example_dags/example_dag_decorator.py
[2026-08-12T04:30:49.221+0000] {logging_mixin.py:190} INFO - [2026-08-12T04:30:49.221+0000] {dag.py:3211} INFO - Sync 1 DAGs
[2026-08-12T04:30:49.229+0000] {logging_mixin.py:190} INFO - [2026-08-12T04:30:49.229+0000] {dag.py:4138} INFO - Setting next_dagrun for example_dag_decorator to None, run_after=None
[2026-08-12T04:30:49.246+0000] {processor.py:208} INFO - Processing /home/airflow/.local/lib/python3.12/site-packages/airflow/example_dags/example_dag_decorator.py took 0.113 seconds
[2026-08-12T04:31:20.328+0000] {processor.py:186} INFO - Started process (PID=229) to work on /home/airflow/.local/lib/python3.12/site-packages/airflow/example_dags/example_dag_decorator.py
[2026-08-12T04:31:20.329+0000] {processor.py:914} INFO - Processing file /home/airflow/.local/lib/python3.12/site-packages/airflow/example_dags/example_dag_decorator.py for tasks to queue
[2026-08-12T04:31:20.331+0000] {logging_mixin.py:190} INFO - [2026-08-12T04:31:20.331+0000] {dagbag.py:587} INFO - Filling up the DagBag from /home/airflow/.local/lib/python3.12/site-packages/airflow/example_dags/example_dag_decorator.py
[2026-08-12T04:31:20.341+0000] {processor.py:925} INFO - DAG(s) 'example_dag_decorator' retrieved from /home/airflow/.local/lib/python3.12/site-packages/airflow/example_dags/example_dag_decorator.py
[2026-08-12T04:31:20.424+0000] {logging_mixin.py:190} INFO - [2026-08-12T04:31:20.424+0000] {dag.py:3211} INFO - Sync 1 DAGs
[2026-08-12T04:31:20.433+0000] {logging_mixin.py:190} INFO - [2026-08-12T04:31:20.433+0000] {dag.py:4138} INFO - Setting next_dagrun for example_dag_decorator to None, run_after=None
[2026-08-12T04:31:20.448+0000] {processor.py:208} INFO - Processing /home/airflow/.local/lib/python3.12/site-packages/airflow/example_dags/example_dag_decorator.py took 0.125 seconds
[2026-08-12T04:32:28.293+0000] {processor.py:186} INFO - Started process (PID=93) to work on /home/airflow/.local/lib/python3.12/site-packages/airflow/example_dags/example_dag_decorator.py
[2026-08-12T04:32:28.294+0000] {processor.py:914} INFO - Processing file /home/airflow/.local/lib/python3.12/site-packages/airflow/example_dags/example_dag_decorator.py for tasks to queue
[2026-08-12T04:32:28.296+0000] {logging_mixin.py:190} INFO - [2026-08-12T04:32:28.296+0000] {dagbag.py:587} INFO - Filling up the DagBag from /home/airflow/.local/lib/python3.12/site-packages/airflow/example_dags/example_dag_decorator.py
[2026-08-12T04:32:28.305+0000] {processor.py:925} INFO - DAG(s) 'example_dag_decorator' retrieved from /home/airflow/.local/lib/python3.12/site-packages/airflow/example_dags/example_dag_decorator.py
[2026-08-12T04:32:28.377+0000] {logging_mixin.py:190} INFO - [2026-08-12T04:32:28.376+0000] {dag.py:3211} INFO - Sync 1 DAGs
[2026-08-12T04:32:28.384+0000] {logging_mixin.py:190} INFO - [2026-08-12T04:32:28.384+0000] {dag.py:4138} INFO - Setting next_dagrun for example_dag_decorator to None, run_after=None
[2026-08-12T04:32:28.397+0000] {processor.py:208} INFO - Processing /home/airflow/.local/lib/python3.12/site-packages/airflow/example_dags/example_dag_decorator.py took 0.109 seconds
[2026-08-12T04:32:59.150+0000] {processor.py:186} INFO - Started process (PID=156) to work on /home/airflow/.local/lib/python3.12/site-packages/airflow/example_dags/example_dag_decorator.py
[2026-08-12T04:32:59.151+0000] {processor.py:914} INFO - Processing file /home/airflow/.local/lib/python3.12/site-packages/airflow/example_dags/example_dag_decorator.py for tasks to queue
[2026-08-12T04:32:59.153+0000] {logging_mixin.py:190} INFO - [2026-08-12T04:32:59.152+0000] {dagbag.py:587} INFO - Filling up the DagBag from /home/airflow/.local/lib/python3.12/site-packages/airflow/example_dags/example_dag_decorator.py
[2026-08-12T04:32:59.161+0000] {processor.py:925} INFO - DAG(s) 'example_dag_decorator' retrieved from /home/airflow/.local/lib/python3.12/site-packages/airflow/example_dags/example_dag_decorator.py
[2026-08-12T04:32:59.231+0000] {logging_mixin.py:190} INFO - [2026-08-12T04:32:59.231+0000] {dag.py:3211} INFO - Sync 1 DAGs
[2026-08-12T04:32:59.239+0000] {logging_mixin.py:190} INFO - [2026-08-12T04:32:59.239+0000] {dag.py:4138} INFO - Setting next_dagrun for example_dag_decorator to None, run_after=None
[2026-08-12T04:32:59.252+0000] {processor.py:208} INFO - Processing /home/airflow/.local/lib/python3.12/site-packages/airflow/example_dags/example_dag_decorator.py took 0.106 seconds
[2026-08-12T04:33:29.931+0000] {processor.py:186} INFO - Started process (PID=218) to work on /home/airflow/.local/lib/python3.12/site-packages/airflow/example_dags/example_dag_decorator.py
[2026-08-12T04:33:29.932+0000] {processor.py:914} INFO - Processing file /home/airflow/.local/lib/python3.12/site-packages/airflow/example_dags/example_dag_decorator.py for tasks to queue
[2026-08-12T04:33:29.934+0000] {logging_mixin.py:190} INFO - [2026-08-12T04:33:29.933+0000] {dagbag.py:587} INFO - Filling up the DagBag from /home/airflow/.local/lib/python3.12/site-packages/airflow/example_dags/example_dag_decorator.py
[2026-08-12T04:33:29.942+0000] {processor.py:925} INFO - DAG(s) 'example_dag_decorator' retrieved from /home/airflow/.local/lib/python3.12/site-packages/airflow/example_dags/example_dag_decorator.py
[2026-08-12T04:33:29.960+0000] {logging_mixin.py:190} INFO - [2026-08-12T04:33:29.960+0000] {dag.py:3211} INFO - Sync 1 DAGs
[2026-08-12T04:33:29.971+0000] {logging_mixin.py:190} INFO - [2026-08-12T04:33:29.971+0000] {dag.py:4138} INFO - Setting next_dagrun for example_dag_decorator to None, run_after=None
[2026-08-12T04:33:29.986+0000] {processor.py:208} INFO - Processing /home/airflow/.local/lib/python3.12/site-packages/airflow/example_dags/example_dag_decorator.py took 0.059 seconds
[2026-08-12T04:34:01.208+0000] {processor.py:186} INFO - Started process (PID=280) to work on /home/airflow/.local/lib/python3.12/site-packages/airflow/example_dags/example_dag_decorator.py
[2026-08-12T04:34:01.209+0000] {processor.py:914} INFO - Processing file /home/airflow/.local/lib/python3.12/site-packages/airflow/example_dags/example_dag_decorator.py for tasks to queue
[2026-08-12T04:34:01.211+0000] {logging_mixin.py:190} INFO - [2026-08-12T04:34:01.211+0000] {dagbag.py:587} INFO - Filling up the DagBag from /home/airflow/.local/lib/python3.12/site-packages/airflow/example_dags/example_dag_decorator.py
[2026-08-12T04:34:01.223+0000] {processor.py:925} INFO - DAG(s) 'example_dag_decorator' retrieved from /home/airflow/.local/lib/python3.12/site-packages/airflow/example_dags/example_dag_decorator.py
[2026-08-12T04:34:01.240+0000] {logging_mixin.py:190} INFO - [2026-08-12T04:34:01.240+0000] {dag.py:3211} INFO - Sync 1 DAGs
[2026-08-12T04:34:01.250+0000] {logging_mixin.py:190} INFO - [2026-08-12T04:34:01.250+0000] {dag.py:4138} INFO - Setting next_dagrun for example_dag_decorator to None, run_after=None
[2026-08-12T04:34:01.264+0000] {processor.py:208} INFO - Processing /home/airflow/.local/lib/python3.12/site-packages/airflow/example_dags/example_dag_decorator.py took 0.060 seconds
[2026-08-12T04:34:31.317+0000] {processor.py:186} INFO - Started process (PID=341) to work on /home/airflow/.local/lib/python3.12/site-packages/airflow/example_dags/example_dag_decorator.py
[2026-08-12T04:34:31.318+0000] {processor.py:914} INFO - Processing file /home/airflow/.local/lib/python3.12/site-packages/airflow/example_dags/example_dag_decorator.py for tasks to queue
[2026-08-12T04:34:31.320+0000] {logging_mixin.py:190} INFO - [2026-08-12T04:34:31.320+0000] {dagbag.py:587} INFO - Filling up the DagBag from /home/airflow/.local/lib/python3.12/site-packages/airflow/example_dags/example_dag_decorator.py
[2026-08-12T04:34:31.329+0000] {processor.py:925} INFO - DAG(s) 'example_dag_decorator' retrieved from /home/airflow/.local/lib/python3.12/site-packages/airflow/example_dags/example_dag_decorator.py
[2026-08-12T04:34:31.399+0000] {logging_mixin.py:190} INFO - [2026-08-12T04:34:31.399+0000] {dag.py:3211} INFO - Sync 1 DAGs
[2026-08-12T04:34:31.407+0000] {logging_mixin.py:190} INFO - [2026-08-12T04:34:31.407+0000] {dag.py:4138} INFO - Setting next_dagrun for example_dag_decorator to None, run_after=None
[2026-08-12T04:34:31.420+0000] {processor.py:208} INFO - Processing /home/airflow/.local/lib/python3.12/site-packages/airflow/example_dags/example_dag_decorator.py took 0.107 seconds
[2026-08-12T04:35:01.824+0000] {processor.py:186} INFO - Started process (PID=403) to work on /home/airflow/.local/lib/python3.12/site-packages/airflow/example_dags/example_dag_decorator.py
[2026-08-12T04:35:01.825+0000] {processor.py:914} INFO - Processing file /home/airflow/.local/lib/python3.12/site-packages/airflow/example_dags/example_dag_decorator.py for tasks to queue
[2026-08-12T04:35:01.828+0000] {logging_mixin.py:190} INFO - [2026-08-12T04:35:01.827+0000] {dagbag.py:587} INFO - Filling up the DagBag from /home/airflow/.local/lib/python3.12/site-packages/airflow/example_dags/example_dag_decorator.py
[2026-08-12T04:35:01.839+0000] {processor.py:925} INFO - DAG(s) 'example_dag_decorator' retrieved from /home/airflow/.local/lib/python3.12/site-packages/airflow/example_dags/example_dag_decorator.py
[2026-08-12T04:35:01.923+0000] {logging_mixin.py:190} INFO - [2026-08-12T04:35:01.923+0000] {dag.py:3211} INFO - Sync 1 DAGs
[2026-08-12T04:35:01.933+0000] {logging_mixin.py:190} INFO - [2026-08-12T04:35:01.933+0000] {dag.py:4138} INFO - Setting next_dagrun for example_dag_decorator to None, run_after=None
[2026-08-12T04:35:01.950+0000] {processor.py:208} INFO - Processing /home/airflow/.local/lib/python3.12/site-packages/airflow/example_dags/example_dag_decorator.py took 0.131 seconds
[2026-08-12T04:35:32.319+0000] {processor.py:186} INFO - Started process (PID=466) to work on /home/airflow/.local/lib/python3.12/site-packages/airflow/example_dags/example_dag_decorator.py
[2026-08-12T04:35:32.321+0000] {processor.py:914} INFO - Processing file /home/airflow/.local/lib/python3.12/site-packages/airflow/example_dags/example_dag_decorator.py for tasks to queue
[2026-08-12T04:35:32.323+0000] {logging_mixin.py:190} INFO - [2026-08-12T04:35:32.323+0000] {dagbag.py:587} INFO - Filling up the DagBag from /home/airflow/.local/lib/python3.12/site-packages/airflow/example_dags/example_dag_decorator.py
[2026-08-12T04:35:32.332+0000] {processor.py:925} INFO - DAG(s) 'example_dag_decorator' retrieved from /home/airflow/.local/lib/python3.12/site-packages/airflow/example_dags/example_dag_decorator.py
[2026-08-12T04:35:32.404+0000] {logging_mixin.py:190} INFO - [2026-08-12T04:35:32.404+0000] {dag.py:3211} INFO - Sync 1 DAGs
[2026-08-12T04:35:32.414+0000] {logging_mixin.py:190} INFO - [2026-08-12T04:35:32.414+0000] {dag.py:4138} INFO - Setting next_dagrun for example_dag_decorator to None, run_after=None
[2026-08-12T04:35:32.431+0000] {processor.py:208} INFO - Processing /home/airflow/.local/lib/python3.12/site-packages/airflow/example_dags/example_dag_decorator.py took 0.115 seconds
[2026-08-12T04:36:03.329+0000] {processor.py:186} INFO - Started process (PID=528) to work on /home/airflow/.local/lib/python3.12/site-packages/airflow/example_dags/example_dag_decorator.py
[2026-08-12T04:36:03.330+0000] {processor.py:914} INFO - Processing file /home/airflow/.local/lib/python3.12/site-packages/airflow/example_dags/example_dag_decorator.py for tasks to queue
[2026-08-12T04:36:03.332+0000] {logging_mixin.py:190} INFO - [2026-08-12T04:36:03.331+0000] {dagbag.py:587} INFO - Filling up the DagBag from /home/airflow/.local/lib/python3.12/site-packages/airflow/example_dags/example_dag_decorator.py
[2026-08-12T04:36:03.340+0000] {processor.py:925} INFO - DAG(s) 'example_dag_decorator' retrieved from /home/airflow/.local/lib/python3.12/site-packages/airflow/example_dags/example_dag_decorator.py
[2026-08-12T04:36:03.407+0000] {logging_mixin.py:190} INFO - [2026-08-12T04:36:03.407+0000] {dag.py:3211} INFO - Sync 1 DAGs
[2026-08-12T04:36:03.416+0000] {logging_mixin.py:190} INFO - [2026-08-12T04:36:03.416+0000] {dag.py:4138} INFO - Setting next_dagrun for example_dag_decorator to None, run_after=None
[2026-08-12T04:36:03.430+0000] {processor.py:208} INFO - Processing /home/airflow/.local/lib/python3.12/site-packages/airflow/example_dags/example_dag_decorator.py took 0.105 seconds
[2026-08-12T04:36:33.508+0000] {processor.py:186} INFO - Started process (PID=589) to work on /home/airflow/.local/lib/python3.12/site-packages/airflow/example_dags/example_dag_decorator.py
[2026-08-12T04:36:33.509+0000] {processor.py:914} INFO - Processing file /home/airflow/.local/lib/python3.12/site-packages/airflow/example_dags/example_dag_decorator.py for tasks to queue
[2026-08-12T04:36:33.511+0000] {logging_mixin.py:190} INFO - [2026-08-12T04:36:33.511+0000] {dagbag.py:587} INFO - Filling up the DagBag from /home/airflow/.local/lib/python3.12/site-packages/airflow/example_dags/example_dag_decorator.py
[2026-08-12T04:36:33.520+0000] {processor.py:925} INFO - DAG(s) 'example_dag_decorator' retrieved from /home/airflow/.local/lib/python3.12/site-packages/airflow/example_dags/example_dag_decorator.py
[2026-08-12T04:36:33.589+0000] {logging_mixin.py:190} INFO - [2026-08-12T04:36:33.589+0000] {dag.py:3211} INFO - Sync 1 DAGs
[2026-08-12T04:36:33.598+0000] {logging_mixin.py:190} INFO - [2026-08-12T04:36:33.598+0000] {dag.py:4138} INFO - Setting next_dagrun for example_dag_decorator to None, run_after=None
[2026-08-12T04:36:33.612+0000] {processor.py:208} INFO - Processing /home/airflow/.local/lib/python3.12/site-packages/airflow/example_dags/example_dag_decorator.py took 0.108 seconds
[2026-08-12T04:37:03.798+0000] {processor.py:186} INFO - Started process (PID=651) to work on /home/airflow/.local/lib/python3.12/site-packages/airflow/example_dags/example_dag_decorator.py
[2026-08-12T04:37:03.799+0000] {processor.py:914} INFO - Processing file /home/airflow/.local/lib/python3.12/site-packages/airflow/example_dags/example_dag_decorator.py for tasks to queue
[2026-08-12T04:37:03.801+0000] {logging_mixin.py:190} INFO - [2026-08-12T04:37:03.801+0000] {dagbag.py:587} INFO - Filling up the DagBag from /home/airflow/.local/lib/python3.12/site-packages/airflow/example_dags/example_dag_decorator.py
[2026-08-12T04:37:03.810+0000] {processor.py:925} INFO - DAG(s) 'example_dag_decorator' retrieved from /home/airflow/.local/lib/python3.12/site-packages/airflow/example_dags/example_dag_decorator.py
[2026-08-12T04:37:03.876+0000] {logging_mixin.py:190} INFO - [2026-08-12T04:37:03.876+0000] {dag.py:3211} INFO - Sync 1 DAGs
[2026-08-12T04:37:03.884+0000] {logging_mixin.py:190} INFO - [2026-08-12T04:37:03.884+0000] {dag.py:4138} INFO - Setting next_dagrun for example_dag_decorator to None, run_after=None
[2026-08-12T04:37:03.897+0000] {processor.py:208} INFO - Processing /home/airflow/.local/lib/python3.12/site-packages/airflow/example_dags/example_dag_decorator.py took 0.104 seconds
[2026-08-12T04:37:33.944+0000] {processor.py:186} INFO - Started process (PID=713) to work on /home/airflow/.local/lib/python3.12/site-packages/airflow/example_dags/example_dag_decorator.py
[2026-08-12T04:37:33.945+0000] {processor.py:914} INFO - Processing file /home/airflow/.local/lib/python3.12/site-packages/airflow/example_dags/example_dag_decorator.py for tasks to queue
[2026-08-12T04:37:33.948+0000] {logging_mixin.py:190} INFO - [2026-08-12T04:37:33.948+0000] {dagbag.py:587} INFO - Filling up the DagBag from /home/airflow/.local/lib/python3.12/site-packages/airflow/example_dags/example_dag_decorator.py
[2026-08-12T04:37:33.960+0000] {processor.py:925} INFO - DAG(s) 'example_dag_decorator' retrieved from /home/airflow/.local/lib/python3.12/site-packages/airflow/example_dags/example_dag_decorator.py
[2026-08-12T04:37:34.030+0000] {logging_mixin.py:190} INFO - [2026-08-12T04:37:34.030+0000] {dag.py:3211} INFO - Sync 1 DAGs
[2026-08-12T04:37:34.039+0000] {logging_mixin.py:190} INFO - [2026-08-12T04:37:34.039+0000] {dag.py:4138} INFO - Setting next_dagrun for example_dag_decorator to None, run_after=None
[2026-08-12T04:37:34.052+0000] {processor.py:208} INFO - Processing /home/airflow/.local/lib/python3.12/site-packages/airflow/example_dags/example_dag_decorator.py took 0.114 seconds
[2026-08-12T04:38:04.185+0000] {processor.py:186} INFO - Started process (PID=775) to work on /home/airflow/.local/lib/python3.12/site-packages/airflow/example_dags/example_dag_decorator.py
[2026-08-12T04:38:04.186+0000] {processor.py:914} INFO - Processing file /home/airflow/.local/lib/python3.12/site-packages/airflow/example_dags/example_dag_decorator.py for tasks to queue
[2026-08-12T04:38:04.188+0000] {logging_mixin.py:190} INFO - [2026-08-12T04:38:04.188+0000] {dagbag.py:587} INFO - Filling up the DagBag from /home/airflow/.local/lib/python3.12/site-packages/airflow/example_dags/example_dag_decorator.py
[2026-08-12T04:38:04.197+0000] {processor.py:925} INFO - DAG(s) 'example_dag_decorator' retrieved from /home/airflow/.local/lib/python3.12/site-packages/airflow/example_dags/example_dag_decorator.py
[2026-08-12T04:38:04.266+0000] {logging_mixin.py:190} INFO - [2026-08-12T04:38:04.266+0000] {dag.py:3211} INFO - Sync 1 DAGs
[2026-08-12T04:38:04.273+0000] {logging_mixin.py:190} INFO - [2026-08-12T04:38:04.273+0000] {dag.py:4138} INFO - Setting next_dagrun for example_dag_decorator to None, run_after=None
[2026-08-12T04:38:04.288+0000] {processor.py:208} INFO - Processing /home/airflow/.local/lib/python3.12/site-packages/airflow/example_dags/example_dag_decorator.py took 0.107 seconds
[2026-08-12T04:38:35.343+0000] {processor.py:186} INFO - Started process (PID=837) to work on /home/airflow/.local/lib/python3.12/site-packages/airflow/example_dags/example_dag_decorator.py
[2026-08-12T04:38:35.344+0000] {processor.py:914} INFO - Processing file /home/airflow/.local/lib/python3.12/site-packages/airflow/example_dags/example_dag_decorator.py for tasks to queue
[2026-08-12T04:38:35.345+0000] {logging_mixin.py:190} INFO - [2026-08-12T04:38:35.345+0000] {dagbag.py:587} INFO - Filling up the DagBag from /home/airflow/.local/lib/python3.12/site-packages/airflow/example_dags/example_dag_decorator.py
[2026-08-12T04:38:35.355+0000] {processor.py:925} INFO - DAG(s) 'example_dag_decorator' retrieved from /home/airflow/.local/lib/python3.12/site-packages/airflow/example_dags/example_dag_decorator.py
[2026-08-12T04:38:35.374+0000] {logging_mixin.py:190} INFO - [2026-08-12T04:38:35.373+0000] {dag.py:3211} INFO - Sync 1 DAGs
[2026-08-12T04:38:35.384+0000] {logging_mixin.py:190} INFO - [2026-08-12T04:38:35.384+0000] {dag.py:4138} INFO - Setting next_dagrun for example_dag_decorator to None, run_after=None
[2026-08-12T04:38:35.398+0000] {processor.py:208} INFO - Processing /home/airflow/.local/lib/python3.12/site-packages/airflow/example_dags/example_dag_decorator.py took 0.061 seconds
[2026-08-12T04:39:05.555+0000] {processor.py:186} INFO - Started process (PID=899) to work on /home/airflow/.local/lib/python3.12/site-packages/airflow/example_dags/example_dag_decorator.py
[2026-08-12T04:39:05.556+0000] {processor.py:914} INFO - Processing file /home/airflow/.local/lib/python3.12/site-packages/airflow/example_dags/example_dag_decorator.py for tasks to queue
[2026-08-12T04:39:05.559+0000] {logging_mixin.py:190} INFO - [2026-08-12T04:39:05.558+0000] {dagbag.py:587} INFO - Filling up the DagBag from /home/airflow/.local/lib/python3.12/site-packages/airflow/example_dags/example_dag_decorator.py
[2026-08-12T04:39:05.567+0000] {processor.py:925} INFO - DAG(s) 'example_dag_decorator' retrieved from /home/airflow/.local/lib/python3.12/site-packages/airflow/example_dags/example_dag_decorator.py
[2026-08-12T04:39:05.641+0000] {logging_mixin.py:190} INFO - [2026-08-12T04:39:05.640+0000] {dag.py:3211} INFO - Sync 1 DAGs
[2026-08-12T04:39:05.649+0000] {logging_mixin.py:190} INFO - [2026-08-12T04:39:05.649+0000] {dag.py:4138} INFO - Setting next_dagrun for example_dag_decorator to None, run_after=None
[2026-08-12T04:39:05.662+0000] {processor.py:208} INFO - Processing /home/airflow/.local/lib/python3.12/site-packages/airflow/example_dags/example_dag_decorator.py took 0.110 seconds
[2026-08-12T04:39:35.716+0000] {processor.py:186} INFO - Started process (PID=961) to work on /home/airflow/.local/lib/python3.12/site-packages/airflow/example_dags/example_dag_decorator.py
[2026-08-12T04:39:35.717+0000] {processor.py:914} INFO - Processing file /home/airflow/.local/lib/python3.12/site-packages/airflow/example_dags/example_dag_decorator.py for tasks to queue
[2026-08-12T04:39:35.719+0000] {logging_mixin.py:190} INFO - [2026-08-12T04:39:35.718+0000] {dagbag.py:587} INFO - Filling up the DagBag from /home/airflow/.local/lib/python3.12/site-packages/airflow/example_dags/example_dag_decorator.py
[2026-08-12T04:39:35.727+0000] {processor.py:925} INFO - DAG(s) 'example_dag_decorator' retrieved from /home/airflow/.local/lib/python3.12/site-packages/airflow/example_dags/example_dag_decorator.py
[2026-08-12T04:39:35.793+0000] {logging_mixin.py:190} INFO - [2026-08-12T04:39:35.793+0000] {dag.py:3211} INFO - Sync 1 DAGs
[2026-08-12T04:39:35.801+0000] {logging_mixin.py:190} INFO - [2026-08-12T04:39:35.801+0000] {dag.py:4138} INFO - Setting next_dagrun for example_dag_decorator to None, run_after=None
[2026-08-12T04:39:35.814+0000] {processor.py:208} INFO - Processing /home/airflow/.local/lib/python3.12/site-packages/airflow/example_dags/example_dag_decorator.py took 0.102 seconds
[2026-08-12T04:40:06.502+0000] {processor.py:186} INFO - Started process (PID=1023) to work on /home/airflow/.local/lib/python3.12/site-packages/airflow/example_dags/example_dag_decorator.py
[2026-08-12T04:40:06.503+0000] {processor.py:914} INFO - Processing file /home/airflow/.local/lib/python3.12/site-packages/airflow/example_dags/example_dag_decorator.py for tasks to queue
[2026-08-12T04:40:06.505+0000] {logging_mixin.py:190} INFO - [2026-08-12T04:40:06.505+0000] {dagbag.py:587} INFO - Filling up the DagBag from /home/airflow/.local/lib/python3.12/site-packages/airflow/example_dags/example_dag_decorator.py
[2026-08-12T04:40:06.517+0000] {processor.py:925} INFO - DAG(s) 'example_dag_decorator' retrieved from /home/airflow/.local/lib/python3.12/site-packages/airflow/example_dags/example_dag_decorator.py
[2026-08-12T04:40:06.585+0000] {logging_mixin.py:190} INFO - [2026-08-12T04:40:06.585+0000] {dag.py:3211} INFO - Sync 1 DAGs
[2026-08-12T04:40:06.594+0000] {logging_mixin.py:190} INFO - [2026-08-12T04:40:06.593+0000] {dag.py:4138} INFO - Setting next_dagrun for example_dag_decorator to None, run_after=None
[2026-08-12T04:40:06.608+0000] {processor.py:208} INFO - Processing /home/airflow/.local/lib/python3.12/site-packages/airflow/example_dags/example_dag_decorator.py took 0.111 seconds
[2026-08-12T04:40:37.222+0000] {processor.py:186} INFO - Started process (PID=1085) to work on /home/airflow/.local/lib/python3.12/site-packages/airflow/example_dags/example_dag_decorator.py
[2026-08-12T04:40:37.223+0000] {processor.py:914} INFO - Processing file /home/airflow/.local/lib/python3.12/site-packages/airflow/example_dags/example_dag_decorator.py for tasks to queue
[2026-08-12T04:40:37.225+0000] {logging_mixin.py:190} INFO - [2026-08-12T04:40:37.225+0000] {dagbag.py:587} INFO - Filling up the DagBag from /home/airflow/.local/lib/python3.12/site-packages/airflow/example_dags/example_dag_decorator.py
[2026-08-12T04:40:37.234+0000] {processor.py:925} INFO - DAG(s) 'example_dag_decorator' retrieved from /home/airflow/.local/lib/python3.12/site-packages/airflow/example_dags/example_dag_decorator.py
[2026-08-12T04:40:37.300+0000] {logging_mixin.py:190} INFO - [2026-08-12T04:40:37.300+0000] {dag.py:3211} INFO - Sync 1 DAGs
[2026-08-12T04:40:37.308+0000] {logging_mixin.py:190} INFO - [2026-08-12T04:40:37.308+0000] {dag.py:4138} INFO - Setting next_dagrun for example_dag_decorator to None, run_after=None
[2026-08-12T04:40:37.321+0000] {processor.py:208} INFO - Processing /home/airflow/.local/lib/python3.12/site-packages/airflow/example_dags/example_dag_decorator.py took 0.103 seconds
[2026-08-12T04:41:08.009+0000] {processor.py:186} INFO - Started process (PID=1147) to work on /home/airflow/.local/lib/python3.12/site-packages/airflow/example_dags/example_dag_decorator.py
[2026-08-12T04:41:08.010+0000] {processor.py:914} INFO - Processing file /home/airflow/.local/lib/python3.12/site-packages/airflow/example_dags/example_dag_decorator.py for tasks to queue
[2026-08-12T04:41:08.012+0000] {logging_mixin.py:190} INFO - [2026-08-12T04:41:08.012+0000] {dagbag.py:587} INFO - Filling up the DagBag from /home/airflow/.local/lib/python3.12/site-packages/airflow/example_dags/example_dag_decorator.py
[2026-08-12T04:41:08.021+0000] {processor.py:925} INFO - DAG(s) 'example_dag_decorator' retrieved from /home/airflow/.local/lib/python3.12/site-packages/airflow/example_dags/example_dag_decorator.py
[2026-08-12T04:41:08.088+0000] {logging_mixin.py:190} INFO - [2026-08-12T04:41:08.088+0000] {dag.py:3211} INFO - Sync 1 DAGs
[2026-08-12T04:41:08.096+0000] {logging_mixin.py:190} INFO - [2026-08-12T04:41:08.095+0000] {dag.py:4138} INFO - Setting next_dagrun for example_dag_decorator to None, run_after=None
[2026-08-12T04:41:08.109+0000] {processor.py:208} INFO - Processing /home/airflow/.local/lib/python3.12/site-packages/airflow/example_dags/example_dag_decorator.py took 0.105 seconds
[2026-08-12T04:41:38.692+0000] {processor.py:186} INFO - Started process (PID=1209) to work on /home/airflow/.local/lib/python3.12/site-packages/airflow/example_dags/example_dag_decorator.py
[2026-08-12T04:41:38.693+0000] {processor.py:914} INFO - Processing file /home/airflow/.local/lib/python3.12/site-packages/airflow/example_dags/example_dag_decorator.py for tasks to queue
[2026-08-12T04:41:38.695+0000] {logging_mixin.py:190} INFO - [2026-08-12T04:41:38.694+0000] {dagbag.py:587} INFO - Filling up the DagBag from /home/airflow/.local/lib/python3.12/site-packages/airflow/example_dags/example_dag_decorator.py
[2026-08-12T04:41:38.703+0000] {processor.py:925} INFO - DAG(s) 'example_dag_decorator' retrieved from /home/airflow/.local/lib/python3.12/site-packages/airflow/example_dags/example_dag_decorator.py
[2026-08-12T04:41:38.720+0000] {logging_mixin.py:190} INFO - [2026-08-12T04:41:38.720+0000] {dag.py:3211} INFO - Sync 1 DAGs
[2026-08-12T04:41:38.731+0000] {logging_mixin.py:190} INFO - [2026-08-12T04:41:38.731+0000] {dag.py:4138} INFO - Setting next_dagrun for example_dag_decorator to None, run_after=None
[2026-08-12T04:41:38.744+0000] {processor.py:208} INFO - Processing /home/airflow/.local/lib/python3.12/site-packages/airflow/example_dags/example_dag_decorator.py took 0.056 seconds
[2026-08-12T04:42:09.758+0000] {processor.py:186} INFO - Started process (PID=1271) to work on /home/airflow/.local/lib/python3.12/site-packages/airflow/example_dags/example_dag_decorator.py
[2026-08-12T04:42:09.759+0000] {processor.py:914} INFO - Processing file /home/airflow/.local/lib/python3.12/site-packages/airflow/example_dags/example_dag_decorator.py for tasks to queue
[2026-08-12T04:42:09.761+0000] {logging_mixin.py:190} INFO - [2026-08-12T04:42:09.761+0000] {dagbag.py:587} INFO - Filling up the DagBag from /home/airflow/.local/lib/python3.12/site-packages/airflow/example_dags/example_dag_decorator.py
[2026-08-12T04:42:09.770+0000] {processor.py:925} INFO - DAG(s) 'example_dag_decorator' retrieved from /home/airflow/.local/lib/python3.12/site-packages/airflow/example_dags/example_dag_decorator.py
[2026-08-12T04:42:09.787+0000] {logging_mixin.py:190} INFO - [2026-08-12T04:42:09.787+0000] {dag.py:3211} INFO - Sync 1 DAGs
[2026-08-12T04:42:09.796+0000] {logging_mixin.py:190} INFO - [2026-08-12T04:42:09.796+0000] {dag.py:4138} INFO - Setting next_dagrun for example_dag_decorator to None, run_after=None
[2026-08-12T04:42:09.811+0000] {processor.py:208} INFO - Processing /home/airflow/.local/lib/python3.12/site-packages/airflow/example_dags/example_dag_decorator.py took 0.056 seconds
[2026-08-12T04:42:40.574+0000] {processor.py:186} INFO - Started process (PID=1333) to work on /home/airflow/.local/lib/python3.12/site-packages/airflow/example_dags/example_dag_decorator.py
[2026-08-12T04:42:40.575+0000] {processor.py:914} INFO - Processing file /home/airflow/.local/lib/python3.12/site-packages/airflow/example_dags/example_dag_decorator.py for tasks to queue
[2026-08-12T04:42:40.577+0000] {logging_mixin.py:190} INFO - [2026-08-12T04:42:40.577+0000] {dagbag.py:587} INFO - Filling up the DagBag from /home/airflow/.local/lib/python3.12/site-packages/airflow/example_dags/example_dag_decorator.py
[2026-08-12T04:42:40.588+0000] {processor.py:925} INFO - DAG(s) 'example_dag_decorator' retrieved from /home/airflow/.local/lib/python3.12/site-packages/airflow/example_dags/example_dag_decorator.py
[2026-08-12T04:42:40.670+0000] {logging_mixin.py:190} INFO - [2026-08-12T04:42:40.669+0000] {dag.py:3211} INFO - Sync 1 DAGs
[2026-08-12T04:42:40.679+0000] {logging_mixin.py:190} INFO - [2026-08-12T04:42:40.678+0000] {dag.py:4138} INFO - Setting next_dagrun for example_dag_decorator to None, run_after=None
[2026-08-12T04:42:40.693+0000] {processor.py:208} INFO - Processing /home/airflow/.local/lib/python3.12/site-packages/airflow/example_dags/example_dag_decorator.py took 0.123 seconds
[2026-08-12T04:43:11.647+0000] {processor.py:186} INFO - Started process (PID=1395) to work on /home/airflow/.local/lib/python3.12/site-packages/airflow/example_dags/example_dag_decorator.py
[2026-08-12T04:43:11.649+0000] {processor.py:914} INFO - Processing file /home/airflow/.local/lib/python3.12/site-packages/airflow/example_dags/example_dag_decorator.py for tasks to queue
[2026-08-12T04:43:11.650+0000] {logging_mixin.py:190} INFO - [2026-08-12T04:43:11.650+0000] {dagbag.py:587} INFO - Filling up the DagBag from /home/airflow/.local/lib/python3.12/site-packages/airflow/example_dags/example_dag_decorator.py
[2026-08-12T04:43:11.659+0000] {processor.py:925} INFO - DAG(s) 'example_dag_decorator' retrieved from /home/airflow/.local/lib/python3.12/site-packages/airflow/example_dags/example_dag_decorator.py
[2026-08-12T04:43:11.675+0000] {logging_mixin.py:190} INFO - [2026-08-12T04:43:11.675+0000] {dag.py:3211} INFO - Sync 1 DAGs
[2026-08-12T04:43:11.684+0000] {logging_mixin.py:190} INFO - [2026-08-12T04:43:11.684+0000] {dag.py:4138} INFO - Setting next_dagrun for example_dag_decorator to None, run_after=None
[2026-08-12T04:43:11.707+0000] {processor.py:208} INFO - Processing /home/airflow/.local/lib/python3.12/site-packages/airflow/example_dags/example_dag_decorator.py took 0.063 seconds
[2026-08-12T04:43:41.796+0000] {processor.py:186} INFO - Started process (PID=1457) to work on /home/airflow/.local/lib/python3.12/site-packages/airflow/example_dags/example_dag_decorator.py
[2026-08-12T04:43:41.797+0000] {processor.py:914} INFO - Processing file /home/airflow/.local/lib/python3.12/site-packages/airflow/example_dags/example_dag_decorator.py for tasks to queue
[2026-08-12T04:43:41.799+0000] {logging_mixin.py:190} INFO - [2026-08-12T04:43:41.799+0000] {dagbag.py:587} INFO - Filling up the DagBag from /home/airflow/.local/lib/python3.12/site-packages/airflow/example_dags/example_dag_decorator.py
[2026-08-12T04:43:41.807+0000] {processor.py:925} INFO - DAG(s) 'example_dag_decorator' retrieved from /home/airflow/.local/lib/python3.12/site-packages/airflow/example_dags/example_dag_decorator.py
[2026-08-12T04:43:41.876+0000] {logging_mixin.py:190} INFO - [2026-08-12T04:43:41.876+0000] {dag.py:3211} INFO - Sync 1 DAGs
[2026-08-12T04:43:41.883+0000] {logging_mixin.py:190} INFO - [2026-08-12T04:43:41.883+0000] {dag.py:4138} INFO - Setting next_dagrun for example_dag_decorator to None, run_after=None
[2026-08-12T04:43:41.897+0000] {processor.py:208} INFO - Processing /home/airflow/.local/lib/python3.12/site-packages/airflow/example_dags/example_dag_decorator.py took 0.105 seconds
[2026-08-12T04:44:11.971+0000] {processor.py:186} INFO - Started process (PID=1519) to work on /home/airflow/.local/lib/python3.12/site-packages/airflow/example_dags/example_dag_decorator.py
[2026-08-12T04:44:11.973+0000] {processor.py:914} INFO - Processing file /home/airflow/.local/lib/python3.12/site-packages/airflow/example_dags/example_dag_decorator.py for tasks to queue
[2026-08-12T04:44:11.975+0000] {logging_mixin.py:190} INFO - [2026-08-12T04:44:11.974+0000] {dagbag.py:587} INFO - Filling up the DagBag from /home/airflow/.local/lib/python3.12/site-packages/airflow/example_dags/example_dag_decorator.py
[2026-08-12T04:44:11.983+0000] {processor.py:925} INFO - DAG(s) 'example_dag_decorator' retrieved from /home/airflow/.local/lib/python3.12/site-packages/airflow/example_dags/example_dag_decorator.py
[2026-08-12T04:44:11.999+0000] {logging_mixin.py:190} INFO - [2026-08-12T04:44:11.999+0000] {dag.py:3211} INFO - Sync 1 DAGs
[2026-08-12T04:44:12.009+0000] {logging_mixin.py:190} INFO - [2026-08-12T04:44:12.009+0000] {dag.py:4138} INFO - Setting next_dagrun for example_dag_decorator to None, run_after=None
[2026-08-12T04:44:12.021+0000] {processor.py:208} INFO - Processing /home/airflow/.local/lib/python3.12/site-packages/airflow/example_dags/example_dag_decorator.py took 0.054 seconds
[2026-08-12T04:44:42.979+0000] {processor.py:186} INFO - Started process (PID=1581) to work on /home/airflow/.local/lib/python3.12/site-packages/airflow/example_dags/example_dag_decorator.py
[2026-08-12T04:44:42.980+0000] {processor.py:914} INFO - Processing file /home/airflow/.local/lib/python3.12/site-packages/airflow/example_dags/example_dag_decorator.py for tasks to queue
[2026-08-12T04:44:42.982+0000] {logging_mixin.py:190} INFO - [2026-08-12T04:44:42.982+0000] {dagbag.py:587} INFO - Filling up the DagBag from /home/airflow/.local/lib/python3.12/site-packages/airflow/example_dags/example_dag_decorator.py
[2026-08-12T04:44:42.991+0000] {processor.py:925} INFO - DAG(s) 'example_dag_decorator' retrieved from /home/airflow/.local/lib/python3.12/site-packages/airflow/example_dags/example_dag_decorator.py
[2026-08-12T04:44:43.063+0000] {logging_mixin.py:190} INFO - [2026-08-12T04:44:43.063+0000] {dag.py:3211} INFO - Sync 1 DAGs
[2026-08-12T04:44:43.073+0000] {logging_mixin.py:190} INFO - [2026-08-12T04:44:43.073+0000] {dag.py:4138} INFO - Setting next_dagrun for example_dag_decorator to None, run_after=None
[2026-08-12T04:44:43.088+0000] {processor.py:208} INFO - Processing /home/airflow/.local/lib/python3.12/site-packages/airflow/example_dags/example_dag_decorator.py took 0.114 seconds
[2026-08-12T04:45:14.332+0000] {processor.py:186} INFO - Started process (PID=1643) to work on /home/airflow/.local/lib/python3.12/site-packages/airflow/example_dags/example_dag_decorator.py
[2026-08-12T04:45:14.333+0000] {processor.py:914} INFO - Processing file /home/airflow/.local/lib/python3.12/site-packages/airflow/example_dags/example_dag_decorator.py for tasks to queue
[2026-08-12T04:45:14.334+0000] {logging_mixin.py:190} INFO - [2026-08-12T04:45:14.334+0000] {dagbag.py:587} INFO - Filling up the DagBag from /home/airflow/.local/lib/python3.12/site-packages/airflow/example_dags/example_dag_decorator.py
[2026-08-12T04:45:14.342+0000] {processor.py:925} INFO - DAG(s) 'example_dag_decorator' retrieved from /home/airflow/.local/lib/python3.12/site-packages/airflow/example_dags/example_dag_decorator.py
[2026-08-12T04:45:14.409+0000] {logging_mixin.py:190} INFO - [2026-08-12T04:45:14.409+0000] {dag.py:3211} INFO - Sync 1 DAGs
[2026-08-12T04:45:14.417+0000] {logging_mixin.py:190} INFO - [2026-08-12T04:45:14.417+0000] {dag.py:4138} INFO - Setting next_dagrun for example_dag_decorator to None, run_after=None
[2026-08-12T04:45:14.430+0000] {processor.py:208} INFO - Processing /home/airflow/.local/lib/python3.12/site-packages/airflow/example_dags/example_dag_decorator.py took 0.102 seconds
[2026-08-12T04:45:44.769+0000] {processor.py:186} INFO - Started process (PID=1705) to work on /home/airflow/.local/lib/python3.12/site-packages/airflow/example_dags/example_dag_decorator.py
[2026-08-12T04:45:44.770+0000] {processor.py:914} INFO - Processing file /home/airflow/.local/lib/python3.12/site-packages/airflow/example_dags/example_dag_decorator.py for tasks to queue
[2026-08-12T04:45:44.772+0000] {logging_mixin.py:190} INFO - [2026-08-12T04:45:44.772+0000] {dagbag.py:587} INFO - Filling up the DagBag from /home/airflow/.local/lib/python3.12/site-packages/airflow/example_dags/example_dag_decorator.py
[2026-08-12T04:45:44.781+0000] {processor.py:925} INFO - DAG(s) 'example_dag_decorator' retrieved from /home/airflow/.local/lib/python3.12/site-packages/airflow/example_dags/example_dag_decorator.py
[2026-08-12T04:45:44.848+0000] {logging_mixin.py:190} INFO - [2026-08-12T04:45:44.848+0000] {dag.py:3211} INFO - Sync 1 DAGs
[2026-08-12T04:45:44.857+0000] {logging_mixin.py:190} INFO - [2026-08-12T04:45:44.856+0000] {dag.py:4138} INFO - Setting next_dagrun for example_dag_decorator to None, run_after=None
[2026-08-12T04:45:44.869+0000] {processor.py:208} INFO - Processing /home/airflow/.local/lib/python3.12/site-packages/airflow/example_dags/example_dag_decorator.py took 0.104 seconds
[2026-08-12T04:46:14.963+0000] {processor.py:186} INFO - Started process (PID=1768) to work on /home/airflow/.local/lib/python3.12/site-packages/airflow/example_dags/example_dag_decorator.py
[2026-08-12T04:46:14.964+0000] {processor.py:914} INFO - Processing file /home/airflow/.local/lib/python3.12/site-packages/airflow/example_dags/example_dag_decorator.py for tasks to queue
[2026-08-12T04:46:14.966+0000] {logging_mixin.py:190} INFO - [2026-08-12T04:46:14.966+0000] {dagbag.py:587} INFO - Filling up the DagBag from /home/airflow/.local/lib/python3.12/site-packages/airflow/example_dags/example_dag_decorator.py
[2026-08-12T04:46:14.974+0000] {processor.py:925} INFO - DAG(s) 'example_dag_decorator' retrieved from /home/airflow/.local/lib/python3.12/site-packages/airflow/example_dags/example_dag_decorator.py
[2026-08-12T04:46:15.040+0000] {logging_mixin.py:190} INFO - [2026-08-12T04:46:15.040+0000] {dag.py:3211} INFO - Sync 1 DAGs
[2026-08-12T04:46:15.048+0000] {logging_mixin.py:190} INFO - [2026-08-12T04:46:15.048+0000] {dag.py:4138} INFO - Setting next_dagrun for example_dag_decorator to None, run_after=None
[2026-08-12T04:46:15.063+0000] {processor.py:208} INFO - Processing /home/airflow/.local/lib/python3.12/site-packages/airflow/example_dags/example_dag_decorator.py took 0.105 seconds
[2026-08-12T04:46:45.144+0000] {processor.py:186} INFO - Started process (PID=1830) to work on /home/airflow/.local/lib/python3.12/site-packages/airflow/example_dags/example_dag_decorator.py
[2026-08-12T04:46:45.146+0000] {processor.py:914} INFO - Processing file /home/airflow/.local/lib/python3.12/site-packages/airflow/example_dags/example_dag_decorator.py for tasks to queue
[2026-08-12T04:46:45.148+0000] {logging_mixin.py:190} INFO - [2026-08-12T04:46:45.147+0000] {dagbag.py:587} INFO - Filling up the DagBag from /home/airflow/.local/lib/python3.12/site-packages/airflow/example_dags/example_dag_decorator.py
[2026-08-12T04:46:45.156+0000] {processor.py:925} INFO - DAG(s) 'example_dag_decorator' retrieved from /home/airflow/.local/lib/python3.12/site-packages/airflow/example_dags/example_dag_decorator.py
[2026-08-12T04:46:45.221+0000] {logging_mixin.py:190} INFO - [2026-08-12T04:46:45.221+0000] {dag.py:3211} INFO - Sync 1 DAGs
[2026-08-12T04:46:45.229+0000] {logging_mixin.py:190} INFO - [2026-08-12T04:46:45.228+0000] {dag.py:4138} INFO - Setting next_dagrun for example_dag_decorator to None, run_after=None
[2026-08-12T04:46:45.242+0000] {processor.py:208} INFO - Processing /home/airflow/.local/lib/python3.12/site-packages/airflow/example_dags/example_dag_decorator.py took 0.102 seconds
[2026-08-12T04:47:15.530+0000] {processor.py:186} INFO - Started process (PID=1891) to work on /home/airflow/.local/lib/python3.12/site-packages/airflow/example_dags/example_dag_decorator.py
[2026-08-12T04:47:15.532+0000] {processor.py:914} INFO - Processing file /home/airflow/.local/lib/python3.12/site-packages/airflow/example_dags/example_dag_decorator.py for tasks to queue
[2026-08-12T04:47:15.534+0000] {logging_mixin.py:190} INFO - [2026-08-12T04:47:15.534+0000] {dagbag.py:587} INFO - Filling up the DagBag from /home/airflow/.local/lib/python3.12/site-packages/airflow/example_dags/example_dag_decorator.py
[2026-08-12T04:47:15.544+0000] {processor.py:925} INFO - DAG(s) 'example_dag_decorator' retrieved from /home/airflow/.local/lib/python3.12/site-packages/airflow/example_dags/example_dag_decorator.py
[2026-08-12T04:47:15.560+0000] {logging_mixin.py:190} INFO - [2026-08-12T04:47:15.560+0000] {dag.py:3211} INFO - Sync 1 DAGs
[2026-08-12T04:47:15.569+0000] {logging_mixin.py:190} INFO - [2026-08-12T04:47:15.569+0000] {dag.py:4138} INFO - Setting next_dagrun for example_dag_decorator to None, run_after=None
[2026-08-12T04:47:15.582+0000] {processor.py:208} INFO - Processing /home/airflow/.local/lib/python3.12/site-packages/airflow/example_dags/example_dag_decorator.py took 0.058 seconds
[2026-08-12T04:47:45.892+0000] {processor.py:186} INFO - Started process (PID=1955) to work on /home/airflow/.local/lib/python3.12/site-packages/airflow/example_dags/example_dag_decorator.py
[2026-08-12T04:47:45.894+0000] {processor.py:914} INFO - Processing file /home/airflow/.local/lib/python3.12/site-packages/airflow/example_dags/example_dag_decorator.py for tasks to queue
[2026-08-12T04:47:45.896+0000] {logging_mixin.py:190} INFO - [2026-08-12T04:47:45.896+0000] {dagbag.py:587} INFO - Filling up the DagBag from /home/airflow/.local/lib/python3.12/site-packages/airflow/example_dags/example_dag_decorator.py
[2026-08-12T04:47:45.905+0000] {processor.py:925} INFO - DAG(s) 'example_dag_decorator' retrieved from /home/airflow/.local/lib/python3.12/site-packages/airflow/example_dags/example_dag_decorator.py
[2026-08-12T04:47:45.970+0000] {logging_mixin.py:190} INFO - [2026-08-12T04:47:45.970+0000] {dag.py:3211} INFO - Sync 1 DAGs
[2026-08-12T04:47:45.978+0000] {logging_mixin.py:190} INFO - [2026-08-12T04:47:45.978+0000] {dag.py:4138} INFO - Setting next_dagrun for example_dag_decorator to None, run_after=None
[2026-08-12T04:47:45.991+0000] {processor.py:208} INFO - Processing /home/airflow/.local/lib/python3.12/site-packages/airflow/example_dags/example_dag_decorator.py took 0.104 seconds
