[2026-08-12T04:30:16.870+0000] {processor.py:186} INFO - Started process (PID=81) to work on /home/airflow/.local/lib/python3.12/site-packages/airflow/example_dags/example_bash_operator.py
[2026-08-12T04:30:16.871+0000] {processor.py:914} INFO - Processing file /home/airflow/.local/lib/python3.12/site-packages/airflow/example_dags/example_bash_operator.py for tasks to queue
[2026-08-12T04:30:16.873+0000] {logging_mixin.py:190} INFO - [2026-08-12T04:30:16.872+0000] {dagbag.py:587} INFO - Filling up the DagBag from /home/airflow/.local/lib/python3.12/site-packages/airflow/example_dags/example_bash_operator.py
[2026-08-12T04:30:16.884+0000] {processor.py:925} INFO - DAG(s) 'example_bash_operator' retrieved from /home/airflow/.local/lib/python3.12/site-packages/airflow/example_dags/example_bash_operator.py
[2026-08-12T04:30:16.969+0000] {logging_mixin.py:190} INFO - [2026-08-12T04:30:16.969+0000] {override.py:1858} INFO - Created Permission View: can delete on DAG:example_bash_operator
[2026-08-12T04:30:16.977+0000] {logging_mixin.py:190} INFO - [2026-08-12T04:30:16.977+0000] {override.py:1858} INFO - Created Permission View: can read on DAG:example_bash_operator
[2026-08-12T04:30:16.982+0000] {logging_mixin.py:190} INFO - [2026-08-12T04:30:16.982+0000] {override.py:1858} INFO - Created Permission View: can edit on DAG:example_bash_operator
[2026-08-12T04:30:16.983+0000] {logging_mixin.py:190} INFO - [2026-08-12T04:30:16.983+0000] {dag.py:3211} INFO - Sync 1 DAGs
[2026-08-12T04:30:16.992+0000] {logging_mixin.py:190} INFO - [2026-08-12T04:30:16.992+0000] {dag.py:3234} INFO - Creating ORM DAG for example_bash_operator
[2026-08-12T04:30:17.001+0000] {logging_mixin.py:190} INFO - [2026-08-12T04:30:17.000+0000] {dag.py:4138} INFO - Setting next_dagrun for example_bash_operator to 2026-08-11 00:00:00+00:00, run_after=2026-08-12 00:00:00+00:00
[2026-08-12T04:30:17.013+0000] {processor.py:208} INFO - Processing /home/airflow/.local/lib/python3.12/site-packages/airflow/example_dags/example_bash_operator.py took 0.149 seconds
[2026-08-12T04:30:47.126+0000] {processor.py:186} INFO - Started process (PID=143) to work on /home/airflow/.local/lib/python3.12/site-packages/airflow/example_dags/example_bash_operator.py
[2026-08-12T04:30:47.127+0000] {processor.py:914} INFO - Processing file /home/airflow/.local/lib/python3.12/site-packages/airflow/example_dags/example_bash_operator.py for tasks to queue
[2026-08-12T04:30:47.129+0000] {logging_mixin.py:190} INFO - [2026-08-12T04:30:47.128+0000] {dagbag.py:587} INFO - Filling up the DagBag from /home/airflow/.local/lib/python3.12/site-packages/airflow/example_dags/example_bash_operator.py
[2026-08-12T04:30:47.139+0000] {processor.py:925} INFO - DAG(s) 'example_bash_operator' retrieved from /home/airflow/.local/lib/python3.12/site-packages/airflow/example_dags/example_bash_operator.py
[2026-08-12T04:30:47.158+0000] {logging_mixin.py:190} INFO - [2026-08-12T04:30:47.158+0000] {dag.py:3211} INFO - Sync 1 DAGs
[2026-08-12T04:30:47.175+0000] {logging_mixin.py:190} INFO - [2026-08-12T04:30:47.175+0000] {dag.py:4138} INFO - Setting next_dagrun for example_bash_operator to 2026-08-11 00:00:00+00:00, run_after=2026-08-12 00:00:00+00:00
[2026-08-12T04:30:47.188+0000] {processor.py:208} INFO - Processing /home/airflow/.local/lib/python3.12/site-packages/airflow/example_dags/example_bash_operator.py took 0.067 seconds
[2026-08-12T04:31:18.207+0000] {processor.py:186} INFO - Started process (PID=205) to work on /home/airflow/.local/lib/python3.12/site-packages/airflow/example_dags/example_bash_operator.py
[2026-08-12T04:31:18.208+0000] {processor.py:914} INFO - Processing file /home/airflow/.local/lib/python3.12/site-packages/airflow/example_dags/example_bash_operator.py for tasks to queue
[2026-08-12T04:31:18.210+0000] {logging_mixin.py:190} INFO - [2026-08-12T04:31:18.210+0000] {dagbag.py:587} INFO - Filling up the DagBag from /home/airflow/.local/lib/python3.12/site-packages/airflow/example_dags/example_bash_operator.py
[2026-08-12T04:31:18.219+0000] {processor.py:925} INFO - DAG(s) 'example_bash_operator' retrieved from /home/airflow/.local/lib/python3.12/site-packages/airflow/example_dags/example_bash_operator.py
[2026-08-12T04:31:18.238+0000] {logging_mixin.py:190} INFO - [2026-08-12T04:31:18.238+0000] {dag.py:3211} INFO - Sync 1 DAGs
[2026-08-12T04:31:18.255+0000] {logging_mixin.py:190} INFO - [2026-08-12T04:31:18.255+0000] {dag.py:4138} INFO - Setting next_dagrun for example_bash_operator to 2026-08-11 00:00:00+00:00, run_after=2026-08-12 00:00:00+00:00
[2026-08-12T04:31:18.269+0000] {processor.py:208} INFO - Processing /home/airflow/.local/lib/python3.12/site-packages/airflow/example_dags/example_bash_operator.py took 0.067 seconds
[2026-08-12T04:32:27.199+0000] {processor.py:186} INFO - Started process (PID=75) to work on /home/airflow/.local/lib/python3.12/site-packages/airflow/example_dags/example_bash_operator.py
[2026-08-12T04:32:27.200+0000] {processor.py:914} INFO - Processing file /home/airflow/.local/lib/python3.12/site-packages/airflow/example_dags/example_bash_operator.py for tasks to queue
[2026-08-12T04:32:27.202+0000] {logging_mixin.py:190} INFO - [2026-08-12T04:32:27.202+0000] {dagbag.py:587} INFO - Filling up the DagBag from /home/airflow/.local/lib/python3.12/site-packages/airflow/example_dags/example_bash_operator.py
[2026-08-12T04:32:27.210+0000] {processor.py:925} INFO - DAG(s) 'example_bash_operator' retrieved from /home/airflow/.local/lib/python3.12/site-packages/airflow/example_dags/example_bash_operator.py
[2026-08-12T04:32:27.229+0000] {logging_mixin.py:190} INFO - [2026-08-12T04:32:27.228+0000] {dag.py:3211} INFO - Sync 1 DAGs
[2026-08-12T04:32:27.244+0000] {logging_mixin.py:190} INFO - [2026-08-12T04:32:27.244+0000] {dag.py:4138} INFO - Setting next_dagrun for example_bash_operator to 2026-08-11 00:00:00+00:00, run_after=2026-08-12 00:00:00+00:00
[2026-08-12T04:32:27.259+0000] {processor.py:208} INFO - Processing /home/airflow/.local/lib/python3.12/site-packages/airflow/example_dags/example_bash_operator.py took 0.065 seconds
[2026-08-12T04:32:58.287+0000] {processor.py:186} INFO - Started process (PID=138) to work on /home/airflow/.local/lib/python3.12/site-packages/airflow/example_dags/example_bash_operator.py
[2026-08-12T04:32:58.288+0000] {processor.py:914} INFO - Processing file /home/airflow/.local/lib/python3.12/site-packages/airflow/example_dags/example_bash_operator.py for tasks to queue
[2026-08-12T04:32:58.290+0000] {logging_mixin.py:190} INFO - [2026-08-12T04:32:58.290+0000] {dagbag.py:587} INFO - Filling up the DagBag from /home/airflow/.local/lib/python3.12/site-packages/airflow/example_dags/example_bash_operator.py
[2026-08-12T04:32:58.300+0000] {processor.py:925} INFO - DAG(s) 'example_bash_operator' retrieved from /home/airflow/.local/lib/python3.12/site-packages/airflow/example_dags/example_bash_operator.py
[2026-08-12T04:32:58.318+0000] {logging_mixin.py:190} INFO - [2026-08-12T04:32:58.318+0000] {dag.py:3211} INFO - Sync 1 DAGs
[2026-08-12T04:32:58.334+0000] {logging_mixin.py:190} INFO - [2026-08-12T04:32:58.333+0000] {dag.py:4138} INFO - Setting next_dagrun for example_bash_operator to 2026-08-11 00:00:00+00:00, run_after=2026-08-12 00:00:00+00:00
[2026-08-12T04:32:58.346+0000] {processor.py:208} INFO - Processing /home/airflow/.local/lib/python3.12/site-packages/airflow/example_dags/example_bash_operator.py took 0.063 seconds
[2026-08-12T04:33:29.057+0000] {processor.py:186} INFO - Started process (PID=200) to work on /home/airflow/.local/lib/python3.12/site-packages/airflow/example_dags/example_bash_operator.py
[2026-08-12T04:33:29.058+0000] {processor.py:914} INFO - Processing file /home/airflow/.local/lib/python3.12/site-packages/airflow/example_dags/example_bash_operator.py for tasks to queue
[2026-08-12T04:33:29.060+0000] {logging_mixin.py:190} INFO - [2026-08-12T04:33:29.060+0000] {dagbag.py:587} INFO - Filling up the DagBag from /home/airflow/.local/lib/python3.12/site-packages/airflow/example_dags/example_bash_operator.py
[2026-08-12T04:33:29.070+0000] {processor.py:925} INFO - DAG(s) 'example_bash_operator' retrieved from /home/airflow/.local/lib/python3.12/site-packages/airflow/example_dags/example_bash_operator.py
[2026-08-12T04:33:29.090+0000] {logging_mixin.py:190} INFO - [2026-08-12T04:33:29.090+0000] {dag.py:3211} INFO - Sync 1 DAGs
[2026-08-12T04:33:29.107+0000] {logging_mixin.py:190} INFO - [2026-08-12T04:33:29.107+0000] {dag.py:4138} INFO - Setting next_dagrun for example_bash_operator to 2026-08-11 00:00:00+00:00, run_after=2026-08-12 00:00:00+00:00
[2026-08-12T04:33:29.120+0000] {processor.py:208} INFO - Processing /home/airflow/.local/lib/python3.12/site-packages/airflow/example_dags/example_bash_operator.py took 0.067 seconds
[2026-08-12T04:34:00.167+0000] {processor.py:186} INFO - Started process (PID=262) to work on /home/airflow/.local/lib/python3.12/site-packages/airflow/example_dags/example_bash_operator.py
[2026-08-12T04:34:00.168+0000] {processor.py:914} INFO - Processing file /home/airflow/.local/lib/python3.12/site-packages/airflow/example_dags/example_bash_operator.py for tasks to queue
[2026-08-12T04:34:00.171+0000] {logging_mixin.py:190} INFO - [2026-08-12T04:34:00.171+0000] {dagbag.py:587} INFO - Filling up the DagBag from /home/airflow/.local/lib/python3.12/site-packages/airflow/example_dags/example_bash_operator.py
[2026-08-12T04:34:00.186+0000] {processor.py:925} INFO - DAG(s) 'example_bash_operator' retrieved from /home/airflow/.local/lib/python3.12/site-packages/airflow/example_dags/example_bash_operator.py
[2026-08-12T04:34:00.209+0000] {logging_mixin.py:190} INFO - [2026-08-12T04:34:00.209+0000] {dag.py:3211} INFO - Sync 1 DAGs
[2026-08-12T04:34:00.227+0000] {logging_mixin.py:190} INFO - [2026-08-12T04:34:00.227+0000] {dag.py:4138} INFO - Setting next_dagrun for example_bash_operator to 2026-08-11 00:00:00+00:00, run_after=2026-08-12 00:00:00+00:00
[2026-08-12T04:34:00.241+0000] {processor.py:208} INFO - Processing /home/airflow/.local/lib/python3.12/site-packages/airflow/example_dags/example_bash_operator.py took 0.080 seconds
[2026-08-12T04:34:30.564+0000] {processor.py:186} INFO - Started process (PID=324) to work on /home/airflow/.local/lib/python3.12/site-packages/airflow/example_dags/example_bash_operator.py
[2026-08-12T04:34:30.565+0000] {processor.py:914} INFO - Processing file /home/airflow/.local/lib/python3.12/site-packages/airflow/example_dags/example_bash_operator.py for tasks to queue
[2026-08-12T04:34:30.567+0000] {logging_mixin.py:190} INFO - [2026-08-12T04:34:30.567+0000] {dagbag.py:587} INFO - Filling up the DagBag from /home/airflow/.local/lib/python3.12/site-packages/airflow/example_dags/example_bash_operator.py
[2026-08-12T04:34:30.576+0000] {processor.py:925} INFO - DAG(s) 'example_bash_operator' retrieved from /home/airflow/.local/lib/python3.12/site-packages/airflow/example_dags/example_bash_operator.py
[2026-08-12T04:34:30.595+0000] {logging_mixin.py:190} INFO - [2026-08-12T04:34:30.595+0000] {dag.py:3211} INFO - Sync 1 DAGs
[2026-08-12T04:34:30.615+0000] {logging_mixin.py:190} INFO - [2026-08-12T04:34:30.615+0000] {dag.py:4138} INFO - Setting next_dagrun for example_bash_operator to 2026-08-11 00:00:00+00:00, run_after=2026-08-12 00:00:00+00:00
[2026-08-12T04:34:30.628+0000] {processor.py:208} INFO - Processing /home/airflow/.local/lib/python3.12/site-packages/airflow/example_dags/example_bash_operator.py took 0.069 seconds
[2026-08-12T04:35:00.924+0000] {processor.py:186} INFO - Started process (PID=386) to work on /home/airflow/.local/lib/python3.12/site-packages/airflow/example_dags/example_bash_operator.py
[2026-08-12T04:35:00.925+0000] {processor.py:914} INFO - Processing file /home/airflow/.local/lib/python3.12/site-packages/airflow/example_dags/example_bash_operator.py for tasks to queue
[2026-08-12T04:35:00.927+0000] {logging_mixin.py:190} INFO - [2026-08-12T04:35:00.927+0000] {dagbag.py:587} INFO - Filling up the DagBag from /home/airflow/.local/lib/python3.12/site-packages/airflow/example_dags/example_bash_operator.py
[2026-08-12T04:35:00.937+0000] {processor.py:925} INFO - DAG(s) 'example_bash_operator' retrieved from /home/airflow/.local/lib/python3.12/site-packages/airflow/example_dags/example_bash_operator.py
[2026-08-12T04:35:00.955+0000] {logging_mixin.py:190} INFO - [2026-08-12T04:35:00.955+0000] {dag.py:3211} INFO - Sync 1 DAGs
[2026-08-12T04:35:00.971+0000] {logging_mixin.py:190} INFO - [2026-08-12T04:35:00.971+0000] {dag.py:4138} INFO - Setting next_dagrun for example_bash_operator to 2026-08-11 00:00:00+00:00, run_after=2026-08-12 00:00:00+00:00
[2026-08-12T04:35:00.984+0000] {processor.py:208} INFO - Processing /home/airflow/.local/lib/python3.12/site-packages/airflow/example_dags/example_bash_operator.py took 0.065 seconds
[2026-08-12T04:35:31.301+0000] {processor.py:186} INFO - Started process (PID=448) to work on /home/airflow/.local/lib/python3.12/site-packages/airflow/example_dags/example_bash_operator.py
[2026-08-12T04:35:31.303+0000] {processor.py:914} INFO - Processing file /home/airflow/.local/lib/python3.12/site-packages/airflow/example_dags/example_bash_operator.py for tasks to queue
[2026-08-12T04:35:31.304+0000] {logging_mixin.py:190} INFO - [2026-08-12T04:35:31.304+0000] {dagbag.py:587} INFO - Filling up the DagBag from /home/airflow/.local/lib/python3.12/site-packages/airflow/example_dags/example_bash_operator.py
[2026-08-12T04:35:31.314+0000] {processor.py:925} INFO - DAG(s) 'example_bash_operator' retrieved from /home/airflow/.local/lib/python3.12/site-packages/airflow/example_dags/example_bash_operator.py
[2026-08-12T04:35:31.332+0000] {logging_mixin.py:190} INFO - [2026-08-12T04:35:31.331+0000] {dag.py:3211} INFO - Sync 1 DAGs
[2026-08-12T04:35:31.348+0000] {logging_mixin.py:190} INFO - [2026-08-12T04:35:31.347+0000] {dag.py:4138} INFO - Setting next_dagrun for example_bash_operator to 2026-08-11 00:00:00+00:00, run_after=2026-08-12 00:00:00+00:00
[2026-08-12T04:35:31.360+0000] {processor.py:208} INFO - Processing /home/airflow/.local/lib/python3.12/site-packages/airflow/example_dags/example_bash_operator.py took 0.063 seconds
[2026-08-12T04:36:01.584+0000] {processor.py:186} INFO - Started process (PID=510) to work on /home/airflow/.local/lib/python3.12/site-packages/airflow/example_dags/example_bash_operator.py
[2026-08-12T04:36:01.585+0000] {processor.py:914} INFO - Processing file /home/airflow/.local/lib/python3.12/site-packages/airflow/example_dags/example_bash_operator.py for tasks to queue
[2026-08-12T04:36:01.586+0000] {logging_mixin.py:190} INFO - [2026-08-12T04:36:01.586+0000] {dagbag.py:587} INFO - Filling up the DagBag from /home/airflow/.local/lib/python3.12/site-packages/airflow/example_dags/example_bash_operator.py
[2026-08-12T04:36:01.596+0000] {processor.py:925} INFO - DAG(s) 'example_bash_operator' retrieved from /home/airflow/.local/lib/python3.12/site-packages/airflow/example_dags/example_bash_operator.py
[2026-08-12T04:36:01.613+0000] {logging_mixin.py:190} INFO - [2026-08-12T04:36:01.613+0000] {dag.py:3211} INFO - Sync 1 DAGs
[2026-08-12T04:36:01.629+0000] {logging_mixin.py:190} INFO - [2026-08-12T04:36:01.629+0000] {dag.py:4138} INFO - Setting next_dagrun for example_bash_operator to 2026-08-11 00:00:00+00:00, run_after=2026-08-12 00:00:00+00:00
[2026-08-12T04:36:01.642+0000] {processor.py:208} INFO - Processing /home/airflow/.local/lib/python3.12/site-packages/airflow/example_dags/example_bash_operator.py took 0.063 seconds
[2026-08-12T04:36:32.414+0000] {processor.py:186} INFO - Started process (PID=572) to work on /home/airflow/.local/lib/python3.12/site-packages/airflow/example_dags/example_bash_operator.py
[2026-08-12T04:36:32.415+0000] {processor.py:914} INFO - Processing file /home/airflow/.local/lib/python3.12/site-packages/airflow/example_dags/example_bash_operator.py for tasks to queue
[2026-08-12T04:36:32.417+0000] {logging_mixin.py:190} INFO - [2026-08-12T04:36:32.417+0000] {dagbag.py:587} INFO - Filling up the DagBag from /home/airflow/.local/lib/python3.12/site-packages/airflow/example_dags/example_bash_operator.py
[2026-08-12T04:36:32.427+0000] {processor.py:925} INFO - DAG(s) 'example_bash_operator' retrieved from /home/airflow/.local/lib/python3.12/site-packages/airflow/example_dags/example_bash_operator.py
[2026-08-12T04:36:32.446+0000] {logging_mixin.py:190} INFO - [2026-08-12T04:36:32.446+0000] {dag.py:3211} INFO - Sync 1 DAGs
[2026-08-12T04:36:32.462+0000] {logging_mixin.py:190} INFO - [2026-08-12T04:36:32.462+0000] {dag.py:4138} INFO - Setting next_dagrun for example_bash_operator to 2026-08-11 00:00:00+00:00, run_after=2026-08-12 00:00:00+00:00
[2026-08-12T04:36:32.475+0000] {processor.py:208} INFO - Processing /home/airflow/.local/lib/python3.12/site-packages/airflow/example_dags/example_bash_operator.py took 0.065 seconds
[2026-08-12T04:37:02.819+0000] {processor.py:186} INFO - Started process (PID=634) to work on /home/airflow/.local/lib/python3.12/site-packages/airflow/example_dags/example_bash_operator.py
[2026-08-12T04:37:02.820+0000] {processor.py:914} INFO - Processing file /home/airflow/.local/lib/python3.12/site-packages/airflow/example_dags/example_bash_operator.py for tasks to queue
[2026-08-12T04:37:02.823+0000] {logging_mixin.py:190} INFO - [2026-08-12T04:37:02.822+0000] {dagbag.py:587} INFO - Filling up the DagBag from /home/airflow/.local/lib/python3.12/site-packages/airflow/example_dags/example_bash_operator.py
[2026-08-12T04:37:02.834+0000] {processor.py:925} INFO - DAG(s) 'example_bash_operator' retrieved from /home/airflow/.local/lib/python3.12/site-packages/airflow/example_dags/example_bash_operator.py
[2026-08-12T04:37:02.852+0000] {logging_mixin.py:190} INFO - [2026-08-12T04:37:02.852+0000] {dag.py:3211} INFO - Sync 1 DAGs
[2026-08-12T04:37:02.869+0000] {logging_mixin.py:190} INFO - [2026-08-12T04:37:02.869+0000] {dag.py:4138} INFO - Setting next_dagrun for example_bash_operator to 2026-08-11 00:00:00+00:00, run_after=2026-08-12 00:00:00+00:00
[2026-08-12T04:37:02.882+0000] {processor.py:208} INFO - Processing /home/airflow/.local/lib/python3.12/site-packages/airflow/example_dags/example_bash_operator.py took 0.069 seconds
[2026-08-12T04:37:32.964+0000] {processor.py:186} INFO - Started process (PID=696) to work on /home/airflow/.local/lib/python3.12/site-packages/airflow/example_dags/example_bash_operator.py
[2026-08-12T04:37:32.965+0000] {processor.py:914} INFO - Processing file /home/airflow/.local/lib/python3.12/site-packages/airflow/example_dags/example_bash_operator.py for tasks to queue
[2026-08-12T04:37:32.967+0000] {logging_mixin.py:190} INFO - [2026-08-12T04:37:32.967+0000] {dagbag.py:587} INFO - Filling up the DagBag from /home/airflow/.local/lib/python3.12/site-packages/airflow/example_dags/example_bash_operator.py
[2026-08-12T04:37:32.976+0000] {processor.py:925} INFO - DAG(s) 'example_bash_operator' retrieved from /home/airflow/.local/lib/python3.12/site-packages/airflow/example_dags/example_bash_operator.py
[2026-08-12T04:37:32.995+0000] {logging_mixin.py:190} INFO - [2026-08-12T04:37:32.994+0000] {dag.py:3211} INFO - Sync 1 DAGs
[2026-08-12T04:37:33.012+0000] {logging_mixin.py:190} INFO - [2026-08-12T04:37:33.012+0000] {dag.py:4138} INFO - Setting next_dagrun for example_bash_operator to 2026-08-11 00:00:00+00:00, run_after=2026-08-12 00:00:00+00:00
[2026-08-12T04:37:33.026+0000] {processor.py:208} INFO - Processing /home/airflow/.local/lib/python3.12/site-packages/airflow/example_dags/example_bash_operator.py took 0.066 seconds
[2026-08-12T04:38:03.430+0000] {processor.py:186} INFO - Started process (PID=758) to work on /home/airflow/.local/lib/python3.12/site-packages/airflow/example_dags/example_bash_operator.py
[2026-08-12T04:38:03.432+0000] {processor.py:914} INFO - Processing file /home/airflow/.local/lib/python3.12/site-packages/airflow/example_dags/example_bash_operator.py for tasks to queue
[2026-08-12T04:38:03.434+0000] {logging_mixin.py:190} INFO - [2026-08-12T04:38:03.434+0000] {dagbag.py:587} INFO - Filling up the DagBag from /home/airflow/.local/lib/python3.12/site-packages/airflow/example_dags/example_bash_operator.py
[2026-08-12T04:38:03.444+0000] {processor.py:925} INFO - DAG(s) 'example_bash_operator' retrieved from /home/airflow/.local/lib/python3.12/site-packages/airflow/example_dags/example_bash_operator.py
[2026-08-12T04:38:03.462+0000] {logging_mixin.py:190} INFO - [2026-08-12T04:38:03.461+0000] {dag.py:3211} INFO - Sync 1 DAGs
[2026-08-12T04:38:03.478+0000] {logging_mixin.py:190} INFO - [2026-08-12T04:38:03.478+0000] {dag.py:4138} INFO - Setting next_dagrun for example_bash_operator to 2026-08-11 00:00:00+00:00, run_after=2026-08-12 00:00:00+00:00
[2026-08-12T04:38:03.491+0000] {processor.py:208} INFO - Processing /home/airflow/.local/lib/python3.12/site-packages/airflow/example_dags/example_bash_operator.py took 0.065 seconds
[2026-08-12T04:38:34.391+0000] {processor.py:186} INFO - Started process (PID=820) to work on /home/airflow/.local/lib/python3.12/site-packages/airflow/example_dags/example_bash_operator.py
[2026-08-12T04:38:34.392+0000] {processor.py:914} INFO - Processing file /home/airflow/.local/lib/python3.12/site-packages/airflow/example_dags/example_bash_operator.py for tasks to queue
[2026-08-12T04:38:34.394+0000] {logging_mixin.py:190} INFO - [2026-08-12T04:38:34.394+0000] {dagbag.py:587} INFO - Filling up the DagBag from /home/airflow/.local/lib/python3.12/site-packages/airflow/example_dags/example_bash_operator.py
[2026-08-12T04:38:34.404+0000] {processor.py:925} INFO - DAG(s) 'example_bash_operator' retrieved from /home/airflow/.local/lib/python3.12/site-packages/airflow/example_dags/example_bash_operator.py
[2026-08-12T04:38:34.421+0000] {logging_mixin.py:190} INFO - [2026-08-12T04:38:34.421+0000] {dag.py:3211} INFO - Sync 1 DAGs
[2026-08-12T04:38:34.437+0000] {logging_mixin.py:190} INFO - [2026-08-12T04:38:34.437+0000] {dag.py:4138} INFO - Setting next_dagrun for example_bash_operator to 2026-08-11 00:00:00+00:00, run_after=2026-08-12 00:00:00+00:00
[2026-08-12T04:38:34.449+0000] {processor.py:208} INFO - Processing /home/airflow/.local/lib/python3.12/site-packages/airflow/example_dags/example_bash_operator.py took 0.063 seconds
[2026-08-12T04:39:04.610+0000] {processor.py:186} INFO - Started process (PID=882) to work on /home/airflow/.local/lib/python3.12/site-packages/airflow/example_dags/example_bash_operator.py
[2026-08-12T04:39:04.611+0000] {processor.py:914} INFO - Processing file /home/airflow/.local/lib/python3.12/site-packages/airflow/example_dags/example_bash_operator.py for tasks to queue
[2026-08-12T04:39:04.613+0000] {logging_mixin.py:190} INFO - [2026-08-12T04:39:04.613+0000] {dagbag.py:587} INFO - Filling up the DagBag from /home/airflow/.local/lib/python3.12/site-packages/airflow/example_dags/example_bash_operator.py
[2026-08-12T04:39:04.623+0000] {processor.py:925} INFO - DAG(s) 'example_bash_operator' retrieved from /home/airflow/.local/lib/python3.12/site-packages/airflow/example_dags/example_bash_operator.py
[2026-08-12T04:39:04.641+0000] {logging_mixin.py:190} INFO - [2026-08-12T04:39:04.640+0000] {dag.py:3211} INFO - Sync 1 DAGs
[2026-08-12T04:39:04.656+0000] {logging_mixin.py:190} INFO - [2026-08-12T04:39:04.656+0000] {dag.py:4138} INFO - Setting next_dagrun for example_bash_operator to 2026-08-11 00:00:00+00:00, run_after=2026-08-12 00:00:00+00:00
[2026-08-12T04:39:04.668+0000] {processor.py:208} INFO - Processing /home/airflow/.local/lib/python3.12/site-packages/airflow/example_dags/example_bash_operator.py took 0.062 seconds
[2026-08-12T04:39:34.968+0000] {processor.py:186} INFO - Started process (PID=944) to work on /home/airflow/.local/lib/python3.12/site-packages/airflow/example_dags/example_bash_operator.py
[2026-08-12T04:39:34.969+0000] {processor.py:914} INFO - Processing file /home/airflow/.local/lib/python3.12/site-packages/airflow/example_dags/example_bash_operator.py for tasks to queue
[2026-08-12T04:39:34.971+0000] {logging_mixin.py:190} INFO - [2026-08-12T04:39:34.971+0000] {dagbag.py:587} INFO - Filling up the DagBag from /home/airflow/.local/lib/python3.12/site-packages/airflow/example_dags/example_bash_operator.py
[2026-08-12T04:39:34.982+0000] {processor.py:925} INFO - DAG(s) 'example_bash_operator' retrieved from /home/airflow/.local/lib/python3.12/site-packages/airflow/example_dags/example_bash_operator.py
[2026-08-12T04:39:35.002+0000] {logging_mixin.py:190} INFO - [2026-08-12T04:39:35.002+0000] {dag.py:3211} INFO - Sync 1 DAGs
[2026-08-12T04:39:35.020+0000] {logging_mixin.py:190} INFO - [2026-08-12T04:39:35.020+0000] {dag.py:4138} INFO - Setting next_dagrun for example_bash_operator to 2026-08-11 00:00:00+00:00, run_after=2026-08-12 00:00:00+00:00
[2026-08-12T04:39:35.034+0000] {processor.py:208} INFO - Processing /home/airflow/.local/lib/python3.12/site-packages/airflow/example_dags/example_bash_operator.py took 0.071 seconds
[2026-08-12T04:40:05.789+0000] {processor.py:186} INFO - Started process (PID=1006) to work on /home/airflow/.local/lib/python3.12/site-packages/airflow/example_dags/example_bash_operator.py
[2026-08-12T04:40:05.790+0000] {processor.py:914} INFO - Processing file /home/airflow/.local/lib/python3.12/site-packages/airflow/example_dags/example_bash_operator.py for tasks to queue
[2026-08-12T04:40:05.792+0000] {logging_mixin.py:190} INFO - [2026-08-12T04:40:05.792+0000] {dagbag.py:587} INFO - Filling up the DagBag from /home/airflow/.local/lib/python3.12/site-packages/airflow/example_dags/example_bash_operator.py
[2026-08-12T04:40:05.801+0000] {processor.py:925} INFO - DAG(s) 'example_bash_operator' retrieved from /home/airflow/.local/lib/python3.12/site-packages/airflow/example_dags/example_bash_operator.py
[2026-08-12T04:40:05.821+0000] {logging_mixin.py:190} INFO - [2026-08-12T04:40:05.820+0000] {dag.py:3211} INFO - Sync 1 DAGs
[2026-08-12T04:40:05.837+0000] {logging_mixin.py:190} INFO - [2026-08-12T04:40:05.837+0000] {dag.py:4138} INFO - Setting next_dagrun for example_bash_operator to 2026-08-11 00:00:00+00:00, run_after=2026-08-12 00:00:00+00:00
[2026-08-12T04:40:05.850+0000] {processor.py:208} INFO - Processing /home/airflow/.local/lib/python3.12/site-packages/airflow/example_dags/example_bash_operator.py took 0.065 seconds
[2026-08-12T04:40:36.472+0000] {processor.py:186} INFO - Started process (PID=1068) to work on /home/airflow/.local/lib/python3.12/site-packages/airflow/example_dags/example_bash_operator.py
[2026-08-12T04:40:36.473+0000] {processor.py:914} INFO - Processing file /home/airflow/.local/lib/python3.12/site-packages/airflow/example_dags/example_bash_operator.py for tasks to queue
[2026-08-12T04:40:36.475+0000] {logging_mixin.py:190} INFO - [2026-08-12T04:40:36.475+0000] {dagbag.py:587} INFO - Filling up the DagBag from /home/airflow/.local/lib/python3.12/site-packages/airflow/example_dags/example_bash_operator.py
[2026-08-12T04:40:36.484+0000] {processor.py:925} INFO - DAG(s) 'example_bash_operator' retrieved from /home/airflow/.local/lib/python3.12/site-packages/airflow/example_dags/example_bash_operator.py
[2026-08-12T04:40:36.502+0000] {logging_mixin.py:190} INFO - [2026-08-12T04:40:36.502+0000] {dag.py:3211} INFO - Sync 1 DAGs
[2026-08-12T04:40:36.518+0000] {logging_mixin.py:190} INFO - [2026-08-12T04:40:36.518+0000] {dag.py:4138} INFO - Setting next_dagrun for example_bash_operator to 2026-08-11 00:00:00+00:00, run_after=2026-08-12 00:00:00+00:00
[2026-08-12T04:40:36.530+0000] {processor.py:208} INFO - Processing /home/airflow/.local/lib/python3.12/site-packages/airflow/example_dags/example_bash_operator.py took 0.062 seconds
[2026-08-12T04:41:07.267+0000] {processor.py:186} INFO - Started process (PID=1130) to work on /home/airflow/.local/lib/python3.12/site-packages/airflow/example_dags/example_bash_operator.py
[2026-08-12T04:41:07.268+0000] {processor.py:914} INFO - Processing file /home/airflow/.local/lib/python3.12/site-packages/airflow/example_dags/example_bash_operator.py for tasks to queue
[2026-08-12T04:41:07.270+0000] {logging_mixin.py:190} INFO - [2026-08-12T04:41:07.270+0000] {dagbag.py:587} INFO - Filling up the DagBag from /home/airflow/.local/lib/python3.12/site-packages/airflow/example_dags/example_bash_operator.py
[2026-08-12T04:41:07.280+0000] {processor.py:925} INFO - DAG(s) 'example_bash_operator' retrieved from /home/airflow/.local/lib/python3.12/site-packages/airflow/example_dags/example_bash_operator.py
[2026-08-12T04:41:07.299+0000] {logging_mixin.py:190} INFO - [2026-08-12T04:41:07.299+0000] {dag.py:3211} INFO - Sync 1 DAGs
[2026-08-12T04:41:07.315+0000] {logging_mixin.py:190} INFO - [2026-08-12T04:41:07.315+0000] {dag.py:4138} INFO - Setting next_dagrun for example_bash_operator to 2026-08-11 00:00:00+00:00, run_after=2026-08-12 00:00:00+00:00
[2026-08-12T04:41:07.328+0000] {processor.py:208} INFO - Processing /home/airflow/.local/lib/python3.12/site-packages/airflow/example_dags/example_bash_operator.py took 0.065 seconds
[2026-08-12T04:41:37.974+0000] {processor.py:186} INFO - Started process (PID=1192) to work on /home/airflow/.local/lib/python3.12/site-packages/airflow/example_dags/example_bash_operator.py
[2026-08-12T04:41:37.975+0000] {processor.py:914} INFO - Processing file /home/airflow/.local/lib/python3.12/site-packages/airflow/example_dags/example_bash_operator.py for tasks to queue
[2026-08-12T04:41:37.977+0000] {logging_mixin.py:190} INFO - [2026-08-12T04:41:37.977+0000] {dagbag.py:587} INFO - Filling up the DagBag from /home/airflow/.local/lib/python3.12/site-packages/airflow/example_dags/example_bash_operator.py
[2026-08-12T04:41:37.986+0000] {processor.py:925} INFO - DAG(s) 'example_bash_operator' retrieved from /home/airflow/.local/lib/python3.12/site-packages/airflow/example_dags/example_bash_operator.py
[2026-08-12T04:41:38.005+0000] {logging_mixin.py:190} INFO - [2026-08-12T04:41:38.004+0000] {dag.py:3211} INFO - Sync 1 DAGs
[2026-08-12T04:41:38.019+0000] {logging_mixin.py:190} INFO - [2026-08-12T04:41:38.019+0000] {dag.py:4138} INFO - Setting next_dagrun for example_bash_operator to 2026-08-11 00:00:00+00:00, run_after=2026-08-12 00:00:00+00:00
[2026-08-12T04:41:38.033+0000] {processor.py:208} INFO - Processing /home/airflow/.local/lib/python3.12/site-packages/airflow/example_dags/example_bash_operator.py took 0.064 seconds
[2026-08-12T04:42:08.909+0000] {processor.py:186} INFO - Started process (PID=1254) to work on /home/airflow/.local/lib/python3.12/site-packages/airflow/example_dags/example_bash_operator.py
[2026-08-12T04:42:08.910+0000] {processor.py:914} INFO - Processing file /home/airflow/.local/lib/python3.12/site-packages/airflow/example_dags/example_bash_operator.py for tasks to queue
[2026-08-12T04:42:08.912+0000] {logging_mixin.py:190} INFO - [2026-08-12T04:42:08.912+0000] {dagbag.py:587} INFO - Filling up the DagBag from /home/airflow/.local/lib/python3.12/site-packages/airflow/example_dags/example_bash_operator.py
[2026-08-12T04:42:08.922+0000] {processor.py:925} INFO - DAG(s) 'example_bash_operator' retrieved from /home/airflow/.local/lib/python3.12/site-packages/airflow/example_dags/example_bash_operator.py
[2026-08-12T04:42:08.943+0000] {logging_mixin.py:190} INFO - [2026-08-12T04:42:08.943+0000] {dag.py:3211} INFO - Sync 1 DAGs
[2026-08-12T04:42:08.961+0000] {logging_mixin.py:190} INFO - [2026-08-12T04:42:08.960+0000] {dag.py:4138} INFO - Setting next_dagrun for example_bash_operator to 2026-08-11 00:00:00+00:00, run_after=2026-08-12 00:00:00+00:00
[2026-08-12T04:42:08.975+0000] {processor.py:208} INFO - Processing /home/airflow/.local/lib/python3.12/site-packages/airflow/example_dags/example_bash_operator.py took 0.070 seconds
[2026-08-12T04:42:39.790+0000] {processor.py:186} INFO - Started process (PID=1316) to work on /home/airflow/.local/lib/python3.12/site-packages/airflow/example_dags/example_bash_operator.py
[2026-08-12T04:42:39.791+0000] {processor.py:914} INFO - Processing file /home/airflow/.local/lib/python3.12/site-packages/airflow/example_dags/example_bash_operator.py for tasks to queue
[2026-08-12T04:42:39.793+0000] {logging_mixin.py:190} INFO - [2026-08-12T04:42:39.792+0000] {dagbag.py:587} INFO - Filling up the DagBag from /home/airflow/.local/lib/python3.12/site-packages/airflow/example_dags/example_bash_operator.py
[2026-08-12T04:42:39.802+0000] {processor.py:925} INFO - DAG(s) 'example_bash_operator' retrieved from /home/airflow/.local/lib/python3.12/site-packages/airflow/example_dags/example_bash_operator.py
[2026-08-12T04:42:39.823+0000] {logging_mixin.py:190} INFO - [2026-08-12T04:42:39.823+0000] {dag.py:3211} INFO - Sync 1 DAGs
[2026-08-12T04:42:39.840+0000] {logging_mixin.py:190} INFO - [2026-08-12T04:42:39.840+0000] {dag.py:4138} INFO - Setting next_dagrun for example_bash_operator to 2026-08-11 00:00:00+00:00, run_after=2026-08-12 00:00:00+00:00
[2026-08-12T04:42:39.853+0000] {processor.py:208} INFO - Processing /home/airflow/.local/lib/python3.12/site-packages/airflow/example_dags/example_bash_operator.py took 0.068 seconds
[2026-08-12T04:43:10.666+0000] {processor.py:186} INFO - Started process (PID=1378) to work on /home/airflow/.local/lib/python3.12/site-packages/airflow/example_dags/example_bash_operator.py
[2026-08-12T04:43:10.667+0000] {processor.py:914} INFO - Processing file /home/airflow/.local/lib/python3.12/site-packages/airflow/example_dags/example_bash_operator.py for tasks to queue
[2026-08-12T04:43:10.669+0000] {logging_mixin.py:190} INFO - [2026-08-12T04:43:10.669+0000] {dagbag.py:587} INFO - Filling up the DagBag from /home/airflow/.local/lib/python3.12/site-packages/airflow/example_dags/example_bash_operator.py
[2026-08-12T04:43:10.678+0000] {processor.py:925} INFO - DAG(s) 'example_bash_operator' retrieved from /home/airflow/.local/lib/python3.12/site-packages/airflow/example_dags/example_bash_operator.py
[2026-08-12T04:43:10.697+0000] {logging_mixin.py:190} INFO - [2026-08-12T04:43:10.697+0000] {dag.py:3211} INFO - Sync 1 DAGs
[2026-08-12T04:43:10.714+0000] {logging_mixin.py:190} INFO - [2026-08-12T04:43:10.714+0000] {dag.py:4138} INFO - Setting next_dagrun for example_bash_operator to 2026-08-11 00:00:00+00:00, run_after=2026-08-12 00:00:00+00:00
[2026-08-12T04:43:10.727+0000] {processor.py:208} INFO - Processing /home/airflow/.local/lib/python3.12/site-packages/airflow/example_dags/example_bash_operator.py took 0.064 seconds
[2026-08-12T04:43:40.785+0000] {processor.py:186} INFO - Started process (PID=1440) to work on /home/airflow/.local/lib/python3.12/site-packages/airflow/example_dags/example_bash_operator.py
[2026-08-12T04:43:40.786+0000] {processor.py:914} INFO - Processing file /home/airflow/.local/lib/python3.12/site-packages/airflow/example_dags/example_bash_operator.py for tasks to queue
[2026-08-12T04:43:40.788+0000] {logging_mixin.py:190} INFO - [2026-08-12T04:43:40.788+0000] {dagbag.py:587} INFO - Filling up the DagBag from /home/airflow/.local/lib/python3.12/site-packages/airflow/example_dags/example_bash_operator.py
[2026-08-12T04:43:40.797+0000] {processor.py:925} INFO - DAG(s) 'example_bash_operator' retrieved from /home/airflow/.local/lib/python3.12/site-packages/airflow/example_dags/example_bash_operator.py
[2026-08-12T04:43:40.816+0000] {logging_mixin.py:190} INFO - [2026-08-12T04:43:40.816+0000] {dag.py:3211} INFO - Sync 1 DAGs
[2026-08-12T04:43:40.832+0000] {logging_mixin.py:190} INFO - [2026-08-12T04:43:40.831+0000] {dag.py:4138} INFO - Setting next_dagrun for example_bash_operator to 2026-08-11 00:00:00+00:00, run_after=2026-08-12 00:00:00+00:00
[2026-08-12T04:43:40.844+0000] {processor.py:208} INFO - Processing /home/airflow/.local/lib/python3.12/site-packages/airflow/example_dags/example_bash_operator.py took 0.063 seconds
[2026-08-12T04:44:11.138+0000] {processor.py:186} INFO - Started process (PID=1502) to work on /home/airflow/.local/lib/python3.12/site-packages/airflow/example_dags/example_bash_operator.py
[2026-08-12T04:44:11.139+0000] {processor.py:914} INFO - Processing file /home/airflow/.local/lib/python3.12/site-packages/airflow/example_dags/example_bash_operator.py for tasks to queue
[2026-08-12T04:44:11.141+0000] {logging_mixin.py:190} INFO - [2026-08-12T04:44:11.141+0000] {dagbag.py:587} INFO - Filling up the DagBag from /home/airflow/.local/lib/python3.12/site-packages/airflow/example_dags/example_bash_operator.py
[2026-08-12T04:44:11.152+0000] {processor.py:925} INFO - DAG(s) 'example_bash_operator' retrieved from /home/airflow/.local/lib/python3.12/site-packages/airflow/example_dags/example_bash_operator.py
[2026-08-12T04:44:11.170+0000] {logging_mixin.py:190} INFO - [2026-08-12T04:44:11.170+0000] {dag.py:3211} INFO - Sync 1 DAGs
[2026-08-12T04:44:11.187+0000] {logging_mixin.py:190} INFO - [2026-08-12T04:44:11.187+0000] {dag.py:4138} INFO - Setting next_dagrun for example_bash_operator to 2026-08-11 00:00:00+00:00, run_after=2026-08-12 00:00:00+00:00
[2026-08-12T04:44:11.200+0000] {processor.py:208} INFO - Processing /home/airflow/.local/lib/python3.12/site-packages/airflow/example_dags/example_bash_operator.py took 0.067 seconds
[2026-08-12T04:44:42.214+0000] {processor.py:186} INFO - Started process (PID=1564) to work on /home/airflow/.local/lib/python3.12/site-packages/airflow/example_dags/example_bash_operator.py
[2026-08-12T04:44:42.215+0000] {processor.py:914} INFO - Processing file /home/airflow/.local/lib/python3.12/site-packages/airflow/example_dags/example_bash_operator.py for tasks to queue
[2026-08-12T04:44:42.217+0000] {logging_mixin.py:190} INFO - [2026-08-12T04:44:42.217+0000] {dagbag.py:587} INFO - Filling up the DagBag from /home/airflow/.local/lib/python3.12/site-packages/airflow/example_dags/example_bash_operator.py
[2026-08-12T04:44:42.228+0000] {processor.py:925} INFO - DAG(s) 'example_bash_operator' retrieved from /home/airflow/.local/lib/python3.12/site-packages/airflow/example_dags/example_bash_operator.py
[2026-08-12T04:44:42.246+0000] {logging_mixin.py:190} INFO - [2026-08-12T04:44:42.246+0000] {dag.py:3211} INFO - Sync 1 DAGs
[2026-08-12T04:44:42.263+0000] {logging_mixin.py:190} INFO - [2026-08-12T04:44:42.263+0000] {dag.py:4138} INFO - Setting next_dagrun for example_bash_operator to 2026-08-11 00:00:00+00:00, run_after=2026-08-12 00:00:00+00:00
[2026-08-12T04:44:42.276+0000] {processor.py:208} INFO - Processing /home/airflow/.local/lib/python3.12/site-packages/airflow/example_dags/example_bash_operator.py took 0.066 seconds
[2026-08-12T04:45:13.214+0000] {processor.py:186} INFO - Started process (PID=1626) to work on /home/airflow/.local/lib/python3.12/site-packages/airflow/example_dags/example_bash_operator.py
[2026-08-12T04:45:13.215+0000] {processor.py:914} INFO - Processing file /home/airflow/.local/lib/python3.12/site-packages/airflow/example_dags/example_bash_operator.py for tasks to queue
[2026-08-12T04:45:13.217+0000] {logging_mixin.py:190} INFO - [2026-08-12T04:45:13.217+0000] {dagbag.py:587} INFO - Filling up the DagBag from /home/airflow/.local/lib/python3.12/site-packages/airflow/example_dags/example_bash_operator.py
[2026-08-12T04:45:13.227+0000] {processor.py:925} INFO - DAG(s) 'example_bash_operator' retrieved from /home/airflow/.local/lib/python3.12/site-packages/airflow/example_dags/example_bash_operator.py
[2026-08-12T04:45:13.247+0000] {logging_mixin.py:190} INFO - [2026-08-12T04:45:13.247+0000] {dag.py:3211} INFO - Sync 1 DAGs
[2026-08-12T04:45:13.263+0000] {logging_mixin.py:190} INFO - [2026-08-12T04:45:13.263+0000] {dag.py:4138} INFO - Setting next_dagrun for example_bash_operator to 2026-08-11 00:00:00+00:00, run_after=2026-08-12 00:00:00+00:00
[2026-08-12T04:45:13.276+0000] {processor.py:208} INFO - Processing /home/airflow/.local/lib/python3.12/site-packages/airflow/example_dags/example_bash_operator.py took 0.066 seconds
[2026-08-12T04:45:43.675+0000] {processor.py:186} INFO - Started process (PID=1688) to work on /home/airflow/.local/lib/python3.12/site-packages/airflow/example_dags/example_bash_operator.py
[2026-08-12T04:45:43.676+0000] {processor.py:914} INFO - Processing file /home/airflow/.local/lib/python3.12/site-packages/airflow/example_dags/example_bash_operator.py for tasks to queue
[2026-08-12T04:45:43.678+0000] {logging_mixin.py:190} INFO - [2026-08-12T04:45:43.678+0000] {dagbag.py:587} INFO - Filling up the DagBag from /home/airflow/.local/lib/python3.12/site-packages/airflow/example_dags/example_bash_operator.py
[2026-08-12T04:45:43.687+0000] {processor.py:925} INFO - DAG(s) 'example_bash_operator' retrieved from /home/airflow/.local/lib/python3.12/site-packages/airflow/example_dags/example_bash_operator.py
[2026-08-12T04:45:43.704+0000] {logging_mixin.py:190} INFO - [2026-08-12T04:45:43.704+0000] {dag.py:3211} INFO - Sync 1 DAGs
[2026-08-12T04:45:43.721+0000] {logging_mixin.py:190} INFO - [2026-08-12T04:45:43.721+0000] {dag.py:4138} INFO - Setting next_dagrun for example_bash_operator to 2026-08-11 00:00:00+00:00, run_after=2026-08-12 00:00:00+00:00
[2026-08-12T04:45:43.735+0000] {processor.py:208} INFO - Processing /home/airflow/.local/lib/python3.12/site-packages/airflow/example_dags/example_bash_operator.py took 0.064 seconds
[2026-08-12T04:46:14.088+0000] {processor.py:186} INFO - Started process (PID=1750) to work on /home/airflow/.local/lib/python3.12/site-packages/airflow/example_dags/example_bash_operator.py
[2026-08-12T04:46:14.089+0000] {processor.py:914} INFO - Processing file /home/airflow/.local/lib/python3.12/site-packages/airflow/example_dags/example_bash_operator.py for tasks to queue
[2026-08-12T04:46:14.093+0000] {logging_mixin.py:190} INFO - [2026-08-12T04:46:14.093+0000] {dagbag.py:587} INFO - Filling up the DagBag from /home/airflow/.local/lib/python3.12/site-packages/airflow/example_dags/example_bash_operator.py
[2026-08-12T04:46:14.103+0000] {processor.py:925} INFO - DAG(s) 'example_bash_operator' retrieved from /home/airflow/.local/lib/python3.12/site-packages/airflow/example_dags/example_bash_operator.py
[2026-08-12T04:46:14.126+0000] {logging_mixin.py:190} INFO - [2026-08-12T04:46:14.126+0000] {dag.py:3211} INFO - Sync 1 DAGs
[2026-08-12T04:46:14.145+0000] {logging_mixin.py:190} INFO - [2026-08-12T04:46:14.145+0000] {dag.py:4138} INFO - Setting next_dagrun for example_bash_operator to 2026-08-11 00:00:00+00:00, run_after=2026-08-12 00:00:00+00:00
[2026-08-12T04:46:14.160+0000] {processor.py:208} INFO - Processing /home/airflow/.local/lib/python3.12/site-packages/airflow/example_dags/example_bash_operator.py took 0.078 seconds
[2026-08-12T04:46:44.404+0000] {processor.py:186} INFO - Started process (PID=1812) to work on /home/airflow/.local/lib/python3.12/site-packages/airflow/example_dags/example_bash_operator.py
[2026-08-12T04:46:44.405+0000] {processor.py:914} INFO - Processing file /home/airflow/.local/lib/python3.12/site-packages/airflow/example_dags/example_bash_operator.py for tasks to queue
[2026-08-12T04:46:44.407+0000] {logging_mixin.py:190} INFO - [2026-08-12T04:46:44.407+0000] {dagbag.py:587} INFO - Filling up the DagBag from /home/airflow/.local/lib/python3.12/site-packages/airflow/example_dags/example_bash_operator.py
[2026-08-12T04:46:44.417+0000] {processor.py:925} INFO - DAG(s) 'example_bash_operator' retrieved from /home/airflow/.local/lib/python3.12/site-packages/airflow/example_dags/example_bash_operator.py
[2026-08-12T04:46:44.436+0000] {logging_mixin.py:190} INFO - [2026-08-12T04:46:44.435+0000] {dag.py:3211} INFO - Sync 1 DAGs
[2026-08-12T04:46:44.451+0000] {logging_mixin.py:190} INFO - [2026-08-12T04:46:44.451+0000] {dag.py:4138} INFO - Setting next_dagrun for example_bash_operator to 2026-08-11 00:00:00+00:00, run_after=2026-08-12 00:00:00+00:00
[2026-08-12T04:46:44.463+0000] {processor.py:208} INFO - Processing /home/airflow/.local/lib/python3.12/site-packages/airflow/example_dags/example_bash_operator.py took 0.064 seconds
[2026-08-12T04:47:14.695+0000] {processor.py:186} INFO - Started process (PID=1874) to work on /home/airflow/.local/lib/python3.12/site-packages/airflow/example_dags/example_bash_operator.py
[2026-08-12T04:47:14.697+0000] {processor.py:914} INFO - Processing file /home/airflow/.local/lib/python3.12/site-packages/airflow/example_dags/example_bash_operator.py for tasks to queue
[2026-08-12T04:47:14.699+0000] {logging_mixin.py:190} INFO - [2026-08-12T04:47:14.698+0000] {dagbag.py:587} INFO - Filling up the DagBag from /home/airflow/.local/lib/python3.12/site-packages/airflow/example_dags/example_bash_operator.py
[2026-08-12T04:47:14.708+0000] {processor.py:925} INFO - DAG(s) 'example_bash_operator' retrieved from /home/airflow/.local/lib/python3.12/site-packages/airflow/example_dags/example_bash_operator.py
[2026-08-12T04:47:14.726+0000] {logging_mixin.py:190} INFO - [2026-08-12T04:47:14.726+0000] {dag.py:3211} INFO - Sync 1 DAGs
[2026-08-12T04:47:14.742+0000] {logging_mixin.py:190} INFO - [2026-08-12T04:47:14.742+0000] {dag.py:4138} INFO - Setting next_dagrun for example_bash_operator to 2026-08-11 00:00:00+00:00, run_after=2026-08-12 00:00:00+00:00
[2026-08-12T04:47:14.755+0000] {processor.py:208} INFO - Processing /home/airflow/.local/lib/python3.12/site-packages/airflow/example_dags/example_bash_operator.py took 0.063 seconds
[2026-08-12T04:47:45.152+0000] {processor.py:186} INFO - Started process (PID=1938) to work on /home/airflow/.local/lib/python3.12/site-packages/airflow/example_dags/example_bash_operator.py
[2026-08-12T04:47:45.154+0000] {processor.py:914} INFO - Processing file /home/airflow/.local/lib/python3.12/site-packages/airflow/example_dags/example_bash_operator.py for tasks to queue
[2026-08-12T04:47:45.156+0000] {logging_mixin.py:190} INFO - [2026-08-12T04:47:45.155+0000] {dagbag.py:587} INFO - Filling up the DagBag from /home/airflow/.local/lib/python3.12/site-packages/airflow/example_dags/example_bash_operator.py
[2026-08-12T04:47:45.165+0000] {processor.py:925} INFO - DAG(s) 'example_bash_operator' retrieved from /home/airflow/.local/lib/python3.12/site-packages/airflow/example_dags/example_bash_operator.py
[2026-08-12T04:47:45.185+0000] {logging_mixin.py:190} INFO - [2026-08-12T04:47:45.185+0000] {dag.py:3211} INFO - Sync 1 DAGs
[2026-08-12T04:47:45.201+0000] {logging_mixin.py:190} INFO - [2026-08-12T04:47:45.201+0000] {dag.py:4138} INFO - Setting next_dagrun for example_bash_operator to 2026-08-11 00:00:00+00:00, run_after=2026-08-12 00:00:00+00:00
[2026-08-12T04:47:45.213+0000] {processor.py:208} INFO - Processing /home/airflow/.local/lib/python3.12/site-packages/airflow/example_dags/example_bash_operator.py took 0.065 seconds
[2026-08-12T04:48:15.487+0000] {processor.py:186} INFO - Started process (PID=2002) to work on /home/airflow/.local/lib/python3.12/site-packages/airflow/example_dags/example_bash_operator.py
[2026-08-12T04:48:15.488+0000] {processor.py:914} INFO - Processing file /home/airflow/.local/lib/python3.12/site-packages/airflow/example_dags/example_bash_operator.py for tasks to queue
[2026-08-12T04:48:15.490+0000] {logging_mixin.py:190} INFO - [2026-08-12T04:48:15.490+0000] {dagbag.py:587} INFO - Filling up the DagBag from /home/airflow/.local/lib/python3.12/site-packages/airflow/example_dags/example_bash_operator.py
[2026-08-12T04:48:15.502+0000] {processor.py:925} INFO - DAG(s) 'example_bash_operator' retrieved from /home/airflow/.local/lib/python3.12/site-packages/airflow/example_dags/example_bash_operator.py
[2026-08-12T04:48:15.521+0000] {logging_mixin.py:190} INFO - [2026-08-12T04:48:15.520+0000] {dag.py:3211} INFO - Sync 1 DAGs
[2026-08-12T04:48:15.538+0000] {logging_mixin.py:190} INFO - [2026-08-12T04:48:15.538+0000] {dag.py:4138} INFO - Setting next_dagrun for example_bash_operator to 2026-08-11 00:00:00+00:00, run_after=2026-08-12 00:00:00+00:00
[2026-08-12T04:48:15.551+0000] {processor.py:208} INFO - Processing /home/airflow/.local/lib/python3.12/site-packages/airflow/example_dags/example_bash_operator.py took 0.070 seconds
[2026-08-12T04:48:45.788+0000] {processor.py:186} INFO - Started process (PID=2066) to work on /home/airflow/.local/lib/python3.12/site-packages/airflow/example_dags/example_bash_operator.py
[2026-08-12T04:48:45.790+0000] {processor.py:914} INFO - Processing file /home/airflow/.local/lib/python3.12/site-packages/airflow/example_dags/example_bash_operator.py for tasks to queue
[2026-08-12T04:48:45.792+0000] {logging_mixin.py:190} INFO - [2026-08-12T04:48:45.792+0000] {dagbag.py:587} INFO - Filling up the DagBag from /home/airflow/.local/lib/python3.12/site-packages/airflow/example_dags/example_bash_operator.py
[2026-08-12T04:48:45.801+0000] {processor.py:925} INFO - DAG(s) 'example_bash_operator' retrieved from /home/airflow/.local/lib/python3.12/site-packages/airflow/example_dags/example_bash_operator.py
[2026-08-12T04:48:45.818+0000] {logging_mixin.py:190} INFO - [2026-08-12T04:48:45.818+0000] {dag.py:3211} INFO - Sync 1 DAGs
[2026-08-12T04:48:45.832+0000] {logging_mixin.py:190} INFO - [2026-08-12T04:48:45.832+0000] {dag.py:4138} INFO - Setting next_dagrun for example_bash_operator to 2026-08-11 00:00:00+00:00, run_after=2026-08-12 00:00:00+00:00
[2026-08-12T04:48:45.845+0000] {processor.py:208} INFO - Processing /home/airflow/.local/lib/python3.12/site-packages/airflow/example_dags/example_bash_operator.py took 0.061 seconds
