[2026-08-12T04:30:13.949+0000] {processor.py:186} INFO - Started process (PID=61) to work on /home/airflow/.local/lib/python3.12/site-packages/airflow/example_dags/tutorial_objectstorage.py
[2026-08-12T04:30:13.951+0000] {processor.py:914} INFO - Processing file /home/airflow/.local/lib/python3.12/site-packages/airflow/example_dags/tutorial_objectstorage.py for tasks to queue
[2026-08-12T04:30:13.953+0000] {logging_mixin.py:190} INFO - [2026-08-12T04:30:13.953+0000] {dagbag.py:587} INFO - Filling up the DagBag from /home/airflow/.local/lib/python3.12/site-packages/airflow/example_dags/tutorial_objectstorage.py
[2026-08-12T04:30:13.966+0000] {processor.py:925} INFO - DAG(s) 'tutorial_objectstorage' retrieved from /home/airflow/.local/lib/python3.12/site-packages/airflow/example_dags/tutorial_objectstorage.py
[2026-08-12T04:30:14.156+0000] {logging_mixin.py:190} INFO - [2026-08-12T04:30:14.154+0000] {override.py:1858} INFO - Created Permission View: can delete on DAG:tutorial_objectstorage
[2026-08-12T04:30:14.164+0000] {logging_mixin.py:190} INFO - [2026-08-12T04:30:14.164+0000] {override.py:1858} INFO - Created Permission View: can read on DAG:tutorial_objectstorage
[2026-08-12T04:30:14.169+0000] {logging_mixin.py:190} INFO - [2026-08-12T04:30:14.169+0000] {override.py:1858} INFO - Created Permission View: can edit on DAG:tutorial_objectstorage
[2026-08-12T04:30:14.170+0000] {logging_mixin.py:190} INFO - [2026-08-12T04:30:14.170+0000] {dag.py:3211} INFO - Sync 1 DAGs
[2026-08-12T04:30:14.181+0000] {logging_mixin.py:190} INFO - [2026-08-12T04:30:14.181+0000] {dag.py:3234} INFO - Creating ORM DAG for tutorial_objectstorage
[2026-08-12T04:30:14.182+0000] {logging_mixin.py:190} INFO - [2026-08-12T04:30:14.182+0000] {dag.py:4138} INFO - Setting next_dagrun for tutorial_objectstorage to None, run_after=None
[2026-08-12T04:30:14.196+0000] {processor.py:208} INFO - Processing /home/airflow/.local/lib/python3.12/site-packages/airflow/example_dags/tutorial_objectstorage.py took 0.252 seconds
[2026-08-12T04:30:44.297+0000] {processor.py:186} INFO - Started process (PID=123) to work on /home/airflow/.local/lib/python3.12/site-packages/airflow/example_dags/tutorial_objectstorage.py
[2026-08-12T04:30:44.298+0000] {processor.py:914} INFO - Processing file /home/airflow/.local/lib/python3.12/site-packages/airflow/example_dags/tutorial_objectstorage.py for tasks to queue
[2026-08-12T04:30:44.301+0000] {logging_mixin.py:190} INFO - [2026-08-12T04:30:44.300+0000] {dagbag.py:587} INFO - Filling up the DagBag from /home/airflow/.local/lib/python3.12/site-packages/airflow/example_dags/tutorial_objectstorage.py
[2026-08-12T04:30:44.309+0000] {processor.py:925} INFO - DAG(s) 'tutorial_objectstorage' retrieved from /home/airflow/.local/lib/python3.12/site-packages/airflow/example_dags/tutorial_objectstorage.py
[2026-08-12T04:30:44.326+0000] {logging_mixin.py:190} INFO - [2026-08-12T04:30:44.326+0000] {dag.py:3211} INFO - Sync 1 DAGs
[2026-08-12T04:30:44.338+0000] {logging_mixin.py:190} INFO - [2026-08-12T04:30:44.338+0000] {dag.py:4138} INFO - Setting next_dagrun for tutorial_objectstorage to None, run_after=None
[2026-08-12T04:30:44.355+0000] {processor.py:208} INFO - Processing /home/airflow/.local/lib/python3.12/site-packages/airflow/example_dags/tutorial_objectstorage.py took 0.064 seconds
[2026-08-12T04:31:15.214+0000] {processor.py:186} INFO - Started process (PID=185) to work on /home/airflow/.local/lib/python3.12/site-packages/airflow/example_dags/tutorial_objectstorage.py
[2026-08-12T04:31:15.215+0000] {processor.py:914} INFO - Processing file /home/airflow/.local/lib/python3.12/site-packages/airflow/example_dags/tutorial_objectstorage.py for tasks to queue
[2026-08-12T04:31:15.218+0000] {logging_mixin.py:190} INFO - [2026-08-12T04:31:15.217+0000] {dagbag.py:587} INFO - Filling up the DagBag from /home/airflow/.local/lib/python3.12/site-packages/airflow/example_dags/tutorial_objectstorage.py
[2026-08-12T04:31:15.226+0000] {processor.py:925} INFO - DAG(s) 'tutorial_objectstorage' retrieved from /home/airflow/.local/lib/python3.12/site-packages/airflow/example_dags/tutorial_objectstorage.py
[2026-08-12T04:31:15.242+0000] {logging_mixin.py:190} INFO - [2026-08-12T04:31:15.242+0000] {dag.py:3211} INFO - Sync 1 DAGs
[2026-08-12T04:31:15.254+0000] {logging_mixin.py:190} INFO - [2026-08-12T04:31:15.254+0000] {dag.py:4138} INFO - Setting next_dagrun for tutorial_objectstorage to None, run_after=None
[2026-08-12T04:31:15.269+0000] {processor.py:208} INFO - Processing /home/airflow/.local/lib/python3.12/site-packages/airflow/example_dags/tutorial_objectstorage.py took 0.060 seconds
[2026-08-12T04:32:15.115+0000] {processor.py:186} INFO - Started process (PID=55) to work on /home/airflow/.local/lib/python3.12/site-packages/airflow/example_dags/tutorial_objectstorage.py
[2026-08-12T04:32:15.117+0000] {processor.py:914} INFO - Processing file /home/airflow/.local/lib/python3.12/site-packages/airflow/example_dags/tutorial_objectstorage.py for tasks to queue
[2026-08-12T04:32:15.119+0000] {logging_mixin.py:190} INFO - [2026-08-12T04:32:15.119+0000] {dagbag.py:587} INFO - Filling up the DagBag from /home/airflow/.local/lib/python3.12/site-packages/airflow/example_dags/tutorial_objectstorage.py
[2026-08-12T04:32:15.129+0000] {processor.py:925} INFO - DAG(s) 'tutorial_objectstorage' retrieved from /home/airflow/.local/lib/python3.12/site-packages/airflow/example_dags/tutorial_objectstorage.py
[2026-08-12T04:32:15.156+0000] {logging_mixin.py:190} INFO - [2026-08-12T04:32:15.156+0000] {dag.py:3211} INFO - Sync 1 DAGs
[2026-08-12T04:32:15.167+0000] {logging_mixin.py:190} INFO - [2026-08-12T04:32:15.167+0000] {dag.py:4138} INFO - Setting next_dagrun for tutorial_objectstorage to None, run_after=None
[2026-08-12T04:32:15.190+0000] {processor.py:208} INFO - Processing /home/airflow/.local/lib/python3.12/site-packages/airflow/example_dags/tutorial_objectstorage.py took 0.081 seconds
[2026-08-12T04:32:26.223+0000] {processor.py:186} INFO - Started process (PID=49) to work on /home/airflow/.local/lib/python3.12/site-packages/airflow/example_dags/tutorial_objectstorage.py
[2026-08-12T04:32:26.224+0000] {processor.py:914} INFO - Processing file /home/airflow/.local/lib/python3.12/site-packages/airflow/example_dags/tutorial_objectstorage.py for tasks to queue
[2026-08-12T04:32:26.226+0000] {logging_mixin.py:190} INFO - [2026-08-12T04:32:26.226+0000] {dagbag.py:587} INFO - Filling up the DagBag from /home/airflow/.local/lib/python3.12/site-packages/airflow/example_dags/tutorial_objectstorage.py
[2026-08-12T04:32:26.234+0000] {processor.py:925} INFO - DAG(s) 'tutorial_objectstorage' retrieved from /home/airflow/.local/lib/python3.12/site-packages/airflow/example_dags/tutorial_objectstorage.py
[2026-08-12T04:32:26.258+0000] {logging_mixin.py:190} INFO - [2026-08-12T04:32:26.258+0000] {dag.py:3211} INFO - Sync 1 DAGs
[2026-08-12T04:32:26.268+0000] {logging_mixin.py:190} INFO - [2026-08-12T04:32:26.268+0000] {dag.py:4138} INFO - Setting next_dagrun for tutorial_objectstorage to None, run_after=None
[2026-08-12T04:32:26.282+0000] {processor.py:208} INFO - Processing /home/airflow/.local/lib/python3.12/site-packages/airflow/example_dags/tutorial_objectstorage.py took 0.065 seconds
[2026-08-12T04:32:57.248+0000] {processor.py:186} INFO - Started process (PID=118) to work on /home/airflow/.local/lib/python3.12/site-packages/airflow/example_dags/tutorial_objectstorage.py
[2026-08-12T04:32:57.249+0000] {processor.py:914} INFO - Processing file /home/airflow/.local/lib/python3.12/site-packages/airflow/example_dags/tutorial_objectstorage.py for tasks to queue
[2026-08-12T04:32:57.251+0000] {logging_mixin.py:190} INFO - [2026-08-12T04:32:57.251+0000] {dagbag.py:587} INFO - Filling up the DagBag from /home/airflow/.local/lib/python3.12/site-packages/airflow/example_dags/tutorial_objectstorage.py
[2026-08-12T04:32:57.258+0000] {processor.py:925} INFO - DAG(s) 'tutorial_objectstorage' retrieved from /home/airflow/.local/lib/python3.12/site-packages/airflow/example_dags/tutorial_objectstorage.py
[2026-08-12T04:32:57.274+0000] {logging_mixin.py:190} INFO - [2026-08-12T04:32:57.274+0000] {dag.py:3211} INFO - Sync 1 DAGs
[2026-08-12T04:32:57.287+0000] {logging_mixin.py:190} INFO - [2026-08-12T04:32:57.286+0000] {dag.py:4138} INFO - Setting next_dagrun for tutorial_objectstorage to None, run_after=None
[2026-08-12T04:32:57.302+0000] {processor.py:208} INFO - Processing /home/airflow/.local/lib/python3.12/site-packages/airflow/example_dags/tutorial_objectstorage.py took 0.058 seconds
[2026-08-12T04:33:28.063+0000] {processor.py:186} INFO - Started process (PID=180) to work on /home/airflow/.local/lib/python3.12/site-packages/airflow/example_dags/tutorial_objectstorage.py
[2026-08-12T04:33:28.064+0000] {processor.py:914} INFO - Processing file /home/airflow/.local/lib/python3.12/site-packages/airflow/example_dags/tutorial_objectstorage.py for tasks to queue
[2026-08-12T04:33:28.066+0000] {logging_mixin.py:190} INFO - [2026-08-12T04:33:28.066+0000] {dagbag.py:587} INFO - Filling up the DagBag from /home/airflow/.local/lib/python3.12/site-packages/airflow/example_dags/tutorial_objectstorage.py
[2026-08-12T04:33:28.074+0000] {processor.py:925} INFO - DAG(s) 'tutorial_objectstorage' retrieved from /home/airflow/.local/lib/python3.12/site-packages/airflow/example_dags/tutorial_objectstorage.py
[2026-08-12T04:33:28.088+0000] {logging_mixin.py:190} INFO - [2026-08-12T04:33:28.088+0000] {dag.py:3211} INFO - Sync 1 DAGs
[2026-08-12T04:33:28.098+0000] {logging_mixin.py:190} INFO - [2026-08-12T04:33:28.098+0000] {dag.py:4138} INFO - Setting next_dagrun for tutorial_objectstorage to None, run_after=None
[2026-08-12T04:33:28.116+0000] {processor.py:208} INFO - Processing /home/airflow/.local/lib/python3.12/site-packages/airflow/example_dags/tutorial_objectstorage.py took 0.057 seconds
[2026-08-12T04:33:58.903+0000] {processor.py:186} INFO - Started process (PID=242) to work on /home/airflow/.local/lib/python3.12/site-packages/airflow/example_dags/tutorial_objectstorage.py
[2026-08-12T04:33:58.904+0000] {processor.py:914} INFO - Processing file /home/airflow/.local/lib/python3.12/site-packages/airflow/example_dags/tutorial_objectstorage.py for tasks to queue
[2026-08-12T04:33:58.906+0000] {logging_mixin.py:190} INFO - [2026-08-12T04:33:58.906+0000] {dagbag.py:587} INFO - Filling up the DagBag from /home/airflow/.local/lib/python3.12/site-packages/airflow/example_dags/tutorial_objectstorage.py
[2026-08-12T04:33:58.912+0000] {processor.py:925} INFO - DAG(s) 'tutorial_objectstorage' retrieved from /home/airflow/.local/lib/python3.12/site-packages/airflow/example_dags/tutorial_objectstorage.py
[2026-08-12T04:33:58.925+0000] {logging_mixin.py:190} INFO - [2026-08-12T04:33:58.925+0000] {dag.py:3211} INFO - Sync 1 DAGs
[2026-08-12T04:33:58.934+0000] {logging_mixin.py:190} INFO - [2026-08-12T04:33:58.934+0000] {dag.py:4138} INFO - Setting next_dagrun for tutorial_objectstorage to None, run_after=None
[2026-08-12T04:33:58.952+0000] {processor.py:208} INFO - Processing /home/airflow/.local/lib/python3.12/site-packages/airflow/example_dags/tutorial_objectstorage.py took 0.053 seconds
[2026-08-12T04:34:29.197+0000] {processor.py:186} INFO - Started process (PID=304) to work on /home/airflow/.local/lib/python3.12/site-packages/airflow/example_dags/tutorial_objectstorage.py
[2026-08-12T04:34:29.198+0000] {processor.py:914} INFO - Processing file /home/airflow/.local/lib/python3.12/site-packages/airflow/example_dags/tutorial_objectstorage.py for tasks to queue
[2026-08-12T04:34:29.201+0000] {logging_mixin.py:190} INFO - [2026-08-12T04:34:29.201+0000] {dagbag.py:587} INFO - Filling up the DagBag from /home/airflow/.local/lib/python3.12/site-packages/airflow/example_dags/tutorial_objectstorage.py
[2026-08-12T04:34:29.211+0000] {processor.py:925} INFO - DAG(s) 'tutorial_objectstorage' retrieved from /home/airflow/.local/lib/python3.12/site-packages/airflow/example_dags/tutorial_objectstorage.py
[2026-08-12T04:34:29.225+0000] {logging_mixin.py:190} INFO - [2026-08-12T04:34:29.225+0000] {dag.py:3211} INFO - Sync 1 DAGs
[2026-08-12T04:34:29.237+0000] {logging_mixin.py:190} INFO - [2026-08-12T04:34:29.236+0000] {dag.py:4138} INFO - Setting next_dagrun for tutorial_objectstorage to None, run_after=None
[2026-08-12T04:34:29.257+0000] {processor.py:208} INFO - Processing /home/airflow/.local/lib/python3.12/site-packages/airflow/example_dags/tutorial_objectstorage.py took 0.066 seconds
[2026-08-12T04:34:59.475+0000] {processor.py:186} INFO - Started process (PID=366) to work on /home/airflow/.local/lib/python3.12/site-packages/airflow/example_dags/tutorial_objectstorage.py
[2026-08-12T04:34:59.477+0000] {processor.py:914} INFO - Processing file /home/airflow/.local/lib/python3.12/site-packages/airflow/example_dags/tutorial_objectstorage.py for tasks to queue
[2026-08-12T04:34:59.479+0000] {logging_mixin.py:190} INFO - [2026-08-12T04:34:59.479+0000] {dagbag.py:587} INFO - Filling up the DagBag from /home/airflow/.local/lib/python3.12/site-packages/airflow/example_dags/tutorial_objectstorage.py
[2026-08-12T04:34:59.487+0000] {processor.py:925} INFO - DAG(s) 'tutorial_objectstorage' retrieved from /home/airflow/.local/lib/python3.12/site-packages/airflow/example_dags/tutorial_objectstorage.py
[2026-08-12T04:34:59.504+0000] {logging_mixin.py:190} INFO - [2026-08-12T04:34:59.504+0000] {dag.py:3211} INFO - Sync 1 DAGs
[2026-08-12T04:34:59.516+0000] {logging_mixin.py:190} INFO - [2026-08-12T04:34:59.516+0000] {dag.py:4138} INFO - Setting next_dagrun for tutorial_objectstorage to None, run_after=None
[2026-08-12T04:34:59.536+0000] {processor.py:208} INFO - Processing /home/airflow/.local/lib/python3.12/site-packages/airflow/example_dags/tutorial_objectstorage.py took 0.065 seconds
[2026-08-12T04:35:29.927+0000] {processor.py:186} INFO - Started process (PID=428) to work on /home/airflow/.local/lib/python3.12/site-packages/airflow/example_dags/tutorial_objectstorage.py
[2026-08-12T04:35:29.929+0000] {processor.py:914} INFO - Processing file /home/airflow/.local/lib/python3.12/site-packages/airflow/example_dags/tutorial_objectstorage.py for tasks to queue
[2026-08-12T04:35:29.931+0000] {logging_mixin.py:190} INFO - [2026-08-12T04:35:29.931+0000] {dagbag.py:587} INFO - Filling up the DagBag from /home/airflow/.local/lib/python3.12/site-packages/airflow/example_dags/tutorial_objectstorage.py
[2026-08-12T04:35:29.937+0000] {processor.py:925} INFO - DAG(s) 'tutorial_objectstorage' retrieved from /home/airflow/.local/lib/python3.12/site-packages/airflow/example_dags/tutorial_objectstorage.py
[2026-08-12T04:35:29.951+0000] {logging_mixin.py:190} INFO - [2026-08-12T04:35:29.950+0000] {dag.py:3211} INFO - Sync 1 DAGs
[2026-08-12T04:35:29.960+0000] {logging_mixin.py:190} INFO - [2026-08-12T04:35:29.959+0000] {dag.py:4138} INFO - Setting next_dagrun for tutorial_objectstorage to None, run_after=None
[2026-08-12T04:35:29.972+0000] {processor.py:208} INFO - Processing /home/airflow/.local/lib/python3.12/site-packages/airflow/example_dags/tutorial_objectstorage.py took 0.049 seconds
[2026-08-12T04:36:00.516+0000] {processor.py:186} INFO - Started process (PID=490) to work on /home/airflow/.local/lib/python3.12/site-packages/airflow/example_dags/tutorial_objectstorage.py
[2026-08-12T04:36:00.517+0000] {processor.py:914} INFO - Processing file /home/airflow/.local/lib/python3.12/site-packages/airflow/example_dags/tutorial_objectstorage.py for tasks to queue
[2026-08-12T04:36:00.519+0000] {logging_mixin.py:190} INFO - [2026-08-12T04:36:00.519+0000] {dagbag.py:587} INFO - Filling up the DagBag from /home/airflow/.local/lib/python3.12/site-packages/airflow/example_dags/tutorial_objectstorage.py
[2026-08-12T04:36:00.525+0000] {processor.py:925} INFO - DAG(s) 'tutorial_objectstorage' retrieved from /home/airflow/.local/lib/python3.12/site-packages/airflow/example_dags/tutorial_objectstorage.py
[2026-08-12T04:36:00.539+0000] {logging_mixin.py:190} INFO - [2026-08-12T04:36:00.539+0000] {dag.py:3211} INFO - Sync 1 DAGs
[2026-08-12T04:36:00.549+0000] {logging_mixin.py:190} INFO - [2026-08-12T04:36:00.549+0000] {dag.py:4138} INFO - Setting next_dagrun for tutorial_objectstorage to None, run_after=None
[2026-08-12T04:36:00.562+0000] {processor.py:208} INFO - Processing /home/airflow/.local/lib/python3.12/site-packages/airflow/example_dags/tutorial_objectstorage.py took 0.050 seconds
[2026-08-12T04:36:31.317+0000] {processor.py:186} INFO - Started process (PID=552) to work on /home/airflow/.local/lib/python3.12/site-packages/airflow/example_dags/tutorial_objectstorage.py
[2026-08-12T04:36:31.318+0000] {processor.py:914} INFO - Processing file /home/airflow/.local/lib/python3.12/site-packages/airflow/example_dags/tutorial_objectstorage.py for tasks to queue
[2026-08-12T04:36:31.320+0000] {logging_mixin.py:190} INFO - [2026-08-12T04:36:31.320+0000] {dagbag.py:587} INFO - Filling up the DagBag from /home/airflow/.local/lib/python3.12/site-packages/airflow/example_dags/tutorial_objectstorage.py
[2026-08-12T04:36:31.328+0000] {processor.py:925} INFO - DAG(s) 'tutorial_objectstorage' retrieved from /home/airflow/.local/lib/python3.12/site-packages/airflow/example_dags/tutorial_objectstorage.py
[2026-08-12T04:36:31.342+0000] {logging_mixin.py:190} INFO - [2026-08-12T04:36:31.342+0000] {dag.py:3211} INFO - Sync 1 DAGs
[2026-08-12T04:36:31.352+0000] {logging_mixin.py:190} INFO - [2026-08-12T04:36:31.352+0000] {dag.py:4138} INFO - Setting next_dagrun for tutorial_objectstorage to None, run_after=None
[2026-08-12T04:36:31.371+0000] {processor.py:208} INFO - Processing /home/airflow/.local/lib/python3.12/site-packages/airflow/example_dags/tutorial_objectstorage.py took 0.058 seconds
[2026-08-12T04:37:01.609+0000] {processor.py:186} INFO - Started process (PID=614) to work on /home/airflow/.local/lib/python3.12/site-packages/airflow/example_dags/tutorial_objectstorage.py
[2026-08-12T04:37:01.610+0000] {processor.py:914} INFO - Processing file /home/airflow/.local/lib/python3.12/site-packages/airflow/example_dags/tutorial_objectstorage.py for tasks to queue
[2026-08-12T04:37:01.612+0000] {logging_mixin.py:190} INFO - [2026-08-12T04:37:01.612+0000] {dagbag.py:587} INFO - Filling up the DagBag from /home/airflow/.local/lib/python3.12/site-packages/airflow/example_dags/tutorial_objectstorage.py
[2026-08-12T04:37:01.621+0000] {processor.py:925} INFO - DAG(s) 'tutorial_objectstorage' retrieved from /home/airflow/.local/lib/python3.12/site-packages/airflow/example_dags/tutorial_objectstorage.py
[2026-08-12T04:37:01.638+0000] {logging_mixin.py:190} INFO - [2026-08-12T04:37:01.637+0000] {dag.py:3211} INFO - Sync 1 DAGs
[2026-08-12T04:37:01.648+0000] {logging_mixin.py:190} INFO - [2026-08-12T04:37:01.648+0000] {dag.py:4138} INFO - Setting next_dagrun for tutorial_objectstorage to None, run_after=None
[2026-08-12T04:37:01.663+0000] {processor.py:208} INFO - Processing /home/airflow/.local/lib/python3.12/site-packages/airflow/example_dags/tutorial_objectstorage.py took 0.058 seconds
[2026-08-12T04:37:31.887+0000] {processor.py:186} INFO - Started process (PID=676) to work on /home/airflow/.local/lib/python3.12/site-packages/airflow/example_dags/tutorial_objectstorage.py
[2026-08-12T04:37:31.888+0000] {processor.py:914} INFO - Processing file /home/airflow/.local/lib/python3.12/site-packages/airflow/example_dags/tutorial_objectstorage.py for tasks to queue
[2026-08-12T04:37:31.890+0000] {logging_mixin.py:190} INFO - [2026-08-12T04:37:31.890+0000] {dagbag.py:587} INFO - Filling up the DagBag from /home/airflow/.local/lib/python3.12/site-packages/airflow/example_dags/tutorial_objectstorage.py
[2026-08-12T04:37:31.897+0000] {processor.py:925} INFO - DAG(s) 'tutorial_objectstorage' retrieved from /home/airflow/.local/lib/python3.12/site-packages/airflow/example_dags/tutorial_objectstorage.py
[2026-08-12T04:37:31.911+0000] {logging_mixin.py:190} INFO - [2026-08-12T04:37:31.911+0000] {dag.py:3211} INFO - Sync 1 DAGs
[2026-08-12T04:37:31.921+0000] {logging_mixin.py:190} INFO - [2026-08-12T04:37:31.921+0000] {dag.py:4138} INFO - Setting next_dagrun for tutorial_objectstorage to None, run_after=None
[2026-08-12T04:37:31.939+0000] {processor.py:208} INFO - Processing /home/airflow/.local/lib/python3.12/site-packages/airflow/example_dags/tutorial_objectstorage.py took 0.056 seconds
[2026-08-12T04:38:02.091+0000] {processor.py:186} INFO - Started process (PID=738) to work on /home/airflow/.local/lib/python3.12/site-packages/airflow/example_dags/tutorial_objectstorage.py
[2026-08-12T04:38:02.092+0000] {processor.py:914} INFO - Processing file /home/airflow/.local/lib/python3.12/site-packages/airflow/example_dags/tutorial_objectstorage.py for tasks to queue
[2026-08-12T04:38:02.094+0000] {logging_mixin.py:190} INFO - [2026-08-12T04:38:02.094+0000] {dagbag.py:587} INFO - Filling up the DagBag from /home/airflow/.local/lib/python3.12/site-packages/airflow/example_dags/tutorial_objectstorage.py
[2026-08-12T04:38:02.103+0000] {processor.py:925} INFO - DAG(s) 'tutorial_objectstorage' retrieved from /home/airflow/.local/lib/python3.12/site-packages/airflow/example_dags/tutorial_objectstorage.py
[2026-08-12T04:38:02.119+0000] {logging_mixin.py:190} INFO - [2026-08-12T04:38:02.119+0000] {dag.py:3211} INFO - Sync 1 DAGs
[2026-08-12T04:38:02.132+0000] {logging_mixin.py:190} INFO - [2026-08-12T04:38:02.131+0000] {dag.py:4138} INFO - Setting next_dagrun for tutorial_objectstorage to None, run_after=None
[2026-08-12T04:38:02.151+0000] {processor.py:208} INFO - Processing /home/airflow/.local/lib/python3.12/site-packages/airflow/example_dags/tutorial_objectstorage.py took 0.065 seconds
[2026-08-12T04:38:32.259+0000] {processor.py:186} INFO - Started process (PID=800) to work on /home/airflow/.local/lib/python3.12/site-packages/airflow/example_dags/tutorial_objectstorage.py
[2026-08-12T04:38:32.260+0000] {processor.py:914} INFO - Processing file /home/airflow/.local/lib/python3.12/site-packages/airflow/example_dags/tutorial_objectstorage.py for tasks to queue
[2026-08-12T04:38:32.262+0000] {logging_mixin.py:190} INFO - [2026-08-12T04:38:32.262+0000] {dagbag.py:587} INFO - Filling up the DagBag from /home/airflow/.local/lib/python3.12/site-packages/airflow/example_dags/tutorial_objectstorage.py
[2026-08-12T04:38:32.268+0000] {processor.py:925} INFO - DAG(s) 'tutorial_objectstorage' retrieved from /home/airflow/.local/lib/python3.12/site-packages/airflow/example_dags/tutorial_objectstorage.py
[2026-08-12T04:38:32.282+0000] {logging_mixin.py:190} INFO - [2026-08-12T04:38:32.282+0000] {dag.py:3211} INFO - Sync 1 DAGs
[2026-08-12T04:38:32.294+0000] {logging_mixin.py:190} INFO - [2026-08-12T04:38:32.294+0000] {dag.py:4138} INFO - Setting next_dagrun for tutorial_objectstorage to None, run_after=None
[2026-08-12T04:38:32.311+0000] {processor.py:208} INFO - Processing /home/airflow/.local/lib/python3.12/site-packages/airflow/example_dags/tutorial_objectstorage.py took 0.056 seconds
[2026-08-12T04:39:02.542+0000] {processor.py:186} INFO - Started process (PID=862) to work on /home/airflow/.local/lib/python3.12/site-packages/airflow/example_dags/tutorial_objectstorage.py
[2026-08-12T04:39:02.543+0000] {processor.py:914} INFO - Processing file /home/airflow/.local/lib/python3.12/site-packages/airflow/example_dags/tutorial_objectstorage.py for tasks to queue
[2026-08-12T04:39:02.545+0000] {logging_mixin.py:190} INFO - [2026-08-12T04:39:02.544+0000] {dagbag.py:587} INFO - Filling up the DagBag from /home/airflow/.local/lib/python3.12/site-packages/airflow/example_dags/tutorial_objectstorage.py
[2026-08-12T04:39:02.551+0000] {processor.py:925} INFO - DAG(s) 'tutorial_objectstorage' retrieved from /home/airflow/.local/lib/python3.12/site-packages/airflow/example_dags/tutorial_objectstorage.py
[2026-08-12T04:39:02.563+0000] {logging_mixin.py:190} INFO - [2026-08-12T04:39:02.562+0000] {dag.py:3211} INFO - Sync 1 DAGs
[2026-08-12T04:39:02.573+0000] {logging_mixin.py:190} INFO - [2026-08-12T04:39:02.573+0000] {dag.py:4138} INFO - Setting next_dagrun for tutorial_objectstorage to None, run_after=None
[2026-08-12T04:39:02.589+0000] {processor.py:208} INFO - Processing /home/airflow/.local/lib/python3.12/site-packages/airflow/example_dags/tutorial_objectstorage.py took 0.050 seconds
[2026-08-12T04:39:32.918+0000] {processor.py:186} INFO - Started process (PID=924) to work on /home/airflow/.local/lib/python3.12/site-packages/airflow/example_dags/tutorial_objectstorage.py
[2026-08-12T04:39:32.919+0000] {processor.py:914} INFO - Processing file /home/airflow/.local/lib/python3.12/site-packages/airflow/example_dags/tutorial_objectstorage.py for tasks to queue
[2026-08-12T04:39:32.922+0000] {logging_mixin.py:190} INFO - [2026-08-12T04:39:32.921+0000] {dagbag.py:587} INFO - Filling up the DagBag from /home/airflow/.local/lib/python3.12/site-packages/airflow/example_dags/tutorial_objectstorage.py
[2026-08-12T04:39:32.933+0000] {processor.py:925} INFO - DAG(s) 'tutorial_objectstorage' retrieved from /home/airflow/.local/lib/python3.12/site-packages/airflow/example_dags/tutorial_objectstorage.py
[2026-08-12T04:39:32.950+0000] {logging_mixin.py:190} INFO - [2026-08-12T04:39:32.950+0000] {dag.py:3211} INFO - Sync 1 DAGs
[2026-08-12T04:39:32.962+0000] {logging_mixin.py:190} INFO - [2026-08-12T04:39:32.962+0000] {dag.py:4138} INFO - Setting next_dagrun for tutorial_objectstorage to None, run_after=None
[2026-08-12T04:39:32.976+0000] {processor.py:208} INFO - Processing /home/airflow/.local/lib/python3.12/site-packages/airflow/example_dags/tutorial_objectstorage.py took 0.063 seconds
[2026-08-12T04:40:03.750+0000] {processor.py:186} INFO - Started process (PID=986) to work on /home/airflow/.local/lib/python3.12/site-packages/airflow/example_dags/tutorial_objectstorage.py
[2026-08-12T04:40:03.751+0000] {processor.py:914} INFO - Processing file /home/airflow/.local/lib/python3.12/site-packages/airflow/example_dags/tutorial_objectstorage.py for tasks to queue
[2026-08-12T04:40:03.753+0000] {logging_mixin.py:190} INFO - [2026-08-12T04:40:03.753+0000] {dagbag.py:587} INFO - Filling up the DagBag from /home/airflow/.local/lib/python3.12/site-packages/airflow/example_dags/tutorial_objectstorage.py
[2026-08-12T04:40:03.759+0000] {processor.py:925} INFO - DAG(s) 'tutorial_objectstorage' retrieved from /home/airflow/.local/lib/python3.12/site-packages/airflow/example_dags/tutorial_objectstorage.py
[2026-08-12T04:40:03.772+0000] {logging_mixin.py:190} INFO - [2026-08-12T04:40:03.772+0000] {dag.py:3211} INFO - Sync 1 DAGs
[2026-08-12T04:40:03.782+0000] {logging_mixin.py:190} INFO - [2026-08-12T04:40:03.782+0000] {dag.py:4138} INFO - Setting next_dagrun for tutorial_objectstorage to None, run_after=None
[2026-08-12T04:40:03.801+0000] {processor.py:208} INFO - Processing /home/airflow/.local/lib/python3.12/site-packages/airflow/example_dags/tutorial_objectstorage.py took 0.054 seconds
[2026-08-12T04:40:34.541+0000] {processor.py:186} INFO - Started process (PID=1048) to work on /home/airflow/.local/lib/python3.12/site-packages/airflow/example_dags/tutorial_objectstorage.py
[2026-08-12T04:40:34.542+0000] {processor.py:914} INFO - Processing file /home/airflow/.local/lib/python3.12/site-packages/airflow/example_dags/tutorial_objectstorage.py for tasks to queue
[2026-08-12T04:40:34.544+0000] {logging_mixin.py:190} INFO - [2026-08-12T04:40:34.544+0000] {dagbag.py:587} INFO - Filling up the DagBag from /home/airflow/.local/lib/python3.12/site-packages/airflow/example_dags/tutorial_objectstorage.py
[2026-08-12T04:40:34.550+0000] {processor.py:925} INFO - DAG(s) 'tutorial_objectstorage' retrieved from /home/airflow/.local/lib/python3.12/site-packages/airflow/example_dags/tutorial_objectstorage.py
[2026-08-12T04:40:34.564+0000] {logging_mixin.py:190} INFO - [2026-08-12T04:40:34.563+0000] {dag.py:3211} INFO - Sync 1 DAGs
[2026-08-12T04:40:34.574+0000] {logging_mixin.py:190} INFO - [2026-08-12T04:40:34.574+0000] {dag.py:4138} INFO - Setting next_dagrun for tutorial_objectstorage to None, run_after=None
[2026-08-12T04:40:34.593+0000] {processor.py:208} INFO - Processing /home/airflow/.local/lib/python3.12/site-packages/airflow/example_dags/tutorial_objectstorage.py took 0.056 seconds
[2026-08-12T04:41:05.231+0000] {processor.py:186} INFO - Started process (PID=1110) to work on /home/airflow/.local/lib/python3.12/site-packages/airflow/example_dags/tutorial_objectstorage.py
[2026-08-12T04:41:05.232+0000] {processor.py:914} INFO - Processing file /home/airflow/.local/lib/python3.12/site-packages/airflow/example_dags/tutorial_objectstorage.py for tasks to queue
[2026-08-12T04:41:05.234+0000] {logging_mixin.py:190} INFO - [2026-08-12T04:41:05.234+0000] {dagbag.py:587} INFO - Filling up the DagBag from /home/airflow/.local/lib/python3.12/site-packages/airflow/example_dags/tutorial_objectstorage.py
[2026-08-12T04:41:05.240+0000] {processor.py:925} INFO - DAG(s) 'tutorial_objectstorage' retrieved from /home/airflow/.local/lib/python3.12/site-packages/airflow/example_dags/tutorial_objectstorage.py
[2026-08-12T04:41:05.254+0000] {logging_mixin.py:190} INFO - [2026-08-12T04:41:05.253+0000] {dag.py:3211} INFO - Sync 1 DAGs
[2026-08-12T04:41:05.264+0000] {logging_mixin.py:190} INFO - [2026-08-12T04:41:05.264+0000] {dag.py:4138} INFO - Setting next_dagrun for tutorial_objectstorage to None, run_after=None
[2026-08-12T04:41:05.278+0000] {processor.py:208} INFO - Processing /home/airflow/.local/lib/python3.12/site-packages/airflow/example_dags/tutorial_objectstorage.py took 0.051 seconds
[2026-08-12T04:41:36.010+0000] {processor.py:186} INFO - Started process (PID=1172) to work on /home/airflow/.local/lib/python3.12/site-packages/airflow/example_dags/tutorial_objectstorage.py
[2026-08-12T04:41:36.011+0000] {processor.py:914} INFO - Processing file /home/airflow/.local/lib/python3.12/site-packages/airflow/example_dags/tutorial_objectstorage.py for tasks to queue
[2026-08-12T04:41:36.013+0000] {logging_mixin.py:190} INFO - [2026-08-12T04:41:36.013+0000] {dagbag.py:587} INFO - Filling up the DagBag from /home/airflow/.local/lib/python3.12/site-packages/airflow/example_dags/tutorial_objectstorage.py
[2026-08-12T04:41:36.020+0000] {processor.py:925} INFO - DAG(s) 'tutorial_objectstorage' retrieved from /home/airflow/.local/lib/python3.12/site-packages/airflow/example_dags/tutorial_objectstorage.py
[2026-08-12T04:41:36.035+0000] {logging_mixin.py:190} INFO - [2026-08-12T04:41:36.035+0000] {dag.py:3211} INFO - Sync 1 DAGs
[2026-08-12T04:41:36.047+0000] {logging_mixin.py:190} INFO - [2026-08-12T04:41:36.046+0000] {dag.py:4138} INFO - Setting next_dagrun for tutorial_objectstorage to None, run_after=None
[2026-08-12T04:41:36.066+0000] {processor.py:208} INFO - Processing /home/airflow/.local/lib/python3.12/site-packages/airflow/example_dags/tutorial_objectstorage.py took 0.059 seconds
[2026-08-12T04:42:06.760+0000] {processor.py:186} INFO - Started process (PID=1234) to work on /home/airflow/.local/lib/python3.12/site-packages/airflow/example_dags/tutorial_objectstorage.py
[2026-08-12T04:42:06.761+0000] {processor.py:914} INFO - Processing file /home/airflow/.local/lib/python3.12/site-packages/airflow/example_dags/tutorial_objectstorage.py for tasks to queue
[2026-08-12T04:42:06.766+0000] {logging_mixin.py:190} INFO - [2026-08-12T04:42:06.765+0000] {dagbag.py:587} INFO - Filling up the DagBag from /home/airflow/.local/lib/python3.12/site-packages/airflow/example_dags/tutorial_objectstorage.py
[2026-08-12T04:42:06.774+0000] {processor.py:925} INFO - DAG(s) 'tutorial_objectstorage' retrieved from /home/airflow/.local/lib/python3.12/site-packages/airflow/example_dags/tutorial_objectstorage.py
[2026-08-12T04:42:06.792+0000] {logging_mixin.py:190} INFO - [2026-08-12T04:42:06.792+0000] {dag.py:3211} INFO - Sync 1 DAGs
[2026-08-12T04:42:06.805+0000] {logging_mixin.py:190} INFO - [2026-08-12T04:42:06.804+0000] {dag.py:4138} INFO - Setting next_dagrun for tutorial_objectstorage to None, run_after=None
[2026-08-12T04:42:06.820+0000] {processor.py:208} INFO - Processing /home/airflow/.local/lib/python3.12/site-packages/airflow/example_dags/tutorial_objectstorage.py took 0.065 seconds
[2026-08-12T04:42:37.733+0000] {processor.py:186} INFO - Started process (PID=1296) to work on /home/airflow/.local/lib/python3.12/site-packages/airflow/example_dags/tutorial_objectstorage.py
[2026-08-12T04:42:37.734+0000] {processor.py:914} INFO - Processing file /home/airflow/.local/lib/python3.12/site-packages/airflow/example_dags/tutorial_objectstorage.py for tasks to queue
[2026-08-12T04:42:37.736+0000] {logging_mixin.py:190} INFO - [2026-08-12T04:42:37.736+0000] {dagbag.py:587} INFO - Filling up the DagBag from /home/airflow/.local/lib/python3.12/site-packages/airflow/example_dags/tutorial_objectstorage.py
[2026-08-12T04:42:37.744+0000] {processor.py:925} INFO - DAG(s) 'tutorial_objectstorage' retrieved from /home/airflow/.local/lib/python3.12/site-packages/airflow/example_dags/tutorial_objectstorage.py
[2026-08-12T04:42:37.759+0000] {logging_mixin.py:190} INFO - [2026-08-12T04:42:37.759+0000] {dag.py:3211} INFO - Sync 1 DAGs
[2026-08-12T04:42:37.769+0000] {logging_mixin.py:190} INFO - [2026-08-12T04:42:37.769+0000] {dag.py:4138} INFO - Setting next_dagrun for tutorial_objectstorage to None, run_after=None
[2026-08-12T04:42:37.788+0000] {processor.py:208} INFO - Processing /home/airflow/.local/lib/python3.12/site-packages/airflow/example_dags/tutorial_objectstorage.py took 0.059 seconds
[2026-08-12T04:43:08.641+0000] {processor.py:186} INFO - Started process (PID=1358) to work on /home/airflow/.local/lib/python3.12/site-packages/airflow/example_dags/tutorial_objectstorage.py
[2026-08-12T04:43:08.642+0000] {processor.py:914} INFO - Processing file /home/airflow/.local/lib/python3.12/site-packages/airflow/example_dags/tutorial_objectstorage.py for tasks to queue
[2026-08-12T04:43:08.644+0000] {logging_mixin.py:190} INFO - [2026-08-12T04:43:08.644+0000] {dagbag.py:587} INFO - Filling up the DagBag from /home/airflow/.local/lib/python3.12/site-packages/airflow/example_dags/tutorial_objectstorage.py
[2026-08-12T04:43:08.650+0000] {processor.py:925} INFO - DAG(s) 'tutorial_objectstorage' retrieved from /home/airflow/.local/lib/python3.12/site-packages/airflow/example_dags/tutorial_objectstorage.py
[2026-08-12T04:43:08.664+0000] {logging_mixin.py:190} INFO - [2026-08-12T04:43:08.664+0000] {dag.py:3211} INFO - Sync 1 DAGs
[2026-08-12T04:43:08.675+0000] {logging_mixin.py:190} INFO - [2026-08-12T04:43:08.675+0000] {dag.py:4138} INFO - Setting next_dagrun for tutorial_objectstorage to None, run_after=None
[2026-08-12T04:43:08.694+0000] {processor.py:208} INFO - Processing /home/airflow/.local/lib/python3.12/site-packages/airflow/example_dags/tutorial_objectstorage.py took 0.058 seconds
[2026-08-12T04:43:38.777+0000] {processor.py:186} INFO - Started process (PID=1420) to work on /home/airflow/.local/lib/python3.12/site-packages/airflow/example_dags/tutorial_objectstorage.py
[2026-08-12T04:43:38.779+0000] {processor.py:914} INFO - Processing file /home/airflow/.local/lib/python3.12/site-packages/airflow/example_dags/tutorial_objectstorage.py for tasks to queue
[2026-08-12T04:43:38.780+0000] {logging_mixin.py:190} INFO - [2026-08-12T04:43:38.780+0000] {dagbag.py:587} INFO - Filling up the DagBag from /home/airflow/.local/lib/python3.12/site-packages/airflow/example_dags/tutorial_objectstorage.py
[2026-08-12T04:43:38.786+0000] {processor.py:925} INFO - DAG(s) 'tutorial_objectstorage' retrieved from /home/airflow/.local/lib/python3.12/site-packages/airflow/example_dags/tutorial_objectstorage.py
[2026-08-12T04:43:38.800+0000] {logging_mixin.py:190} INFO - [2026-08-12T04:43:38.800+0000] {dag.py:3211} INFO - Sync 1 DAGs
[2026-08-12T04:43:38.810+0000] {logging_mixin.py:190} INFO - [2026-08-12T04:43:38.810+0000] {dag.py:4138} INFO - Setting next_dagrun for tutorial_objectstorage to None, run_after=None
[2026-08-12T04:43:38.829+0000] {processor.py:208} INFO - Processing /home/airflow/.local/lib/python3.12/site-packages/airflow/example_dags/tutorial_objectstorage.py took 0.056 seconds
[2026-08-12T04:44:09.036+0000] {processor.py:186} INFO - Started process (PID=1482) to work on /home/airflow/.local/lib/python3.12/site-packages/airflow/example_dags/tutorial_objectstorage.py
[2026-08-12T04:44:09.037+0000] {processor.py:914} INFO - Processing file /home/airflow/.local/lib/python3.12/site-packages/airflow/example_dags/tutorial_objectstorage.py for tasks to queue
[2026-08-12T04:44:09.039+0000] {logging_mixin.py:190} INFO - [2026-08-12T04:44:09.039+0000] {dagbag.py:587} INFO - Filling up the DagBag from /home/airflow/.local/lib/python3.12/site-packages/airflow/example_dags/tutorial_objectstorage.py
[2026-08-12T04:44:09.046+0000] {processor.py:925} INFO - DAG(s) 'tutorial_objectstorage' retrieved from /home/airflow/.local/lib/python3.12/site-packages/airflow/example_dags/tutorial_objectstorage.py
[2026-08-12T04:44:09.059+0000] {logging_mixin.py:190} INFO - [2026-08-12T04:44:09.059+0000] {dag.py:3211} INFO - Sync 1 DAGs
[2026-08-12T04:44:09.070+0000] {logging_mixin.py:190} INFO - [2026-08-12T04:44:09.070+0000] {dag.py:4138} INFO - Setting next_dagrun for tutorial_objectstorage to None, run_after=None
[2026-08-12T04:44:09.084+0000] {processor.py:208} INFO - Processing /home/airflow/.local/lib/python3.12/site-packages/airflow/example_dags/tutorial_objectstorage.py took 0.052 seconds
[2026-08-12T04:44:40.092+0000] {processor.py:186} INFO - Started process (PID=1544) to work on /home/airflow/.local/lib/python3.12/site-packages/airflow/example_dags/tutorial_objectstorage.py
[2026-08-12T04:44:40.093+0000] {processor.py:914} INFO - Processing file /home/airflow/.local/lib/python3.12/site-packages/airflow/example_dags/tutorial_objectstorage.py for tasks to queue
[2026-08-12T04:44:40.095+0000] {logging_mixin.py:190} INFO - [2026-08-12T04:44:40.095+0000] {dagbag.py:587} INFO - Filling up the DagBag from /home/airflow/.local/lib/python3.12/site-packages/airflow/example_dags/tutorial_objectstorage.py
[2026-08-12T04:44:40.101+0000] {processor.py:925} INFO - DAG(s) 'tutorial_objectstorage' retrieved from /home/airflow/.local/lib/python3.12/site-packages/airflow/example_dags/tutorial_objectstorage.py
[2026-08-12T04:44:40.115+0000] {logging_mixin.py:190} INFO - [2026-08-12T04:44:40.115+0000] {dag.py:3211} INFO - Sync 1 DAGs
[2026-08-12T04:44:40.127+0000] {logging_mixin.py:190} INFO - [2026-08-12T04:44:40.127+0000] {dag.py:4138} INFO - Setting next_dagrun for tutorial_objectstorage to None, run_after=None
[2026-08-12T04:44:40.146+0000] {processor.py:208} INFO - Processing /home/airflow/.local/lib/python3.12/site-packages/airflow/example_dags/tutorial_objectstorage.py took 0.058 seconds
[2026-08-12T04:45:11.005+0000] {processor.py:186} INFO - Started process (PID=1606) to work on /home/airflow/.local/lib/python3.12/site-packages/airflow/example_dags/tutorial_objectstorage.py
[2026-08-12T04:45:11.006+0000] {processor.py:914} INFO - Processing file /home/airflow/.local/lib/python3.12/site-packages/airflow/example_dags/tutorial_objectstorage.py for tasks to queue
[2026-08-12T04:45:11.009+0000] {logging_mixin.py:190} INFO - [2026-08-12T04:45:11.008+0000] {dagbag.py:587} INFO - Filling up the DagBag from /home/airflow/.local/lib/python3.12/site-packages/airflow/example_dags/tutorial_objectstorage.py
[2026-08-12T04:45:11.016+0000] {processor.py:925} INFO - DAG(s) 'tutorial_objectstorage' retrieved from /home/airflow/.local/lib/python3.12/site-packages/airflow/example_dags/tutorial_objectstorage.py
[2026-08-12T04:45:11.036+0000] {logging_mixin.py:190} INFO - [2026-08-12T04:45:11.035+0000] {dag.py:3211} INFO - Sync 1 DAGs
[2026-08-12T04:45:11.047+0000] {logging_mixin.py:190} INFO - [2026-08-12T04:45:11.047+0000] {dag.py:4138} INFO - Setting next_dagrun for tutorial_objectstorage to None, run_after=None
[2026-08-12T04:45:11.063+0000] {processor.py:208} INFO - Processing /home/airflow/.local/lib/python3.12/site-packages/airflow/example_dags/tutorial_objectstorage.py took 0.062 seconds
[2026-08-12T04:45:41.410+0000] {processor.py:186} INFO - Started process (PID=1668) to work on /home/airflow/.local/lib/python3.12/site-packages/airflow/example_dags/tutorial_objectstorage.py
[2026-08-12T04:45:41.411+0000] {processor.py:914} INFO - Processing file /home/airflow/.local/lib/python3.12/site-packages/airflow/example_dags/tutorial_objectstorage.py for tasks to queue
[2026-08-12T04:45:41.413+0000] {logging_mixin.py:190} INFO - [2026-08-12T04:45:41.413+0000] {dagbag.py:587} INFO - Filling up the DagBag from /home/airflow/.local/lib/python3.12/site-packages/airflow/example_dags/tutorial_objectstorage.py
[2026-08-12T04:45:41.421+0000] {processor.py:925} INFO - DAG(s) 'tutorial_objectstorage' retrieved from /home/airflow/.local/lib/python3.12/site-packages/airflow/example_dags/tutorial_objectstorage.py
[2026-08-12T04:45:41.437+0000] {logging_mixin.py:190} INFO - [2026-08-12T04:45:41.437+0000] {dag.py:3211} INFO - Sync 1 DAGs
[2026-08-12T04:45:41.457+0000] {logging_mixin.py:190} INFO - [2026-08-12T04:45:41.457+0000] {dag.py:4138} INFO - Setting next_dagrun for tutorial_objectstorage to None, run_after=None
[2026-08-12T04:45:41.484+0000] {processor.py:208} INFO - Processing /home/airflow/.local/lib/python3.12/site-packages/airflow/example_dags/tutorial_objectstorage.py took 0.078 seconds
[2026-08-12T04:46:11.900+0000] {processor.py:186} INFO - Started process (PID=1730) to work on /home/airflow/.local/lib/python3.12/site-packages/airflow/example_dags/tutorial_objectstorage.py
[2026-08-12T04:46:11.901+0000] {processor.py:914} INFO - Processing file /home/airflow/.local/lib/python3.12/site-packages/airflow/example_dags/tutorial_objectstorage.py for tasks to queue
[2026-08-12T04:46:11.903+0000] {logging_mixin.py:190} INFO - [2026-08-12T04:46:11.902+0000] {dagbag.py:587} INFO - Filling up the DagBag from /home/airflow/.local/lib/python3.12/site-packages/airflow/example_dags/tutorial_objectstorage.py
[2026-08-12T04:46:11.909+0000] {processor.py:925} INFO - DAG(s) 'tutorial_objectstorage' retrieved from /home/airflow/.local/lib/python3.12/site-packages/airflow/example_dags/tutorial_objectstorage.py
[2026-08-12T04:46:11.924+0000] {logging_mixin.py:190} INFO - [2026-08-12T04:46:11.923+0000] {dag.py:3211} INFO - Sync 1 DAGs
[2026-08-12T04:46:11.936+0000] {logging_mixin.py:190} INFO - [2026-08-12T04:46:11.936+0000] {dag.py:4138} INFO - Setting next_dagrun for tutorial_objectstorage to None, run_after=None
[2026-08-12T04:46:11.956+0000] {processor.py:208} INFO - Processing /home/airflow/.local/lib/python3.12/site-packages/airflow/example_dags/tutorial_objectstorage.py took 0.061 seconds
[2026-08-12T04:46:42.155+0000] {processor.py:186} INFO - Started process (PID=1792) to work on /home/airflow/.local/lib/python3.12/site-packages/airflow/example_dags/tutorial_objectstorage.py
[2026-08-12T04:46:42.156+0000] {processor.py:914} INFO - Processing file /home/airflow/.local/lib/python3.12/site-packages/airflow/example_dags/tutorial_objectstorage.py for tasks to queue
[2026-08-12T04:46:42.157+0000] {logging_mixin.py:190} INFO - [2026-08-12T04:46:42.157+0000] {dagbag.py:587} INFO - Filling up the DagBag from /home/airflow/.local/lib/python3.12/site-packages/airflow/example_dags/tutorial_objectstorage.py
[2026-08-12T04:46:42.164+0000] {processor.py:925} INFO - DAG(s) 'tutorial_objectstorage' retrieved from /home/airflow/.local/lib/python3.12/site-packages/airflow/example_dags/tutorial_objectstorage.py
[2026-08-12T04:46:42.180+0000] {logging_mixin.py:190} INFO - [2026-08-12T04:46:42.180+0000] {dag.py:3211} INFO - Sync 1 DAGs
[2026-08-12T04:46:42.191+0000] {logging_mixin.py:190} INFO - [2026-08-12T04:46:42.191+0000] {dag.py:4138} INFO - Setting next_dagrun for tutorial_objectstorage to None, run_after=None
[2026-08-12T04:46:42.211+0000] {processor.py:208} INFO - Processing /home/airflow/.local/lib/python3.12/site-packages/airflow/example_dags/tutorial_objectstorage.py took 0.061 seconds
[2026-08-12T04:47:12.372+0000] {processor.py:186} INFO - Started process (PID=1854) to work on /home/airflow/.local/lib/python3.12/site-packages/airflow/example_dags/tutorial_objectstorage.py
[2026-08-12T04:47:12.373+0000] {processor.py:914} INFO - Processing file /home/airflow/.local/lib/python3.12/site-packages/airflow/example_dags/tutorial_objectstorage.py for tasks to queue
[2026-08-12T04:47:12.376+0000] {logging_mixin.py:190} INFO - [2026-08-12T04:47:12.375+0000] {dagbag.py:587} INFO - Filling up the DagBag from /home/airflow/.local/lib/python3.12/site-packages/airflow/example_dags/tutorial_objectstorage.py
[2026-08-12T04:47:12.384+0000] {processor.py:925} INFO - DAG(s) 'tutorial_objectstorage' retrieved from /home/airflow/.local/lib/python3.12/site-packages/airflow/example_dags/tutorial_objectstorage.py
[2026-08-12T04:47:12.401+0000] {logging_mixin.py:190} INFO - [2026-08-12T04:47:12.401+0000] {dag.py:3211} INFO - Sync 1 DAGs
[2026-08-12T04:47:12.415+0000] {logging_mixin.py:190} INFO - [2026-08-12T04:47:12.415+0000] {dag.py:4138} INFO - Setting next_dagrun for tutorial_objectstorage to None, run_after=None
[2026-08-12T04:47:12.430+0000] {processor.py:208} INFO - Processing /home/airflow/.local/lib/python3.12/site-packages/airflow/example_dags/tutorial_objectstorage.py took 0.065 seconds
[2026-08-12T04:47:42.947+0000] {processor.py:186} INFO - Started process (PID=1918) to work on /home/airflow/.local/lib/python3.12/site-packages/airflow/example_dags/tutorial_objectstorage.py
[2026-08-12T04:47:42.948+0000] {processor.py:914} INFO - Processing file /home/airflow/.local/lib/python3.12/site-packages/airflow/example_dags/tutorial_objectstorage.py for tasks to queue
[2026-08-12T04:47:42.950+0000] {logging_mixin.py:190} INFO - [2026-08-12T04:47:42.950+0000] {dagbag.py:587} INFO - Filling up the DagBag from /home/airflow/.local/lib/python3.12/site-packages/airflow/example_dags/tutorial_objectstorage.py
[2026-08-12T04:47:42.958+0000] {processor.py:925} INFO - DAG(s) 'tutorial_objectstorage' retrieved from /home/airflow/.local/lib/python3.12/site-packages/airflow/example_dags/tutorial_objectstorage.py
[2026-08-12T04:47:42.974+0000] {logging_mixin.py:190} INFO - [2026-08-12T04:47:42.974+0000] {dag.py:3211} INFO - Sync 1 DAGs
[2026-08-12T04:47:42.986+0000] {logging_mixin.py:190} INFO - [2026-08-12T04:47:42.985+0000] {dag.py:4138} INFO - Setting next_dagrun for tutorial_objectstorage to None, run_after=None
[2026-08-12T04:47:43.006+0000] {processor.py:208} INFO - Processing /home/airflow/.local/lib/python3.12/site-packages/airflow/example_dags/tutorial_objectstorage.py took 0.063 seconds
[2026-08-12T04:48:13.226+0000] {processor.py:186} INFO - Started process (PID=1982) to work on /home/airflow/.local/lib/python3.12/site-packages/airflow/example_dags/tutorial_objectstorage.py
[2026-08-12T04:48:13.228+0000] {processor.py:914} INFO - Processing file /home/airflow/.local/lib/python3.12/site-packages/airflow/example_dags/tutorial_objectstorage.py for tasks to queue
[2026-08-12T04:48:13.230+0000] {logging_mixin.py:190} INFO - [2026-08-12T04:48:13.230+0000] {dagbag.py:587} INFO - Filling up the DagBag from /home/airflow/.local/lib/python3.12/site-packages/airflow/example_dags/tutorial_objectstorage.py
[2026-08-12T04:48:13.237+0000] {processor.py:925} INFO - DAG(s) 'tutorial_objectstorage' retrieved from /home/airflow/.local/lib/python3.12/site-packages/airflow/example_dags/tutorial_objectstorage.py
[2026-08-12T04:48:13.254+0000] {logging_mixin.py:190} INFO - [2026-08-12T04:48:13.254+0000] {dag.py:3211} INFO - Sync 1 DAGs
[2026-08-12T04:48:13.266+0000] {logging_mixin.py:190} INFO - [2026-08-12T04:48:13.266+0000] {dag.py:4138} INFO - Setting next_dagrun for tutorial_objectstorage to None, run_after=None
[2026-08-12T04:48:13.287+0000] {processor.py:208} INFO - Processing /home/airflow/.local/lib/python3.12/site-packages/airflow/example_dags/tutorial_objectstorage.py took 0.064 seconds
